[0.073s] DEBUG:colcon:Command line arguments: ['/usr/bin/colcon', 'build']
[0.073s] DEBUG:colcon:Parsed command line arguments: Namespace(log_base=None, log_level=None, verb_name='build', build_base='build', install_base='install', merge_install=False, symlink_install=False, test_result_base=None, continue_on_error=False, executor='parallel', parallel_workers=8, event_handlers=None, ignore_user_meta=False, metas=['./colcon.meta'], base_paths=['.'], packages_ignore=None, packages_ignore_regex=None, paths=None, packages_up_to=None, packages_up_to_regex=None, packages_above=None, packages_above_and_dependencies=None, packages_above_depth=None, packages_select_by_dep=None, packages_skip_by_dep=None, packages_skip_up_to=None, packages_select_build_failed=False, packages_skip_build_finished=False, packages_select_test_failures=False, packages_skip_test_passed=False, packages_select=None, packages_skip=None, packages_select_regex=None, packages_skip_regex=None, packages_start=None, packages_end=None, allow_overriding=[], cmake_args=None, cmake_target=None, cmake_target_skip_unavailable=False, cmake_clean_cache=False, cmake_clean_first=False, cmake_force_configure=False, ament_cmake_args=None, catkin_cmake_args=None, catkin_skip_building_tests=False, mixin_files=None, mixin=None, verb_parser=<colcon_mixin.mixin.mixin_argument.MixinArgumentDecorator object at 0x7d0920d57100>, verb_extension=<colcon_core.verb.build.BuildVerb object at 0x7d0920d56b90>, main=<bound method BuildVerb.main of <colcon_core.verb.build.BuildVerb object at 0x7d0920d56b90>>, mixin_verb=('build',))
[0.181s] Level 1:colcon.colcon_core.package_discovery:discover_packages(colcon_meta) check parameters
[0.181s] Level 1:colcon.colcon_core.package_discovery:discover_packages(recursive) check parameters
[0.181s] Level 1:colcon.colcon_core.package_discovery:discover_packages(ignore) check parameters
[0.182s] Level 1:colcon.colcon_core.package_discovery:discover_packages(path) check parameters
[0.182s] Level 1:colcon.colcon_core.package_discovery:discover_packages(colcon_meta) discover
[0.182s] Level 1:colcon.colcon_core.package_discovery:discover_packages(recursive) discover
[0.182s] INFO:colcon.colcon_core.package_discovery:Crawling recursively for packages in '/home/augustmenard/Intro-to-Robotics-Research-Labs/lab4_ws'
[0.182s] Level 1:colcon.colcon_core.package_identification:_identify(.) by extensions ['ignore', 'ignore_ament_install']
[0.182s] Level 1:colcon.colcon_core.package_identification:_identify(.) by extension 'ignore'
[0.182s] Level 1:colcon.colcon_core.package_identification:_identify(.) by extension 'ignore_ament_install'
[0.182s] Level 1:colcon.colcon_core.package_identification:_identify(.) by extensions ['colcon_pkg']
[0.182s] Level 1:colcon.colcon_core.package_identification:_identify(.) by extension 'colcon_pkg'
[0.182s] Level 1:colcon.colcon_core.package_identification:_identify(.) by extensions ['colcon_meta']
[0.182s] Level 1:colcon.colcon_core.package_identification:_identify(.) by extension 'colcon_meta'
[0.182s] Level 1:colcon.colcon_core.package_identification:_identify(.) by extensions ['ros']
[0.182s] Level 1:colcon.colcon_core.package_identification:_identify(.) by extension 'ros'
[0.189s] Level 1:colcon.colcon_core.package_identification:_identify(.) by extensions ['cmake', 'python']
[0.189s] Level 1:colcon.colcon_core.package_identification:_identify(.) by extension 'cmake'
[0.189s] Level 1:colcon.colcon_core.package_identification:_identify(.) by extension 'python'
[0.189s] Level 1:colcon.colcon_core.package_identification:_identify(.) by extensions ['python_setup_py']
[0.189s] Level 1:colcon.colcon_core.package_identification:_identify(.) by extension 'python_setup_py'
[0.189s] Level 1:colcon.colcon_core.package_identification:_identify(build) by extensions ['ignore', 'ignore_ament_install']
[0.189s] Level 1:colcon.colcon_core.package_identification:_identify(build) by extension 'ignore'
[0.189s] Level 1:colcon.colcon_core.package_identification:_identify(build) ignored
[0.189s] Level 1:colcon.colcon_core.package_identification:_identify(install) by extensions ['ignore', 'ignore_ament_install']
[0.189s] Level 1:colcon.colcon_core.package_identification:_identify(install) by extension 'ignore'
[0.190s] Level 1:colcon.colcon_core.package_identification:_identify(install) ignored
[0.190s] Level 1:colcon.colcon_core.package_identification:_identify(log) by extensions ['ignore', 'ignore_ament_install']
[0.190s] Level 1:colcon.colcon_core.package_identification:_identify(log) by extension 'ignore'
[0.190s] Level 1:colcon.colcon_core.package_identification:_identify(log) ignored
[0.190s] Level 1:colcon.colcon_core.package_identification:_identify(src) by extensions ['ignore', 'ignore_ament_install']
[0.190s] Level 1:colcon.colcon_core.package_identification:_identify(src) by extension 'ignore'
[0.190s] Level 1:colcon.colcon_core.package_identification:_identify(src) by extension 'ignore_ament_install'
[0.190s] Level 1:colcon.colcon_core.package_identification:_identify(src) by extensions ['colcon_pkg']
[0.190s] Level 1:colcon.colcon_core.package_identification:_identify(src) by extension 'colcon_pkg'
[0.190s] Level 1:colcon.colcon_core.package_identification:_identify(src) by extensions ['colcon_meta']
[0.190s] Level 1:colcon.colcon_core.package_identification:_identify(src) by extension 'colcon_meta'
[0.190s] Level 1:colcon.colcon_core.package_identification:_identify(src) by extensions ['ros']
[0.190s] Level 1:colcon.colcon_core.package_identification:_identify(src) by extension 'ros'
[0.190s] Level 1:colcon.colcon_core.package_identification:_identify(src) by extensions ['cmake', 'python']
[0.190s] Level 1:colcon.colcon_core.package_identification:_identify(src) by extension 'cmake'
[0.190s] Level 1:colcon.colcon_core.package_identification:_identify(src) by extension 'python'
[0.190s] Level 1:colcon.colcon_core.package_identification:_identify(src) by extensions ['python_setup_py']
[0.190s] Level 1:colcon.colcon_core.package_identification:_identify(src) by extension 'python_setup_py'
[0.190s] Level 1:colcon.colcon_core.package_identification:_identify(src/team_rocket_navigate_to_goal) by extensions ['ignore', 'ignore_ament_install']
[0.190s] Level 1:colcon.colcon_core.package_identification:_identify(src/team_rocket_navigate_to_goal) by extension 'ignore'
[0.190s] Level 1:colcon.colcon_core.package_identification:_identify(src/team_rocket_navigate_to_goal) by extension 'ignore_ament_install'
[0.190s] Level 1:colcon.colcon_core.package_identification:_identify(src/team_rocket_navigate_to_goal) by extensions ['colcon_pkg']
[0.190s] Level 1:colcon.colcon_core.package_identification:_identify(src/team_rocket_navigate_to_goal) by extension 'colcon_pkg'
[0.190s] Level 1:colcon.colcon_core.package_identification:_identify(src/team_rocket_navigate_to_goal) by extensions ['colcon_meta']
[0.190s] Level 1:colcon.colcon_core.package_identification:_identify(src/team_rocket_navigate_to_goal) by extension 'colcon_meta'
[0.190s] Level 1:colcon.colcon_core.package_identification:_identify(src/team_rocket_navigate_to_goal) by extensions ['ros']
[0.190s] Level 1:colcon.colcon_core.package_identification:_identify(src/team_rocket_navigate_to_goal) by extension 'ros'
[0.192s] DEBUG:colcon.colcon_core.package_identification:Package 'src/team_rocket_navigate_to_goal' with type 'ros.ament_python' and name 'team_rocket_navigate_to_goal'
[0.192s] Level 1:colcon.colcon_core.package_discovery:discover_packages(recursive) using defaults
[0.192s] Level 1:colcon.colcon_core.package_discovery:discover_packages(ignore) discover
[0.192s] Level 1:colcon.colcon_core.package_discovery:discover_packages(ignore) using defaults
[0.192s] Level 1:colcon.colcon_core.package_discovery:discover_packages(path) discover
[0.192s] Level 1:colcon.colcon_core.package_discovery:discover_packages(path) using defaults
[0.215s] Level 1:colcon.colcon_core.package_discovery:discover_packages(prefix_path) check parameters
[0.215s] Level 1:colcon.colcon_core.package_discovery:discover_packages(prefix_path) discover
[0.217s] DEBUG:colcon.colcon_installed_package_information.package_discovery:Found 16 installed packages in /home/augustmenard/turtlebot3_ws/install
[0.218s] DEBUG:colcon.colcon_installed_package_information.package_discovery:Found 363 installed packages in /opt/ros/humble
[0.219s] Level 1:colcon.colcon_core.package_discovery:discover_packages(prefix_path) using defaults
[0.249s] Level 5:colcon.colcon_core.verb:set package 'team_rocket_navigate_to_goal' build argument 'cmake_args' from command line to 'None'
[0.249s] Level 5:colcon.colcon_core.verb:set package 'team_rocket_navigate_to_goal' build argument 'cmake_target' from command line to 'None'
[0.249s] Level 5:colcon.colcon_core.verb:set package 'team_rocket_navigate_to_goal' build argument 'cmake_target_skip_unavailable' from command line to 'False'
[0.249s] Level 5:colcon.colcon_core.verb:set package 'team_rocket_navigate_to_goal' build argument 'cmake_clean_cache' from command line to 'False'
[0.249s] Level 5:colcon.colcon_core.verb:set package 'team_rocket_navigate_to_goal' build argument 'cmake_clean_first' from command line to 'False'
[0.249s] Level 5:colcon.colcon_core.verb:set package 'team_rocket_navigate_to_goal' build argument 'cmake_force_configure' from command line to 'False'
[0.249s] Level 5:colcon.colcon_core.verb:set package 'team_rocket_navigate_to_goal' build argument 'ament_cmake_args' from command line to 'None'
[0.249s] Level 5:colcon.colcon_core.verb:set package 'team_rocket_navigate_to_goal' build argument 'catkin_cmake_args' from command line to 'None'
[0.249s] Level 5:colcon.colcon_core.verb:set package 'team_rocket_navigate_to_goal' build argument 'catkin_skip_building_tests' from command line to 'False'
[0.249s] DEBUG:colcon.colcon_core.verb:Building package 'team_rocket_navigate_to_goal' with the following arguments: {'ament_cmake_args': None, 'build_base': '/home/augustmenard/Intro-to-Robotics-Research-Labs/lab4_ws/build/team_rocket_navigate_to_goal', 'catkin_cmake_args': None, 'catkin_skip_building_tests': False, 'cmake_args': None, 'cmake_clean_cache': False, 'cmake_clean_first': False, 'cmake_force_configure': False, 'cmake_target': None, 'cmake_target_skip_unavailable': False, 'install_base': '/home/augustmenard/Intro-to-Robotics-Research-Labs/lab4_ws/install/team_rocket_navigate_to_goal', 'merge_install': False, 'path': '/home/augustmenard/Intro-to-Robotics-Research-Labs/lab4_ws/src/team_rocket_navigate_to_goal', 'symlink_install': False, 'test_result_base': None}
[0.249s] INFO:colcon.colcon_core.executor:Executing jobs using 'parallel' executor
[0.250s] DEBUG:colcon.colcon_parallel_executor.executor.parallel:run_until_complete
[0.250s] INFO:colcon.colcon_ros.task.ament_python.build:Building ROS package in '/home/augustmenard/Intro-to-Robotics-Research-Labs/lab4_ws/src/team_rocket_navigate_to_goal' with build type 'ament_python'
[0.250s] Level 1:colcon.colcon_core.shell:create_environment_hook('team_rocket_navigate_to_goal', 'ament_prefix_path')
[0.251s] INFO:colcon.colcon_core.plugin_system:Skipping extension 'colcon_core.shell.bat': Not used on non-Windows systems
[0.251s] INFO:colcon.colcon_core.shell:Creating environment hook '/home/augustmenard/Intro-to-Robotics-Research-Labs/lab4_ws/install/team_rocket_navigate_to_goal/share/team_rocket_navigate_to_goal/hook/ament_prefix_path.ps1'
[0.252s] INFO:colcon.colcon_core.shell:Creating environment descriptor '/home/augustmenard/Intro-to-Robotics-Research-Labs/lab4_ws/install/team_rocket_navigate_to_goal/share/team_rocket_navigate_to_goal/hook/ament_prefix_path.dsv'
[0.252s] INFO:colcon.colcon_core.shell:Creating environment hook '/home/augustmenard/Intro-to-Robotics-Research-Labs/lab4_ws/install/team_rocket_navigate_to_goal/share/team_rocket_navigate_to_goal/hook/ament_prefix_path.sh'
[0.253s] INFO:colcon.colcon_core.shell:Skip shell extension 'powershell' for command environment: Not usable outside of PowerShell
[0.253s] DEBUG:colcon.colcon_core.shell:Skip shell extension 'dsv' for command environment
[0.425s] INFO:colcon.colcon_core.task.python.build:Building Python package in '/home/augustmenard/Intro-to-Robotics-Research-Labs/lab4_ws/src/team_rocket_navigate_to_goal'
[0.425s] INFO:colcon.colcon_core.shell:Skip shell extension 'powershell' for command environment: Not usable outside of PowerShell
[0.425s] DEBUG:colcon.colcon_core.shell:Skip shell extension 'dsv' for command environment
[0.669s] DEBUG:colcon.colcon_core.event_handler.log_command:Invoking command in '/home/augustmenard/Intro-to-Robotics-Research-Labs/lab4_ws/src/team_rocket_navigate_to_goal': PYTHONPATH=/home/augustmenard/Intro-to-Robotics-Research-Labs/lab4_ws/build/team_rocket_navigate_to_goal/prefix_override:/usr/lib/python3/dist-packages/colcon_core/task/python/colcon_distutils_commands:/home/augustmenard/Intro-to-Robotics-Research-Labs/lab4_ws/install/team_rocket_navigate_to_goal/lib/python3.10/site-packages:${PYTHONPATH} /usr/bin/python3 -W ignore:setup.py install is deprecated -W ignore:easy_install command is deprecated setup.py egg_info --egg-base ../../build/team_rocket_navigate_to_goal build --build-base /home/augustmenard/Intro-to-Robotics-Research-Labs/lab4_ws/build/team_rocket_navigate_to_goal/build install --record /home/augustmenard/Intro-to-Robotics-Research-Labs/lab4_ws/build/team_rocket_navigate_to_goal/install.log --single-version-externally-managed install_data
[0.873s] DEBUG:colcon.colcon_core.event_handler.log_command:Invoked command in '/home/augustmenard/Intro-to-Robotics-Research-Labs/lab4_ws/src/team_rocket_navigate_to_goal' returned '0': PYTHONPATH=/home/augustmenard/Intro-to-Robotics-Research-Labs/lab4_ws/build/team_rocket_navigate_to_goal/prefix_override:/usr/lib/python3/dist-packages/colcon_core/task/python/colcon_distutils_commands:/home/augustmenard/Intro-to-Robotics-Research-Labs/lab4_ws/install/team_rocket_navigate_to_goal/lib/python3.10/site-packages:${PYTHONPATH} /usr/bin/python3 -W ignore:setup.py install is deprecated -W ignore:easy_install command is deprecated setup.py egg_info --egg-base ../../build/team_rocket_navigate_to_goal build --build-base /home/augustmenard/Intro-to-Robotics-Research-Labs/lab4_ws/build/team_rocket_navigate_to_goal/build install --record /home/augustmenard/Intro-to-Robotics-Research-Labs/lab4_ws/build/team_rocket_navigate_to_goal/install.log --single-version-externally-managed install_data
[0.874s] Level 1:colcon.colcon_core.environment:checking '/home/augustmenard/Intro-to-Robotics-Research-Labs/lab4_ws/install/team_rocket_navigate_to_goal' for CMake module files
[0.874s] Level 1:colcon.colcon_core.environment:checking '/home/augustmenard/Intro-to-Robotics-Research-Labs/lab4_ws/install/team_rocket_navigate_to_goal' for CMake config files
[0.875s] Level 1:colcon.colcon_core.environment:checking '/home/augustmenard/Intro-to-Robotics-Research-Labs/lab4_ws/install/team_rocket_navigate_to_goal/lib'
[0.875s] Level 1:colcon.colcon_core.environment:checking '/home/augustmenard/Intro-to-Robotics-Research-Labs/lab4_ws/install/team_rocket_navigate_to_goal/bin'
[0.875s] Level 1:colcon.colcon_core.environment:checking '/home/augustmenard/Intro-to-Robotics-Research-Labs/lab4_ws/install/team_rocket_navigate_to_goal/lib/pkgconfig/team_rocket_navigate_to_goal.pc'
[0.875s] Level 1:colcon.colcon_core.environment:checking '/home/augustmenard/Intro-to-Robotics-Research-Labs/lab4_ws/install/team_rocket_navigate_to_goal/lib/python3.10/site-packages'
[0.875s] Level 1:colcon.colcon_core.shell:create_environment_hook('team_rocket_navigate_to_goal', 'pythonpath')
[0.875s] INFO:colcon.colcon_core.shell:Creating environment hook '/home/augustmenard/Intro-to-Robotics-Research-Labs/lab4_ws/install/team_rocket_navigate_to_goal/share/team_rocket_navigate_to_goal/hook/pythonpath.ps1'
[0.876s] INFO:colcon.colcon_core.shell:Creating environment descriptor '/home/augustmenard/Intro-to-Robotics-Research-Labs/lab4_ws/install/team_rocket_navigate_to_goal/share/team_rocket_navigate_to_goal/hook/pythonpath.dsv'
[0.876s] INFO:colcon.colcon_core.shell:Creating environment hook '/home/augustmenard/Intro-to-Robotics-Research-Labs/lab4_ws/install/team_rocket_navigate_to_goal/share/team_rocket_navigate_to_goal/hook/pythonpath.sh'
[0.876s] Level 1:colcon.colcon_core.environment:checking '/home/augustmenard/Intro-to-Robotics-Research-Labs/lab4_ws/install/team_rocket_navigate_to_goal/bin'
[0.876s] Level 1:colcon.colcon_core.environment:create_environment_scripts_only(team_rocket_navigate_to_goal)
[0.876s] INFO:colcon.colcon_core.shell:Creating package script '/home/augustmenard/Intro-to-Robotics-Research-Labs/lab4_ws/install/team_rocket_navigate_to_goal/share/team_rocket_navigate_to_goal/package.ps1'
[0.877s] INFO:colcon.colcon_core.shell:Creating package descriptor '/home/augustmenard/Intro-to-Robotics-Research-Labs/lab4_ws/install/team_rocket_navigate_to_goal/share/team_rocket_navigate_to_goal/package.dsv'
[0.877s] INFO:colcon.colcon_core.shell:Creating package script '/home/augustmenard/Intro-to-Robotics-Research-Labs/lab4_ws/install/team_rocket_navigate_to_goal/share/team_rocket_navigate_to_goal/package.sh'
[0.878s] INFO:colcon.colcon_core.shell:Creating package script '/home/augustmenard/Intro-to-Robotics-Research-Labs/lab4_ws/install/team_rocket_navigate_to_goal/share/team_rocket_navigate_to_goal/package.bash'
[0.878s] INFO:colcon.colcon_core.shell:Creating package script '/home/augustmenard/Intro-to-Robotics-Research-Labs/lab4_ws/install/team_rocket_navigate_to_goal/share/team_rocket_navigate_to_goal/package.zsh'
[0.879s] Level 1:colcon.colcon_core.environment:create_file_with_runtime_dependencies(/home/augustmenard/Intro-to-Robotics-Research-Labs/lab4_ws/install/team_rocket_navigate_to_goal/share/colcon-core/packages/team_rocket_navigate_to_goal)
[0.879s] DEBUG:colcon.colcon_parallel_executor.executor.parallel:closing loop
[0.879s] DEBUG:colcon.colcon_parallel_executor.executor.parallel:loop closed
[0.879s] DEBUG:colcon.colcon_parallel_executor.executor.parallel:run_until_complete finished with '0'
[0.879s] DEBUG:colcon.colcon_core.event_reactor:joining thread
[0.883s] INFO:colcon.colcon_core.plugin_system:Skipping extension 'colcon_notification.desktop_notification.notify_send': Could not find 'notify-send'
[0.883s] INFO:colcon.colcon_core.plugin_system:Skipping extension 'colcon_notification.desktop_notification.terminal_notifier': Not used on non-Darwin systems
[0.883s] INFO:colcon.colcon_core.plugin_system:Skipping extension 'colcon_notification.desktop_notification.win32': Not used on non-Windows systems
[0.883s] INFO:colcon.colcon_notification.desktop_notification:Sending desktop notification using 'notify2'
[0.902s] DEBUG:colcon.colcon_core.event_reactor:joined thread
[0.902s] INFO:colcon.colcon_core.shell:Creating prefix script '/home/augustmenard/Intro-to-Robotics-Research-Labs/lab4_ws/install/local_setup.ps1'
[0.903s] INFO:colcon.colcon_core.shell:Creating prefix util module '/home/augustmenard/Intro-to-Robotics-Research-Labs/lab4_ws/install/_local_setup_util_ps1.py'
[0.904s] INFO:colcon.colcon_core.shell:Creating prefix chain script '/home/augustmenard/Intro-to-Robotics-Research-Labs/lab4_ws/install/setup.ps1'
[0.905s] INFO:colcon.colcon_core.shell:Creating prefix script '/home/augustmenard/Intro-to-Robotics-Research-Labs/lab4_ws/install/local_setup.sh'
[0.906s] INFO:colcon.colcon_core.shell:Creating prefix util module '/home/augustmenard/Intro-to-Robotics-Research-Labs/lab4_ws/install/_local_setup_util_sh.py'
[0.906s] INFO:colcon.colcon_core.shell:Creating prefix chain script '/home/augustmenard/Intro-to-Robotics-Research-Labs/lab4_ws/install/setup.sh'
[0.907s] INFO:colcon.colcon_core.shell:Creating prefix script '/home/augustmenard/Intro-to-Robotics-Research-Labs/lab4_ws/install/local_setup.bash'
[0.908s] INFO:colcon.colcon_core.shell:Creating prefix chain script '/home/augustmenard/Intro-to-Robotics-Research-Labs/lab4_ws/install/setup.bash'
[0.909s] INFO:colcon.colcon_core.shell:Creating prefix script '/home/augustmenard/Intro-to-Robotics-Research-Labs/lab4_ws/install/local_setup.zsh'
[0.909s] INFO:colcon.colcon_core.shell:Creating prefix chain script '/home/augustmenard/Intro-to-Robotics-Research-Labs/lab4_ws/install/setup.zsh'
