[7.834s] DEBUG:colcon:Command line arguments: ['/usr/bin/colcon', 'build']
[7.834s] DEBUG:colcon:Parsed command line arguments: Namespace(log_base=None, log_level=None, verb_name='build', build_base='build', install_base='install', merge_install=False, symlink_install=False, test_result_base=None, continue_on_error=False, executor='parallel', parallel_workers=4, event_handlers=None, ignore_user_meta=False, metas=['./colcon.meta'], base_paths=['.'], packages_ignore=None, packages_ignore_regex=None, paths=None, packages_up_to=None, packages_up_to_regex=None, packages_above=None, packages_above_and_dependencies=None, packages_above_depth=None, packages_select_by_dep=None, packages_skip_by_dep=None, packages_skip_up_to=None, packages_select_build_failed=False, packages_skip_build_finished=False, packages_select_test_failures=False, packages_skip_test_passed=False, packages_select=None, packages_skip=None, packages_select_regex=None, packages_skip_regex=None, packages_start=None, packages_end=None, allow_overriding=[], cmake_args=None, cmake_target=None, cmake_target_skip_unavailable=False, cmake_clean_cache=False, cmake_clean_first=False, cmake_force_configure=False, ament_cmake_args=None, catkin_cmake_args=None, catkin_skip_building_tests=False, verb_parser=<colcon_defaults.argument_parser.defaults.DefaultArgumentsDecorator object at 0xffffb5f0a710>, verb_extension=<colcon_core.verb.build.BuildVerb object at 0xffffb6060280>, main=<bound method BuildVerb.main of <colcon_core.verb.build.BuildVerb object at 0xffffb6060280>>)
[8.096s] Level 1:colcon.colcon_core.package_discovery:discover_packages(colcon_meta) check parameters
[8.097s] Level 1:colcon.colcon_core.package_discovery:discover_packages(recursive) check parameters
[8.097s] Level 1:colcon.colcon_core.package_discovery:discover_packages(ignore) check parameters
[8.097s] Level 1:colcon.colcon_core.package_discovery:discover_packages(path) check parameters
[8.097s] Level 1:colcon.colcon_core.package_discovery:discover_packages(colcon_meta) discover
[8.097s] Level 1:colcon.colcon_core.package_discovery:discover_packages(recursive) discover
[8.098s] INFO:colcon.colcon_core.package_discovery:Crawling recursively for packages in '/home/burger/Intro-to-Robotics-Research-Labs/lab4_ws'
[8.098s] Level 1:colcon.colcon_core.package_identification:_identify(.) by extensions ['ignore', 'ignore_ament_install']
[8.099s] Level 1:colcon.colcon_core.package_identification:_identify(.) by extension 'ignore'
[8.099s] Level 1:colcon.colcon_core.package_identification:_identify(.) by extension 'ignore_ament_install'
[8.099s] Level 1:colcon.colcon_core.package_identification:_identify(.) by extensions ['colcon_pkg']
[8.099s] Level 1:colcon.colcon_core.package_identification:_identify(.) by extension 'colcon_pkg'
[8.100s] Level 1:colcon.colcon_core.package_identification:_identify(.) by extensions ['colcon_meta']
[8.100s] Level 1:colcon.colcon_core.package_identification:_identify(.) by extension 'colcon_meta'
[8.100s] Level 1:colcon.colcon_core.package_identification:_identify(.) by extensions ['ros']
[8.100s] Level 1:colcon.colcon_core.package_identification:_identify(.) by extension 'ros'
[8.165s] Level 1:colcon.colcon_core.package_identification:_identify(.) by extensions ['cmake', 'python']
[8.165s] Level 1:colcon.colcon_core.package_identification:_identify(.) by extension 'cmake'
[8.165s] Level 1:colcon.colcon_core.package_identification:_identify(.) by extension 'python'
[8.166s] Level 1:colcon.colcon_core.package_identification:_identify(.) by extensions ['python_setup_py']
[8.166s] Level 1:colcon.colcon_core.package_identification:_identify(.) by extension 'python_setup_py'
[8.166s] Level 1:colcon.colcon_core.package_identification:_identify(build) by extensions ['ignore', 'ignore_ament_install']
[8.167s] Level 1:colcon.colcon_core.package_identification:_identify(build) by extension 'ignore'
[8.167s] Level 1:colcon.colcon_core.package_identification:_identify(build) ignored
[8.168s] Level 1:colcon.colcon_core.package_identification:_identify(install) by extensions ['ignore', 'ignore_ament_install']
[8.168s] Level 1:colcon.colcon_core.package_identification:_identify(install) by extension 'ignore'
[8.168s] Level 1:colcon.colcon_core.package_identification:_identify(install) ignored
[8.170s] Level 1:colcon.colcon_core.package_identification:_identify(log) by extensions ['ignore', 'ignore_ament_install']
[8.170s] Level 1:colcon.colcon_core.package_identification:_identify(log) by extension 'ignore'
[8.170s] Level 1:colcon.colcon_core.package_identification:_identify(log) ignored
[8.171s] Level 1:colcon.colcon_core.package_identification:_identify(src) by extensions ['ignore', 'ignore_ament_install']
[8.171s] Level 1:colcon.colcon_core.package_identification:_identify(src) by extension 'ignore'
[8.171s] Level 1:colcon.colcon_core.package_identification:_identify(src) by extension 'ignore_ament_install'
[8.172s] Level 1:colcon.colcon_core.package_identification:_identify(src) by extensions ['colcon_pkg']
[8.172s] Level 1:colcon.colcon_core.package_identification:_identify(src) by extension 'colcon_pkg'
[8.172s] Level 1:colcon.colcon_core.package_identification:_identify(src) by extensions ['colcon_meta']
[8.172s] Level 1:colcon.colcon_core.package_identification:_identify(src) by extension 'colcon_meta'
[8.173s] Level 1:colcon.colcon_core.package_identification:_identify(src) by extensions ['ros']
[8.173s] Level 1:colcon.colcon_core.package_identification:_identify(src) by extension 'ros'
[8.173s] Level 1:colcon.colcon_core.package_identification:_identify(src) by extensions ['cmake', 'python']
[8.173s] Level 1:colcon.colcon_core.package_identification:_identify(src) by extension 'cmake'
[8.173s] Level 1:colcon.colcon_core.package_identification:_identify(src) by extension 'python'
[8.174s] Level 1:colcon.colcon_core.package_identification:_identify(src) by extensions ['python_setup_py']
[8.174s] Level 1:colcon.colcon_core.package_identification:_identify(src) by extension 'python_setup_py'
[8.174s] Level 1:colcon.colcon_core.package_identification:_identify(src/team_rocket_navigate_to_goal) by extensions ['ignore', 'ignore_ament_install']
[8.175s] Level 1:colcon.colcon_core.package_identification:_identify(src/team_rocket_navigate_to_goal) by extension 'ignore'
[8.175s] Level 1:colcon.colcon_core.package_identification:_identify(src/team_rocket_navigate_to_goal) by extension 'ignore_ament_install'
[8.175s] Level 1:colcon.colcon_core.package_identification:_identify(src/team_rocket_navigate_to_goal) by extensions ['colcon_pkg']
[8.176s] Level 1:colcon.colcon_core.package_identification:_identify(src/team_rocket_navigate_to_goal) by extension 'colcon_pkg'
[8.176s] Level 1:colcon.colcon_core.package_identification:_identify(src/team_rocket_navigate_to_goal) by extensions ['colcon_meta']
[8.176s] Level 1:colcon.colcon_core.package_identification:_identify(src/team_rocket_navigate_to_goal) by extension 'colcon_meta'
[8.176s] Level 1:colcon.colcon_core.package_identification:_identify(src/team_rocket_navigate_to_goal) by extensions ['ros']
[8.176s] Level 1:colcon.colcon_core.package_identification:_identify(src/team_rocket_navigate_to_goal) by extension 'ros'
[8.185s] DEBUG:colcon.colcon_core.package_identification:Package 'src/team_rocket_navigate_to_goal' with type 'ros.ament_python' and name 'team_rocket_navigate_to_goal'
[8.186s] Level 1:colcon.colcon_core.package_discovery:discover_packages(recursive) using defaults
[8.186s] Level 1:colcon.colcon_core.package_discovery:discover_packages(ignore) discover
[8.186s] Level 1:colcon.colcon_core.package_discovery:discover_packages(ignore) using defaults
[8.186s] Level 1:colcon.colcon_core.package_discovery:discover_packages(path) discover
[8.186s] Level 1:colcon.colcon_core.package_discovery:discover_packages(path) using defaults
[8.575s] Level 1:colcon.colcon_core.package_discovery:discover_packages(prefix_path) check parameters
[8.575s] Level 1:colcon.colcon_core.package_discovery:discover_packages(prefix_path) discover
[8.696s] DEBUG:colcon.colcon_installed_package_information.package_discovery:Found 1 installed packages in /home/burger/Intro-to-Robotics-Research-Labs/lab4_ws/install
[8.761s] DEBUG:colcon.colcon_installed_package_information.package_discovery:Found 8 installed packages in /home/burger/dontTouch_ws/install
[8.824s] DEBUG:colcon.colcon_installed_package_information.package_discovery:Found 206 installed packages in /opt/ros/humble
[8.829s] Level 1:colcon.colcon_core.package_discovery:discover_packages(prefix_path) using defaults
[9.111s] Level 5:colcon.colcon_core.verb:set package 'team_rocket_navigate_to_goal' build argument 'cmake_args' from command line to 'None'
[9.112s] Level 5:colcon.colcon_core.verb:set package 'team_rocket_navigate_to_goal' build argument 'cmake_target' from command line to 'None'
[9.112s] Level 5:colcon.colcon_core.verb:set package 'team_rocket_navigate_to_goal' build argument 'cmake_target_skip_unavailable' from command line to 'False'
[9.112s] Level 5:colcon.colcon_core.verb:set package 'team_rocket_navigate_to_goal' build argument 'cmake_clean_cache' from command line to 'False'
[9.112s] Level 5:colcon.colcon_core.verb:set package 'team_rocket_navigate_to_goal' build argument 'cmake_clean_first' from command line to 'False'
[9.112s] Level 5:colcon.colcon_core.verb:set package 'team_rocket_navigate_to_goal' build argument 'cmake_force_configure' from command line to 'False'
[9.112s] Level 5:colcon.colcon_core.verb:set package 'team_rocket_navigate_to_goal' build argument 'ament_cmake_args' from command line to 'None'
[9.112s] Level 5:colcon.colcon_core.verb:set package 'team_rocket_navigate_to_goal' build argument 'catkin_cmake_args' from command line to 'None'
[9.112s] Level 5:colcon.colcon_core.verb:set package 'team_rocket_navigate_to_goal' build argument 'catkin_skip_building_tests' from command line to 'False'
[9.113s] DEBUG:colcon.colcon_core.verb:Building package 'team_rocket_navigate_to_goal' with the following arguments: {'ament_cmake_args': None, 'build_base': '/home/burger/Intro-to-Robotics-Research-Labs/lab4_ws/build/team_rocket_navigate_to_goal', 'catkin_cmake_args': None, 'catkin_skip_building_tests': False, 'cmake_args': None, 'cmake_clean_cache': False, 'cmake_clean_first': False, 'cmake_force_configure': False, 'cmake_target': None, 'cmake_target_skip_unavailable': False, 'install_base': '/home/burger/Intro-to-Robotics-Research-Labs/lab4_ws/install/team_rocket_navigate_to_goal', 'merge_install': False, 'path': '/home/burger/Intro-to-Robotics-Research-Labs/lab4_ws/src/team_rocket_navigate_to_goal', 'symlink_install': False, 'test_result_base': None}
[9.169s] INFO:colcon.colcon_core.executor:Executing jobs using 'parallel' executor
[13.479s] DEBUG:colcon.colcon_parallel_executor.executor.parallel:run_until_complete
[13.480s] INFO:colcon.colcon_ros.task.ament_python.build:Building ROS package in '/home/burger/Intro-to-Robotics-Research-Labs/lab4_ws/src/team_rocket_navigate_to_goal' with build type 'ament_python'
[13.481s] Level 1:colcon.colcon_core.shell:create_environment_hook('team_rocket_navigate_to_goal', 'ament_prefix_path')
[13.551s] INFO:colcon.colcon_core.plugin_system:Skipping extension 'colcon_core.shell.bat': Not used on non-Windows systems
[13.551s] INFO:colcon.colcon_core.shell:Creating environment hook '/home/burger/Intro-to-Robotics-Research-Labs/lab4_ws/install/team_rocket_navigate_to_goal/share/team_rocket_navigate_to_goal/hook/ament_prefix_path.ps1'
[18.043s] INFO:colcon.colcon_core.shell:Creating environment descriptor '/home/burger/Intro-to-Robotics-Research-Labs/lab4_ws/install/team_rocket_navigate_to_goal/share/team_rocket_navigate_to_goal/hook/ament_prefix_path.dsv'
[18.045s] INFO:colcon.colcon_core.shell:Creating environment hook '/home/burger/Intro-to-Robotics-Research-Labs/lab4_ws/install/team_rocket_navigate_to_goal/share/team_rocket_navigate_to_goal/hook/ament_prefix_path.sh'
[18.114s] INFO:colcon.colcon_core.shell:Skip shell extension 'powershell' for command environment: Not usable outside of PowerShell
[18.114s] DEBUG:colcon.colcon_core.shell:Skip shell extension 'dsv' for command environment
[25.487s] INFO:colcon.colcon_core.task.python.build:Building Python package in '/home/burger/Intro-to-Robotics-Research-Labs/lab4_ws/src/team_rocket_navigate_to_goal'
[26.202s] INFO:colcon.colcon_core.shell:Skip shell extension 'powershell' for command environment: Not usable outside of PowerShell
[26.202s] DEBUG:colcon.colcon_core.shell:Skip shell extension 'dsv' for command environment
[29.300s] DEBUG:colcon.colcon_core.event_handler.log_command:Invoking command in '/home/burger/Intro-to-Robotics-Research-Labs/lab4_ws/src/team_rocket_navigate_to_goal': PYTHONPATH=/home/burger/Intro-to-Robotics-Research-Labs/lab4_ws/build/team_rocket_navigate_to_goal/prefix_override:/home/burger/Intro-to-Robotics-Research-Labs/lab4_ws/install/team_rocket_navigate_to_goal/lib/python3.10/site-packages:${PYTHONPATH} /usr/bin/python3 setup.py egg_info --egg-base ../../build/team_rocket_navigate_to_goal build --build-base /home/burger/Intro-to-Robotics-Research-Labs/lab4_ws/build/team_rocket_navigate_to_goal/build install --record /home/burger/Intro-to-Robotics-Research-Labs/lab4_ws/build/team_rocket_navigate_to_goal/install.log --single-version-externally-managed
[33.862s] DEBUG:colcon.colcon_core.event_handler.log_command:Invoked command in '/home/burger/Intro-to-Robotics-Research-Labs/lab4_ws/src/team_rocket_navigate_to_goal' returned '0': PYTHONPATH=/home/burger/Intro-to-Robotics-Research-Labs/lab4_ws/build/team_rocket_navigate_to_goal/prefix_override:/home/burger/Intro-to-Robotics-Research-Labs/lab4_ws/install/team_rocket_navigate_to_goal/lib/python3.10/site-packages:${PYTHONPATH} /usr/bin/python3 setup.py egg_info --egg-base ../../build/team_rocket_navigate_to_goal build --build-base /home/burger/Intro-to-Robotics-Research-Labs/lab4_ws/build/team_rocket_navigate_to_goal/build install --record /home/burger/Intro-to-Robotics-Research-Labs/lab4_ws/build/team_rocket_navigate_to_goal/install.log --single-version-externally-managed
[33.928s] Level 1:colcon.colcon_core.environment:checking '/home/burger/Intro-to-Robotics-Research-Labs/lab4_ws/install/team_rocket_navigate_to_goal' for CMake module files
[33.931s] Level 1:colcon.colcon_core.environment:checking '/home/burger/Intro-to-Robotics-Research-Labs/lab4_ws/install/team_rocket_navigate_to_goal' for CMake config files
[33.935s] Level 1:colcon.colcon_core.environment:checking '/home/burger/Intro-to-Robotics-Research-Labs/lab4_ws/install/team_rocket_navigate_to_goal/lib'
[33.936s] Level 1:colcon.colcon_core.environment:checking '/home/burger/Intro-to-Robotics-Research-Labs/lab4_ws/install/team_rocket_navigate_to_goal/bin'
[33.937s] Level 1:colcon.colcon_core.environment:checking '/home/burger/Intro-to-Robotics-Research-Labs/lab4_ws/install/team_rocket_navigate_to_goal/lib/pkgconfig/team_rocket_navigate_to_goal.pc'
[33.937s] Level 1:colcon.colcon_core.environment:checking '/home/burger/Intro-to-Robotics-Research-Labs/lab4_ws/install/team_rocket_navigate_to_goal/lib/python3.10/site-packages'
[33.938s] Level 1:colcon.colcon_core.shell:create_environment_hook('team_rocket_navigate_to_goal', 'pythonpath')
[34.001s] INFO:colcon.colcon_core.shell:Creating environment hook '/home/burger/Intro-to-Robotics-Research-Labs/lab4_ws/install/team_rocket_navigate_to_goal/share/team_rocket_navigate_to_goal/hook/pythonpath.ps1'
[34.003s] INFO:colcon.colcon_core.shell:Creating environment descriptor '/home/burger/Intro-to-Robotics-Research-Labs/lab4_ws/install/team_rocket_navigate_to_goal/share/team_rocket_navigate_to_goal/hook/pythonpath.dsv'
[34.005s] INFO:colcon.colcon_core.shell:Creating environment hook '/home/burger/Intro-to-Robotics-Research-Labs/lab4_ws/install/team_rocket_navigate_to_goal/share/team_rocket_navigate_to_goal/hook/pythonpath.sh'
[34.007s] Level 1:colcon.colcon_core.environment:checking '/home/burger/Intro-to-Robotics-Research-Labs/lab4_ws/install/team_rocket_navigate_to_goal/bin'
[34.008s] Level 1:colcon.colcon_core.environment:create_environment_scripts_only(team_rocket_navigate_to_goal)
[34.065s] INFO:colcon.colcon_core.shell:Creating package script '/home/burger/Intro-to-Robotics-Research-Labs/lab4_ws/install/team_rocket_navigate_to_goal/share/team_rocket_navigate_to_goal/package.ps1'
[34.069s] INFO:colcon.colcon_core.shell:Creating package descriptor '/home/burger/Intro-to-Robotics-Research-Labs/lab4_ws/install/team_rocket_navigate_to_goal/share/team_rocket_navigate_to_goal/package.dsv'
[34.071s] INFO:colcon.colcon_core.shell:Creating package script '/home/burger/Intro-to-Robotics-Research-Labs/lab4_ws/install/team_rocket_navigate_to_goal/share/team_rocket_navigate_to_goal/package.sh'
[34.074s] INFO:colcon.colcon_core.shell:Creating package script '/home/burger/Intro-to-Robotics-Research-Labs/lab4_ws/install/team_rocket_navigate_to_goal/share/team_rocket_navigate_to_goal/package.bash'
[34.077s] INFO:colcon.colcon_core.shell:Creating package script '/home/burger/Intro-to-Robotics-Research-Labs/lab4_ws/install/team_rocket_navigate_to_goal/share/team_rocket_navigate_to_goal/package.zsh'
[34.080s] Level 1:colcon.colcon_core.environment:create_file_with_runtime_dependencies(/home/burger/Intro-to-Robotics-Research-Labs/lab4_ws/install/team_rocket_navigate_to_goal/share/colcon-core/packages/team_rocket_navigate_to_goal)
[34.081s] DEBUG:colcon.colcon_parallel_executor.executor.parallel:closing loop
[34.082s] DEBUG:colcon.colcon_parallel_executor.executor.parallel:loop closed
[34.083s] DEBUG:colcon.colcon_parallel_executor.executor.parallel:run_until_complete finished with '0'
[34.083s] DEBUG:colcon.colcon_core.event_reactor:joining thread
[34.167s] INFO:colcon.colcon_core.plugin_system:Skipping extension 'colcon_notification.desktop_notification.notify_send': Could not find 'notify-send'
[34.167s] INFO:colcon.colcon_core.plugin_system:Skipping extension 'colcon_notification.desktop_notification.terminal_notifier': Not used on non-Darwin systems
[34.167s] INFO:colcon.colcon_core.plugin_system:Skipping extension 'colcon_notification.desktop_notification.win32': Not used on non-Windows systems
[34.168s] INFO:colcon.colcon_notification.desktop_notification:Sending desktop notification using 'notify2'
[34.170s] DEBUG:colcon.colcon_notification.desktop_notification.notify2:Failed to initialize notify2: org.freedesktop.DBus.Error.ServiceUnknown: The name org.freedesktop.Notifications was not provided by any .service files
[34.171s] DEBUG:colcon.colcon_core.event_reactor:joined thread
[34.228s] INFO:colcon.colcon_core.shell:Creating prefix script '/home/burger/Intro-to-Robotics-Research-Labs/lab4_ws/install/local_setup.ps1'
[34.231s] INFO:colcon.colcon_core.shell:Creating prefix util module '/home/burger/Intro-to-Robotics-Research-Labs/lab4_ws/install/_local_setup_util_ps1.py'
[34.236s] INFO:colcon.colcon_core.shell:Creating prefix chain script '/home/burger/Intro-to-Robotics-Research-Labs/lab4_ws/install/setup.ps1'
[34.298s] INFO:colcon.colcon_core.shell:Creating prefix script '/home/burger/Intro-to-Robotics-Research-Labs/lab4_ws/install/local_setup.sh'
[34.301s] INFO:colcon.colcon_core.shell:Creating prefix util module '/home/burger/Intro-to-Robotics-Research-Labs/lab4_ws/install/_local_setup_util_sh.py'
[34.303s] INFO:colcon.colcon_core.shell:Creating prefix chain script '/home/burger/Intro-to-Robotics-Research-Labs/lab4_ws/install/setup.sh'
[34.371s] INFO:colcon.colcon_core.shell:Creating prefix script '/home/burger/Intro-to-Robotics-Research-Labs/lab4_ws/install/local_setup.bash'
[34.373s] INFO:colcon.colcon_core.shell:Creating prefix chain script '/home/burger/Intro-to-Robotics-Research-Labs/lab4_ws/install/setup.bash'
[34.435s] INFO:colcon.colcon_core.shell:Creating prefix script '/home/burger/Intro-to-Robotics-Research-Labs/lab4_ws/install/local_setup.zsh'
[34.437s] INFO:colcon.colcon_core.shell:Creating prefix chain script '/home/burger/Intro-to-Robotics-Research-Labs/lab4_ws/install/setup.zsh'
