[0.561s] Invoking command in '/home/augustmenard/Intro-to-Robotics-Research-Labs/final_ws/src/turtlebot3/turtlebot3_example': AMENT_PREFIX_PATH=/home/augustmenard/Intro-to-Robotics-Research-Labs/final_ws/install/turtlebot3_msgs:${AMENT_PREFIX_PATH} CMAKE_PREFIX_PATH=/home/augustmenard/Intro-to-Robotics-Research-Labs/final_ws/install/turtlebot3_msgs:${CMAKE_PREFIX_PATH} LD_LIBRARY_PATH=/home/augustmenard/Intro-to-Robotics-Research-Labs/final_ws/install/turtlebot3_msgs/lib:/home/augustmenard/Intro-to-Robotics-Research-Labs/install/turtlebot3_msgs/lib:/home/augustmenard/Intro-to-Robotics-Research-Labs/install/dynamixel_sdk_custom_interfaces/lib:/home/augustmenard/Intro-to-Robotics-Research-Labs/install/dynamixel_sdk/lib:/opt/ros/humble/opt/rviz_ogre_vendor/lib:/opt/ros/humble/lib/x86_64-linux-gnu:/opt/ros/humble/lib:/usr/lib/x86_64-linux-gnu/gazebo-11/plugins PYTHONPATH=/home/augustmenard/Intro-to-Robotics-Research-Labs/final_ws/build/turtlebot3_example/prefix_override:/usr/lib/python3/dist-packages/colcon_core/task/python/colcon_distutils_commands:/home/augustmenard/Intro-to-Robotics-Research-Labs/final_ws/install/turtlebot3_example/lib/python3.10/site-packages:/home/augustmenard/Intro-to-Robotics-Research-Labs/final_ws/install/turtlebot3_msgs/local/lib/python3.10/dist-packages:${PYTHONPATH} /usr/bin/python3 -W ignore:setup.py install is deprecated -W ignore:easy_install command is deprecated setup.py egg_info --egg-base ../../../build/turtlebot3_example build --build-base /home/augustmenard/Intro-to-Robotics-Research-Labs/final_ws/build/turtlebot3_example/build install --record /home/augustmenard/Intro-to-Robotics-Research-Labs/final_ws/build/turtlebot3_example/install.log --single-version-externally-managed install_data
[0.764s] running egg_info
[0.765s] creating ../../../build/turtlebot3_example/turtlebot3_example.egg-info
[0.765s] writing ../../../build/turtlebot3_example/turtlebot3_example.egg-info/PKG-INFO
[0.765s] writing dependency_links to ../../../build/turtlebot3_example/turtlebot3_example.egg-info/dependency_links.txt
[0.765s] writing entry points to ../../../build/turtlebot3_example/turtlebot3_example.egg-info/entry_points.txt
[0.765s] writing requirements to ../../../build/turtlebot3_example/turtlebot3_example.egg-info/requires.txt
[0.766s] writing top-level names to ../../../build/turtlebot3_example/turtlebot3_example.egg-info/top_level.txt
[0.766s] writing manifest file '../../../build/turtlebot3_example/turtlebot3_example.egg-info/SOURCES.txt'
[0.767s] reading manifest file '../../../build/turtlebot3_example/turtlebot3_example.egg-info/SOURCES.txt'
[0.768s] writing manifest file '../../../build/turtlebot3_example/turtlebot3_example.egg-info/SOURCES.txt'
[0.768s] running build
[0.768s] running build_py
[0.769s] creating /home/augustmenard/Intro-to-Robotics-Research-Labs/final_ws/build/turtlebot3_example/build
[0.769s] creating /home/augustmenard/Intro-to-Robotics-Research-Labs/final_ws/build/turtlebot3_example/build/lib
[0.769s] creating /home/augustmenard/Intro-to-Robotics-Research-Labs/final_ws/build/turtlebot3_example/build/lib/turtlebot3_example
[0.769s] copying turtlebot3_example/__init__.py -> /home/augustmenard/Intro-to-Robotics-Research-Labs/final_ws/build/turtlebot3_example/build/lib/turtlebot3_example
[0.769s] creating /home/augustmenard/Intro-to-Robotics-Research-Labs/final_ws/build/turtlebot3_example/build/lib/turtlebot3_example/turtlebot3_interactive_marker
[0.769s] copying turtlebot3_example/turtlebot3_interactive_marker/__init__.py -> /home/augustmenard/Intro-to-Robotics-Research-Labs/final_ws/build/turtlebot3_example/build/lib/turtlebot3_example/turtlebot3_interactive_marker
[0.769s] copying turtlebot3_example/turtlebot3_interactive_marker/turtlebot3_interactive_marker.py -> /home/augustmenard/Intro-to-Robotics-Research-Labs/final_ws/build/turtlebot3_example/build/lib/turtlebot3_example/turtlebot3_interactive_marker
[0.775s] creating /home/augustmenard/Intro-to-Robotics-Research-Labs/final_ws/build/turtlebot3_example/build/lib/turtlebot3_example/turtlebot3_obstacle_detection
[0.775s] copying turtlebot3_example/turtlebot3_obstacle_detection/__init__.py -> /home/augustmenard/Intro-to-Robotics-Research-Labs/final_ws/build/turtlebot3_example/build/lib/turtlebot3_example/turtlebot3_obstacle_detection
[0.775s] copying turtlebot3_example/turtlebot3_obstacle_detection/turtlebot3_obstacle_detection.py -> /home/augustmenard/Intro-to-Robotics-Research-Labs/final_ws/build/turtlebot3_example/build/lib/turtlebot3_example/turtlebot3_obstacle_detection
[0.775s] creating /home/augustmenard/Intro-to-Robotics-Research-Labs/final_ws/build/turtlebot3_example/build/lib/turtlebot3_example/turtlebot3_patrol
[0.775s] copying turtlebot3_example/turtlebot3_patrol/__init__.py -> /home/augustmenard/Intro-to-Robotics-Research-Labs/final_ws/build/turtlebot3_example/build/lib/turtlebot3_example/turtlebot3_patrol
[0.775s] copying turtlebot3_example/turtlebot3_patrol/turtlebot3_patrol_server.py -> /home/augustmenard/Intro-to-Robotics-Research-Labs/final_ws/build/turtlebot3_example/build/lib/turtlebot3_example/turtlebot3_patrol
[0.775s] copying turtlebot3_example/turtlebot3_patrol/turtlebot3_patrol_client.py -> /home/augustmenard/Intro-to-Robotics-Research-Labs/final_ws/build/turtlebot3_example/build/lib/turtlebot3_example/turtlebot3_patrol
[0.775s] creating /home/augustmenard/Intro-to-Robotics-Research-Labs/final_ws/build/turtlebot3_example/build/lib/turtlebot3_example/turtlebot3_relative_move
[0.776s] copying turtlebot3_example/turtlebot3_relative_move/__init__.py -> /home/augustmenard/Intro-to-Robotics-Research-Labs/final_ws/build/turtlebot3_example/build/lib/turtlebot3_example/turtlebot3_relative_move
[0.776s] copying turtlebot3_example/turtlebot3_relative_move/turtlebot3_relative_move.py -> /home/augustmenard/Intro-to-Robotics-Research-Labs/final_ws/build/turtlebot3_example/build/lib/turtlebot3_example/turtlebot3_relative_move
[0.776s] creating /home/augustmenard/Intro-to-Robotics-Research-Labs/final_ws/build/turtlebot3_example/build/lib/turtlebot3_example/turtlebot3_absolute_move
[0.776s] copying turtlebot3_example/turtlebot3_absolute_move/__init__.py -> /home/augustmenard/Intro-to-Robotics-Research-Labs/final_ws/build/turtlebot3_example/build/lib/turtlebot3_example/turtlebot3_absolute_move
[0.776s] copying turtlebot3_example/turtlebot3_absolute_move/turtlebot3_absolute_move.py -> /home/augustmenard/Intro-to-Robotics-Research-Labs/final_ws/build/turtlebot3_example/build/lib/turtlebot3_example/turtlebot3_absolute_move
[0.776s] running install
[0.776s] running install_lib
[0.777s] creating /home/augustmenard/Intro-to-Robotics-Research-Labs/final_ws/install/turtlebot3_example/lib/python3.10/site-packages/turtlebot3_example
[0.777s] copying /home/augustmenard/Intro-to-Robotics-Research-Labs/final_ws/build/turtlebot3_example/build/lib/turtlebot3_example/__init__.py -> /home/augustmenard/Intro-to-Robotics-Research-Labs/final_ws/install/turtlebot3_example/lib/python3.10/site-packages/turtlebot3_example
[0.777s] creating /home/augustmenard/Intro-to-Robotics-Research-Labs/final_ws/install/turtlebot3_example/lib/python3.10/site-packages/turtlebot3_example/turtlebot3_interactive_marker
[0.777s] copying /home/augustmenard/Intro-to-Robotics-Research-Labs/final_ws/build/turtlebot3_example/build/lib/turtlebot3_example/turtlebot3_interactive_marker/__init__.py -> /home/augustmenard/Intro-to-Robotics-Research-Labs/final_ws/install/turtlebot3_example/lib/python3.10/site-packages/turtlebot3_example/turtlebot3_interactive_marker
[0.777s] copying /home/augustmenard/Intro-to-Robotics-Research-Labs/final_ws/build/turtlebot3_example/build/lib/turtlebot3_example/turtlebot3_interactive_marker/turtlebot3_interactive_marker.py -> /home/augustmenard/Intro-to-Robotics-Research-Labs/final_ws/install/turtlebot3_example/lib/python3.10/site-packages/turtlebot3_example/turtlebot3_interactive_marker
[0.778s] creating /home/augustmenard/Intro-to-Robotics-Research-Labs/final_ws/install/turtlebot3_example/lib/python3.10/site-packages/turtlebot3_example/turtlebot3_obstacle_detection
[0.778s] copying /home/augustmenard/Intro-to-Robotics-Research-Labs/final_ws/build/turtlebot3_example/build/lib/turtlebot3_example/turtlebot3_obstacle_detection/__init__.py -> /home/augustmenard/Intro-to-Robotics-Research-Labs/final_ws/install/turtlebot3_example/lib/python3.10/site-packages/turtlebot3_example/turtlebot3_obstacle_detection
[0.778s] copying /home/augustmenard/Intro-to-Robotics-Research-Labs/final_ws/build/turtlebot3_example/build/lib/turtlebot3_example/turtlebot3_obstacle_detection/turtlebot3_obstacle_detection.py -> /home/augustmenard/Intro-to-Robotics-Research-Labs/final_ws/install/turtlebot3_example/lib/python3.10/site-packages/turtlebot3_example/turtlebot3_obstacle_detection
[0.778s] creating /home/augustmenard/Intro-to-Robotics-Research-Labs/final_ws/install/turtlebot3_example/lib/python3.10/site-packages/turtlebot3_example/turtlebot3_patrol
[0.778s] copying /home/augustmenard/Intro-to-Robotics-Research-Labs/final_ws/build/turtlebot3_example/build/lib/turtlebot3_example/turtlebot3_patrol/__init__.py -> /home/augustmenard/Intro-to-Robotics-Research-Labs/final_ws/install/turtlebot3_example/lib/python3.10/site-packages/turtlebot3_example/turtlebot3_patrol
[0.778s] copying /home/augustmenard/Intro-to-Robotics-Research-Labs/final_ws/build/turtlebot3_example/build/lib/turtlebot3_example/turtlebot3_patrol/turtlebot3_patrol_server.py -> /home/augustmenard/Intro-to-Robotics-Research-Labs/final_ws/install/turtlebot3_example/lib/python3.10/site-packages/turtlebot3_example/turtlebot3_patrol
[0.778s] copying /home/augustmenard/Intro-to-Robotics-Research-Labs/final_ws/build/turtlebot3_example/build/lib/turtlebot3_example/turtlebot3_patrol/turtlebot3_patrol_client.py -> /home/augustmenard/Intro-to-Robotics-Research-Labs/final_ws/install/turtlebot3_example/lib/python3.10/site-packages/turtlebot3_example/turtlebot3_patrol
[0.778s] creating /home/augustmenard/Intro-to-Robotics-Research-Labs/final_ws/install/turtlebot3_example/lib/python3.10/site-packages/turtlebot3_example/turtlebot3_relative_move
[0.778s] copying /home/augustmenard/Intro-to-Robotics-Research-Labs/final_ws/build/turtlebot3_example/build/lib/turtlebot3_example/turtlebot3_relative_move/__init__.py -> /home/augustmenard/Intro-to-Robotics-Research-Labs/final_ws/install/turtlebot3_example/lib/python3.10/site-packages/turtlebot3_example/turtlebot3_relative_move
[0.778s] copying /home/augustmenard/Intro-to-Robotics-Research-Labs/final_ws/build/turtlebot3_example/build/lib/turtlebot3_example/turtlebot3_relative_move/turtlebot3_relative_move.py -> /home/augustmenard/Intro-to-Robotics-Research-Labs/final_ws/install/turtlebot3_example/lib/python3.10/site-packages/turtlebot3_example/turtlebot3_relative_move
[0.778s] creating /home/augustmenard/Intro-to-Robotics-Research-Labs/final_ws/install/turtlebot3_example/lib/python3.10/site-packages/turtlebot3_example/turtlebot3_absolute_move
[0.778s] copying /home/augustmenard/Intro-to-Robotics-Research-Labs/final_ws/build/turtlebot3_example/build/lib/turtlebot3_example/turtlebot3_absolute_move/__init__.py -> /home/augustmenard/Intro-to-Robotics-Research-Labs/final_ws/install/turtlebot3_example/lib/python3.10/site-packages/turtlebot3_example/turtlebot3_absolute_move
[0.779s] copying /home/augustmenard/Intro-to-Robotics-Research-Labs/final_ws/build/turtlebot3_example/build/lib/turtlebot3_example/turtlebot3_absolute_move/turtlebot3_absolute_move.py -> /home/augustmenard/Intro-to-Robotics-Research-Labs/final_ws/install/turtlebot3_example/lib/python3.10/site-packages/turtlebot3_example/turtlebot3_absolute_move
[0.779s] byte-compiling /home/augustmenard/Intro-to-Robotics-Research-Labs/final_ws/install/turtlebot3_example/lib/python3.10/site-packages/turtlebot3_example/__init__.py to __init__.cpython-310.pyc
[0.779s] byte-compiling /home/augustmenard/Intro-to-Robotics-Research-Labs/final_ws/install/turtlebot3_example/lib/python3.10/site-packages/turtlebot3_example/turtlebot3_interactive_marker/__init__.py to __init__.cpython-310.pyc
[0.779s] byte-compiling /home/augustmenard/Intro-to-Robotics-Research-Labs/final_ws/install/turtlebot3_example/lib/python3.10/site-packages/turtlebot3_example/turtlebot3_interactive_marker/turtlebot3_interactive_marker.py to turtlebot3_interactive_marker.cpython-310.pyc
[0.780s] byte-compiling /home/augustmenard/Intro-to-Robotics-Research-Labs/final_ws/install/turtlebot3_example/lib/python3.10/site-packages/turtlebot3_example/turtlebot3_obstacle_detection/__init__.py to __init__.cpython-310.pyc
[0.780s] byte-compiling /home/augustmenard/Intro-to-Robotics-Research-Labs/final_ws/install/turtlebot3_example/lib/python3.10/site-packages/turtlebot3_example/turtlebot3_obstacle_detection/turtlebot3_obstacle_detection.py to turtlebot3_obstacle_detection.cpython-310.pyc
[0.780s] byte-compiling /home/augustmenard/Intro-to-Robotics-Research-Labs/final_ws/install/turtlebot3_example/lib/python3.10/site-packages/turtlebot3_example/turtlebot3_patrol/__init__.py to __init__.cpython-310.pyc
[0.780s] byte-compiling /home/augustmenard/Intro-to-Robotics-Research-Labs/final_ws/install/turtlebot3_example/lib/python3.10/site-packages/turtlebot3_example/turtlebot3_patrol/turtlebot3_patrol_server.py to turtlebot3_patrol_server.cpython-310.pyc
[0.781s] byte-compiling /home/augustmenard/Intro-to-Robotics-Research-Labs/final_ws/install/turtlebot3_example/lib/python3.10/site-packages/turtlebot3_example/turtlebot3_patrol/turtlebot3_patrol_client.py to turtlebot3_patrol_client.cpython-310.pyc
[0.782s] byte-compiling /home/augustmenard/Intro-to-Robotics-Research-Labs/final_ws/install/turtlebot3_example/lib/python3.10/site-packages/turtlebot3_example/turtlebot3_relative_move/__init__.py to __init__.cpython-310.pyc
[0.782s] byte-compiling /home/augustmenard/Intro-to-Robotics-Research-Labs/final_ws/install/turtlebot3_example/lib/python3.10/site-packages/turtlebot3_example/turtlebot3_relative_move/turtlebot3_relative_move.py to turtlebot3_relative_move.cpython-310.pyc
[0.783s] byte-compiling /home/augustmenard/Intro-to-Robotics-Research-Labs/final_ws/install/turtlebot3_example/lib/python3.10/site-packages/turtlebot3_example/turtlebot3_absolute_move/__init__.py to __init__.cpython-310.pyc
[0.783s] byte-compiling /home/augustmenard/Intro-to-Robotics-Research-Labs/final_ws/install/turtlebot3_example/lib/python3.10/site-packages/turtlebot3_example/turtlebot3_absolute_move/turtlebot3_absolute_move.py to turtlebot3_absolute_move.cpython-310.pyc
[0.784s] running install_data
[0.784s] creating /home/augustmenard/Intro-to-Robotics-Research-Labs/final_ws/install/turtlebot3_example/share/ament_index
[0.784s] creating /home/augustmenard/Intro-to-Robotics-Research-Labs/final_ws/install/turtlebot3_example/share/ament_index/resource_index
[0.784s] creating /home/augustmenard/Intro-to-Robotics-Research-Labs/final_ws/install/turtlebot3_example/share/ament_index/resource_index/packages
[0.784s] copying resource/turtlebot3_example -> /home/augustmenard/Intro-to-Robotics-Research-Labs/final_ws/install/turtlebot3_example/share/ament_index/resource_index/packages
[0.784s] copying package.xml -> /home/augustmenard/Intro-to-Robotics-Research-Labs/final_ws/install/turtlebot3_example/share/turtlebot3_example
[0.784s] running install_egg_info
[0.786s] Copying ../../../build/turtlebot3_example/turtlebot3_example.egg-info to /home/augustmenard/Intro-to-Robotics-Research-Labs/final_ws/install/turtlebot3_example/lib/python3.10/site-packages/turtlebot3_example-2.3.3-py3.10.egg-info
[0.786s] running install_scripts
[0.803s] Installing turtlebot3_absolute_move script to /home/augustmenard/Intro-to-Robotics-Research-Labs/final_ws/install/turtlebot3_example/lib/turtlebot3_example
[0.803s] Installing turtlebot3_interactive_marker script to /home/augustmenard/Intro-to-Robotics-Research-Labs/final_ws/install/turtlebot3_example/lib/turtlebot3_example
[0.803s] Installing turtlebot3_obstacle_detection script to /home/augustmenard/Intro-to-Robotics-Research-Labs/final_ws/install/turtlebot3_example/lib/turtlebot3_example
[0.803s] Installing turtlebot3_patrol_client script to /home/augustmenard/Intro-to-Robotics-Research-Labs/final_ws/install/turtlebot3_example/lib/turtlebot3_example
[0.803s] Installing turtlebot3_patrol_server script to /home/augustmenard/Intro-to-Robotics-Research-Labs/final_ws/install/turtlebot3_example/lib/turtlebot3_example
[0.804s] Installing turtlebot3_relative_move script to /home/augustmenard/Intro-to-Robotics-Research-Labs/final_ws/install/turtlebot3_example/lib/turtlebot3_example
[0.804s] writing list of installed files to '/home/augustmenard/Intro-to-Robotics-Research-Labs/final_ws/build/turtlebot3_example/install.log'
[0.825s] Invoked command in '/home/augustmenard/Intro-to-Robotics-Research-Labs/final_ws/src/turtlebot3/turtlebot3_example' returned '0': AMENT_PREFIX_PATH=/home/augustmenard/Intro-to-Robotics-Research-Labs/final_ws/install/turtlebot3_msgs:${AMENT_PREFIX_PATH} CMAKE_PREFIX_PATH=/home/augustmenard/Intro-to-Robotics-Research-Labs/final_ws/install/turtlebot3_msgs:${CMAKE_PREFIX_PATH} LD_LIBRARY_PATH=/home/augustmenard/Intro-to-Robotics-Research-Labs/final_ws/install/turtlebot3_msgs/lib:/home/augustmenard/Intro-to-Robotics-Research-Labs/install/turtlebot3_msgs/lib:/home/augustmenard/Intro-to-Robotics-Research-Labs/install/dynamixel_sdk_custom_interfaces/lib:/home/augustmenard/Intro-to-Robotics-Research-Labs/install/dynamixel_sdk/lib:/opt/ros/humble/opt/rviz_ogre_vendor/lib:/opt/ros/humble/lib/x86_64-linux-gnu:/opt/ros/humble/lib:/usr/lib/x86_64-linux-gnu/gazebo-11/plugins PYTHONPATH=/home/augustmenard/Intro-to-Robotics-Research-Labs/final_ws/build/turtlebot3_example/prefix_override:/usr/lib/python3/dist-packages/colcon_core/task/python/colcon_distutils_commands:/home/augustmenard/Intro-to-Robotics-Research-Labs/final_ws/install/turtlebot3_example/lib/python3.10/site-packages:/home/augustmenard/Intro-to-Robotics-Research-Labs/final_ws/install/turtlebot3_msgs/local/lib/python3.10/dist-packages:${PYTHONPATH} /usr/bin/python3 -W ignore:setup.py install is deprecated -W ignore:easy_install command is deprecated setup.py egg_info --egg-base ../../../build/turtlebot3_example build --build-base /home/augustmenard/Intro-to-Robotics-Research-Labs/final_ws/build/turtlebot3_example/build install --record /home/augustmenard/Intro-to-Robotics-Research-Labs/final_ws/build/turtlebot3_example/install.log --single-version-externally-managed install_data
