[0.022s] Invoking command in '/home/augustmenard/Intro-to-Robotics-Research-Labs/final_ws/build/turtlebot3_gazebo': CMAKE_PREFIX_PATH=/opt/ros/humble /usr/bin/cmake /home/augustmenard/Intro-to-Robotics-Research-Labs/final_ws/src/turtlebot3_simulations/turtlebot3_gazebo -DCMAKE_INSTALL_PREFIX=/home/augustmenard/Intro-to-Robotics-Research-Labs/final_ws/install/turtlebot3_gazebo
[0.136s] -- The C compiler identification is GNU 11.4.0
[0.227s] -- The CXX compiler identification is GNU 11.4.0
[0.239s] -- Detecting C compiler ABI info
[0.327s] -- Detecting C compiler ABI info - done
[0.335s] -- Check for working C compiler: /usr/bin/cc - skipped
[0.336s] -- Detecting C compile features
[0.336s] -- Detecting C compile features - done
[0.341s] -- Detecting CXX compiler ABI info
[0.439s] -- Detecting CXX compiler ABI info - done
[0.448s] -- Check for working CXX compiler: /usr/bin/c++ - skipped
[0.448s] -- Detecting CXX compile features
[0.449s] -- Detecting CXX compile features - done
[0.452s] -- Found ament_cmake: 1.3.12 (/opt/ros/humble/share/ament_cmake/cmake)
[0.654s] -- Found Python3: /usr/bin/python3 (found version "3.10.12") found components: Interpreter 
[0.797s] -- Found PkgConfig: /usr/bin/pkg-config (found version "0.29.2") 
[0.797s] [33mCMake Warning (dev) at /usr/share/cmake-3.22/Modules/FindPackageHandleStandardArgs.cmake:438 (message):
[0.797s]   The package name passed to `find_package_handle_standard_args` (PkgConfig)
[0.797s]   does not match the name of the calling package (gazebo).  This can lead to
[0.797s]   problems in calling code that expects `find_package` result variables
[0.797s]   (e.g., `_FOUND`) to follow a certain pattern.
[0.797s] Call Stack (most recent call first):
[0.797s]   /usr/share/cmake-3.22/Modules/FindPkgConfig.cmake:99 (find_package_handle_standard_args)
[0.798s]   /usr/lib/x86_64-linux-gnu/cmake/gazebo/gazebo-config.cmake:72 (include)
[0.798s]   CMakeLists.txt:23 (find_package)
[0.798s] This warning is for project developers.  Use -Wno-dev to suppress it.
[0.798s] [0m
[0.804s] -- Checking for module 'bullet>=2.82'
[0.816s] --   Found bullet, version 3.05
[0.951s] -- Found fcl: /usr/include (found suitable version "0.7.0", minimum required is "0.5.0") 
[0.998s] -- Found assimp: /usr/include (found version "5.2.0") 
[1.021s] -- Found DART: /usr/include (Required is at least version "6.6") found components: dart 
[1.408s] -- Found Boost: /usr/lib/x86_64-linux-gnu/cmake/Boost-1.74.0/BoostConfig.cmake (found suitable version "1.74.0", minimum required is "1.40.0") found components: thread system filesystem program_options regex iostreams date_time 
[1.482s] -- Found Protobuf: /usr/lib/x86_64-linux-gnu/libprotobuf.so (found version "3.12.4") 
[1.494s] -- Looking for ignition-math6 -- found version 6.15.1
[1.523s] -- Searching for dependencies of ignition-math6
[1.532s] -- Looking for OGRE...
[1.532s] -- OGRE_PREFIX_WATCH changed.
[1.548s] -- Checking for module 'OGRE'
[1.580s] --   Found OGRE, version 1.9.0
[1.665s] -- Found Ogre Ghadamon (1.9.0)
[1.710s] -- Found OGRE: optimized;/usr/lib/x86_64-linux-gnu/libOgreMain.so;debug;/usr/lib/x86_64-linux-gnu/libOgreMain.so
[1.737s] -- Looking for OGRE_Paging...
[1.764s] -- Found OGRE_Paging: optimized;/usr/lib/x86_64-linux-gnu/libOgrePaging.so;debug;/usr/lib/x86_64-linux-gnu/libOgrePaging.so
[1.768s] -- Looking for OGRE_Terrain...
[1.794s] -- Found OGRE_Terrain: optimized;/usr/lib/x86_64-linux-gnu/libOgreTerrain.so;debug;/usr/lib/x86_64-linux-gnu/libOgreTerrain.so
[1.794s] -- Looking for OGRE_Property...
[1.810s] -- Found OGRE_Property: optimized;/usr/lib/x86_64-linux-gnu/libOgreProperty.so;debug;/usr/lib/x86_64-linux-gnu/libOgreProperty.so
[1.810s] -- Looking for OGRE_RTShaderSystem...
[1.837s] -- Found OGRE_RTShaderSystem: optimized;/usr/lib/x86_64-linux-gnu/libOgreRTShaderSystem.so;debug;/usr/lib/x86_64-linux-gnu/libOgreRTShaderSystem.so
[1.837s] -- Looking for OGRE_Volume...
[1.853s] -- Found OGRE_Volume: optimized;/usr/lib/x86_64-linux-gnu/libOgreVolume.so;debug;/usr/lib/x86_64-linux-gnu/libOgreVolume.so
[1.853s] -- Looking for OGRE_Overlay...
[1.863s] -- Found OGRE_Overlay: optimized;/usr/lib/x86_64-linux-gnu/libOgreOverlay.so;debug;/usr/lib/x86_64-linux-gnu/libOgreOverlay.so
[2.060s] -- Looking for ignition-math6 -- found version 6.15.1
[2.063s] -- Looking for ignition-transport8 -- found version 8.2.1
[2.064s] -- Searching for dependencies of ignition-transport8
[2.087s] -- Found Protobuf: /usr/lib/x86_64-linux-gnu/libprotobuf.so (found suitable version "3.12.4", minimum required is "3") 
[2.102s] -- Config-file not installed for ZeroMQ -- checking for pkg-config
[2.108s] -- Checking for module 'libzmq >= 4'
[2.126s] --   Found libzmq , version 4.3.4
[2.168s] -- Found ZeroMQ: TRUE (Required is at least version "4") 
[2.176s] -- Checking for module 'uuid'
[2.189s] --   Found uuid, version 2.37.2
[2.217s] -- Found UUID: TRUE  
[2.219s] -- Looking for ignition-msgs5 -- found version 5.8.1
[2.219s] -- Searching for dependencies of ignition-msgs5
[2.244s] -- Looking for ignition-math6 -- found version 6.15.1
[2.252s] -- Checking for module 'tinyxml2'
[2.263s] --   Found tinyxml2, version 9.0.0
[2.302s] -- Looking for ignition-msgs5 -- found version 5.8.1
[2.305s] -- Looking for ignition-common3 -- found version 3.14.0
[2.305s] -- Searching for dependencies of ignition-common3
[2.306s] -- Looking for dlfcn.h - found
[2.307s] -- Looking for libdl - found
[2.309s] -- Found DL: TRUE  
[2.324s] -- Found tinyobjloader: /usr/lib/x86_64-linux-gnu/cmake/tinyobjloader/tinyobjloader-config.cmake (found version "2.0.0") 
[2.325s] -- Searching for <ignition-common3> component [graphics]
[2.328s] -- Looking for ignition-common3-graphics -- found version 3.14.0
[2.329s] -- Searching for dependencies of ignition-common3-graphics
[2.329s] -- Looking for ignition-math6 -- found version 6.15.1
[2.333s] -- Looking for ignition-fuel_tools4 -- found version 4.4.0
[2.334s] -- Searching for dependencies of ignition-fuel_tools4
[2.436s] -- Found CURL: /usr/lib/x86_64-linux-gnu/libcurl.so (found version "7.81.0")  
[2.448s] -- Checking for module 'jsoncpp'
[2.466s] --   Found jsoncpp, version 1.9.5
[2.515s] -- Found JSONCPP: TRUE  
[2.525s] -- Checking for module 'libzip'
[2.543s] --   Found libzip, version 1.7.3
[2.590s] -- Found ZIP: TRUE  
[2.591s] -- Looking for ignition-common3 -- found version 3.14.0
[2.592s] -- Looking for ignition-math6 -- found version 6.15.1
[2.592s] -- Looking for ignition-msgs5 -- found version 5.8.1
[2.601s] -- Found gazebo_ros_pkgs: 3.9.0 (/opt/ros/humble/share/gazebo_ros_pkgs/cmake)
[2.604s] -- Found geometry_msgs: 4.9.0 (/opt/ros/humble/share/geometry_msgs/cmake)
[2.650s] -- Found rosidl_generator_c: 3.1.7 (/opt/ros/humble/share/rosidl_generator_c/cmake)
[2.657s] -- Found rosidl_adapter: 3.1.7 (/opt/ros/humble/share/rosidl_adapter/cmake)
[2.674s] -- Found rosidl_generator_cpp: 3.1.7 (/opt/ros/humble/share/rosidl_generator_cpp/cmake)
[2.698s] -- Using all available rosidl_typesupport_c: rosidl_typesupport_fastrtps_c;rosidl_typesupport_introspection_c
[2.721s] -- Using all available rosidl_typesupport_cpp: rosidl_typesupport_fastrtps_cpp;rosidl_typesupport_introspection_cpp
[2.786s] -- Found nav_msgs: 4.9.0 (/opt/ros/humble/share/nav_msgs/cmake)
[2.806s] -- Found rclcpp: 16.0.14 (/opt/ros/humble/share/rclcpp/cmake)
[2.866s] -- Found rmw_implementation_cmake: 6.1.2 (/opt/ros/humble/share/rmw_implementation_cmake/cmake)
[2.872s] -- Found rmw_fastrtps_cpp: 6.2.8 (/opt/ros/humble/share/rmw_fastrtps_cpp/cmake)
[3.057s] -- Found OpenSSL: /usr/lib/x86_64-linux-gnu/libcrypto.so (found version "3.0.2")  
[3.110s] -- Found FastRTPS: /opt/ros/humble/include  
[3.190s] -- Using RMW implementation 'rmw_fastrtps_cpp' as default
[3.231s] -- Found Threads: TRUE  
[3.354s] -- Found sensor_msgs: 4.9.0 (/opt/ros/humble/share/sensor_msgs/cmake)
[3.417s] -- Found tf2: 0.25.16 (/opt/ros/humble/share/tf2/cmake)
[3.586s] -- Configuring done
[3.719s] -- Generating done
[3.755s] -- Build files have been written to: /home/augustmenard/Intro-to-Robotics-Research-Labs/final_ws/build/turtlebot3_gazebo
[3.787s] Invoked command in '/home/augustmenard/Intro-to-Robotics-Research-Labs/final_ws/build/turtlebot3_gazebo' returned '0': CMAKE_PREFIX_PATH=/opt/ros/humble /usr/bin/cmake /home/augustmenard/Intro-to-Robotics-Research-Labs/final_ws/src/turtlebot3_simulations/turtlebot3_gazebo -DCMAKE_INSTALL_PREFIX=/home/augustmenard/Intro-to-Robotics-Research-Labs/final_ws/install/turtlebot3_gazebo
[3.792s] Invoking command in '/home/augustmenard/Intro-to-Robotics-Research-Labs/final_ws/build/turtlebot3_gazebo': CMAKE_PREFIX_PATH=/opt/ros/humble /usr/bin/cmake --build /home/augustmenard/Intro-to-Robotics-Research-Labs/final_ws/build/turtlebot3_gazebo -- -j8 -l8
[3.933s] [  8%] [32mBuilding CXX object CMakeFiles/obstacle2.dir/src/obstacle2.cpp.o[0m
[3.938s] [ 25%] [32mBuilding CXX object CMakeFiles/obstacle1.dir/src/obstacle1.cpp.o[0m
[3.940s] [ 16%] [32mBuilding CXX object CMakeFiles/turtlebot3_drive.dir/src/turtlebot3_drive.cpp.o[0m
[3.944s] [ 33%] [32mBuilding CXX object CMakeFiles/traffic_light_plugin.dir/src/traffic_light_plugin.cpp.o[0m
[3.952s] [ 41%] [32mBuilding CXX object CMakeFiles/traffic_bar_plugin.dir/src/traffic_bar_plugin.cpp.o[0m
[3.952s] [ 50%] [32mBuilding CXX object CMakeFiles/obstacles.dir/src/obstacles.cpp.o[0m
[30.900s] [ 58%] [32m[1mLinking CXX shared library libobstacle1.so[0m
[32.242s] [ 58%] Built target obstacle1
[32.413s] [ 66%] [32m[1mLinking CXX shared library libobstacle2.so[0m
[32.893s] [ 66%] Built target obstacle2
[34.334s] [ 75%] [32m[1mLinking CXX executable turtlebot3_drive[0m
[35.075s] [ 83%] [32m[1mLinking CXX shared library libtraffic_light_plugin.so[0m
[35.686s] [ 83%] Built target traffic_light_plugin
[36.102s] [ 91%] [32m[1mLinking CXX shared library libtraffic_bar_plugin.so[0m
[36.314s] [ 91%] Built target turtlebot3_drive
[36.691s] [ 91%] Built target traffic_bar_plugin
[37.747s] [100%] [32m[1mLinking CXX shared library libobstacles.so[0m
[38.287s] [100%] Built target obstacles
[38.307s] Invoked command in '/home/augustmenard/Intro-to-Robotics-Research-Labs/final_ws/build/turtlebot3_gazebo' returned '0': CMAKE_PREFIX_PATH=/opt/ros/humble /usr/bin/cmake --build /home/augustmenard/Intro-to-Robotics-Research-Labs/final_ws/build/turtlebot3_gazebo -- -j8 -l8
[38.308s] Invoking command in '/home/augustmenard/Intro-to-Robotics-Research-Labs/final_ws/build/turtlebot3_gazebo': CMAKE_PREFIX_PATH=/opt/ros/humble /usr/bin/cmake --install /home/augustmenard/Intro-to-Robotics-Research-Labs/final_ws/build/turtlebot3_gazebo
[38.326s] -- Install configuration: ""
[38.326s] -- Installing: /home/augustmenard/Intro-to-Robotics-Research-Labs/final_ws/install/turtlebot3_gazebo/lib/turtlebot3_gazebo/turtlebot3_drive
[38.331s] -- Set runtime path of "/home/augustmenard/Intro-to-Robotics-Research-Labs/final_ws/install/turtlebot3_gazebo/lib/turtlebot3_gazebo/turtlebot3_drive" to ""
[38.331s] -- Installing: /home/augustmenard/Intro-to-Robotics-Research-Labs/final_ws/install/turtlebot3_gazebo/share/turtlebot3_gazebo//launch
[38.332s] -- Installing: /home/augustmenard/Intro-to-Robotics-Research-Labs/final_ws/install/turtlebot3_gazebo/share/turtlebot3_gazebo//launch/spawn_turtlebot3.launch.py
[38.332s] -- Installing: /home/augustmenard/Intro-to-Robotics-Research-Labs/final_ws/install/turtlebot3_gazebo/share/turtlebot3_gazebo//launch/robot_state_publisher.launch.py
[38.333s] -- Installing: /home/augustmenard/Intro-to-Robotics-Research-Labs/final_ws/install/turtlebot3_gazebo/share/turtlebot3_gazebo//launch/7785_maze.launch.py
[38.333s] -- Installing: /home/augustmenard/Intro-to-Robotics-Research-Labs/final_ws/install/turtlebot3_gazebo/share/turtlebot3_gazebo//launch/empty_world.launch.py
[38.334s] -- Installing: /home/augustmenard/Intro-to-Robotics-Research-Labs/final_ws/install/turtlebot3_gazebo/share/turtlebot3_gazebo//launch/turtlebot3_autorace_2020.launch.py
[38.334s] -- Installing: /home/augustmenard/Intro-to-Robotics-Research-Labs/final_ws/install/turtlebot3_gazebo/share/turtlebot3_gazebo//launch/multi_spawn_turtlebot3.launch.py
[38.335s] -- Installing: /home/augustmenard/Intro-to-Robotics-Research-Labs/final_ws/install/turtlebot3_gazebo/share/turtlebot3_gazebo//launch/turtlebot3_house.launch.py
[38.335s] -- Installing: /home/augustmenard/Intro-to-Robotics-Research-Labs/final_ws/install/turtlebot3_gazebo/share/turtlebot3_gazebo//launch/turtlebot3_dqn_stage4.launch.py
[38.335s] -- Installing: /home/augustmenard/Intro-to-Robotics-Research-Labs/final_ws/install/turtlebot3_gazebo/share/turtlebot3_gazebo//launch/turtlebot3_dqn_stage2.launch.py
[38.335s] -- Installing: /home/augustmenard/Intro-to-Robotics-Research-Labs/final_ws/install/turtlebot3_gazebo/share/turtlebot3_gazebo//launch/turtlebot3_world.launch.py
[38.336s] -- Installing: /home/augustmenard/Intro-to-Robotics-Research-Labs/final_ws/install/turtlebot3_gazebo/share/turtlebot3_gazebo//launch/multi_robot.launch.py
[38.336s] -- Installing: /home/augustmenard/Intro-to-Robotics-Research-Labs/final_ws/install/turtlebot3_gazebo/share/turtlebot3_gazebo//launch/turtlebot3_dqn_stage1.launch.py
[38.339s] -- Installing: /home/augustmenard/Intro-to-Robotics-Research-Labs/final_ws/install/turtlebot3_gazebo/share/turtlebot3_gazebo//launch/turtlebot3_dqn_stage3.launch.py
[38.339s] -- Installing: /home/augustmenard/Intro-to-Robotics-Research-Labs/final_ws/install/turtlebot3_gazebo/share/turtlebot3_gazebo//models
[38.340s] -- Installing: /home/augustmenard/Intro-to-Robotics-Research-Labs/final_ws/install/turtlebot3_gazebo/share/turtlebot3_gazebo//models/turtlebot3_waffle
[38.340s] -- Installing: /home/augustmenard/Intro-to-Robotics-Research-Labs/final_ws/install/turtlebot3_gazebo/share/turtlebot3_gazebo//models/turtlebot3_waffle/model.sdf
[38.340s] -- Installing: /home/augustmenard/Intro-to-Robotics-Research-Labs/final_ws/install/turtlebot3_gazebo/share/turtlebot3_gazebo//models/turtlebot3_waffle/model-1_4.sdf
[38.341s] -- Installing: /home/augustmenard/Intro-to-Robotics-Research-Labs/final_ws/install/turtlebot3_gazebo/share/turtlebot3_gazebo//models/turtlebot3_waffle/model.config
[38.341s] -- Installing: /home/augustmenard/Intro-to-Robotics-Research-Labs/final_ws/install/turtlebot3_gazebo/share/turtlebot3_gazebo//models/turtlebot3_burger_cam
[38.342s] -- Installing: /home/augustmenard/Intro-to-Robotics-Research-Labs/final_ws/install/turtlebot3_gazebo/share/turtlebot3_gazebo//models/turtlebot3_burger_cam/model.sdf
[38.342s] -- Installing: /home/augustmenard/Intro-to-Robotics-Research-Labs/final_ws/install/turtlebot3_gazebo/share/turtlebot3_gazebo//models/turtlebot3_burger_cam/model-1_4.sdf
[38.343s] -- Installing: /home/augustmenard/Intro-to-Robotics-Research-Labs/final_ws/install/turtlebot3_gazebo/share/turtlebot3_gazebo//models/turtlebot3_burger_cam/model.config
[38.343s] -- Installing: /home/augustmenard/Intro-to-Robotics-Research-Labs/final_ws/install/turtlebot3_gazebo/share/turtlebot3_gazebo//models/turtlebot3_waffle_pi
[38.343s] -- Installing: /home/augustmenard/Intro-to-Robotics-Research-Labs/final_ws/install/turtlebot3_gazebo/share/turtlebot3_gazebo//models/turtlebot3_waffle_pi/model.sdf
[38.345s] -- Installing: /home/augustmenard/Intro-to-Robotics-Research-Labs/final_ws/install/turtlebot3_gazebo/share/turtlebot3_gazebo//models/turtlebot3_waffle_pi/model.config
[38.345s] -- Installing: /home/augustmenard/Intro-to-Robotics-Research-Labs/final_ws/install/turtlebot3_gazebo/share/turtlebot3_gazebo//models/turtlebot3_waffle_pi/model-1_4_.sdf
[38.346s] -- Installing: /home/augustmenard/Intro-to-Robotics-Research-Labs/final_ws/install/turtlebot3_gazebo/share/turtlebot3_gazebo//models/turtlebot3_world
[38.346s] -- Installing: /home/augustmenard/Intro-to-Robotics-Research-Labs/final_ws/install/turtlebot3_gazebo/share/turtlebot3_gazebo//models/turtlebot3_world/model.sdf
[38.347s] -- Installing: /home/augustmenard/Intro-to-Robotics-Research-Labs/final_ws/install/turtlebot3_gazebo/share/turtlebot3_gazebo//models/turtlebot3_world/model-1_4.sdf
[38.347s] -- Installing: /home/augustmenard/Intro-to-Robotics-Research-Labs/final_ws/install/turtlebot3_gazebo/share/turtlebot3_gazebo//models/turtlebot3_world/model.config
[38.348s] -- Installing: /home/augustmenard/Intro-to-Robotics-Research-Labs/final_ws/install/turtlebot3_gazebo/share/turtlebot3_gazebo//models/turtlebot3_world/meshes
[38.348s] -- Installing: /home/augustmenard/Intro-to-Robotics-Research-Labs/final_ws/install/turtlebot3_gazebo/share/turtlebot3_gazebo//models/turtlebot3_world/meshes/wall.dae
[38.348s] -- Installing: /home/augustmenard/Intro-to-Robotics-Research-Labs/final_ws/install/turtlebot3_gazebo/share/turtlebot3_gazebo//models/turtlebot3_world/meshes/hexagon.dae
[38.349s] -- Installing: /home/augustmenard/Intro-to-Robotics-Research-Labs/final_ws/install/turtlebot3_gazebo/share/turtlebot3_gazebo//models/turtlebot3_autorace_2020
[38.349s] -- Installing: /home/augustmenard/Intro-to-Robotics-Research-Labs/final_ws/install/turtlebot3_gazebo/share/turtlebot3_gazebo//models/turtlebot3_autorace_2020/traffic_light
[38.349s] -- Installing: /home/augustmenard/Intro-to-Robotics-Research-Labs/final_ws/install/turtlebot3_gazebo/share/turtlebot3_gazebo//models/turtlebot3_autorace_2020/traffic_light/model.sdf
[38.350s] -- Installing: /home/augustmenard/Intro-to-Robotics-Research-Labs/final_ws/install/turtlebot3_gazebo/share/turtlebot3_gazebo//models/turtlebot3_autorace_2020/traffic_light/model.config
[38.350s] -- Installing: /home/augustmenard/Intro-to-Robotics-Research-Labs/final_ws/install/turtlebot3_gazebo/share/turtlebot3_gazebo//models/turtlebot3_autorace_2020/traffic_light/materials
[38.350s] -- Installing: /home/augustmenard/Intro-to-Robotics-Research-Labs/final_ws/install/turtlebot3_gazebo/share/turtlebot3_gazebo//models/turtlebot3_autorace_2020/traffic_light/materials/scripts
[38.351s] -- Installing: /home/augustmenard/Intro-to-Robotics-Research-Labs/final_ws/install/turtlebot3_gazebo/share/turtlebot3_gazebo//models/turtlebot3_autorace_2020/traffic_light/materials/scripts/traffic_light.material
[38.351s] -- Installing: /home/augustmenard/Intro-to-Robotics-Research-Labs/final_ws/install/turtlebot3_gazebo/share/turtlebot3_gazebo//models/turtlebot3_autorace_2020/traffic_light/materials/textures
[38.351s] -- Installing: /home/augustmenard/Intro-to-Robotics-Research-Labs/final_ws/install/turtlebot3_gazebo/share/turtlebot3_gazebo//models/turtlebot3_autorace_2020/traffic_light/materials/textures/traffic_light.png
[38.352s] -- Installing: /home/augustmenard/Intro-to-Robotics-Research-Labs/final_ws/install/turtlebot3_gazebo/share/turtlebot3_gazebo//models/turtlebot3_autorace_2020/traffic_light/materials/textures/traffic_light_red.png
[38.352s] -- Installing: /home/augustmenard/Intro-to-Robotics-Research-Labs/final_ws/install/turtlebot3_gazebo/share/turtlebot3_gazebo//models/turtlebot3_autorace_2020/traffic_light/materials/textures/traffic_light_green.png
[38.352s] -- Installing: /home/augustmenard/Intro-to-Robotics-Research-Labs/final_ws/install/turtlebot3_gazebo/share/turtlebot3_gazebo//models/turtlebot3_autorace_2020/traffic_light/materials/textures/traffic_light_yellow.png
[38.353s] -- Installing: /home/augustmenard/Intro-to-Robotics-Research-Labs/final_ws/install/turtlebot3_gazebo/share/turtlebot3_gazebo//models/turtlebot3_autorace_2020/traffic_noentry
[38.353s] -- Installing: /home/augustmenard/Intro-to-Robotics-Research-Labs/final_ws/install/turtlebot3_gazebo/share/turtlebot3_gazebo//models/turtlebot3_autorace_2020/traffic_noentry/model.sdf
[38.353s] -- Installing: /home/augustmenard/Intro-to-Robotics-Research-Labs/final_ws/install/turtlebot3_gazebo/share/turtlebot3_gazebo//models/turtlebot3_autorace_2020/traffic_noentry/model.config
[38.354s] -- Installing: /home/augustmenard/Intro-to-Robotics-Research-Labs/final_ws/install/turtlebot3_gazebo/share/turtlebot3_gazebo//models/turtlebot3_autorace_2020/traffic_noentry/materials
[38.354s] -- Installing: /home/augustmenard/Intro-to-Robotics-Research-Labs/final_ws/install/turtlebot3_gazebo/share/turtlebot3_gazebo//models/turtlebot3_autorace_2020/traffic_noentry/materials/scripts
[38.354s] -- Installing: /home/augustmenard/Intro-to-Robotics-Research-Labs/final_ws/install/turtlebot3_gazebo/share/turtlebot3_gazebo//models/turtlebot3_autorace_2020/traffic_noentry/materials/scripts/traffic_noentry.material
[38.355s] -- Installing: /home/augustmenard/Intro-to-Robotics-Research-Labs/final_ws/install/turtlebot3_gazebo/share/turtlebot3_gazebo//models/turtlebot3_autorace_2020/traffic_noentry/materials/textures
[38.355s] -- Installing: /home/augustmenard/Intro-to-Robotics-Research-Labs/final_ws/install/turtlebot3_gazebo/share/turtlebot3_gazebo//models/turtlebot3_autorace_2020/traffic_noentry/materials/textures/traffic_noentry.png
[38.355s] -- Installing: /home/augustmenard/Intro-to-Robotics-Research-Labs/final_ws/install/turtlebot3_gazebo/share/turtlebot3_gazebo//models/turtlebot3_autorace_2020/traffic_tunnel
[38.356s] -- Installing: /home/augustmenard/Intro-to-Robotics-Research-Labs/final_ws/install/turtlebot3_gazebo/share/turtlebot3_gazebo//models/turtlebot3_autorace_2020/traffic_tunnel/model.sdf
[38.356s] -- Installing: /home/augustmenard/Intro-to-Robotics-Research-Labs/final_ws/install/turtlebot3_gazebo/share/turtlebot3_gazebo//models/turtlebot3_autorace_2020/traffic_tunnel/model.config
[38.357s] -- Installing: /home/augustmenard/Intro-to-Robotics-Research-Labs/final_ws/install/turtlebot3_gazebo/share/turtlebot3_gazebo//models/turtlebot3_autorace_2020/traffic_tunnel/materials
[38.357s] -- Installing: /home/augustmenard/Intro-to-Robotics-Research-Labs/final_ws/install/turtlebot3_gazebo/share/turtlebot3_gazebo//models/turtlebot3_autorace_2020/traffic_tunnel/materials/scripts
[38.357s] -- Installing: /home/augustmenard/Intro-to-Robotics-Research-Labs/final_ws/install/turtlebot3_gazebo/share/turtlebot3_gazebo//models/turtlebot3_autorace_2020/traffic_tunnel/materials/scripts/tunnel.material
[38.357s] -- Installing: /home/augustmenard/Intro-to-Robotics-Research-Labs/final_ws/install/turtlebot3_gazebo/share/turtlebot3_gazebo//models/turtlebot3_autorace_2020/traffic_tunnel/materials/textures
[38.358s] -- Installing: /home/augustmenard/Intro-to-Robotics-Research-Labs/final_ws/install/turtlebot3_gazebo/share/turtlebot3_gazebo//models/turtlebot3_autorace_2020/traffic_tunnel/materials/textures/tunnel.png
[38.358s] -- Installing: /home/augustmenard/Intro-to-Robotics-Research-Labs/final_ws/install/turtlebot3_gazebo/share/turtlebot3_gazebo//models/turtlebot3_autorace_2020/traffic_construction
[38.359s] -- Installing: /home/augustmenard/Intro-to-Robotics-Research-Labs/final_ws/install/turtlebot3_gazebo/share/turtlebot3_gazebo//models/turtlebot3_autorace_2020/traffic_construction/model.sdf
[38.359s] -- Installing: /home/augustmenard/Intro-to-Robotics-Research-Labs/final_ws/install/turtlebot3_gazebo/share/turtlebot3_gazebo//models/turtlebot3_autorace_2020/traffic_construction/model.config
[38.359s] -- Installing: /home/augustmenard/Intro-to-Robotics-Research-Labs/final_ws/install/turtlebot3_gazebo/share/turtlebot3_gazebo//models/turtlebot3_autorace_2020/traffic_construction/materials
[38.360s] -- Installing: /home/augustmenard/Intro-to-Robotics-Research-Labs/final_ws/install/turtlebot3_gazebo/share/turtlebot3_gazebo//models/turtlebot3_autorace_2020/traffic_construction/materials/scripts
[38.360s] -- Installing: /home/augustmenard/Intro-to-Robotics-Research-Labs/final_ws/install/turtlebot3_gazebo/share/turtlebot3_gazebo//models/turtlebot3_autorace_2020/traffic_construction/materials/scripts/traffic_construction.material
[38.360s] -- Installing: /home/augustmenard/Intro-to-Robotics-Research-Labs/final_ws/install/turtlebot3_gazebo/share/turtlebot3_gazebo//models/turtlebot3_autorace_2020/traffic_construction/materials/textures
[38.360s] -- Installing: /home/augustmenard/Intro-to-Robotics-Research-Labs/final_ws/install/turtlebot3_gazebo/share/turtlebot3_gazebo//models/turtlebot3_autorace_2020/traffic_construction/materials/textures/traffic_construction.png
[38.361s] -- Installing: /home/augustmenard/Intro-to-Robotics-Research-Labs/final_ws/install/turtlebot3_gazebo/share/turtlebot3_gazebo//models/turtlebot3_autorace_2020/traffic_bar
[38.361s] -- Installing: /home/augustmenard/Intro-to-Robotics-Research-Labs/final_ws/install/turtlebot3_gazebo/share/turtlebot3_gazebo//models/turtlebot3_autorace_2020/traffic_bar/model.sdf
[38.362s] -- Installing: /home/augustmenard/Intro-to-Robotics-Research-Labs/final_ws/install/turtlebot3_gazebo/share/turtlebot3_gazebo//models/turtlebot3_autorace_2020/traffic_bar/model.config
[38.362s] -- Installing: /home/augustmenard/Intro-to-Robotics-Research-Labs/final_ws/install/turtlebot3_gazebo/share/turtlebot3_gazebo//models/turtlebot3_autorace_2020/traffic_bar/materials
[38.362s] -- Installing: /home/augustmenard/Intro-to-Robotics-Research-Labs/final_ws/install/turtlebot3_gazebo/share/turtlebot3_gazebo//models/turtlebot3_autorace_2020/traffic_bar/materials/scripts
[38.363s] -- Installing: /home/augustmenard/Intro-to-Robotics-Research-Labs/final_ws/install/turtlebot3_gazebo/share/turtlebot3_gazebo//models/turtlebot3_autorace_2020/traffic_bar/materials/scripts/traffic_bar.material
[38.363s] -- Installing: /home/augustmenard/Intro-to-Robotics-Research-Labs/final_ws/install/turtlebot3_gazebo/share/turtlebot3_gazebo//models/turtlebot3_autorace_2020/traffic_bar/materials/textures
[38.363s] -- Installing: /home/augustmenard/Intro-to-Robotics-Research-Labs/final_ws/install/turtlebot3_gazebo/share/turtlebot3_gazebo//models/turtlebot3_autorace_2020/traffic_bar/materials/textures/traffic_bar.png
[38.365s] -- Installing: /home/augustmenard/Intro-to-Robotics-Research-Labs/final_ws/install/turtlebot3_gazebo/share/turtlebot3_gazebo//models/turtlebot3_autorace_2020/traffic_right
[38.365s] -- Installing: /home/augustmenard/Intro-to-Robotics-Research-Labs/final_ws/install/turtlebot3_gazebo/share/turtlebot3_gazebo//models/turtlebot3_autorace_2020/traffic_right/model.sdf
[38.366s] -- Installing: /home/augustmenard/Intro-to-Robotics-Research-Labs/final_ws/install/turtlebot3_gazebo/share/turtlebot3_gazebo//models/turtlebot3_autorace_2020/traffic_right/model.config
[38.366s] -- Installing: /home/augustmenard/Intro-to-Robotics-Research-Labs/final_ws/install/turtlebot3_gazebo/share/turtlebot3_gazebo//models/turtlebot3_autorace_2020/traffic_right/materials
[38.366s] -- Installing: /home/augustmenard/Intro-to-Robotics-Research-Labs/final_ws/install/turtlebot3_gazebo/share/turtlebot3_gazebo//models/turtlebot3_autorace_2020/traffic_right/materials/scripts
[38.367s] -- Installing: /home/augustmenard/Intro-to-Robotics-Research-Labs/final_ws/install/turtlebot3_gazebo/share/turtlebot3_gazebo//models/turtlebot3_autorace_2020/traffic_right/materials/scripts/traffic_right.material
[38.367s] -- Installing: /home/augustmenard/Intro-to-Robotics-Research-Labs/final_ws/install/turtlebot3_gazebo/share/turtlebot3_gazebo//models/turtlebot3_autorace_2020/traffic_right/materials/textures
[38.367s] -- Installing: /home/augustmenard/Intro-to-Robotics-Research-Labs/final_ws/install/turtlebot3_gazebo/share/turtlebot3_gazebo//models/turtlebot3_autorace_2020/traffic_right/materials/textures/traffic_right.png
[38.368s] -- Installing: /home/augustmenard/Intro-to-Robotics-Research-Labs/final_ws/install/turtlebot3_gazebo/share/turtlebot3_gazebo//models/turtlebot3_autorace_2020/traffic_pl_left
[38.368s] -- Installing: /home/augustmenard/Intro-to-Robotics-Research-Labs/final_ws/install/turtlebot3_gazebo/share/turtlebot3_gazebo//models/turtlebot3_autorace_2020/traffic_pl_left/model.sdf
[38.368s] -- Installing: /home/augustmenard/Intro-to-Robotics-Research-Labs/final_ws/install/turtlebot3_gazebo/share/turtlebot3_gazebo//models/turtlebot3_autorace_2020/traffic_pl_left/model.config
[38.369s] -- Installing: /home/augustmenard/Intro-to-Robotics-Research-Labs/final_ws/install/turtlebot3_gazebo/share/turtlebot3_gazebo//models/turtlebot3_autorace_2020/traffic_pl_left/materials
[38.369s] -- Installing: /home/augustmenard/Intro-to-Robotics-Research-Labs/final_ws/install/turtlebot3_gazebo/share/turtlebot3_gazebo//models/turtlebot3_autorace_2020/traffic_pl_left/materials/scripts
[38.369s] -- Installing: /home/augustmenard/Intro-to-Robotics-Research-Labs/final_ws/install/turtlebot3_gazebo/share/turtlebot3_gazebo//models/turtlebot3_autorace_2020/traffic_pl_left/materials/scripts/traffic_pl_left.material
[38.369s] -- Installing: /home/augustmenard/Intro-to-Robotics-Research-Labs/final_ws/install/turtlebot3_gazebo/share/turtlebot3_gazebo//models/turtlebot3_autorace_2020/traffic_pl_left/materials/textures
[38.370s] -- Installing: /home/augustmenard/Intro-to-Robotics-Research-Labs/final_ws/install/turtlebot3_gazebo/share/turtlebot3_gazebo//models/turtlebot3_autorace_2020/traffic_pl_left/materials/textures/traffic_pl_left.png
[38.370s] -- Installing: /home/augustmenard/Intro-to-Robotics-Research-Labs/final_ws/install/turtlebot3_gazebo/share/turtlebot3_gazebo//models/turtlebot3_autorace_2020/checker
[38.370s] -- Installing: /home/augustmenard/Intro-to-Robotics-Research-Labs/final_ws/install/turtlebot3_gazebo/share/turtlebot3_gazebo//models/turtlebot3_autorace_2020/checker/model.sdf
[38.371s] -- Installing: /home/augustmenard/Intro-to-Robotics-Research-Labs/final_ws/install/turtlebot3_gazebo/share/turtlebot3_gazebo//models/turtlebot3_autorace_2020/checker/model.config
[38.372s] -- Installing: /home/augustmenard/Intro-to-Robotics-Research-Labs/final_ws/install/turtlebot3_gazebo/share/turtlebot3_gazebo//models/turtlebot3_autorace_2020/checker/materials
[38.373s] -- Installing: /home/augustmenard/Intro-to-Robotics-Research-Labs/final_ws/install/turtlebot3_gazebo/share/turtlebot3_gazebo//models/turtlebot3_autorace_2020/checker/materials/checker.png
[38.373s] -- Installing: /home/augustmenard/Intro-to-Robotics-Research-Labs/final_ws/install/turtlebot3_gazebo/share/turtlebot3_gazebo//models/turtlebot3_autorace_2020/checker/materials/scripts
[38.374s] -- Installing: /home/augustmenard/Intro-to-Robotics-Research-Labs/final_ws/install/turtlebot3_gazebo/share/turtlebot3_gazebo//models/turtlebot3_autorace_2020/checker/materials/scripts/checker.material
[38.374s] -- Installing: /home/augustmenard/Intro-to-Robotics-Research-Labs/final_ws/install/turtlebot3_gazebo/share/turtlebot3_gazebo//models/turtlebot3_autorace_2020/checker/materials/textures
[38.375s] -- Installing: /home/augustmenard/Intro-to-Robotics-Research-Labs/final_ws/install/turtlebot3_gazebo/share/turtlebot3_gazebo//models/turtlebot3_autorace_2020/checker/materials/textures/checker.png
[38.375s] -- Installing: /home/augustmenard/Intro-to-Robotics-Research-Labs/final_ws/install/turtlebot3_gazebo/share/turtlebot3_gazebo//models/turtlebot3_autorace_2020/course
[38.375s] -- Installing: /home/augustmenard/Intro-to-Robotics-Research-Labs/final_ws/install/turtlebot3_gazebo/share/turtlebot3_gazebo//models/turtlebot3_autorace_2020/course/model.sdf
[38.376s] -- Installing: /home/augustmenard/Intro-to-Robotics-Research-Labs/final_ws/install/turtlebot3_gazebo/share/turtlebot3_gazebo//models/turtlebot3_autorace_2020/course/model.config
[38.376s] -- Installing: /home/augustmenard/Intro-to-Robotics-Research-Labs/final_ws/install/turtlebot3_gazebo/share/turtlebot3_gazebo//models/turtlebot3_autorace_2020/course/materials
[38.376s] -- Installing: /home/augustmenard/Intro-to-Robotics-Research-Labs/final_ws/install/turtlebot3_gazebo/share/turtlebot3_gazebo//models/turtlebot3_autorace_2020/course/materials/scripts
[38.377s] -- Installing: /home/augustmenard/Intro-to-Robotics-Research-Labs/final_ws/install/turtlebot3_gazebo/share/turtlebot3_gazebo//models/turtlebot3_autorace_2020/course/materials/scripts/course.material
[38.377s] -- Installing: /home/augustmenard/Intro-to-Robotics-Research-Labs/final_ws/install/turtlebot3_gazebo/share/turtlebot3_gazebo//models/turtlebot3_autorace_2020/course/materials/textures
[38.377s] -- Installing: /home/augustmenard/Intro-to-Robotics-Research-Labs/final_ws/install/turtlebot3_gazebo/share/turtlebot3_gazebo//models/turtlebot3_autorace_2020/course/materials/textures/course.png
[38.378s] -- Installing: /home/augustmenard/Intro-to-Robotics-Research-Labs/final_ws/install/turtlebot3_gazebo/share/turtlebot3_gazebo//models/turtlebot3_autorace_2020/traffic_stop
[38.378s] -- Installing: /home/augustmenard/Intro-to-Robotics-Research-Labs/final_ws/install/turtlebot3_gazebo/share/turtlebot3_gazebo//models/turtlebot3_autorace_2020/traffic_stop/model.sdf
[38.378s] -- Installing: /home/augustmenard/Intro-to-Robotics-Research-Labs/final_ws/install/turtlebot3_gazebo/share/turtlebot3_gazebo//models/turtlebot3_autorace_2020/traffic_stop/model.config
[38.379s] -- Installing: /home/augustmenard/Intro-to-Robotics-Research-Labs/final_ws/install/turtlebot3_gazebo/share/turtlebot3_gazebo//models/turtlebot3_autorace_2020/traffic_stop/materials
[38.379s] -- Installing: /home/augustmenard/Intro-to-Robotics-Research-Labs/final_ws/install/turtlebot3_gazebo/share/turtlebot3_gazebo//models/turtlebot3_autorace_2020/traffic_stop/materials/scripts
[38.379s] -- Installing: /home/augustmenard/Intro-to-Robotics-Research-Labs/final_ws/install/turtlebot3_gazebo/share/turtlebot3_gazebo//models/turtlebot3_autorace_2020/traffic_stop/materials/scripts/traffic_stop.material
[38.380s] -- Installing: /home/augustmenard/Intro-to-Robotics-Research-Labs/final_ws/install/turtlebot3_gazebo/share/turtlebot3_gazebo//models/turtlebot3_autorace_2020/traffic_stop/materials/textures
[38.380s] -- Installing: /home/augustmenard/Intro-to-Robotics-Research-Labs/final_ws/install/turtlebot3_gazebo/share/turtlebot3_gazebo//models/turtlebot3_autorace_2020/traffic_stop/materials/textures/traffic_stop.png
[38.380s] -- Installing: /home/augustmenard/Intro-to-Robotics-Research-Labs/final_ws/install/turtlebot3_gazebo/share/turtlebot3_gazebo//models/turtlebot3_autorace_2020/traffic_left
[38.381s] -- Installing: /home/augustmenard/Intro-to-Robotics-Research-Labs/final_ws/install/turtlebot3_gazebo/share/turtlebot3_gazebo//models/turtlebot3_autorace_2020/traffic_left/model.sdf
[38.381s] -- Installing: /home/augustmenard/Intro-to-Robotics-Research-Labs/final_ws/install/turtlebot3_gazebo/share/turtlebot3_gazebo//models/turtlebot3_autorace_2020/traffic_left/model.config
[38.381s] -- Installing: /home/augustmenard/Intro-to-Robotics-Research-Labs/final_ws/install/turtlebot3_gazebo/share/turtlebot3_gazebo//models/turtlebot3_autorace_2020/traffic_left/materials
[38.382s] -- Installing: /home/augustmenard/Intro-to-Robotics-Research-Labs/final_ws/install/turtlebot3_gazebo/share/turtlebot3_gazebo//models/turtlebot3_autorace_2020/traffic_left/materials/scripts
[38.382s] -- Installing: /home/augustmenard/Intro-to-Robotics-Research-Labs/final_ws/install/turtlebot3_gazebo/share/turtlebot3_gazebo//models/turtlebot3_autorace_2020/traffic_left/materials/scripts/traffic_is_left.material
[38.382s] -- Installing: /home/augustmenard/Intro-to-Robotics-Research-Labs/final_ws/install/turtlebot3_gazebo/share/turtlebot3_gazebo//models/turtlebot3_autorace_2020/traffic_left/materials/textures
[38.383s] -- Installing: /home/augustmenard/Intro-to-Robotics-Research-Labs/final_ws/install/turtlebot3_gazebo/share/turtlebot3_gazebo//models/turtlebot3_autorace_2020/traffic_left/materials/textures/traffic_left.png
[38.383s] -- Installing: /home/augustmenard/Intro-to-Robotics-Research-Labs/final_ws/install/turtlebot3_gazebo/share/turtlebot3_gazebo//models/turtlebot3_autorace_2020/traffic_intersection
[38.383s] -- Installing: /home/augustmenard/Intro-to-Robotics-Research-Labs/final_ws/install/turtlebot3_gazebo/share/turtlebot3_gazebo//models/turtlebot3_autorace_2020/traffic_intersection/model.sdf
[38.384s] -- Installing: /home/augustmenard/Intro-to-Robotics-Research-Labs/final_ws/install/turtlebot3_gazebo/share/turtlebot3_gazebo//models/turtlebot3_autorace_2020/traffic_intersection/model.config
[38.384s] -- Installing: /home/augustmenard/Intro-to-Robotics-Research-Labs/final_ws/install/turtlebot3_gazebo/share/turtlebot3_gazebo//models/turtlebot3_autorace_2020/traffic_intersection/materials
[38.384s] -- Installing: /home/augustmenard/Intro-to-Robotics-Research-Labs/final_ws/install/turtlebot3_gazebo/share/turtlebot3_gazebo//models/turtlebot3_autorace_2020/traffic_intersection/materials/scripts
[38.385s] -- Installing: /home/augustmenard/Intro-to-Robotics-Research-Labs/final_ws/install/turtlebot3_gazebo/share/turtlebot3_gazebo//models/turtlebot3_autorace_2020/traffic_intersection/materials/scripts/traffic_intersection.material
[38.385s] -- Installing: /home/augustmenard/Intro-to-Robotics-Research-Labs/final_ws/install/turtlebot3_gazebo/share/turtlebot3_gazebo//models/turtlebot3_autorace_2020/traffic_intersection/materials/textures
[38.385s] -- Installing: /home/augustmenard/Intro-to-Robotics-Research-Labs/final_ws/install/turtlebot3_gazebo/share/turtlebot3_gazebo//models/turtlebot3_autorace_2020/traffic_intersection/materials/textures/traffic_intersection.png
[38.386s] -- Installing: /home/augustmenard/Intro-to-Robotics-Research-Labs/final_ws/install/turtlebot3_gazebo/share/turtlebot3_gazebo//models/turtlebot3_autorace_2020/traffic_parking
[38.386s] -- Installing: /home/augustmenard/Intro-to-Robotics-Research-Labs/final_ws/install/turtlebot3_gazebo/share/turtlebot3_gazebo//models/turtlebot3_autorace_2020/traffic_parking/model.sdf
[38.386s] -- Installing: /home/augustmenard/Intro-to-Robotics-Research-Labs/final_ws/install/turtlebot3_gazebo/share/turtlebot3_gazebo//models/turtlebot3_autorace_2020/traffic_parking/model.config
[38.386s] -- Installing: /home/augustmenard/Intro-to-Robotics-Research-Labs/final_ws/install/turtlebot3_gazebo/share/turtlebot3_gazebo//models/turtlebot3_autorace_2020/traffic_parking/materials
[38.387s] -- Installing: /home/augustmenard/Intro-to-Robotics-Research-Labs/final_ws/install/turtlebot3_gazebo/share/turtlebot3_gazebo//models/turtlebot3_autorace_2020/traffic_parking/materials/scripts
[38.387s] -- Installing: /home/augustmenard/Intro-to-Robotics-Research-Labs/final_ws/install/turtlebot3_gazebo/share/turtlebot3_gazebo//models/turtlebot3_autorace_2020/traffic_parking/materials/scripts/traffic_parking.material
[38.387s] -- Installing: /home/augustmenard/Intro-to-Robotics-Research-Labs/final_ws/install/turtlebot3_gazebo/share/turtlebot3_gazebo//models/turtlebot3_autorace_2020/traffic_parking/materials/textures
[38.388s] -- Installing: /home/augustmenard/Intro-to-Robotics-Research-Labs/final_ws/install/turtlebot3_gazebo/share/turtlebot3_gazebo//models/turtlebot3_autorace_2020/traffic_parking/materials/textures/traffic_parking.png
[38.388s] -- Installing: /home/augustmenard/Intro-to-Robotics-Research-Labs/final_ws/install/turtlebot3_gazebo/share/turtlebot3_gazebo//models/turtlebot3_house
[38.388s] -- Installing: /home/augustmenard/Intro-to-Robotics-Research-Labs/final_ws/install/turtlebot3_gazebo/share/turtlebot3_gazebo//models/turtlebot3_house/model.sdf
[38.389s] -- Installing: /home/augustmenard/Intro-to-Robotics-Research-Labs/final_ws/install/turtlebot3_gazebo/share/turtlebot3_gazebo//models/turtlebot3_house/model.config
[38.389s] -- Installing: /home/augustmenard/Intro-to-Robotics-Research-Labs/final_ws/install/turtlebot3_gazebo/share/turtlebot3_gazebo//models/7785_maze
[38.390s] -- Installing: /home/augustmenard/Intro-to-Robotics-Research-Labs/final_ws/install/turtlebot3_gazebo/share/turtlebot3_gazebo//models/7785_maze/model.sdf
[38.390s] -- Installing: /home/augustmenard/Intro-to-Robotics-Research-Labs/final_ws/install/turtlebot3_gazebo/share/turtlebot3_gazebo//models/7785_maze/model.config
[38.391s] -- Installing: /home/augustmenard/Intro-to-Robotics-Research-Labs/final_ws/install/turtlebot3_gazebo/share/turtlebot3_gazebo//models/7785_maze/meshes
[38.391s] -- Installing: /home/augustmenard/Intro-to-Robotics-Research-Labs/final_ws/install/turtlebot3_gazebo/share/turtlebot3_gazebo//models/7785_maze/meshes/8508388149468536489_diffuseColor.png
[38.392s] -- Installing: /home/augustmenard/Intro-to-Robotics-Research-Labs/final_ws/install/turtlebot3_gazebo/share/turtlebot3_gazebo//models/7785_maze/meshes/FLOOR1.png
[38.393s] -- Installing: /home/augustmenard/Intro-to-Robotics-Research-Labs/final_ws/install/turtlebot3_gazebo/share/turtlebot3_gazebo//models/7785_maze/meshes/15110686115335782429_diffuseColor.png
[38.394s] -- Installing: /home/augustmenard/Intro-to-Robotics-Research-Labs/final_ws/install/turtlebot3_gazebo/share/turtlebot3_gazebo//models/7785_maze/meshes/white_brick_wall1.jpg
[38.394s] -- Installing: /home/augustmenard/Intro-to-Robotics-Research-Labs/final_ws/install/turtlebot3_gazebo/share/turtlebot3_gazebo//models/7785_maze/meshes/7785_maze.dae
[38.394s] -- Installing: /home/augustmenard/Intro-to-Robotics-Research-Labs/final_ws/install/turtlebot3_gazebo/share/turtlebot3_gazebo//models/7785_maze/meshes/drywall.jpg
[38.395s] -- Installing: /home/augustmenard/Intro-to-Robotics-Research-Labs/final_ws/install/turtlebot3_gazebo/share/turtlebot3_gazebo//models/turtlebot3_dqn_world
[38.395s] -- Installing: /home/augustmenard/Intro-to-Robotics-Research-Labs/final_ws/install/turtlebot3_gazebo/share/turtlebot3_gazebo//models/turtlebot3_dqn_world/model.sdf
[38.396s] -- Installing: /home/augustmenard/Intro-to-Robotics-Research-Labs/final_ws/install/turtlebot3_gazebo/share/turtlebot3_gazebo//models/turtlebot3_dqn_world/goal_box
[38.396s] -- Installing: /home/augustmenard/Intro-to-Robotics-Research-Labs/final_ws/install/turtlebot3_gazebo/share/turtlebot3_gazebo//models/turtlebot3_dqn_world/goal_box/model.sdf
[38.397s] -- Installing: /home/augustmenard/Intro-to-Robotics-Research-Labs/final_ws/install/turtlebot3_gazebo/share/turtlebot3_gazebo//models/turtlebot3_dqn_world/goal_box/model.config
[38.397s] -- Installing: /home/augustmenard/Intro-to-Robotics-Research-Labs/final_ws/install/turtlebot3_gazebo/share/turtlebot3_gazebo//models/turtlebot3_dqn_world/obstacles
[38.397s] -- Installing: /home/augustmenard/Intro-to-Robotics-Research-Labs/final_ws/install/turtlebot3_gazebo/share/turtlebot3_gazebo//models/turtlebot3_dqn_world/obstacles/model.sdf
[38.398s] -- Installing: /home/augustmenard/Intro-to-Robotics-Research-Labs/final_ws/install/turtlebot3_gazebo/share/turtlebot3_gazebo//models/turtlebot3_dqn_world/obstacles/model.config
[38.398s] -- Installing: /home/augustmenard/Intro-to-Robotics-Research-Labs/final_ws/install/turtlebot3_gazebo/share/turtlebot3_gazebo//models/turtlebot3_dqn_world/model.config
[38.398s] -- Installing: /home/augustmenard/Intro-to-Robotics-Research-Labs/final_ws/install/turtlebot3_gazebo/share/turtlebot3_gazebo//models/turtlebot3_dqn_world/inner_walls
[38.399s] -- Installing: /home/augustmenard/Intro-to-Robotics-Research-Labs/final_ws/install/turtlebot3_gazebo/share/turtlebot3_gazebo//models/turtlebot3_dqn_world/inner_walls/model.sdf
[38.399s] -- Installing: /home/augustmenard/Intro-to-Robotics-Research-Labs/final_ws/install/turtlebot3_gazebo/share/turtlebot3_gazebo//models/turtlebot3_dqn_world/inner_walls/model.config
[38.399s] -- Installing: /home/augustmenard/Intro-to-Robotics-Research-Labs/final_ws/install/turtlebot3_gazebo/share/turtlebot3_gazebo//models/turtlebot3_dqn_world/obstacle1
[38.400s] -- Installing: /home/augustmenard/Intro-to-Robotics-Research-Labs/final_ws/install/turtlebot3_gazebo/share/turtlebot3_gazebo//models/turtlebot3_dqn_world/obstacle1/model.sdf
[38.400s] -- Installing: /home/augustmenard/Intro-to-Robotics-Research-Labs/final_ws/install/turtlebot3_gazebo/share/turtlebot3_gazebo//models/turtlebot3_dqn_world/obstacle1/model.config
[38.400s] -- Installing: /home/augustmenard/Intro-to-Robotics-Research-Labs/final_ws/install/turtlebot3_gazebo/share/turtlebot3_gazebo//models/turtlebot3_dqn_world/obstacle2
[38.401s] -- Installing: /home/augustmenard/Intro-to-Robotics-Research-Labs/final_ws/install/turtlebot3_gazebo/share/turtlebot3_gazebo//models/turtlebot3_dqn_world/obstacle2/model.sdf
[38.401s] -- Installing: /home/augustmenard/Intro-to-Robotics-Research-Labs/final_ws/install/turtlebot3_gazebo/share/turtlebot3_gazebo//models/turtlebot3_dqn_world/obstacle2/model.config
[38.401s] -- Installing: /home/augustmenard/Intro-to-Robotics-Research-Labs/final_ws/install/turtlebot3_gazebo/share/turtlebot3_gazebo//models/turtlebot3_common
[38.402s] -- Installing: /home/augustmenard/Intro-to-Robotics-Research-Labs/final_ws/install/turtlebot3_gazebo/share/turtlebot3_gazebo//models/turtlebot3_common/model.config
[38.402s] -- Installing: /home/augustmenard/Intro-to-Robotics-Research-Labs/final_ws/install/turtlebot3_gazebo/share/turtlebot3_gazebo//models/turtlebot3_common/meshes
[38.402s] -- Installing: /home/augustmenard/Intro-to-Robotics-Research-Labs/final_ws/install/turtlebot3_gazebo/share/turtlebot3_gazebo//models/turtlebot3_common/meshes/wheels
[38.403s] -- Installing: /home/augustmenard/Intro-to-Robotics-Research-Labs/final_ws/install/turtlebot3_gazebo/share/turtlebot3_gazebo//models/turtlebot3_common/meshes/wheels/left_tire.stl
[38.405s] -- Installing: /home/augustmenard/Intro-to-Robotics-Research-Labs/final_ws/install/turtlebot3_gazebo/share/turtlebot3_gazebo//models/turtlebot3_common/meshes/wheels/right_tire.stl
[38.408s] -- Installing: /home/augustmenard/Intro-to-Robotics-Research-Labs/final_ws/install/turtlebot3_gazebo/share/turtlebot3_gazebo//models/turtlebot3_common/meshes/burger_base.dae
[38.408s] -- Installing: /home/augustmenard/Intro-to-Robotics-Research-Labs/final_ws/install/turtlebot3_gazebo/share/turtlebot3_gazebo//models/turtlebot3_common/meshes/lds.dae
[38.409s] -- Installing: /home/augustmenard/Intro-to-Robotics-Research-Labs/final_ws/install/turtlebot3_gazebo/share/turtlebot3_gazebo//models/turtlebot3_common/meshes/tire.dae
[38.409s] -- Installing: /home/augustmenard/Intro-to-Robotics-Research-Labs/final_ws/install/turtlebot3_gazebo/share/turtlebot3_gazebo//models/turtlebot3_common/meshes/waffle_base.dae
[38.410s] -- Installing: /home/augustmenard/Intro-to-Robotics-Research-Labs/final_ws/install/turtlebot3_gazebo/share/turtlebot3_gazebo//models/turtlebot3_common/meshes/bases
[38.410s] -- Installing: /home/augustmenard/Intro-to-Robotics-Research-Labs/final_ws/install/turtlebot3_gazebo/share/turtlebot3_gazebo//models/turtlebot3_common/meshes/bases/waffle_base.stl
[38.435s] -- Installing: /home/augustmenard/Intro-to-Robotics-Research-Labs/final_ws/install/turtlebot3_gazebo/share/turtlebot3_gazebo//models/turtlebot3_common/meshes/bases/waffle_pi_base.stl
[38.453s] -- Installing: /home/augustmenard/Intro-to-Robotics-Research-Labs/final_ws/install/turtlebot3_gazebo/share/turtlebot3_gazebo//models/turtlebot3_common/meshes/bases/burger_base.stl
[38.461s] -- Installing: /home/augustmenard/Intro-to-Robotics-Research-Labs/final_ws/install/turtlebot3_gazebo/share/turtlebot3_gazebo//models/turtlebot3_common/meshes/sensors
[38.461s] -- Installing: /home/augustmenard/Intro-to-Robotics-Research-Labs/final_ws/install/turtlebot3_gazebo/share/turtlebot3_gazebo//models/turtlebot3_common/meshes/sensors/r200.jpg
[38.462s] -- Installing: /home/augustmenard/Intro-to-Robotics-Research-Labs/final_ws/install/turtlebot3_gazebo/share/turtlebot3_gazebo//models/turtlebot3_common/meshes/sensors/astra.jpg
[38.462s] -- Installing: /home/augustmenard/Intro-to-Robotics-Research-Labs/final_ws/install/turtlebot3_gazebo/share/turtlebot3_gazebo//models/turtlebot3_common/meshes/sensors/astra.dae
[38.475s] -- Installing: /home/augustmenard/Intro-to-Robotics-Research-Labs/final_ws/install/turtlebot3_gazebo/share/turtlebot3_gazebo//models/turtlebot3_common/meshes/sensors/lds.stl
[38.477s] -- Installing: /home/augustmenard/Intro-to-Robotics-Research-Labs/final_ws/install/turtlebot3_gazebo/share/turtlebot3_gazebo//models/turtlebot3_common/meshes/sensors/r200.dae
[38.477s] -- Installing: /home/augustmenard/Intro-to-Robotics-Research-Labs/final_ws/install/turtlebot3_gazebo/share/turtlebot3_gazebo//models/turtlebot3_common/meshes/waffle_pi_base.dae
[38.478s] -- Installing: /home/augustmenard/Intro-to-Robotics-Research-Labs/final_ws/install/turtlebot3_gazebo/share/turtlebot3_gazebo//models/turtlebot3_common/meshes/r200.dae
[38.479s] -- Installing: /home/augustmenard/Intro-to-Robotics-Research-Labs/final_ws/install/turtlebot3_gazebo/share/turtlebot3_gazebo//models/turtlebot3_burger
[38.479s] -- Installing: /home/augustmenard/Intro-to-Robotics-Research-Labs/final_ws/install/turtlebot3_gazebo/share/turtlebot3_gazebo//models/turtlebot3_burger/model.sdf
[38.479s] -- Installing: /home/augustmenard/Intro-to-Robotics-Research-Labs/final_ws/install/turtlebot3_gazebo/share/turtlebot3_gazebo//models/turtlebot3_burger/model-1_4.sdf
[38.479s] -- Installing: /home/augustmenard/Intro-to-Robotics-Research-Labs/final_ws/install/turtlebot3_gazebo/share/turtlebot3_gazebo//models/turtlebot3_burger/model.config
[38.479s] -- Installing: /home/augustmenard/Intro-to-Robotics-Research-Labs/final_ws/install/turtlebot3_gazebo/share/turtlebot3_gazebo//rviz
[38.480s] -- Installing: /home/augustmenard/Intro-to-Robotics-Research-Labs/final_ws/install/turtlebot3_gazebo/share/turtlebot3_gazebo//rviz/tb3_gazebo.rviz
[38.480s] -- Installing: /home/augustmenard/Intro-to-Robotics-Research-Labs/final_ws/install/turtlebot3_gazebo/share/turtlebot3_gazebo//urdf
[38.480s] -- Installing: /home/augustmenard/Intro-to-Robotics-Research-Labs/final_ws/install/turtlebot3_gazebo/share/turtlebot3_gazebo//urdf/turtlebot3_waffle_pi.urdf
[38.480s] -- Installing: /home/augustmenard/Intro-to-Robotics-Research-Labs/final_ws/install/turtlebot3_gazebo/share/turtlebot3_gazebo//urdf/turtlebot3_burger.urdf
[38.480s] -- Installing: /home/augustmenard/Intro-to-Robotics-Research-Labs/final_ws/install/turtlebot3_gazebo/share/turtlebot3_gazebo//urdf/common_properties.urdf
[38.481s] -- Installing: /home/augustmenard/Intro-to-Robotics-Research-Labs/final_ws/install/turtlebot3_gazebo/share/turtlebot3_gazebo//urdf/turtlebot3_burger_cam.urdf
[38.481s] -- Installing: /home/augustmenard/Intro-to-Robotics-Research-Labs/final_ws/install/turtlebot3_gazebo/share/turtlebot3_gazebo//urdf/turtlebot3_waffle.urdf
[38.481s] -- Installing: /home/augustmenard/Intro-to-Robotics-Research-Labs/final_ws/install/turtlebot3_gazebo/share/turtlebot3_gazebo//worlds
[38.481s] -- Installing: /home/augustmenard/Intro-to-Robotics-Research-Labs/final_ws/install/turtlebot3_gazebo/share/turtlebot3_gazebo//worlds/turtlebot3_dqn_stage3.world
[38.482s] -- Installing: /home/augustmenard/Intro-to-Robotics-Research-Labs/final_ws/install/turtlebot3_gazebo/share/turtlebot3_gazebo//worlds/7785_maze.world
[38.482s] -- Installing: /home/augustmenard/Intro-to-Robotics-Research-Labs/final_ws/install/turtlebot3_gazebo/share/turtlebot3_gazebo//worlds/turtlebot3_dqn_stage4.world
[38.482s] -- Installing: /home/augustmenard/Intro-to-Robotics-Research-Labs/final_ws/install/turtlebot3_gazebo/share/turtlebot3_gazebo//worlds/turtlebot3_autorace_2020.world
[38.483s] -- Installing: /home/augustmenard/Intro-to-Robotics-Research-Labs/final_ws/install/turtlebot3_gazebo/share/turtlebot3_gazebo//worlds/turtlebot3_house.world
[38.483s] -- Installing: /home/augustmenard/Intro-to-Robotics-Research-Labs/final_ws/install/turtlebot3_gazebo/share/turtlebot3_gazebo//worlds/turtlebot3_world.world
[38.483s] -- Installing: /home/augustmenard/Intro-to-Robotics-Research-Labs/final_ws/install/turtlebot3_gazebo/share/turtlebot3_gazebo//worlds/empty_world.world
[38.483s] -- Installing: /home/augustmenard/Intro-to-Robotics-Research-Labs/final_ws/install/turtlebot3_gazebo/share/turtlebot3_gazebo//worlds/turtlebot3_dqn_stage1.world
[38.483s] -- Installing: /home/augustmenard/Intro-to-Robotics-Research-Labs/final_ws/install/turtlebot3_gazebo/share/turtlebot3_gazebo//worlds/turtlebot3_dqn_stage2.world
[38.484s] -- Installing: /home/augustmenard/Intro-to-Robotics-Research-Labs/final_ws/install/turtlebot3_gazebo/include/
[38.484s] -- Installing: /home/augustmenard/Intro-to-Robotics-Research-Labs/final_ws/install/turtlebot3_gazebo/include//turtlebot3_gazebo
[38.484s] -- Installing: /home/augustmenard/Intro-to-Robotics-Research-Labs/final_ws/install/turtlebot3_gazebo/include//turtlebot3_gazebo/obstacles.hpp
[38.484s] -- Installing: /home/augustmenard/Intro-to-Robotics-Research-Labs/final_ws/install/turtlebot3_gazebo/include//turtlebot3_gazebo/traffic_bar_plugin.hpp
[38.485s] -- Installing: /home/augustmenard/Intro-to-Robotics-Research-Labs/final_ws/install/turtlebot3_gazebo/include//turtlebot3_gazebo/traffic_light_plugin.hpp
[38.485s] -- Installing: /home/augustmenard/Intro-to-Robotics-Research-Labs/final_ws/install/turtlebot3_gazebo/include//turtlebot3_gazebo/turtlebot3_drive.hpp
[38.485s] -- Installing: /home/augustmenard/Intro-to-Robotics-Research-Labs/final_ws/install/turtlebot3_gazebo/include//turtlebot3_gazebo/obstacle1.hpp
[38.485s] -- Installing: /home/augustmenard/Intro-to-Robotics-Research-Labs/final_ws/install/turtlebot3_gazebo/include//turtlebot3_gazebo/obstacle2.hpp
[38.486s] -- Installing: /home/augustmenard/Intro-to-Robotics-Research-Labs/final_ws/install/turtlebot3_gazebo/share/ament_index/resource_index/package_run_dependencies/turtlebot3_gazebo
[38.486s] -- Installing: /home/augustmenard/Intro-to-Robotics-Research-Labs/final_ws/install/turtlebot3_gazebo/share/ament_index/resource_index/parent_prefix_path/turtlebot3_gazebo
[38.486s] -- Installing: /home/augustmenard/Intro-to-Robotics-Research-Labs/final_ws/install/turtlebot3_gazebo/share/turtlebot3_gazebo/environment/ament_prefix_path.sh
[38.487s] -- Installing: /home/augustmenard/Intro-to-Robotics-Research-Labs/final_ws/install/turtlebot3_gazebo/share/turtlebot3_gazebo/environment/ament_prefix_path.dsv
[38.487s] -- Installing: /home/augustmenard/Intro-to-Robotics-Research-Labs/final_ws/install/turtlebot3_gazebo/share/turtlebot3_gazebo/environment/path.sh
[38.487s] -- Installing: /home/augustmenard/Intro-to-Robotics-Research-Labs/final_ws/install/turtlebot3_gazebo/share/turtlebot3_gazebo/environment/path.dsv
[38.487s] -- Installing: /home/augustmenard/Intro-to-Robotics-Research-Labs/final_ws/install/turtlebot3_gazebo/share/turtlebot3_gazebo/local_setup.bash
[38.488s] -- Installing: /home/augustmenard/Intro-to-Robotics-Research-Labs/final_ws/install/turtlebot3_gazebo/share/turtlebot3_gazebo/local_setup.sh
[38.488s] -- Installing: /home/augustmenard/Intro-to-Robotics-Research-Labs/final_ws/install/turtlebot3_gazebo/share/turtlebot3_gazebo/local_setup.zsh
[38.488s] -- Installing: /home/augustmenard/Intro-to-Robotics-Research-Labs/final_ws/install/turtlebot3_gazebo/share/turtlebot3_gazebo/local_setup.dsv
[38.488s] -- Installing: /home/augustmenard/Intro-to-Robotics-Research-Labs/final_ws/install/turtlebot3_gazebo/share/turtlebot3_gazebo/package.dsv
[38.489s] -- Installing: /home/augustmenard/Intro-to-Robotics-Research-Labs/final_ws/install/turtlebot3_gazebo/share/ament_index/resource_index/packages/turtlebot3_gazebo
[38.489s] -- Installing: /home/augustmenard/Intro-to-Robotics-Research-Labs/final_ws/install/turtlebot3_gazebo/share/turtlebot3_gazebo/cmake/ament_cmake_export_include_directories-extras.cmake
[38.489s] -- Installing: /home/augustmenard/Intro-to-Robotics-Research-Labs/final_ws/install/turtlebot3_gazebo/share/turtlebot3_gazebo/cmake/ament_cmake_export_dependencies-extras.cmake
[38.489s] -- Installing: /home/augustmenard/Intro-to-Robotics-Research-Labs/final_ws/install/turtlebot3_gazebo/share/turtlebot3_gazebo/cmake/turtlebot3_gazeboConfig.cmake
[38.490s] -- Installing: /home/augustmenard/Intro-to-Robotics-Research-Labs/final_ws/install/turtlebot3_gazebo/share/turtlebot3_gazebo/cmake/turtlebot3_gazeboConfig-version.cmake
[38.490s] -- Installing: /home/augustmenard/Intro-to-Robotics-Research-Labs/final_ws/install/turtlebot3_gazebo/share/turtlebot3_gazebo/package.xml
[38.493s] Invoked command in '/home/augustmenard/Intro-to-Robotics-Research-Labs/final_ws/build/turtlebot3_gazebo' returned '0': CMAKE_PREFIX_PATH=/opt/ros/humble /usr/bin/cmake --install /home/augustmenard/Intro-to-Robotics-Research-Labs/final_ws/build/turtlebot3_gazebo
