[3.857s] Invoking command in '/home/burger/Intro-to-Robotics-Research-Labs/lab4_ws/src/team_rocket_navigate_to_goal': PYTHONPATH=/home/burger/Intro-to-Robotics-Research-Labs/lab4_ws/build/team_rocket_navigate_to_goal/prefix_override:/home/burger/Intro-to-Robotics-Research-Labs/lab4_ws/install/team_rocket_navigate_to_goal/lib/python3.10/site-packages:${PYTHONPATH} /usr/bin/python3 setup.py egg_info --egg-base ../../build/team_rocket_navigate_to_goal build --build-base /home/burger/Intro-to-Robotics-Research-Labs/lab4_ws/build/team_rocket_navigate_to_goal/build install --record /home/burger/Intro-to-Robotics-Research-Labs/lab4_ws/build/team_rocket_navigate_to_goal/install.log --single-version-externally-managed
[4.794s] running egg_info
[4.858s] writing ../../build/team_rocket_navigate_to_goal/team_rocket_navigate_to_goal.egg-info/PKG-INFO
[4.859s] writing dependency_links to ../../build/team_rocket_navigate_to_goal/team_rocket_navigate_to_goal.egg-info/dependency_links.txt
[4.861s] writing entry points to ../../build/team_rocket_navigate_to_goal/team_rocket_navigate_to_goal.egg-info/entry_points.txt
[4.862s] writing requirements to ../../build/team_rocket_navigate_to_goal/team_rocket_navigate_to_goal.egg-info/requires.txt
[4.863s] writing top-level names to ../../build/team_rocket_navigate_to_goal/team_rocket_navigate_to_goal.egg-info/top_level.txt
[4.988s] reading manifest file '../../build/team_rocket_navigate_to_goal/team_rocket_navigate_to_goal.egg-info/SOURCES.txt'
[4.990s] adding license file 'LICENSE'
[4.993s] writing manifest file '../../build/team_rocket_navigate_to_goal/team_rocket_navigate_to_goal.egg-info/SOURCES.txt'
[4.994s] running build
[4.994s] running build_py
[4.996s] copying team_rocket_navigate_to_goal/getObjectRange.py -> /home/burger/Intro-to-Robotics-Research-Labs/lab4_ws/build/team_rocket_navigate_to_goal/build/lib/team_rocket_navigate_to_goal
[4.998s] running install
[4.999s] /usr/local/lib/python3.10/dist-packages/setuptools/_distutils/cmd.py:66: SetuptoolsDeprecationWarning: setup.py install is deprecated.
[5.000s] !!
[5.000s] 
[5.000s]         ********************************************************************************
[5.001s]         Please avoid running ``setup.py`` directly.
[5.001s]         Instead, use pypa/build, pypa/installer or other
[5.001s]         standards-based tools.
[5.001s] 
[5.002s]         See https://blog.ganssle.io/articles/2021/10/setup-py-deprecated.html for details.
[5.002s]         ********************************************************************************
[5.003s] 
[5.003s] !!
[5.003s]   self.initialize_options()
[5.021s] running install_lib
[5.080s] copying /home/burger/Intro-to-Robotics-Research-Labs/lab4_ws/build/team_rocket_navigate_to_goal/build/lib/team_rocket_navigate_to_goal/getObjectRange.py -> /home/burger/Intro-to-Robotics-Research-Labs/lab4_ws/install/team_rocket_navigate_to_goal/lib/python3.10/site-packages/team_rocket_navigate_to_goal
[5.084s] byte-compiling /home/burger/Intro-to-Robotics-Research-Labs/lab4_ws/install/team_rocket_navigate_to_goal/lib/python3.10/site-packages/team_rocket_navigate_to_goal/getObjectRange.py to getObjectRange.cpython-310.pyc
[5.087s] running install_data
[5.147s] running install_egg_info
[5.214s] removing '/home/burger/Intro-to-Robotics-Research-Labs/lab4_ws/install/team_rocket_navigate_to_goal/lib/python3.10/site-packages/team_rocket_navigate_to_goal-0.0.0-py3.10.egg-info' (and everything under it)
[5.216s] Copying ../../build/team_rocket_navigate_to_goal/team_rocket_navigate_to_goal.egg-info to /home/burger/Intro-to-Robotics-Research-Labs/lab4_ws/install/team_rocket_navigate_to_goal/lib/python3.10/site-packages/team_rocket_navigate_to_goal-0.0.0-py3.10.egg-info
[5.223s] running install_scripts
[5.839s] Installing getObjectRange script to /home/burger/Intro-to-Robotics-Research-Labs/lab4_ws/install/team_rocket_navigate_to_goal/lib/team_rocket_navigate_to_goal
[5.840s] Installing goToGoal script to /home/burger/Intro-to-Robotics-Research-Labs/lab4_ws/install/team_rocket_navigate_to_goal/lib/team_rocket_navigate_to_goal
[5.842s] writing list of installed files to '/home/burger/Intro-to-Robotics-Research-Labs/lab4_ws/build/team_rocket_navigate_to_goal/install.log'
[5.980s] Invoked command in '/home/burger/Intro-to-Robotics-Research-Labs/lab4_ws/src/team_rocket_navigate_to_goal' returned '0': PYTHONPATH=/home/burger/Intro-to-Robotics-Research-Labs/lab4_ws/build/team_rocket_navigate_to_goal/prefix_override:/home/burger/Intro-to-Robotics-Research-Labs/lab4_ws/install/team_rocket_navigate_to_goal/lib/python3.10/site-packages:${PYTHONPATH} /usr/bin/python3 setup.py egg_info --egg-base ../../build/team_rocket_navigate_to_goal build --build-base /home/burger/Intro-to-Robotics-Research-Labs/lab4_ws/build/team_rocket_navigate_to_goal/build install --record /home/burger/Intro-to-Robotics-Research-Labs/lab4_ws/build/team_rocket_navigate_to_goal/install.log --single-version-externally-managed
