[0.029s] Invoking command in '/home/augustmenard/Intro-to-Robotics-Research-Labs/lab5_ws/build/turtlebot3_msgs': CMAKE_PREFIX_PATH=${CMAKE_PREFIX_PATH}:/home/augustmenard/Intro-to-Robotics-Research-Labs/lab5_ws/install/team_rocket_action_server_client:/home/augustmenard/Intro-to-Robotics-Research-Labs/lab5_ws/install/turtlebot3_teleop:/home/augustmenard/Intro-to-Robotics-Research-Labs/lab5_ws/install/turtlebot3_example:/opt/ros/humble /usr/bin/cmake --build /home/augustmenard/Intro-to-Robotics-Research-Labs/lab5_ws/build/turtlebot3_msgs -- -j8 -l8
[0.137s] [ 11%] Built target turtlebot3_msgs__rosidl_generator_c
[0.137s] [ 12%] Built target turtlebot3_msgs__cpp
[0.153s] [ 12%] Built target ament_cmake_python_copy_turtlebot3_msgs
[0.185s] [ 24%] Built target turtlebot3_msgs__rosidl_typesupport_introspection_c
[0.192s] [ 35%] Built target turtlebot3_msgs__rosidl_typesupport_fastrtps_c
[0.201s] [ 46%] Built target turtlebot3_msgs__rosidl_typesupport_c
[0.201s] [ 58%] Built target turtlebot3_msgs__rosidl_typesupport_introspection_cpp
[0.207s] [ 73%] Built target turtlebot3_msgs__rosidl_typesupport_fastrtps_cpp
[0.207s] [ 81%] Built target turtlebot3_msgs__rosidl_typesupport_cpp
[0.230s] [ 81%] Built target turtlebot3_msgs
[0.257s] [ 82%] Built target turtlebot3_msgs__py
[0.289s] [ 92%] Built target turtlebot3_msgs__rosidl_generator_py
[0.318s] [100%] Built target turtlebot3_msgs__rosidl_typesupport_c__pyext
[0.320s] [100%] Built target turtlebot3_msgs__rosidl_typesupport_introspection_c__pyext
[0.320s] [100%] Built target turtlebot3_msgs__rosidl_typesupport_fastrtps_c__pyext
[0.450s] running egg_info
[0.451s] writing turtlebot3_msgs.egg-info/PKG-INFO
[0.451s] writing dependency_links to turtlebot3_msgs.egg-info/dependency_links.txt
[0.451s] writing top-level names to turtlebot3_msgs.egg-info/top_level.txt
[0.453s] reading manifest file 'turtlebot3_msgs.egg-info/SOURCES.txt'
[0.454s] writing manifest file 'turtlebot3_msgs.egg-info/SOURCES.txt'
[0.475s] [100%] Built target ament_cmake_python_build_turtlebot3_msgs_egg
[0.711s] Invoked command in '/home/augustmenard/Intro-to-Robotics-Research-Labs/lab5_ws/build/turtlebot3_msgs' returned '0': CMAKE_PREFIX_PATH=${CMAKE_PREFIX_PATH}:/home/augustmenard/Intro-to-Robotics-Research-Labs/lab5_ws/install/team_rocket_action_server_client:/home/augustmenard/Intro-to-Robotics-Research-Labs/lab5_ws/install/turtlebot3_teleop:/home/augustmenard/Intro-to-Robotics-Research-Labs/lab5_ws/install/turtlebot3_example:/opt/ros/humble /usr/bin/cmake --build /home/augustmenard/Intro-to-Robotics-Research-Labs/lab5_ws/build/turtlebot3_msgs -- -j8 -l8
[0.712s] Invoking command in '/home/augustmenard/Intro-to-Robotics-Research-Labs/lab5_ws/build/turtlebot3_msgs': CMAKE_PREFIX_PATH=${CMAKE_PREFIX_PATH}:/home/augustmenard/Intro-to-Robotics-Research-Labs/lab5_ws/install/team_rocket_action_server_client:/home/augustmenard/Intro-to-Robotics-Research-Labs/lab5_ws/install/turtlebot3_teleop:/home/augustmenard/Intro-to-Robotics-Research-Labs/lab5_ws/install/turtlebot3_example:/opt/ros/humble /usr/bin/cmake --install /home/augustmenard/Intro-to-Robotics-Research-Labs/lab5_ws/build/turtlebot3_msgs
[0.724s] -- Install configuration: ""
[0.724s] -- Up-to-date: /home/augustmenard/Intro-to-Robotics-Research-Labs/lab5_ws/install/turtlebot3_msgs/share/ament_index/resource_index/rosidl_interfaces/turtlebot3_msgs
[0.724s] -- Up-to-date: /home/augustmenard/Intro-to-Robotics-Research-Labs/lab5_ws/install/turtlebot3_msgs/include/turtlebot3_msgs/turtlebot3_msgs
[0.724s] -- Up-to-date: /home/augustmenard/Intro-to-Robotics-Research-Labs/lab5_ws/install/turtlebot3_msgs/include/turtlebot3_msgs/turtlebot3_msgs/action
[0.724s] -- Up-to-date: /home/augustmenard/Intro-to-Robotics-Research-Labs/lab5_ws/install/turtlebot3_msgs/include/turtlebot3_msgs/turtlebot3_msgs/action/detail
[0.724s] -- Up-to-date: /home/augustmenard/Intro-to-Robotics-Research-Labs/lab5_ws/install/turtlebot3_msgs/include/turtlebot3_msgs/turtlebot3_msgs/action/detail/patrol__functions.c
[0.725s] -- Up-to-date: /home/augustmenard/Intro-to-Robotics-Research-Labs/lab5_ws/install/turtlebot3_msgs/include/turtlebot3_msgs/turtlebot3_msgs/action/detail/patrol__struct.h
[0.725s] -- Up-to-date: /home/augustmenard/Intro-to-Robotics-Research-Labs/lab5_ws/install/turtlebot3_msgs/include/turtlebot3_msgs/turtlebot3_msgs/action/detail/patrol__functions.h
[0.726s] -- Up-to-date: /home/augustmenard/Intro-to-Robotics-Research-Labs/lab5_ws/install/turtlebot3_msgs/include/turtlebot3_msgs/turtlebot3_msgs/action/detail/patrol__type_support.h
[0.726s] -- Up-to-date: /home/augustmenard/Intro-to-Robotics-Research-Labs/lab5_ws/install/turtlebot3_msgs/include/turtlebot3_msgs/turtlebot3_msgs/action/patrol.h
[0.726s] -- Up-to-date: /home/augustmenard/Intro-to-Robotics-Research-Labs/lab5_ws/install/turtlebot3_msgs/include/turtlebot3_msgs/turtlebot3_msgs/srv
[0.726s] -- Up-to-date: /home/augustmenard/Intro-to-Robotics-Research-Labs/lab5_ws/install/turtlebot3_msgs/include/turtlebot3_msgs/turtlebot3_msgs/srv/dqn.h
[0.726s] -- Up-to-date: /home/augustmenard/Intro-to-Robotics-Research-Labs/lab5_ws/install/turtlebot3_msgs/include/turtlebot3_msgs/turtlebot3_msgs/srv/sound.h
[0.726s] -- Up-to-date: /home/augustmenard/Intro-to-Robotics-Research-Labs/lab5_ws/install/turtlebot3_msgs/include/turtlebot3_msgs/turtlebot3_msgs/srv/goal.h
[0.726s] -- Up-to-date: /home/augustmenard/Intro-to-Robotics-Research-Labs/lab5_ws/install/turtlebot3_msgs/include/turtlebot3_msgs/turtlebot3_msgs/srv/detail
[0.726s] -- Up-to-date: /home/augustmenard/Intro-to-Robotics-Research-Labs/lab5_ws/install/turtlebot3_msgs/include/turtlebot3_msgs/turtlebot3_msgs/srv/detail/dqn__struct.h
[0.726s] -- Up-to-date: /home/augustmenard/Intro-to-Robotics-Research-Labs/lab5_ws/install/turtlebot3_msgs/include/turtlebot3_msgs/turtlebot3_msgs/srv/detail/dqn__type_support.h
[0.726s] -- Up-to-date: /home/augustmenard/Intro-to-Robotics-Research-Labs/lab5_ws/install/turtlebot3_msgs/include/turtlebot3_msgs/turtlebot3_msgs/srv/detail/goal__struct.h
[0.726s] -- Up-to-date: /home/augustmenard/Intro-to-Robotics-Research-Labs/lab5_ws/install/turtlebot3_msgs/include/turtlebot3_msgs/turtlebot3_msgs/srv/detail/goal__functions.c
[0.726s] -- Up-to-date: /home/augustmenard/Intro-to-Robotics-Research-Labs/lab5_ws/install/turtlebot3_msgs/include/turtlebot3_msgs/turtlebot3_msgs/srv/detail/sound__type_support.h
[0.726s] -- Up-to-date: /home/augustmenard/Intro-to-Robotics-Research-Labs/lab5_ws/install/turtlebot3_msgs/include/turtlebot3_msgs/turtlebot3_msgs/srv/detail/goal__functions.h
[0.726s] -- Up-to-date: /home/augustmenard/Intro-to-Robotics-Research-Labs/lab5_ws/install/turtlebot3_msgs/include/turtlebot3_msgs/turtlebot3_msgs/srv/detail/sound__functions.c
[0.727s] -- Up-to-date: /home/augustmenard/Intro-to-Robotics-Research-Labs/lab5_ws/install/turtlebot3_msgs/include/turtlebot3_msgs/turtlebot3_msgs/srv/detail/dqn__functions.c
[0.727s] -- Up-to-date: /home/augustmenard/Intro-to-Robotics-Research-Labs/lab5_ws/install/turtlebot3_msgs/include/turtlebot3_msgs/turtlebot3_msgs/srv/detail/dqn__functions.h
[0.727s] -- Up-to-date: /home/augustmenard/Intro-to-Robotics-Research-Labs/lab5_ws/install/turtlebot3_msgs/include/turtlebot3_msgs/turtlebot3_msgs/srv/detail/sound__functions.h
[0.727s] -- Up-to-date: /home/augustmenard/Intro-to-Robotics-Research-Labs/lab5_ws/install/turtlebot3_msgs/include/turtlebot3_msgs/turtlebot3_msgs/srv/detail/sound__struct.h
[0.727s] -- Up-to-date: /home/augustmenard/Intro-to-Robotics-Research-Labs/lab5_ws/install/turtlebot3_msgs/include/turtlebot3_msgs/turtlebot3_msgs/srv/detail/goal__type_support.h
[0.727s] -- Up-to-date: /home/augustmenard/Intro-to-Robotics-Research-Labs/lab5_ws/install/turtlebot3_msgs/include/turtlebot3_msgs/turtlebot3_msgs/msg
[0.727s] -- Up-to-date: /home/augustmenard/Intro-to-Robotics-Research-Labs/lab5_ws/install/turtlebot3_msgs/include/turtlebot3_msgs/turtlebot3_msgs/msg/sound.h
[0.727s] -- Up-to-date: /home/augustmenard/Intro-to-Robotics-Research-Labs/lab5_ws/install/turtlebot3_msgs/include/turtlebot3_msgs/turtlebot3_msgs/msg/version_info.h
[0.727s] -- Up-to-date: /home/augustmenard/Intro-to-Robotics-Research-Labs/lab5_ws/install/turtlebot3_msgs/include/turtlebot3_msgs/turtlebot3_msgs/msg/sensor_state.h
[0.727s] -- Up-to-date: /home/augustmenard/Intro-to-Robotics-Research-Labs/lab5_ws/install/turtlebot3_msgs/include/turtlebot3_msgs/turtlebot3_msgs/msg/rosidl_generator_c__visibility_control.h
[0.727s] -- Up-to-date: /home/augustmenard/Intro-to-Robotics-Research-Labs/lab5_ws/install/turtlebot3_msgs/include/turtlebot3_msgs/turtlebot3_msgs/msg/detail
[0.727s] -- Up-to-date: /home/augustmenard/Intro-to-Robotics-Research-Labs/lab5_ws/install/turtlebot3_msgs/include/turtlebot3_msgs/turtlebot3_msgs/msg/detail/sound__type_support.h
[0.727s] -- Up-to-date: /home/augustmenard/Intro-to-Robotics-Research-Labs/lab5_ws/install/turtlebot3_msgs/include/turtlebot3_msgs/turtlebot3_msgs/msg/detail/sensor_state__functions.c
[0.727s] -- Up-to-date: /home/augustmenard/Intro-to-Robotics-Research-Labs/lab5_ws/install/turtlebot3_msgs/include/turtlebot3_msgs/turtlebot3_msgs/msg/detail/version_info__struct.h
[0.727s] -- Up-to-date: /home/augustmenard/Intro-to-Robotics-Research-Labs/lab5_ws/install/turtlebot3_msgs/include/turtlebot3_msgs/turtlebot3_msgs/msg/detail/version_info__type_support.h
[0.728s] -- Up-to-date: /home/augustmenard/Intro-to-Robotics-Research-Labs/lab5_ws/install/turtlebot3_msgs/include/turtlebot3_msgs/turtlebot3_msgs/msg/detail/sensor_state__struct.h
[0.728s] -- Up-to-date: /home/augustmenard/Intro-to-Robotics-Research-Labs/lab5_ws/install/turtlebot3_msgs/include/turtlebot3_msgs/turtlebot3_msgs/msg/detail/version_info__functions.h
[0.728s] -- Up-to-date: /home/augustmenard/Intro-to-Robotics-Research-Labs/lab5_ws/install/turtlebot3_msgs/include/turtlebot3_msgs/turtlebot3_msgs/msg/detail/sound__functions.c
[0.728s] -- Up-to-date: /home/augustmenard/Intro-to-Robotics-Research-Labs/lab5_ws/install/turtlebot3_msgs/include/turtlebot3_msgs/turtlebot3_msgs/msg/detail/sensor_state__functions.h
[0.728s] -- Up-to-date: /home/augustmenard/Intro-to-Robotics-Research-Labs/lab5_ws/install/turtlebot3_msgs/include/turtlebot3_msgs/turtlebot3_msgs/msg/detail/sensor_state__type_support.h
[0.728s] -- Up-to-date: /home/augustmenard/Intro-to-Robotics-Research-Labs/lab5_ws/install/turtlebot3_msgs/include/turtlebot3_msgs/turtlebot3_msgs/msg/detail/sound__functions.h
[0.728s] -- Up-to-date: /home/augustmenard/Intro-to-Robotics-Research-Labs/lab5_ws/install/turtlebot3_msgs/include/turtlebot3_msgs/turtlebot3_msgs/msg/detail/sound__struct.h
[0.728s] -- Up-to-date: /home/augustmenard/Intro-to-Robotics-Research-Labs/lab5_ws/install/turtlebot3_msgs/include/turtlebot3_msgs/turtlebot3_msgs/msg/detail/version_info__functions.c
[0.728s] -- Up-to-date: /home/augustmenard/Intro-to-Robotics-Research-Labs/lab5_ws/install/turtlebot3_msgs/share/turtlebot3_msgs/environment/library_path.sh
[0.728s] -- Up-to-date: /home/augustmenard/Intro-to-Robotics-Research-Labs/lab5_ws/install/turtlebot3_msgs/share/turtlebot3_msgs/environment/library_path.dsv
[0.728s] -- Up-to-date: /home/augustmenard/Intro-to-Robotics-Research-Labs/lab5_ws/install/turtlebot3_msgs/lib/libturtlebot3_msgs__rosidl_generator_c.so
[0.730s] -- Up-to-date: /home/augustmenard/Intro-to-Robotics-Research-Labs/lab5_ws/install/turtlebot3_msgs/include/turtlebot3_msgs/turtlebot3_msgs
[0.730s] -- Up-to-date: /home/augustmenard/Intro-to-Robotics-Research-Labs/lab5_ws/install/turtlebot3_msgs/include/turtlebot3_msgs/turtlebot3_msgs/action
[0.730s] -- Up-to-date: /home/augustmenard/Intro-to-Robotics-Research-Labs/lab5_ws/install/turtlebot3_msgs/include/turtlebot3_msgs/turtlebot3_msgs/action/detail
[0.730s] -- Up-to-date: /home/augustmenard/Intro-to-Robotics-Research-Labs/lab5_ws/install/turtlebot3_msgs/include/turtlebot3_msgs/turtlebot3_msgs/action/detail/patrol__rosidl_typesupport_fastrtps_c.h
[0.730s] -- Up-to-date: /home/augustmenard/Intro-to-Robotics-Research-Labs/lab5_ws/install/turtlebot3_msgs/include/turtlebot3_msgs/turtlebot3_msgs/srv
[0.730s] -- Up-to-date: /home/augustmenard/Intro-to-Robotics-Research-Labs/lab5_ws/install/turtlebot3_msgs/include/turtlebot3_msgs/turtlebot3_msgs/srv/detail
[0.730s] -- Up-to-date: /home/augustmenard/Intro-to-Robotics-Research-Labs/lab5_ws/install/turtlebot3_msgs/include/turtlebot3_msgs/turtlebot3_msgs/srv/detail/sound__rosidl_typesupport_fastrtps_c.h
[0.730s] -- Up-to-date: /home/augustmenard/Intro-to-Robotics-Research-Labs/lab5_ws/install/turtlebot3_msgs/include/turtlebot3_msgs/turtlebot3_msgs/srv/detail/dqn__rosidl_typesupport_fastrtps_c.h
[0.730s] -- Up-to-date: /home/augustmenard/Intro-to-Robotics-Research-Labs/lab5_ws/install/turtlebot3_msgs/include/turtlebot3_msgs/turtlebot3_msgs/srv/detail/goal__rosidl_typesupport_fastrtps_c.h
[0.730s] -- Up-to-date: /home/augustmenard/Intro-to-Robotics-Research-Labs/lab5_ws/install/turtlebot3_msgs/include/turtlebot3_msgs/turtlebot3_msgs/msg
[0.730s] -- Up-to-date: /home/augustmenard/Intro-to-Robotics-Research-Labs/lab5_ws/install/turtlebot3_msgs/include/turtlebot3_msgs/turtlebot3_msgs/msg/detail
[0.730s] -- Up-to-date: /home/augustmenard/Intro-to-Robotics-Research-Labs/lab5_ws/install/turtlebot3_msgs/include/turtlebot3_msgs/turtlebot3_msgs/msg/detail/sensor_state__rosidl_typesupport_fastrtps_c.h
[0.730s] -- Up-to-date: /home/augustmenard/Intro-to-Robotics-Research-Labs/lab5_ws/install/turtlebot3_msgs/include/turtlebot3_msgs/turtlebot3_msgs/msg/detail/version_info__rosidl_typesupport_fastrtps_c.h
[0.730s] -- Up-to-date: /home/augustmenard/Intro-to-Robotics-Research-Labs/lab5_ws/install/turtlebot3_msgs/include/turtlebot3_msgs/turtlebot3_msgs/msg/detail/sound__rosidl_typesupport_fastrtps_c.h
[0.730s] -- Up-to-date: /home/augustmenard/Intro-to-Robotics-Research-Labs/lab5_ws/install/turtlebot3_msgs/include/turtlebot3_msgs/turtlebot3_msgs/msg/rosidl_typesupport_fastrtps_c__visibility_control.h
[0.732s] -- Up-to-date: /home/augustmenard/Intro-to-Robotics-Research-Labs/lab5_ws/install/turtlebot3_msgs/lib/libturtlebot3_msgs__rosidl_typesupport_fastrtps_c.so
[0.732s] -- Up-to-date: /home/augustmenard/Intro-to-Robotics-Research-Labs/lab5_ws/install/turtlebot3_msgs/include/turtlebot3_msgs/turtlebot3_msgs
[0.732s] -- Up-to-date: /home/augustmenard/Intro-to-Robotics-Research-Labs/lab5_ws/install/turtlebot3_msgs/include/turtlebot3_msgs/turtlebot3_msgs/action
[0.732s] -- Up-to-date: /home/augustmenard/Intro-to-Robotics-Research-Labs/lab5_ws/install/turtlebot3_msgs/include/turtlebot3_msgs/turtlebot3_msgs/action/detail
[0.732s] -- Up-to-date: /home/augustmenard/Intro-to-Robotics-Research-Labs/lab5_ws/install/turtlebot3_msgs/include/turtlebot3_msgs/turtlebot3_msgs/action/detail/patrol__struct.hpp
[0.732s] -- Up-to-date: /home/augustmenard/Intro-to-Robotics-Research-Labs/lab5_ws/install/turtlebot3_msgs/include/turtlebot3_msgs/turtlebot3_msgs/action/detail/patrol__builder.hpp
[0.732s] -- Up-to-date: /home/augustmenard/Intro-to-Robotics-Research-Labs/lab5_ws/install/turtlebot3_msgs/include/turtlebot3_msgs/turtlebot3_msgs/action/detail/patrol__type_support.hpp
[0.732s] -- Up-to-date: /home/augustmenard/Intro-to-Robotics-Research-Labs/lab5_ws/install/turtlebot3_msgs/include/turtlebot3_msgs/turtlebot3_msgs/action/detail/patrol__traits.hpp
[0.732s] -- Up-to-date: /home/augustmenard/Intro-to-Robotics-Research-Labs/lab5_ws/install/turtlebot3_msgs/include/turtlebot3_msgs/turtlebot3_msgs/action/patrol.hpp
[0.732s] -- Up-to-date: /home/augustmenard/Intro-to-Robotics-Research-Labs/lab5_ws/install/turtlebot3_msgs/include/turtlebot3_msgs/turtlebot3_msgs/srv
[0.732s] -- Up-to-date: /home/augustmenard/Intro-to-Robotics-Research-Labs/lab5_ws/install/turtlebot3_msgs/include/turtlebot3_msgs/turtlebot3_msgs/srv/goal.hpp
[0.733s] -- Up-to-date: /home/augustmenard/Intro-to-Robotics-Research-Labs/lab5_ws/install/turtlebot3_msgs/include/turtlebot3_msgs/turtlebot3_msgs/srv/detail
[0.733s] -- Up-to-date: /home/augustmenard/Intro-to-Robotics-Research-Labs/lab5_ws/install/turtlebot3_msgs/include/turtlebot3_msgs/turtlebot3_msgs/srv/detail/dqn__type_support.hpp
[0.733s] -- Up-to-date: /home/augustmenard/Intro-to-Robotics-Research-Labs/lab5_ws/install/turtlebot3_msgs/include/turtlebot3_msgs/turtlebot3_msgs/srv/detail/sound__type_support.hpp
[0.733s] -- Up-to-date: /home/augustmenard/Intro-to-Robotics-Research-Labs/lab5_ws/install/turtlebot3_msgs/include/turtlebot3_msgs/turtlebot3_msgs/srv/detail/sound__traits.hpp
[0.733s] -- Up-to-date: /home/augustmenard/Intro-to-Robotics-Research-Labs/lab5_ws/install/turtlebot3_msgs/include/turtlebot3_msgs/turtlebot3_msgs/srv/detail/goal__type_support.hpp
[0.733s] -- Up-to-date: /home/augustmenard/Intro-to-Robotics-Research-Labs/lab5_ws/install/turtlebot3_msgs/include/turtlebot3_msgs/turtlebot3_msgs/srv/detail/goal__builder.hpp
[0.733s] -- Up-to-date: /home/augustmenard/Intro-to-Robotics-Research-Labs/lab5_ws/install/turtlebot3_msgs/include/turtlebot3_msgs/turtlebot3_msgs/srv/detail/sound__builder.hpp
[0.733s] -- Up-to-date: /home/augustmenard/Intro-to-Robotics-Research-Labs/lab5_ws/install/turtlebot3_msgs/include/turtlebot3_msgs/turtlebot3_msgs/srv/detail/goal__struct.hpp
[0.733s] -- Up-to-date: /home/augustmenard/Intro-to-Robotics-Research-Labs/lab5_ws/install/turtlebot3_msgs/include/turtlebot3_msgs/turtlebot3_msgs/srv/detail/goal__traits.hpp
[0.733s] -- Up-to-date: /home/augustmenard/Intro-to-Robotics-Research-Labs/lab5_ws/install/turtlebot3_msgs/include/turtlebot3_msgs/turtlebot3_msgs/srv/detail/dqn__builder.hpp
[0.733s] -- Up-to-date: /home/augustmenard/Intro-to-Robotics-Research-Labs/lab5_ws/install/turtlebot3_msgs/include/turtlebot3_msgs/turtlebot3_msgs/srv/detail/dqn__struct.hpp
[0.733s] -- Up-to-date: /home/augustmenard/Intro-to-Robotics-Research-Labs/lab5_ws/install/turtlebot3_msgs/include/turtlebot3_msgs/turtlebot3_msgs/srv/detail/dqn__traits.hpp
[0.733s] -- Up-to-date: /home/augustmenard/Intro-to-Robotics-Research-Labs/lab5_ws/install/turtlebot3_msgs/include/turtlebot3_msgs/turtlebot3_msgs/srv/detail/sound__struct.hpp
[0.735s] -- Up-to-date: /home/augustmenard/Intro-to-Robotics-Research-Labs/lab5_ws/install/turtlebot3_msgs/include/turtlebot3_msgs/turtlebot3_msgs/srv/sound.hpp
[0.735s] -- Up-to-date: /home/augustmenard/Intro-to-Robotics-Research-Labs/lab5_ws/install/turtlebot3_msgs/include/turtlebot3_msgs/turtlebot3_msgs/srv/dqn.hpp
[0.735s] -- Up-to-date: /home/augustmenard/Intro-to-Robotics-Research-Labs/lab5_ws/install/turtlebot3_msgs/include/turtlebot3_msgs/turtlebot3_msgs/msg
[0.735s] -- Up-to-date: /home/augustmenard/Intro-to-Robotics-Research-Labs/lab5_ws/install/turtlebot3_msgs/include/turtlebot3_msgs/turtlebot3_msgs/msg/rosidl_generator_cpp__visibility_control.hpp
[0.735s] -- Up-to-date: /home/augustmenard/Intro-to-Robotics-Research-Labs/lab5_ws/install/turtlebot3_msgs/include/turtlebot3_msgs/turtlebot3_msgs/msg/version_info.hpp
[0.735s] -- Up-to-date: /home/augustmenard/Intro-to-Robotics-Research-Labs/lab5_ws/install/turtlebot3_msgs/include/turtlebot3_msgs/turtlebot3_msgs/msg/detail
[0.735s] -- Up-to-date: /home/augustmenard/Intro-to-Robotics-Research-Labs/lab5_ws/install/turtlebot3_msgs/include/turtlebot3_msgs/turtlebot3_msgs/msg/detail/sensor_state__builder.hpp
[0.735s] -- Up-to-date: /home/augustmenard/Intro-to-Robotics-Research-Labs/lab5_ws/install/turtlebot3_msgs/include/turtlebot3_msgs/turtlebot3_msgs/msg/detail/sensor_state__traits.hpp
[0.735s] -- Up-to-date: /home/augustmenard/Intro-to-Robotics-Research-Labs/lab5_ws/install/turtlebot3_msgs/include/turtlebot3_msgs/turtlebot3_msgs/msg/detail/sound__type_support.hpp
[0.735s] -- Up-to-date: /home/augustmenard/Intro-to-Robotics-Research-Labs/lab5_ws/install/turtlebot3_msgs/include/turtlebot3_msgs/turtlebot3_msgs/msg/detail/version_info__traits.hpp
[0.735s] -- Up-to-date: /home/augustmenard/Intro-to-Robotics-Research-Labs/lab5_ws/install/turtlebot3_msgs/include/turtlebot3_msgs/turtlebot3_msgs/msg/detail/sound__traits.hpp
[0.735s] -- Up-to-date: /home/augustmenard/Intro-to-Robotics-Research-Labs/lab5_ws/install/turtlebot3_msgs/include/turtlebot3_msgs/turtlebot3_msgs/msg/detail/sensor_state__struct.hpp
[0.735s] -- Up-to-date: /home/augustmenard/Intro-to-Robotics-Research-Labs/lab5_ws/install/turtlebot3_msgs/include/turtlebot3_msgs/turtlebot3_msgs/msg/detail/sound__builder.hpp
[0.735s] -- Up-to-date: /home/augustmenard/Intro-to-Robotics-Research-Labs/lab5_ws/install/turtlebot3_msgs/include/turtlebot3_msgs/turtlebot3_msgs/msg/detail/version_info__struct.hpp
[0.736s] -- Up-to-date: /home/augustmenard/Intro-to-Robotics-Research-Labs/lab5_ws/install/turtlebot3_msgs/include/turtlebot3_msgs/turtlebot3_msgs/msg/detail/version_info__type_support.hpp
[0.736s] -- Up-to-date: /home/augustmenard/Intro-to-Robotics-Research-Labs/lab5_ws/install/turtlebot3_msgs/include/turtlebot3_msgs/turtlebot3_msgs/msg/detail/sensor_state__type_support.hpp
[0.736s] -- Up-to-date: /home/augustmenard/Intro-to-Robotics-Research-Labs/lab5_ws/install/turtlebot3_msgs/include/turtlebot3_msgs/turtlebot3_msgs/msg/detail/version_info__builder.hpp
[0.736s] -- Up-to-date: /home/augustmenard/Intro-to-Robotics-Research-Labs/lab5_ws/install/turtlebot3_msgs/include/turtlebot3_msgs/turtlebot3_msgs/msg/detail/sound__struct.hpp
[0.736s] -- Up-to-date: /home/augustmenard/Intro-to-Robotics-Research-Labs/lab5_ws/install/turtlebot3_msgs/include/turtlebot3_msgs/turtlebot3_msgs/msg/sound.hpp
[0.736s] -- Up-to-date: /home/augustmenard/Intro-to-Robotics-Research-Labs/lab5_ws/install/turtlebot3_msgs/include/turtlebot3_msgs/turtlebot3_msgs/msg/sensor_state.hpp
[0.736s] -- Up-to-date: /home/augustmenard/Intro-to-Robotics-Research-Labs/lab5_ws/install/turtlebot3_msgs/include/turtlebot3_msgs/turtlebot3_msgs
[0.736s] -- Up-to-date: /home/augustmenard/Intro-to-Robotics-Research-Labs/lab5_ws/install/turtlebot3_msgs/include/turtlebot3_msgs/turtlebot3_msgs/action
[0.736s] -- Up-to-date: /home/augustmenard/Intro-to-Robotics-Research-Labs/lab5_ws/install/turtlebot3_msgs/include/turtlebot3_msgs/turtlebot3_msgs/action/detail
[0.736s] -- Up-to-date: /home/augustmenard/Intro-to-Robotics-Research-Labs/lab5_ws/install/turtlebot3_msgs/include/turtlebot3_msgs/turtlebot3_msgs/action/detail/dds_fastrtps
[0.736s] -- Up-to-date: /home/augustmenard/Intro-to-Robotics-Research-Labs/lab5_ws/install/turtlebot3_msgs/include/turtlebot3_msgs/turtlebot3_msgs/action/detail/patrol__rosidl_typesupport_fastrtps_cpp.hpp
[0.736s] -- Up-to-date: /home/augustmenard/Intro-to-Robotics-Research-Labs/lab5_ws/install/turtlebot3_msgs/include/turtlebot3_msgs/turtlebot3_msgs/srv
[0.736s] -- Up-to-date: /home/augustmenard/Intro-to-Robotics-Research-Labs/lab5_ws/install/turtlebot3_msgs/include/turtlebot3_msgs/turtlebot3_msgs/srv/detail
[0.736s] -- Up-to-date: /home/augustmenard/Intro-to-Robotics-Research-Labs/lab5_ws/install/turtlebot3_msgs/include/turtlebot3_msgs/turtlebot3_msgs/srv/detail/dds_fastrtps
[0.736s] -- Up-to-date: /home/augustmenard/Intro-to-Robotics-Research-Labs/lab5_ws/install/turtlebot3_msgs/include/turtlebot3_msgs/turtlebot3_msgs/srv/detail/goal__rosidl_typesupport_fastrtps_cpp.hpp
[0.737s] -- Up-to-date: /home/augustmenard/Intro-to-Robotics-Research-Labs/lab5_ws/install/turtlebot3_msgs/include/turtlebot3_msgs/turtlebot3_msgs/srv/detail/sound__rosidl_typesupport_fastrtps_cpp.hpp
[0.737s] -- Up-to-date: /home/augustmenard/Intro-to-Robotics-Research-Labs/lab5_ws/install/turtlebot3_msgs/include/turtlebot3_msgs/turtlebot3_msgs/srv/detail/dqn__rosidl_typesupport_fastrtps_cpp.hpp
[0.737s] -- Up-to-date: /home/augustmenard/Intro-to-Robotics-Research-Labs/lab5_ws/install/turtlebot3_msgs/include/turtlebot3_msgs/turtlebot3_msgs/msg
[0.737s] -- Up-to-date: /home/augustmenard/Intro-to-Robotics-Research-Labs/lab5_ws/install/turtlebot3_msgs/include/turtlebot3_msgs/turtlebot3_msgs/msg/detail
[0.737s] -- Up-to-date: /home/augustmenard/Intro-to-Robotics-Research-Labs/lab5_ws/install/turtlebot3_msgs/include/turtlebot3_msgs/turtlebot3_msgs/msg/detail/dds_fastrtps
[0.737s] -- Up-to-date: /home/augustmenard/Intro-to-Robotics-Research-Labs/lab5_ws/install/turtlebot3_msgs/include/turtlebot3_msgs/turtlebot3_msgs/msg/detail/sensor_state__rosidl_typesupport_fastrtps_cpp.hpp
[0.737s] -- Up-to-date: /home/augustmenard/Intro-to-Robotics-Research-Labs/lab5_ws/install/turtlebot3_msgs/include/turtlebot3_msgs/turtlebot3_msgs/msg/detail/sound__rosidl_typesupport_fastrtps_cpp.hpp
[0.737s] -- Up-to-date: /home/augustmenard/Intro-to-Robotics-Research-Labs/lab5_ws/install/turtlebot3_msgs/include/turtlebot3_msgs/turtlebot3_msgs/msg/detail/version_info__rosidl_typesupport_fastrtps_cpp.hpp
[0.737s] -- Up-to-date: /home/augustmenard/Intro-to-Robotics-Research-Labs/lab5_ws/install/turtlebot3_msgs/include/turtlebot3_msgs/turtlebot3_msgs/msg/rosidl_typesupport_fastrtps_cpp__visibility_control.h
[0.737s] -- Up-to-date: /home/augustmenard/Intro-to-Robotics-Research-Labs/lab5_ws/install/turtlebot3_msgs/lib/libturtlebot3_msgs__rosidl_typesupport_fastrtps_cpp.so
[0.739s] -- Up-to-date: /home/augustmenard/Intro-to-Robotics-Research-Labs/lab5_ws/install/turtlebot3_msgs/include/turtlebot3_msgs/turtlebot3_msgs
[0.739s] -- Up-to-date: /home/augustmenard/Intro-to-Robotics-Research-Labs/lab5_ws/install/turtlebot3_msgs/include/turtlebot3_msgs/turtlebot3_msgs/action
[0.739s] -- Up-to-date: /home/augustmenard/Intro-to-Robotics-Research-Labs/lab5_ws/install/turtlebot3_msgs/include/turtlebot3_msgs/turtlebot3_msgs/action/detail
[0.739s] -- Up-to-date: /home/augustmenard/Intro-to-Robotics-Research-Labs/lab5_ws/install/turtlebot3_msgs/include/turtlebot3_msgs/turtlebot3_msgs/action/detail/patrol__type_support.c
[0.739s] -- Up-to-date: /home/augustmenard/Intro-to-Robotics-Research-Labs/lab5_ws/install/turtlebot3_msgs/include/turtlebot3_msgs/turtlebot3_msgs/action/detail/patrol__rosidl_typesupport_introspection_c.h
[0.739s] -- Up-to-date: /home/augustmenard/Intro-to-Robotics-Research-Labs/lab5_ws/install/turtlebot3_msgs/include/turtlebot3_msgs/turtlebot3_msgs/srv
[0.740s] -- Up-to-date: /home/augustmenard/Intro-to-Robotics-Research-Labs/lab5_ws/install/turtlebot3_msgs/include/turtlebot3_msgs/turtlebot3_msgs/srv/detail
[0.740s] -- Up-to-date: /home/augustmenard/Intro-to-Robotics-Research-Labs/lab5_ws/install/turtlebot3_msgs/include/turtlebot3_msgs/turtlebot3_msgs/srv/detail/sound__rosidl_typesupport_introspection_c.h
[0.740s] -- Up-to-date: /home/augustmenard/Intro-to-Robotics-Research-Labs/lab5_ws/install/turtlebot3_msgs/include/turtlebot3_msgs/turtlebot3_msgs/srv/detail/goal__rosidl_typesupport_introspection_c.h
[0.740s] -- Up-to-date: /home/augustmenard/Intro-to-Robotics-Research-Labs/lab5_ws/install/turtlebot3_msgs/include/turtlebot3_msgs/turtlebot3_msgs/srv/detail/goal__type_support.c
[0.740s] -- Up-to-date: /home/augustmenard/Intro-to-Robotics-Research-Labs/lab5_ws/install/turtlebot3_msgs/include/turtlebot3_msgs/turtlebot3_msgs/srv/detail/dqn__type_support.c
[0.740s] -- Up-to-date: /home/augustmenard/Intro-to-Robotics-Research-Labs/lab5_ws/install/turtlebot3_msgs/include/turtlebot3_msgs/turtlebot3_msgs/srv/detail/sound__type_support.c
[0.740s] -- Up-to-date: /home/augustmenard/Intro-to-Robotics-Research-Labs/lab5_ws/install/turtlebot3_msgs/include/turtlebot3_msgs/turtlebot3_msgs/srv/detail/dqn__rosidl_typesupport_introspection_c.h
[0.740s] -- Up-to-date: /home/augustmenard/Intro-to-Robotics-Research-Labs/lab5_ws/install/turtlebot3_msgs/include/turtlebot3_msgs/turtlebot3_msgs/msg
[0.740s] -- Up-to-date: /home/augustmenard/Intro-to-Robotics-Research-Labs/lab5_ws/install/turtlebot3_msgs/include/turtlebot3_msgs/turtlebot3_msgs/msg/detail
[0.740s] -- Up-to-date: /home/augustmenard/Intro-to-Robotics-Research-Labs/lab5_ws/install/turtlebot3_msgs/include/turtlebot3_msgs/turtlebot3_msgs/msg/detail/sensor_state__type_support.c
[0.740s] -- Up-to-date: /home/augustmenard/Intro-to-Robotics-Research-Labs/lab5_ws/install/turtlebot3_msgs/include/turtlebot3_msgs/turtlebot3_msgs/msg/detail/sound__rosidl_typesupport_introspection_c.h
[0.740s] -- Up-to-date: /home/augustmenard/Intro-to-Robotics-Research-Labs/lab5_ws/install/turtlebot3_msgs/include/turtlebot3_msgs/turtlebot3_msgs/msg/detail/sensor_state__rosidl_typesupport_introspection_c.h
[0.740s] -- Up-to-date: /home/augustmenard/Intro-to-Robotics-Research-Labs/lab5_ws/install/turtlebot3_msgs/include/turtlebot3_msgs/turtlebot3_msgs/msg/detail/version_info__type_support.c
[0.740s] -- Up-to-date: /home/augustmenard/Intro-to-Robotics-Research-Labs/lab5_ws/install/turtlebot3_msgs/include/turtlebot3_msgs/turtlebot3_msgs/msg/detail/sound__type_support.c
[0.740s] -- Up-to-date: /home/augustmenard/Intro-to-Robotics-Research-Labs/lab5_ws/install/turtlebot3_msgs/include/turtlebot3_msgs/turtlebot3_msgs/msg/detail/version_info__rosidl_typesupport_introspection_c.h
[0.741s] -- Up-to-date: /home/augustmenard/Intro-to-Robotics-Research-Labs/lab5_ws/install/turtlebot3_msgs/include/turtlebot3_msgs/turtlebot3_msgs/msg/rosidl_typesupport_introspection_c__visibility_control.h
[0.741s] -- Up-to-date: /home/augustmenard/Intro-to-Robotics-Research-Labs/lab5_ws/install/turtlebot3_msgs/lib/libturtlebot3_msgs__rosidl_typesupport_introspection_c.so
[0.741s] -- Up-to-date: /home/augustmenard/Intro-to-Robotics-Research-Labs/lab5_ws/install/turtlebot3_msgs/lib/libturtlebot3_msgs__rosidl_typesupport_c.so
[0.741s] -- Up-to-date: /home/augustmenard/Intro-to-Robotics-Research-Labs/lab5_ws/install/turtlebot3_msgs/include/turtlebot3_msgs/turtlebot3_msgs
[0.741s] -- Up-to-date: /home/augustmenard/Intro-to-Robotics-Research-Labs/lab5_ws/install/turtlebot3_msgs/include/turtlebot3_msgs/turtlebot3_msgs/action
[0.741s] -- Up-to-date: /home/augustmenard/Intro-to-Robotics-Research-Labs/lab5_ws/install/turtlebot3_msgs/include/turtlebot3_msgs/turtlebot3_msgs/action/detail
[0.741s] -- Up-to-date: /home/augustmenard/Intro-to-Robotics-Research-Labs/lab5_ws/install/turtlebot3_msgs/include/turtlebot3_msgs/turtlebot3_msgs/action/detail/patrol__rosidl_typesupport_introspection_cpp.hpp
[0.741s] -- Up-to-date: /home/augustmenard/Intro-to-Robotics-Research-Labs/lab5_ws/install/turtlebot3_msgs/include/turtlebot3_msgs/turtlebot3_msgs/action/detail/patrol__type_support.cpp
[0.741s] -- Up-to-date: /home/augustmenard/Intro-to-Robotics-Research-Labs/lab5_ws/install/turtlebot3_msgs/include/turtlebot3_msgs/turtlebot3_msgs/srv
[0.741s] -- Up-to-date: /home/augustmenard/Intro-to-Robotics-Research-Labs/lab5_ws/install/turtlebot3_msgs/include/turtlebot3_msgs/turtlebot3_msgs/srv/detail
[0.741s] -- Up-to-date: /home/augustmenard/Intro-to-Robotics-Research-Labs/lab5_ws/install/turtlebot3_msgs/include/turtlebot3_msgs/turtlebot3_msgs/srv/detail/sound__type_support.cpp
[0.741s] -- Up-to-date: /home/augustmenard/Intro-to-Robotics-Research-Labs/lab5_ws/install/turtlebot3_msgs/include/turtlebot3_msgs/turtlebot3_msgs/srv/detail/dqn__rosidl_typesupport_introspection_cpp.hpp
[0.741s] -- Up-to-date: /home/augustmenard/Intro-to-Robotics-Research-Labs/lab5_ws/install/turtlebot3_msgs/include/turtlebot3_msgs/turtlebot3_msgs/srv/detail/sound__rosidl_typesupport_introspection_cpp.hpp
[0.741s] -- Up-to-date: /home/augustmenard/Intro-to-Robotics-Research-Labs/lab5_ws/install/turtlebot3_msgs/include/turtlebot3_msgs/turtlebot3_msgs/srv/detail/goal__type_support.cpp
[0.741s] -- Up-to-date: /home/augustmenard/Intro-to-Robotics-Research-Labs/lab5_ws/install/turtlebot3_msgs/include/turtlebot3_msgs/turtlebot3_msgs/srv/detail/dqn__type_support.cpp
[0.741s] -- Up-to-date: /home/augustmenard/Intro-to-Robotics-Research-Labs/lab5_ws/install/turtlebot3_msgs/include/turtlebot3_msgs/turtlebot3_msgs/srv/detail/goal__rosidl_typesupport_introspection_cpp.hpp
[0.742s] -- Up-to-date: /home/augustmenard/Intro-to-Robotics-Research-Labs/lab5_ws/install/turtlebot3_msgs/include/turtlebot3_msgs/turtlebot3_msgs/msg
[0.742s] -- Up-to-date: /home/augustmenard/Intro-to-Robotics-Research-Labs/lab5_ws/install/turtlebot3_msgs/include/turtlebot3_msgs/turtlebot3_msgs/msg/detail
[0.742s] -- Up-to-date: /home/augustmenard/Intro-to-Robotics-Research-Labs/lab5_ws/install/turtlebot3_msgs/include/turtlebot3_msgs/turtlebot3_msgs/msg/detail/sound__type_support.cpp
[0.742s] -- Up-to-date: /home/augustmenard/Intro-to-Robotics-Research-Labs/lab5_ws/install/turtlebot3_msgs/include/turtlebot3_msgs/turtlebot3_msgs/msg/detail/version_info__rosidl_typesupport_introspection_cpp.hpp
[0.742s] -- Up-to-date: /home/augustmenard/Intro-to-Robotics-Research-Labs/lab5_ws/install/turtlebot3_msgs/include/turtlebot3_msgs/turtlebot3_msgs/msg/detail/sound__rosidl_typesupport_introspection_cpp.hpp
[0.742s] -- Up-to-date: /home/augustmenard/Intro-to-Robotics-Research-Labs/lab5_ws/install/turtlebot3_msgs/include/turtlebot3_msgs/turtlebot3_msgs/msg/detail/sensor_state__type_support.cpp
[0.742s] -- Up-to-date: /home/augustmenard/Intro-to-Robotics-Research-Labs/lab5_ws/install/turtlebot3_msgs/include/turtlebot3_msgs/turtlebot3_msgs/msg/detail/version_info__type_support.cpp
[0.742s] -- Up-to-date: /home/augustmenard/Intro-to-Robotics-Research-Labs/lab5_ws/install/turtlebot3_msgs/include/turtlebot3_msgs/turtlebot3_msgs/msg/detail/sensor_state__rosidl_typesupport_introspection_cpp.hpp
[0.742s] -- Up-to-date: /home/augustmenard/Intro-to-Robotics-Research-Labs/lab5_ws/install/turtlebot3_msgs/lib/libturtlebot3_msgs__rosidl_typesupport_introspection_cpp.so
[0.742s] -- Up-to-date: /home/augustmenard/Intro-to-Robotics-Research-Labs/lab5_ws/install/turtlebot3_msgs/lib/libturtlebot3_msgs__rosidl_typesupport_cpp.so
[0.742s] -- Up-to-date: /home/augustmenard/Intro-to-Robotics-Research-Labs/lab5_ws/install/turtlebot3_msgs/share/turtlebot3_msgs/environment/pythonpath.sh
[0.742s] -- Up-to-date: /home/augustmenard/Intro-to-Robotics-Research-Labs/lab5_ws/install/turtlebot3_msgs/share/turtlebot3_msgs/environment/pythonpath.dsv
[0.742s] -- Up-to-date: /home/augustmenard/Intro-to-Robotics-Research-Labs/lab5_ws/install/turtlebot3_msgs/local/lib/python3.10/dist-packages/turtlebot3_msgs-2.4.0-py3.10.egg-info
[0.742s] -- Installing: /home/augustmenard/Intro-to-Robotics-Research-Labs/lab5_ws/install/turtlebot3_msgs/local/lib/python3.10/dist-packages/turtlebot3_msgs-2.4.0-py3.10.egg-info/PKG-INFO
[0.743s] -- Installing: /home/augustmenard/Intro-to-Robotics-Research-Labs/lab5_ws/install/turtlebot3_msgs/local/lib/python3.10/dist-packages/turtlebot3_msgs-2.4.0-py3.10.egg-info/top_level.txt
[0.743s] -- Installing: /home/augustmenard/Intro-to-Robotics-Research-Labs/lab5_ws/install/turtlebot3_msgs/local/lib/python3.10/dist-packages/turtlebot3_msgs-2.4.0-py3.10.egg-info/SOURCES.txt
[0.743s] -- Installing: /home/augustmenard/Intro-to-Robotics-Research-Labs/lab5_ws/install/turtlebot3_msgs/local/lib/python3.10/dist-packages/turtlebot3_msgs-2.4.0-py3.10.egg-info/dependency_links.txt
[0.743s] -- Up-to-date: /home/augustmenard/Intro-to-Robotics-Research-Labs/lab5_ws/install/turtlebot3_msgs/local/lib/python3.10/dist-packages/turtlebot3_msgs
[0.743s] -- Up-to-date: /home/augustmenard/Intro-to-Robotics-Research-Labs/lab5_ws/install/turtlebot3_msgs/local/lib/python3.10/dist-packages/turtlebot3_msgs/libturtlebot3_msgs__rosidl_generator_py.so
[0.743s] -- Up-to-date: /home/augustmenard/Intro-to-Robotics-Research-Labs/lab5_ws/install/turtlebot3_msgs/local/lib/python3.10/dist-packages/turtlebot3_msgs/_turtlebot3_msgs_s.ep.rosidl_typesupport_c.c
[0.743s] -- Up-to-date: /home/augustmenard/Intro-to-Robotics-Research-Labs/lab5_ws/install/turtlebot3_msgs/local/lib/python3.10/dist-packages/turtlebot3_msgs/__init__.py
[0.743s] -- Up-to-date: /home/augustmenard/Intro-to-Robotics-Research-Labs/lab5_ws/install/turtlebot3_msgs/local/lib/python3.10/dist-packages/turtlebot3_msgs/action
[0.743s] -- Up-to-date: /home/augustmenard/Intro-to-Robotics-Research-Labs/lab5_ws/install/turtlebot3_msgs/local/lib/python3.10/dist-packages/turtlebot3_msgs/action/__init__.py
[0.743s] -- Up-to-date: /home/augustmenard/Intro-to-Robotics-Research-Labs/lab5_ws/install/turtlebot3_msgs/local/lib/python3.10/dist-packages/turtlebot3_msgs/action/_patrol_s.c
[0.743s] -- Up-to-date: /home/augustmenard/Intro-to-Robotics-Research-Labs/lab5_ws/install/turtlebot3_msgs/local/lib/python3.10/dist-packages/turtlebot3_msgs/action/_patrol.py
[0.743s] -- Up-to-date: /home/augustmenard/Intro-to-Robotics-Research-Labs/lab5_ws/install/turtlebot3_msgs/local/lib/python3.10/dist-packages/turtlebot3_msgs/turtlebot3_msgs_s__rosidl_typesupport_fastrtps_c.cpython-310-x86_64-linux-gnu.so
[0.743s] -- Up-to-date: /home/augustmenard/Intro-to-Robotics-Research-Labs/lab5_ws/install/turtlebot3_msgs/local/lib/python3.10/dist-packages/turtlebot3_msgs/srv
[0.743s] -- Up-to-date: /home/augustmenard/Intro-to-Robotics-Research-Labs/lab5_ws/install/turtlebot3_msgs/local/lib/python3.10/dist-packages/turtlebot3_msgs/srv/_dqn_s.c
[0.743s] -- Up-to-date: /home/augustmenard/Intro-to-Robotics-Research-Labs/lab5_ws/install/turtlebot3_msgs/local/lib/python3.10/dist-packages/turtlebot3_msgs/srv/__init__.py
[0.744s] -- Up-to-date: /home/augustmenard/Intro-to-Robotics-Research-Labs/lab5_ws/install/turtlebot3_msgs/local/lib/python3.10/dist-packages/turtlebot3_msgs/srv/_sound.py
[0.744s] -- Up-to-date: /home/augustmenard/Intro-to-Robotics-Research-Labs/lab5_ws/install/turtlebot3_msgs/local/lib/python3.10/dist-packages/turtlebot3_msgs/srv/_dqn.py
[0.744s] -- Up-to-date: /home/augustmenard/Intro-to-Robotics-Research-Labs/lab5_ws/install/turtlebot3_msgs/local/lib/python3.10/dist-packages/turtlebot3_msgs/srv/_sound_s.c
[0.744s] -- Up-to-date: /home/augustmenard/Intro-to-Robotics-Research-Labs/lab5_ws/install/turtlebot3_msgs/local/lib/python3.10/dist-packages/turtlebot3_msgs/srv/_goal.py
[0.744s] -- Up-to-date: /home/augustmenard/Intro-to-Robotics-Research-Labs/lab5_ws/install/turtlebot3_msgs/local/lib/python3.10/dist-packages/turtlebot3_msgs/srv/_goal_s.c
[0.744s] -- Up-to-date: /home/augustmenard/Intro-to-Robotics-Research-Labs/lab5_ws/install/turtlebot3_msgs/local/lib/python3.10/dist-packages/turtlebot3_msgs/turtlebot3_msgs_s__rosidl_typesupport_introspection_c.cpython-310-x86_64-linux-gnu.so
[0.744s] -- Up-to-date: /home/augustmenard/Intro-to-Robotics-Research-Labs/lab5_ws/install/turtlebot3_msgs/local/lib/python3.10/dist-packages/turtlebot3_msgs/_turtlebot3_msgs_s.ep.rosidl_typesupport_fastrtps_c.c
[0.744s] -- Up-to-date: /home/augustmenard/Intro-to-Robotics-Research-Labs/lab5_ws/install/turtlebot3_msgs/local/lib/python3.10/dist-packages/turtlebot3_msgs/turtlebot3_msgs_s__rosidl_typesupport_c.cpython-310-x86_64-linux-gnu.so
[0.744s] -- Up-to-date: /home/augustmenard/Intro-to-Robotics-Research-Labs/lab5_ws/install/turtlebot3_msgs/local/lib/python3.10/dist-packages/turtlebot3_msgs/msg
[0.744s] -- Up-to-date: /home/augustmenard/Intro-to-Robotics-Research-Labs/lab5_ws/install/turtlebot3_msgs/local/lib/python3.10/dist-packages/turtlebot3_msgs/msg/__init__.py
[0.744s] -- Up-to-date: /home/augustmenard/Intro-to-Robotics-Research-Labs/lab5_ws/install/turtlebot3_msgs/local/lib/python3.10/dist-packages/turtlebot3_msgs/msg/_sensor_state.py
[0.744s] -- Up-to-date: /home/augustmenard/Intro-to-Robotics-Research-Labs/lab5_ws/install/turtlebot3_msgs/local/lib/python3.10/dist-packages/turtlebot3_msgs/msg/_sound.py
[0.744s] -- Up-to-date: /home/augustmenard/Intro-to-Robotics-Research-Labs/lab5_ws/install/turtlebot3_msgs/local/lib/python3.10/dist-packages/turtlebot3_msgs/msg/_sound_s.c
[0.744s] -- Up-to-date: /home/augustmenard/Intro-to-Robotics-Research-Labs/lab5_ws/install/turtlebot3_msgs/local/lib/python3.10/dist-packages/turtlebot3_msgs/msg/_sensor_state_s.c
[0.744s] -- Up-to-date: /home/augustmenard/Intro-to-Robotics-Research-Labs/lab5_ws/install/turtlebot3_msgs/local/lib/python3.10/dist-packages/turtlebot3_msgs/msg/_version_info.py
[0.745s] -- Up-to-date: /home/augustmenard/Intro-to-Robotics-Research-Labs/lab5_ws/install/turtlebot3_msgs/local/lib/python3.10/dist-packages/turtlebot3_msgs/msg/_version_info_s.c
[0.745s] -- Up-to-date: /home/augustmenard/Intro-to-Robotics-Research-Labs/lab5_ws/install/turtlebot3_msgs/local/lib/python3.10/dist-packages/turtlebot3_msgs/_turtlebot3_msgs_s.ep.rosidl_typesupport_introspection_c.c
[0.766s] Listing '/home/augustmenard/Intro-to-Robotics-Research-Labs/lab5_ws/install/turtlebot3_msgs/local/lib/python3.10/dist-packages/turtlebot3_msgs'...
[0.766s] Listing '/home/augustmenard/Intro-to-Robotics-Research-Labs/lab5_ws/install/turtlebot3_msgs/local/lib/python3.10/dist-packages/turtlebot3_msgs/action'...
[0.766s] Listing '/home/augustmenard/Intro-to-Robotics-Research-Labs/lab5_ws/install/turtlebot3_msgs/local/lib/python3.10/dist-packages/turtlebot3_msgs/msg'...
[0.766s] Listing '/home/augustmenard/Intro-to-Robotics-Research-Labs/lab5_ws/install/turtlebot3_msgs/local/lib/python3.10/dist-packages/turtlebot3_msgs/srv'...
[0.769s] -- Up-to-date: /home/augustmenard/Intro-to-Robotics-Research-Labs/lab5_ws/install/turtlebot3_msgs/local/lib/python3.10/dist-packages/turtlebot3_msgs/turtlebot3_msgs_s__rosidl_typesupport_fastrtps_c.cpython-310-x86_64-linux-gnu.so
[0.769s] -- Up-to-date: /home/augustmenard/Intro-to-Robotics-Research-Labs/lab5_ws/install/turtlebot3_msgs/local/lib/python3.10/dist-packages/turtlebot3_msgs/turtlebot3_msgs_s__rosidl_typesupport_introspection_c.cpython-310-x86_64-linux-gnu.so
[0.770s] -- Up-to-date: /home/augustmenard/Intro-to-Robotics-Research-Labs/lab5_ws/install/turtlebot3_msgs/local/lib/python3.10/dist-packages/turtlebot3_msgs/turtlebot3_msgs_s__rosidl_typesupport_c.cpython-310-x86_64-linux-gnu.so
[0.770s] -- Up-to-date: /home/augustmenard/Intro-to-Robotics-Research-Labs/lab5_ws/install/turtlebot3_msgs/lib/libturtlebot3_msgs__rosidl_generator_py.so
[0.770s] -- Up-to-date: /home/augustmenard/Intro-to-Robotics-Research-Labs/lab5_ws/install/turtlebot3_msgs/share/turtlebot3_msgs/msg/SensorState.idl
[0.770s] -- Up-to-date: /home/augustmenard/Intro-to-Robotics-Research-Labs/lab5_ws/install/turtlebot3_msgs/share/turtlebot3_msgs/msg/Sound.idl
[0.770s] -- Up-to-date: /home/augustmenard/Intro-to-Robotics-Research-Labs/lab5_ws/install/turtlebot3_msgs/share/turtlebot3_msgs/msg/VersionInfo.idl
[0.770s] -- Up-to-date: /home/augustmenard/Intro-to-Robotics-Research-Labs/lab5_ws/install/turtlebot3_msgs/share/turtlebot3_msgs/srv/Sound.idl
[0.770s] -- Up-to-date: /home/augustmenard/Intro-to-Robotics-Research-Labs/lab5_ws/install/turtlebot3_msgs/share/turtlebot3_msgs/srv/Dqn.idl
[0.770s] -- Up-to-date: /home/augustmenard/Intro-to-Robotics-Research-Labs/lab5_ws/install/turtlebot3_msgs/share/turtlebot3_msgs/srv/Goal.idl
[0.770s] -- Up-to-date: /home/augustmenard/Intro-to-Robotics-Research-Labs/lab5_ws/install/turtlebot3_msgs/share/turtlebot3_msgs/action/Patrol.idl
[0.770s] -- Up-to-date: /home/augustmenard/Intro-to-Robotics-Research-Labs/lab5_ws/install/turtlebot3_msgs/share/turtlebot3_msgs/msg/SensorState.msg
[0.770s] -- Up-to-date: /home/augustmenard/Intro-to-Robotics-Research-Labs/lab5_ws/install/turtlebot3_msgs/share/turtlebot3_msgs/msg/Sound.msg
[0.770s] -- Up-to-date: /home/augustmenard/Intro-to-Robotics-Research-Labs/lab5_ws/install/turtlebot3_msgs/share/turtlebot3_msgs/msg/VersionInfo.msg
[0.770s] -- Up-to-date: /home/augustmenard/Intro-to-Robotics-Research-Labs/lab5_ws/install/turtlebot3_msgs/share/turtlebot3_msgs/srv/Sound.srv
[0.771s] -- Up-to-date: /home/augustmenard/Intro-to-Robotics-Research-Labs/lab5_ws/install/turtlebot3_msgs/share/turtlebot3_msgs/srv/Sound_Request.msg
[0.771s] -- Up-to-date: /home/augustmenard/Intro-to-Robotics-Research-Labs/lab5_ws/install/turtlebot3_msgs/share/turtlebot3_msgs/srv/Sound_Response.msg
[0.771s] -- Up-to-date: /home/augustmenard/Intro-to-Robotics-Research-Labs/lab5_ws/install/turtlebot3_msgs/share/turtlebot3_msgs/srv/Dqn.srv
[0.771s] -- Up-to-date: /home/augustmenard/Intro-to-Robotics-Research-Labs/lab5_ws/install/turtlebot3_msgs/share/turtlebot3_msgs/srv/Dqn_Request.msg
[0.771s] -- Up-to-date: /home/augustmenard/Intro-to-Robotics-Research-Labs/lab5_ws/install/turtlebot3_msgs/share/turtlebot3_msgs/srv/Dqn_Response.msg
[0.771s] -- Up-to-date: /home/augustmenard/Intro-to-Robotics-Research-Labs/lab5_ws/install/turtlebot3_msgs/share/turtlebot3_msgs/srv/Goal.srv
[0.771s] -- Up-to-date: /home/augustmenard/Intro-to-Robotics-Research-Labs/lab5_ws/install/turtlebot3_msgs/share/turtlebot3_msgs/srv/Goal_Request.msg
[0.771s] -- Up-to-date: /home/augustmenard/Intro-to-Robotics-Research-Labs/lab5_ws/install/turtlebot3_msgs/share/turtlebot3_msgs/srv/Goal_Response.msg
[0.771s] -- Up-to-date: /home/augustmenard/Intro-to-Robotics-Research-Labs/lab5_ws/install/turtlebot3_msgs/share/turtlebot3_msgs/action/Patrol.action
[0.771s] -- Up-to-date: /home/augustmenard/Intro-to-Robotics-Research-Labs/lab5_ws/install/turtlebot3_msgs/share/ament_index/resource_index/package_run_dependencies/turtlebot3_msgs
[0.771s] -- Up-to-date: /home/augustmenard/Intro-to-Robotics-Research-Labs/lab5_ws/install/turtlebot3_msgs/share/ament_index/resource_index/parent_prefix_path/turtlebot3_msgs
[0.771s] -- Up-to-date: /home/augustmenard/Intro-to-Robotics-Research-Labs/lab5_ws/install/turtlebot3_msgs/share/turtlebot3_msgs/environment/ament_prefix_path.sh
[0.771s] -- Up-to-date: /home/augustmenard/Intro-to-Robotics-Research-Labs/lab5_ws/install/turtlebot3_msgs/share/turtlebot3_msgs/environment/ament_prefix_path.dsv
[0.771s] -- Up-to-date: /home/augustmenard/Intro-to-Robotics-Research-Labs/lab5_ws/install/turtlebot3_msgs/share/turtlebot3_msgs/environment/path.sh
[0.771s] -- Up-to-date: /home/augustmenard/Intro-to-Robotics-Research-Labs/lab5_ws/install/turtlebot3_msgs/share/turtlebot3_msgs/environment/path.dsv
[0.771s] -- Up-to-date: /home/augustmenard/Intro-to-Robotics-Research-Labs/lab5_ws/install/turtlebot3_msgs/share/turtlebot3_msgs/local_setup.bash
[0.771s] -- Up-to-date: /home/augustmenard/Intro-to-Robotics-Research-Labs/lab5_ws/install/turtlebot3_msgs/share/turtlebot3_msgs/local_setup.sh
[0.772s] -- Up-to-date: /home/augustmenard/Intro-to-Robotics-Research-Labs/lab5_ws/install/turtlebot3_msgs/share/turtlebot3_msgs/local_setup.zsh
[0.772s] -- Up-to-date: /home/augustmenard/Intro-to-Robotics-Research-Labs/lab5_ws/install/turtlebot3_msgs/share/turtlebot3_msgs/local_setup.dsv
[0.772s] -- Installing: /home/augustmenard/Intro-to-Robotics-Research-Labs/lab5_ws/install/turtlebot3_msgs/share/turtlebot3_msgs/package.dsv
[0.772s] -- Up-to-date: /home/augustmenard/Intro-to-Robotics-Research-Labs/lab5_ws/install/turtlebot3_msgs/share/ament_index/resource_index/packages/turtlebot3_msgs
[0.772s] -- Up-to-date: /home/augustmenard/Intro-to-Robotics-Research-Labs/lab5_ws/install/turtlebot3_msgs/share/turtlebot3_msgs/cmake/export_turtlebot3_msgs__rosidl_generator_cExport.cmake
[0.772s] -- Up-to-date: /home/augustmenard/Intro-to-Robotics-Research-Labs/lab5_ws/install/turtlebot3_msgs/share/turtlebot3_msgs/cmake/export_turtlebot3_msgs__rosidl_generator_cExport-noconfig.cmake
[0.772s] -- Up-to-date: /home/augustmenard/Intro-to-Robotics-Research-Labs/lab5_ws/install/turtlebot3_msgs/share/turtlebot3_msgs/cmake/export_turtlebot3_msgs__rosidl_typesupport_fastrtps_cExport.cmake
[0.772s] -- Up-to-date: /home/augustmenard/Intro-to-Robotics-Research-Labs/lab5_ws/install/turtlebot3_msgs/share/turtlebot3_msgs/cmake/export_turtlebot3_msgs__rosidl_typesupport_fastrtps_cExport-noconfig.cmake
[0.772s] -- Up-to-date: /home/augustmenard/Intro-to-Robotics-Research-Labs/lab5_ws/install/turtlebot3_msgs/share/turtlebot3_msgs/cmake/export_turtlebot3_msgs__rosidl_generator_cppExport.cmake
[0.772s] -- Up-to-date: /home/augustmenard/Intro-to-Robotics-Research-Labs/lab5_ws/install/turtlebot3_msgs/share/turtlebot3_msgs/cmake/export_turtlebot3_msgs__rosidl_typesupport_fastrtps_cppExport.cmake
[0.772s] -- Up-to-date: /home/augustmenard/Intro-to-Robotics-Research-Labs/lab5_ws/install/turtlebot3_msgs/share/turtlebot3_msgs/cmake/export_turtlebot3_msgs__rosidl_typesupport_fastrtps_cppExport-noconfig.cmake
[0.772s] -- Up-to-date: /home/augustmenard/Intro-to-Robotics-Research-Labs/lab5_ws/install/turtlebot3_msgs/share/turtlebot3_msgs/cmake/turtlebot3_msgs__rosidl_typesupport_introspection_cExport.cmake
[0.772s] -- Up-to-date: /home/augustmenard/Intro-to-Robotics-Research-Labs/lab5_ws/install/turtlebot3_msgs/share/turtlebot3_msgs/cmake/turtlebot3_msgs__rosidl_typesupport_introspection_cExport-noconfig.cmake
[0.772s] -- Up-to-date: /home/augustmenard/Intro-to-Robotics-Research-Labs/lab5_ws/install/turtlebot3_msgs/share/turtlebot3_msgs/cmake/turtlebot3_msgs__rosidl_typesupport_cExport.cmake
[0.772s] -- Up-to-date: /home/augustmenard/Intro-to-Robotics-Research-Labs/lab5_ws/install/turtlebot3_msgs/share/turtlebot3_msgs/cmake/turtlebot3_msgs__rosidl_typesupport_cExport-noconfig.cmake
[0.772s] -- Up-to-date: /home/augustmenard/Intro-to-Robotics-Research-Labs/lab5_ws/install/turtlebot3_msgs/share/turtlebot3_msgs/cmake/turtlebot3_msgs__rosidl_typesupport_introspection_cppExport.cmake
[0.772s] -- Up-to-date: /home/augustmenard/Intro-to-Robotics-Research-Labs/lab5_ws/install/turtlebot3_msgs/share/turtlebot3_msgs/cmake/turtlebot3_msgs__rosidl_typesupport_introspection_cppExport-noconfig.cmake
[0.772s] -- Up-to-date: /home/augustmenard/Intro-to-Robotics-Research-Labs/lab5_ws/install/turtlebot3_msgs/share/turtlebot3_msgs/cmake/turtlebot3_msgs__rosidl_typesupport_cppExport.cmake
[0.772s] -- Up-to-date: /home/augustmenard/Intro-to-Robotics-Research-Labs/lab5_ws/install/turtlebot3_msgs/share/turtlebot3_msgs/cmake/turtlebot3_msgs__rosidl_typesupport_cppExport-noconfig.cmake
[0.772s] -- Up-to-date: /home/augustmenard/Intro-to-Robotics-Research-Labs/lab5_ws/install/turtlebot3_msgs/share/turtlebot3_msgs/cmake/export_turtlebot3_msgs__rosidl_generator_pyExport.cmake
[0.772s] -- Up-to-date: /home/augustmenard/Intro-to-Robotics-Research-Labs/lab5_ws/install/turtlebot3_msgs/share/turtlebot3_msgs/cmake/export_turtlebot3_msgs__rosidl_generator_pyExport-noconfig.cmake
[0.772s] -- Up-to-date: /home/augustmenard/Intro-to-Robotics-Research-Labs/lab5_ws/install/turtlebot3_msgs/share/turtlebot3_msgs/cmake/rosidl_cmake-extras.cmake
[0.772s] -- Up-to-date: /home/augustmenard/Intro-to-Robotics-Research-Labs/lab5_ws/install/turtlebot3_msgs/share/turtlebot3_msgs/cmake/ament_cmake_export_dependencies-extras.cmake
[0.773s] -- Up-to-date: /home/augustmenard/Intro-to-Robotics-Research-Labs/lab5_ws/install/turtlebot3_msgs/share/turtlebot3_msgs/cmake/ament_cmake_export_include_directories-extras.cmake
[0.773s] -- Up-to-date: /home/augustmenard/Intro-to-Robotics-Research-Labs/lab5_ws/install/turtlebot3_msgs/share/turtlebot3_msgs/cmake/ament_cmake_export_libraries-extras.cmake
[0.773s] -- Up-to-date: /home/augustmenard/Intro-to-Robotics-Research-Labs/lab5_ws/install/turtlebot3_msgs/share/turtlebot3_msgs/cmake/ament_cmake_export_targets-extras.cmake
[0.773s] -- Up-to-date: /home/augustmenard/Intro-to-Robotics-Research-Labs/lab5_ws/install/turtlebot3_msgs/share/turtlebot3_msgs/cmake/rosidl_cmake_export_typesupport_targets-extras.cmake
[0.773s] -- Up-to-date: /home/augustmenard/Intro-to-Robotics-Research-Labs/lab5_ws/install/turtlebot3_msgs/share/turtlebot3_msgs/cmake/rosidl_cmake_export_typesupport_libraries-extras.cmake
[0.773s] -- Up-to-date: /home/augustmenard/Intro-to-Robotics-Research-Labs/lab5_ws/install/turtlebot3_msgs/share/turtlebot3_msgs/cmake/turtlebot3_msgsConfig.cmake
[0.773s] -- Up-to-date: /home/augustmenard/Intro-to-Robotics-Research-Labs/lab5_ws/install/turtlebot3_msgs/share/turtlebot3_msgs/cmake/turtlebot3_msgsConfig-version.cmake
[0.773s] -- Up-to-date: /home/augustmenard/Intro-to-Robotics-Research-Labs/lab5_ws/install/turtlebot3_msgs/share/turtlebot3_msgs/package.xml
[0.805s] Invoked command in '/home/augustmenard/Intro-to-Robotics-Research-Labs/lab5_ws/build/turtlebot3_msgs' returned '0': CMAKE_PREFIX_PATH=${CMAKE_PREFIX_PATH}:/home/augustmenard/Intro-to-Robotics-Research-Labs/lab5_ws/install/team_rocket_action_server_client:/home/augustmenard/Intro-to-Robotics-Research-Labs/lab5_ws/install/turtlebot3_teleop:/home/augustmenard/Intro-to-Robotics-Research-Labs/lab5_ws/install/turtlebot3_example:/opt/ros/humble /usr/bin/cmake --install /home/augustmenard/Intro-to-Robotics-Research-Labs/lab5_ws/build/turtlebot3_msgs
