[4.293s] Invoking command in '/home/burger/Intro-to-Robotics-Research-Labs/lab4_ws/src/team_rocket_navigate_to_goal': PYTHONPATH=/home/burger/Intro-to-Robotics-Research-Labs/lab4_ws/build/team_rocket_navigate_to_goal/prefix_override:/home/burger/Intro-to-Robotics-Research-Labs/lab4_ws/install/team_rocket_navigate_to_goal/lib/python3.10/site-packages:${PYTHONPATH} /usr/bin/python3 setup.py egg_info --egg-base ../../build/team_rocket_navigate_to_goal build --build-base /home/burger/Intro-to-Robotics-Research-Labs/lab4_ws/build/team_rocket_navigate_to_goal/build install --record /home/burger/Intro-to-Robotics-Research-Labs/lab4_ws/build/team_rocket_navigate_to_goal/install.log --single-version-externally-managed
[5.501s] running egg_info
[5.574s] writing ../../build/team_rocket_navigate_to_goal/team_rocket_navigate_to_goal.egg-info/PKG-INFO
[5.575s] writing dependency_links to ../../build/team_rocket_navigate_to_goal/team_rocket_navigate_to_goal.egg-info/dependency_links.txt
[5.577s] writing entry points to ../../build/team_rocket_navigate_to_goal/team_rocket_navigate_to_goal.egg-info/entry_points.txt
[5.578s] writing requirements to ../../build/team_rocket_navigate_to_goal/team_rocket_navigate_to_goal.egg-info/requires.txt
[5.579s] writing top-level names to ../../build/team_rocket_navigate_to_goal/team_rocket_navigate_to_goal.egg-info/top_level.txt
[5.744s] reading manifest file '../../build/team_rocket_navigate_to_goal/team_rocket_navigate_to_goal.egg-info/SOURCES.txt'
[5.746s] adding license file 'LICENSE'
[5.750s] writing manifest file '../../build/team_rocket_navigate_to_goal/team_rocket_navigate_to_goal.egg-info/SOURCES.txt'
[5.751s] running build
[5.752s] running build_py
[5.753s] copying team_rocket_navigate_to_goal/goToGoal.py -> /home/burger/Intro-to-Robotics-Research-Labs/lab4_ws/build/team_rocket_navigate_to_goal/build/lib/team_rocket_navigate_to_goal
[5.756s] running install
[5.757s] /usr/local/lib/python3.10/dist-packages/setuptools/_distutils/cmd.py:66: SetuptoolsDeprecationWarning: setup.py install is deprecated.
[5.757s] !!
[5.758s] 
[5.759s]         ********************************************************************************
[5.759s]         Please avoid running ``setup.py`` directly.
[5.760s]         Instead, use pypa/build, pypa/installer or other
[5.760s]         standards-based tools.
[5.761s] 
[5.761s]         See https://blog.ganssle.io/articles/2021/10/setup-py-deprecated.html for details.
[5.761s]         ********************************************************************************
[5.762s] 
[5.762s] !!
[5.762s]   self.initialize_options()
[5.784s] running install_lib
[5.869s] copying /home/burger/Intro-to-Robotics-Research-Labs/lab4_ws/build/team_rocket_navigate_to_goal/build/lib/team_rocket_navigate_to_goal/goToGoal.py -> /home/burger/Intro-to-Robotics-Research-Labs/lab4_ws/install/team_rocket_navigate_to_goal/lib/python3.10/site-packages/team_rocket_navigate_to_goal
[5.877s] byte-compiling /home/burger/Intro-to-Robotics-Research-Labs/lab4_ws/install/team_rocket_navigate_to_goal/lib/python3.10/site-packages/team_rocket_navigate_to_goal/goToGoal.py to goToGoal.cpython-310.pyc
[5.885s] running install_data
[6.038s] running install_egg_info
[6.122s] removing '/home/burger/Intro-to-Robotics-Research-Labs/lab4_ws/install/team_rocket_navigate_to_goal/lib/python3.10/site-packages/team_rocket_navigate_to_goal-0.0.0-py3.10.egg-info' (and everything under it)
[6.127s] Copying ../../build/team_rocket_navigate_to_goal/team_rocket_navigate_to_goal.egg-info to /home/burger/Intro-to-Robotics-Research-Labs/lab4_ws/install/team_rocket_navigate_to_goal/lib/python3.10/site-packages/team_rocket_navigate_to_goal-0.0.0-py3.10.egg-info
[6.139s] running install_scripts
[6.923s] Installing getObjectRange script to /home/burger/Intro-to-Robotics-Research-Labs/lab4_ws/install/team_rocket_navigate_to_goal/lib/team_rocket_navigate_to_goal
[6.926s] Installing goToGoal script to /home/burger/Intro-to-Robotics-Research-Labs/lab4_ws/install/team_rocket_navigate_to_goal/lib/team_rocket_navigate_to_goal
[6.931s] writing list of installed files to '/home/burger/Intro-to-Robotics-Research-Labs/lab4_ws/build/team_rocket_navigate_to_goal/install.log'
[7.083s] Invoked command in '/home/burger/Intro-to-Robotics-Research-Labs/lab4_ws/src/team_rocket_navigate_to_goal' returned '0': PYTHONPATH=/home/burger/Intro-to-Robotics-Research-Labs/lab4_ws/build/team_rocket_navigate_to_goal/prefix_override:/home/burger/Intro-to-Robotics-Research-Labs/lab4_ws/install/team_rocket_navigate_to_goal/lib/python3.10/site-packages:${PYTHONPATH} /usr/bin/python3 setup.py egg_info --egg-base ../../build/team_rocket_navigate_to_goal build --build-base /home/burger/Intro-to-Robotics-Research-Labs/lab4_ws/build/team_rocket_navigate_to_goal/build install --record /home/burger/Intro-to-Robotics-Research-Labs/lab4_ws/build/team_rocket_navigate_to_goal/install.log --single-version-externally-managed
