[0.036s] Invoking command in '/home/augustmenard/Intro-to-Robotics-Research-Labs/final_ws/build/turtlebot3_navigation2': CMAKE_PREFIX_PATH=${CMAKE_PREFIX_PATH}:/home/augustmenard/Intro-to-Robotics-Research-Labs/final_ws/install/turtlebot3_teleop:/home/augustmenard/Intro-to-Robotics-Research-Labs/final_ws/install/turtlebot3_example:/home/augustmenard/Intro-to-Robotics-Research-Labs/final_ws/install/team_rocket_final:/opt/ros/humble /usr/bin/cmake --build /home/augustmenard/Intro-to-Robotics-Research-Labs/final_ws/build/turtlebot3_navigation2 -- -j8 -l8
[0.180s] Invoked command in '/home/augustmenard/Intro-to-Robotics-Research-Labs/final_ws/build/turtlebot3_navigation2' returned '0': CMAKE_PREFIX_PATH=${CMAKE_PREFIX_PATH}:/home/augustmenard/Intro-to-Robotics-Research-Labs/final_ws/install/turtlebot3_teleop:/home/augustmenard/Intro-to-Robotics-Research-Labs/final_ws/install/turtlebot3_example:/home/augustmenard/Intro-to-Robotics-Research-Labs/final_ws/install/team_rocket_final:/opt/ros/humble /usr/bin/cmake --build /home/augustmenard/Intro-to-Robotics-Research-Labs/final_ws/build/turtlebot3_navigation2 -- -j8 -l8
[0.181s] Invoking command in '/home/augustmenard/Intro-to-Robotics-Research-Labs/final_ws/build/turtlebot3_navigation2': CMAKE_PREFIX_PATH=${CMAKE_PREFIX_PATH}:/home/augustmenard/Intro-to-Robotics-Research-Labs/final_ws/install/turtlebot3_teleop:/home/augustmenard/Intro-to-Robotics-Research-Labs/final_ws/install/turtlebot3_example:/home/augustmenard/Intro-to-Robotics-Research-Labs/final_ws/install/team_rocket_final:/opt/ros/humble /usr/bin/cmake --install /home/augustmenard/Intro-to-Robotics-Research-Labs/final_ws/build/turtlebot3_navigation2
[0.326s] -- Install configuration: ""
[0.327s] -- Up-to-date: /home/augustmenard/Intro-to-Robotics-Research-Labs/final_ws/install/turtlebot3_navigation2/share/turtlebot3_navigation2/launch
[0.327s] -- Up-to-date: /home/augustmenard/Intro-to-Robotics-Research-Labs/final_ws/install/turtlebot3_navigation2/share/turtlebot3_navigation2/launch/navigation2.launch.py
[0.327s] -- Up-to-date: /home/augustmenard/Intro-to-Robotics-Research-Labs/final_ws/install/turtlebot3_navigation2/share/turtlebot3_navigation2/map
[0.327s] -- Up-to-date: /home/augustmenard/Intro-to-Robotics-Research-Labs/final_ws/install/turtlebot3_navigation2/share/turtlebot3_navigation2/map/map.pgm
[0.328s] -- Up-to-date: /home/augustmenard/Intro-to-Robotics-Research-Labs/final_ws/install/turtlebot3_navigation2/share/turtlebot3_navigation2/map/map.yaml
[0.328s] -- Up-to-date: /home/augustmenard/Intro-to-Robotics-Research-Labs/final_ws/install/turtlebot3_navigation2/share/turtlebot3_navigation2/param
[0.328s] -- Up-to-date: /home/augustmenard/Intro-to-Robotics-Research-Labs/final_ws/install/turtlebot3_navigation2/share/turtlebot3_navigation2/param/burger.yaml
[0.328s] -- Up-to-date: /home/augustmenard/Intro-to-Robotics-Research-Labs/final_ws/install/turtlebot3_navigation2/share/turtlebot3_navigation2/param/waffle_pi.yaml
[0.328s] -- Up-to-date: /home/augustmenard/Intro-to-Robotics-Research-Labs/final_ws/install/turtlebot3_navigation2/share/turtlebot3_navigation2/param/waffle.yaml
[0.328s] -- Up-to-date: /home/augustmenard/Intro-to-Robotics-Research-Labs/final_ws/install/turtlebot3_navigation2/share/turtlebot3_navigation2/param/humble
[0.328s] -- Up-to-date: /home/augustmenard/Intro-to-Robotics-Research-Labs/final_ws/install/turtlebot3_navigation2/share/turtlebot3_navigation2/param/humble/burger.yaml
[0.330s] -- Up-to-date: /home/augustmenard/Intro-to-Robotics-Research-Labs/final_ws/install/turtlebot3_navigation2/share/turtlebot3_navigation2/param/humble/waffle_pi.yaml
[0.330s] -- Up-to-date: /home/augustmenard/Intro-to-Robotics-Research-Labs/final_ws/install/turtlebot3_navigation2/share/turtlebot3_navigation2/param/humble/waffle.yaml
[0.330s] -- Up-to-date: /home/augustmenard/Intro-to-Robotics-Research-Labs/final_ws/install/turtlebot3_navigation2/share/turtlebot3_navigation2/param/humble/burger_cam.yaml
[0.331s] -- Up-to-date: /home/augustmenard/Intro-to-Robotics-Research-Labs/final_ws/install/turtlebot3_navigation2/share/turtlebot3_navigation2/param/burger_cam.yaml
[0.331s] -- Up-to-date: /home/augustmenard/Intro-to-Robotics-Research-Labs/final_ws/install/turtlebot3_navigation2/share/turtlebot3_navigation2/rviz
[0.333s] -- Up-to-date: /home/augustmenard/Intro-to-Robotics-Research-Labs/final_ws/install/turtlebot3_navigation2/share/turtlebot3_navigation2/rviz/tb3_navigation2.rviz
[0.334s] -- Up-to-date: /home/augustmenard/Intro-to-Robotics-Research-Labs/final_ws/install/turtlebot3_navigation2/share/ament_index/resource_index/package_run_dependencies/turtlebot3_navigation2
[0.334s] -- Up-to-date: /home/augustmenard/Intro-to-Robotics-Research-Labs/final_ws/install/turtlebot3_navigation2/share/ament_index/resource_index/parent_prefix_path/turtlebot3_navigation2
[0.334s] -- Up-to-date: /home/augustmenard/Intro-to-Robotics-Research-Labs/final_ws/install/turtlebot3_navigation2/share/turtlebot3_navigation2/environment/ament_prefix_path.sh
[0.334s] -- Up-to-date: /home/augustmenard/Intro-to-Robotics-Research-Labs/final_ws/install/turtlebot3_navigation2/share/turtlebot3_navigation2/environment/ament_prefix_path.dsv
[0.334s] -- Up-to-date: /home/augustmenard/Intro-to-Robotics-Research-Labs/final_ws/install/turtlebot3_navigation2/share/turtlebot3_navigation2/environment/path.sh
[0.334s] -- Up-to-date: /home/augustmenard/Intro-to-Robotics-Research-Labs/final_ws/install/turtlebot3_navigation2/share/turtlebot3_navigation2/environment/path.dsv
[0.335s] -- Up-to-date: /home/augustmenard/Intro-to-Robotics-Research-Labs/final_ws/install/turtlebot3_navigation2/share/turtlebot3_navigation2/local_setup.bash
[0.335s] -- Up-to-date: /home/augustmenard/Intro-to-Robotics-Research-Labs/final_ws/install/turtlebot3_navigation2/share/turtlebot3_navigation2/local_setup.sh
[0.335s] -- Up-to-date: /home/augustmenard/Intro-to-Robotics-Research-Labs/final_ws/install/turtlebot3_navigation2/share/turtlebot3_navigation2/local_setup.zsh
[0.335s] -- Up-to-date: /home/augustmenard/Intro-to-Robotics-Research-Labs/final_ws/install/turtlebot3_navigation2/share/turtlebot3_navigation2/local_setup.dsv
[0.335s] -- Installing: /home/augustmenard/Intro-to-Robotics-Research-Labs/final_ws/install/turtlebot3_navigation2/share/turtlebot3_navigation2/package.dsv
[0.335s] -- Up-to-date: /home/augustmenard/Intro-to-Robotics-Research-Labs/final_ws/install/turtlebot3_navigation2/share/ament_index/resource_index/packages/turtlebot3_navigation2
[0.336s] -- Up-to-date: /home/augustmenard/Intro-to-Robotics-Research-Labs/final_ws/install/turtlebot3_navigation2/share/turtlebot3_navigation2/cmake/turtlebot3_navigation2Config.cmake
[0.336s] -- Up-to-date: /home/augustmenard/Intro-to-Robotics-Research-Labs/final_ws/install/turtlebot3_navigation2/share/turtlebot3_navigation2/cmake/turtlebot3_navigation2Config-version.cmake
[0.336s] -- Up-to-date: /home/augustmenard/Intro-to-Robotics-Research-Labs/final_ws/install/turtlebot3_navigation2/share/turtlebot3_navigation2/package.xml
[0.398s] Invoked command in '/home/augustmenard/Intro-to-Robotics-Research-Labs/final_ws/build/turtlebot3_navigation2' returned '0': CMAKE_PREFIX_PATH=${CMAKE_PREFIX_PATH}:/home/augustmenard/Intro-to-Robotics-Research-Labs/final_ws/install/turtlebot3_teleop:/home/augustmenard/Intro-to-Robotics-Research-Labs/final_ws/install/turtlebot3_example:/home/augustmenard/Intro-to-Robotics-Research-Labs/final_ws/install/team_rocket_final:/opt/ros/humble /usr/bin/cmake --install /home/augustmenard/Intro-to-Robotics-Research-Labs/final_ws/build/turtlebot3_navigation2
