[3.857s] Invoking command in '/home/burger/lab3/Intro-to-Robotics-Research-Labs/lab3_ws/lab3_ws/src/team_rocket_nodes': PYTHONPATH=/home/burger/lab3/Intro-to-Robotics-Research-Labs/lab3_ws/build/team_rocket_nodes/prefix_override:/home/burger/lab3/Intro-to-Robotics-Research-Labs/lab3_ws/install/team_rocket_nodes/lib/python3.10/site-packages:${PYTHONPATH} /usr/bin/python3 setup.py egg_info --egg-base ../../../build/team_rocket_nodes build --build-base /home/burger/lab3/Intro-to-Robotics-Research-Labs/lab3_ws/build/team_rocket_nodes/build install --record /home/burger/lab3/Intro-to-Robotics-Research-Labs/lab3_ws/build/team_rocket_nodes/install.log --single-version-externally-managed
[4.806s] running egg_info
[4.866s] writing ../../../build/team_rocket_nodes/team_rocket_nodes.egg-info/PKG-INFO
[4.867s] writing dependency_links to ../../../build/team_rocket_nodes/team_rocket_nodes.egg-info/dependency_links.txt
[4.868s] writing entry points to ../../../build/team_rocket_nodes/team_rocket_nodes.egg-info/entry_points.txt
[4.869s] writing requirements to ../../../build/team_rocket_nodes/team_rocket_nodes.egg-info/requires.txt
[4.870s] writing top-level names to ../../../build/team_rocket_nodes/team_rocket_nodes.egg-info/top_level.txt
[4.996s] reading manifest file '../../../build/team_rocket_nodes/team_rocket_nodes.egg-info/SOURCES.txt'
[5.001s] writing manifest file '../../../build/team_rocket_nodes/team_rocket_nodes.egg-info/SOURCES.txt'
[5.002s] running build
[5.003s] running build_py
[5.004s] copying team_rocket_nodes/chase_object_node.py -> /home/burger/lab3/Intro-to-Robotics-Research-Labs/lab3_ws/build/team_rocket_nodes/build/lib/team_rocket_nodes
[5.006s] running install
[5.007s] /usr/local/lib/python3.10/dist-packages/setuptools/_distutils/cmd.py:66: SetuptoolsDeprecationWarning: setup.py install is deprecated.
[5.008s] !!
[5.008s] 
[5.008s]         ********************************************************************************
[5.009s]         Please avoid running ``setup.py`` directly.
[5.009s]         Instead, use pypa/build, pypa/installer or other
[5.012s]         standards-based tools.
[5.013s] 
[5.013s]         See https://blog.ganssle.io/articles/2021/10/setup-py-deprecated.html for details.
[5.013s]         ********************************************************************************
[5.014s] 
[5.014s] !!
[5.014s]   self.initialize_options()
[5.029s] running install_lib
[5.088s] copying /home/burger/lab3/Intro-to-Robotics-Research-Labs/lab3_ws/build/team_rocket_nodes/build/lib/team_rocket_nodes/chase_object_node.py -> /home/burger/lab3/Intro-to-Robotics-Research-Labs/lab3_ws/install/team_rocket_nodes/lib/python3.10/site-packages/team_rocket_nodes
[5.092s] byte-compiling /home/burger/lab3/Intro-to-Robotics-Research-Labs/lab3_ws/install/team_rocket_nodes/lib/python3.10/site-packages/team_rocket_nodes/chase_object_node.py to chase_object_node.cpython-310.pyc
[5.099s] running install_data
[5.163s] running install_egg_info
[5.225s] removing '/home/burger/lab3/Intro-to-Robotics-Research-Labs/lab3_ws/install/team_rocket_nodes/lib/python3.10/site-packages/team_rocket_nodes-0.0.0-py3.10.egg-info' (and everything under it)
[5.227s] Copying ../../../build/team_rocket_nodes/team_rocket_nodes.egg-info to /home/burger/lab3/Intro-to-Robotics-Research-Labs/lab3_ws/install/team_rocket_nodes/lib/python3.10/site-packages/team_rocket_nodes-0.0.0-py3.10.egg-info
[5.233s] running install_scripts
[5.858s] Installing chase_object script to /home/burger/lab3/Intro-to-Robotics-Research-Labs/lab3_ws/install/team_rocket_nodes/lib/team_rocket_nodes
[5.859s] Installing detect_object script to /home/burger/lab3/Intro-to-Robotics-Research-Labs/lab3_ws/install/team_rocket_nodes/lib/team_rocket_nodes
[5.860s] Installing get_object_range script to /home/burger/lab3/Intro-to-Robotics-Research-Labs/lab3_ws/install/team_rocket_nodes/lib/team_rocket_nodes
[5.862s] writing list of installed files to '/home/burger/lab3/Intro-to-Robotics-Research-Labs/lab3_ws/build/team_rocket_nodes/install.log'
[6.004s] Invoked command in '/home/burger/lab3/Intro-to-Robotics-Research-Labs/lab3_ws/lab3_ws/src/team_rocket_nodes' returned '0': PYTHONPATH=/home/burger/lab3/Intro-to-Robotics-Research-Labs/lab3_ws/build/team_rocket_nodes/prefix_override:/home/burger/lab3/Intro-to-Robotics-Research-Labs/lab3_ws/install/team_rocket_nodes/lib/python3.10/site-packages:${PYTHONPATH} /usr/bin/python3 setup.py egg_info --egg-base ../../../build/team_rocket_nodes build --build-base /home/burger/lab3/Intro-to-Robotics-Research-Labs/lab3_ws/build/team_rocket_nodes/build install --record /home/burger/lab3/Intro-to-Robotics-Research-Labs/lab3_ws/build/team_rocket_nodes/install.log --single-version-externally-managed
