[0.046s] Invoking command in '/home/augustmenard/Intro-to-Robotics-Research-Labs/final_ws/build/turtlebot3_node': CMAKE_PREFIX_PATH=/home/augustmenard/Intro-to-Robotics-Research-Labs/final_ws/install/turtlebot3_msgs:/home/augustmenard/Intro-to-Robotics-Research-Labs/final_ws/install/dynamixel_sdk:/home/augustmenard/Intro-to-Robotics-Research-Labs/final_ws/install/turtlebot3:/home/augustmenard/Intro-to-Robotics-Research-Labs/final_ws/install/turtlebot3_simulations:/home/augustmenard/Intro-to-Robotics-Research-Labs/final_ws/install/turtlebot3_bringup:/home/augustmenard/Intro-to-Robotics-Research-Labs/final_ws/install/turtlebot3_node:/home/augustmenard/Intro-to-Robotics-Research-Labs/final_ws/install/turtlebot3_navigation2:/home/augustmenard/Intro-to-Robotics-Research-Labs/final_ws/install/turtlebot3_fake_node:/home/augustmenard/Intro-to-Robotics-Research-Labs/final_ws/install/turtlebot3_manipulation_gazebo:/home/augustmenard/Intro-to-Robotics-Research-Labs/final_ws/install/turtlebot3_gazebo:/home/augustmenard/Intro-to-Robotics-Research-Labs/final_ws/install/turtlebot3_description:/home/augustmenard/Intro-to-Robotics-Research-Labs/final_ws/install/turtlebot3_cartographer:/home/augustmenard/Intro-to-Robotics-Research-Labs/final_ws/install/dynamixel_sdk_examples:/home/augustmenard/Intro-to-Robotics-Research-Labs/final_ws/install/dynamixel_sdk_custom_interfaces:/home/augustmenard/Intro-to-Robotics-Research-Labs/final_ws/install/turtlebot3_teleop:/home/augustmenard/Intro-to-Robotics-Research-Labs/final_ws/install/turtlebot3_example:/home/augustmenard/Intro-to-Robotics-Research-Labs/final_ws/install/team_rocket_final:/opt/ros/humble LD_LIBRARY_PATH=/home/augustmenard/Intro-to-Robotics-Research-Labs/final_ws/install/turtlebot3_msgs/lib:/home/augustmenard/Intro-to-Robotics-Research-Labs/final_ws/install/dynamixel_sdk/lib:/home/augustmenard/Intro-to-Robotics-Research-Labs/final_ws/install/dynamixel_sdk_custom_interfaces/lib:/opt/ros/humble/opt/rviz_ogre_vendor/lib:/opt/ros/humble/lib/x86_64-linux-gnu:/opt/ros/humble/lib:/usr/lib/x86_64-linux-gnu/gazebo-11/plugins /usr/bin/cmake /home/augustmenard/Intro-to-Robotics-Research-Labs/final_ws/src/turtlebot3/turtlebot3_node -DCMAKE_INSTALL_PREFIX=/home/augustmenard/Intro-to-Robotics-Research-Labs/final_ws/install/turtlebot3_node
[0.732s] -- The C compiler identification is GNU 11.4.0
[0.732s] -- The CXX compiler identification is GNU 11.4.0
[0.732s] -- Detecting C compiler ABI info
[0.732s] -- Detecting C compiler ABI info - done
[0.733s] -- Check for working C compiler: /usr/bin/cc - skipped
[0.733s] -- Detecting C compile features
[0.733s] -- Detecting C compile features - done
[0.733s] -- Detecting CXX compiler ABI info
[0.733s] -- Detecting CXX compiler ABI info - done
[0.733s] -- Check for working CXX compiler: /usr/bin/c++ - skipped
[0.733s] -- Detecting CXX compile features
[0.733s] -- Detecting CXX compile features - done
[0.733s] -- Found ament_cmake: 1.3.12 (/opt/ros/humble/share/ament_cmake/cmake)
[1.040s] -- Found Python3: /usr/bin/python3 (found version "3.10.12") found components: Interpreter 
[1.249s] -- Found dynamixel_sdk: 3.8.4 (/home/augustmenard/Intro-to-Robotics-Research-Labs/final_ws/install/dynamixel_sdk/share/dynamixel_sdk/cmake)
[1.260s] -- Found geometry_msgs: 4.9.0 (/opt/ros/humble/share/geometry_msgs/cmake)
[1.360s] -- Found rosidl_generator_c: 3.1.7 (/opt/ros/humble/share/rosidl_generator_c/cmake)
[1.370s] -- Found rosidl_adapter: 3.1.7 (/opt/ros/humble/share/rosidl_adapter/cmake)
[1.388s] -- Found rosidl_generator_cpp: 3.1.7 (/opt/ros/humble/share/rosidl_generator_cpp/cmake)
[1.417s] -- Using all available rosidl_typesupport_c: rosidl_typesupport_fastrtps_c;rosidl_typesupport_introspection_c
[1.452s] -- Using all available rosidl_typesupport_cpp: rosidl_typesupport_fastrtps_cpp;rosidl_typesupport_introspection_cpp
[1.559s] -- Found message_filters: 4.3.8 (/opt/ros/humble/share/message_filters/cmake)
[1.703s] -- Found rmw_implementation_cmake: 6.1.2 (/opt/ros/humble/share/rmw_implementation_cmake/cmake)
[1.717s] -- Found rmw_fastrtps_cpp: 6.2.8 (/opt/ros/humble/share/rmw_fastrtps_cpp/cmake)
[1.969s] -- Found OpenSSL: /usr/lib/x86_64-linux-gnu/libcrypto.so (found version "3.0.2")  
[2.062s] -- Found FastRTPS: /opt/ros/humble/include  
[2.189s] -- Using RMW implementation 'rmw_fastrtps_cpp' as default
[2.221s] -- Looking for pthread.h
[2.451s] -- Looking for pthread.h - found
[2.451s] -- Performing Test CMAKE_HAVE_LIBC_PTHREAD
[2.673s] -- Performing Test CMAKE_HAVE_LIBC_PTHREAD - Success
[2.674s] -- Found Threads: TRUE  
[2.798s] -- Found nav_msgs: 4.9.0 (/opt/ros/humble/share/nav_msgs/cmake)
[2.854s] -- Found sensor_msgs: 4.9.0 (/opt/ros/humble/share/sensor_msgs/cmake)
[2.935s] -- Found std_srvs: 4.9.0 (/opt/ros/humble/share/std_srvs/cmake)
[2.985s] -- Found tf2: 0.25.16 (/opt/ros/humble/share/tf2/cmake)
[3.035s] -- Found tf2_ros: 0.25.16 (/opt/ros/humble/share/tf2_ros/cmake)
[3.371s] -- Found turtlebot3_msgs: 2.4.0 (/home/augustmenard/Intro-to-Robotics-Research-Labs/final_ws/install/turtlebot3_msgs/share/turtlebot3_msgs/cmake)
[3.598s] -- Configuring done
[3.660s] -- Generating done
[3.673s] -- Build files have been written to: /home/augustmenard/Intro-to-Robotics-Research-Labs/final_ws/build/turtlebot3_node
[3.696s] Invoked command in '/home/augustmenard/Intro-to-Robotics-Research-Labs/final_ws/build/turtlebot3_node' returned '0': CMAKE_PREFIX_PATH=/home/augustmenard/Intro-to-Robotics-Research-Labs/final_ws/install/turtlebot3_msgs:/home/augustmenard/Intro-to-Robotics-Research-Labs/final_ws/install/dynamixel_sdk:/home/augustmenard/Intro-to-Robotics-Research-Labs/final_ws/install/turtlebot3:/home/augustmenard/Intro-to-Robotics-Research-Labs/final_ws/install/turtlebot3_simulations:/home/augustmenard/Intro-to-Robotics-Research-Labs/final_ws/install/turtlebot3_bringup:/home/augustmenard/Intro-to-Robotics-Research-Labs/final_ws/install/turtlebot3_node:/home/augustmenard/Intro-to-Robotics-Research-Labs/final_ws/install/turtlebot3_navigation2:/home/augustmenard/Intro-to-Robotics-Research-Labs/final_ws/install/turtlebot3_fake_node:/home/augustmenard/Intro-to-Robotics-Research-Labs/final_ws/install/turtlebot3_manipulation_gazebo:/home/augustmenard/Intro-to-Robotics-Research-Labs/final_ws/install/turtlebot3_gazebo:/home/augustmenard/Intro-to-Robotics-Research-Labs/final_ws/install/turtlebot3_description:/home/augustmenard/Intro-to-Robotics-Research-Labs/final_ws/install/turtlebot3_cartographer:/home/augustmenard/Intro-to-Robotics-Research-Labs/final_ws/install/dynamixel_sdk_examples:/home/augustmenard/Intro-to-Robotics-Research-Labs/final_ws/install/dynamixel_sdk_custom_interfaces:/home/augustmenard/Intro-to-Robotics-Research-Labs/final_ws/install/turtlebot3_teleop:/home/augustmenard/Intro-to-Robotics-Research-Labs/final_ws/install/turtlebot3_example:/home/augustmenard/Intro-to-Robotics-Research-Labs/final_ws/install/team_rocket_final:/opt/ros/humble LD_LIBRARY_PATH=/home/augustmenard/Intro-to-Robotics-Research-Labs/final_ws/install/turtlebot3_msgs/lib:/home/augustmenard/Intro-to-Robotics-Research-Labs/final_ws/install/dynamixel_sdk/lib:/home/augustmenard/Intro-to-Robotics-Research-Labs/final_ws/install/dynamixel_sdk_custom_interfaces/lib:/opt/ros/humble/opt/rviz_ogre_vendor/lib:/opt/ros/humble/lib/x86_64-linux-gnu:/opt/ros/humble/lib:/usr/lib/x86_64-linux-gnu/gazebo-11/plugins /usr/bin/cmake /home/augustmenard/Intro-to-Robotics-Research-Labs/final_ws/src/turtlebot3/turtlebot3_node -DCMAKE_INSTALL_PREFIX=/home/augustmenard/Intro-to-Robotics-Research-Labs/final_ws/install/turtlebot3_node
[3.697s] Invoking command in '/home/augustmenard/Intro-to-Robotics-Research-Labs/final_ws/build/turtlebot3_node': CMAKE_PREFIX_PATH=/home/augustmenard/Intro-to-Robotics-Research-Labs/final_ws/install/turtlebot3_msgs:/home/augustmenard/Intro-to-Robotics-Research-Labs/final_ws/install/dynamixel_sdk:/home/augustmenard/Intro-to-Robotics-Research-Labs/final_ws/install/turtlebot3:/home/augustmenard/Intro-to-Robotics-Research-Labs/final_ws/install/turtlebot3_simulations:/home/augustmenard/Intro-to-Robotics-Research-Labs/final_ws/install/turtlebot3_bringup:/home/augustmenard/Intro-to-Robotics-Research-Labs/final_ws/install/turtlebot3_node:/home/augustmenard/Intro-to-Robotics-Research-Labs/final_ws/install/turtlebot3_navigation2:/home/augustmenard/Intro-to-Robotics-Research-Labs/final_ws/install/turtlebot3_fake_node:/home/augustmenard/Intro-to-Robotics-Research-Labs/final_ws/install/turtlebot3_manipulation_gazebo:/home/augustmenard/Intro-to-Robotics-Research-Labs/final_ws/install/turtlebot3_gazebo:/home/augustmenard/Intro-to-Robotics-Research-Labs/final_ws/install/turtlebot3_description:/home/augustmenard/Intro-to-Robotics-Research-Labs/final_ws/install/turtlebot3_cartographer:/home/augustmenard/Intro-to-Robotics-Research-Labs/final_ws/install/dynamixel_sdk_examples:/home/augustmenard/Intro-to-Robotics-Research-Labs/final_ws/install/dynamixel_sdk_custom_interfaces:/home/augustmenard/Intro-to-Robotics-Research-Labs/final_ws/install/turtlebot3_teleop:/home/augustmenard/Intro-to-Robotics-Research-Labs/final_ws/install/turtlebot3_example:/home/augustmenard/Intro-to-Robotics-Research-Labs/final_ws/install/team_rocket_final:/opt/ros/humble LD_LIBRARY_PATH=/home/augustmenard/Intro-to-Robotics-Research-Labs/final_ws/install/turtlebot3_msgs/lib:/home/augustmenard/Intro-to-Robotics-Research-Labs/final_ws/install/dynamixel_sdk/lib:/home/augustmenard/Intro-to-Robotics-Research-Labs/final_ws/install/dynamixel_sdk_custom_interfaces/lib:/opt/ros/humble/opt/rviz_ogre_vendor/lib:/opt/ros/humble/lib/x86_64-linux-gnu:/opt/ros/humble/lib:/usr/lib/x86_64-linux-gnu/gazebo-11/plugins /usr/bin/cmake --build /home/augustmenard/Intro-to-Robotics-Research-Labs/final_ws/build/turtlebot3_node -- -j8 -l8
[3.853s] [  7%] [32mBuilding CXX object CMakeFiles/turtlebot3_node_lib.dir/src/devices/motor_power.cpp.o[0m
[3.853s] [ 21%] [32mBuilding CXX object CMakeFiles/turtlebot3_node_lib.dir/src/dynamixel_sdk_wrapper.cpp.o[0m
[3.854s] [ 14%] [32mBuilding CXX object CMakeFiles/turtlebot3_node_lib.dir/src/devices/reset.cpp.o[0m
[3.858s] [ 28%] [32mBuilding CXX object CMakeFiles/turtlebot3_node_lib.dir/src/diff_drive_controller.cpp.o[0m
[3.861s] [ 35%] [32mBuilding CXX object CMakeFiles/turtlebot3_node_lib.dir/src/devices/sound.cpp.o[0m
[3.863s] [ 50%] [32mBuilding CXX object CMakeFiles/turtlebot3_node_lib.dir/src/sensors/battery_state.cpp.o[0m
[3.865s] [ 42%] [32mBuilding CXX object CMakeFiles/turtlebot3_node_lib.dir/src/odometry.cpp.o[0m
[3.870s] [ 57%] [32mBuilding CXX object CMakeFiles/turtlebot3_node_lib.dir/src/turtlebot3.cpp.o[0m
[5.439s] [ 64%] [32mBuilding CXX object CMakeFiles/turtlebot3_node_lib.dir/src/sensors/imu.cpp.o[0m
[13.520s] [ 71%] [32mBuilding CXX object CMakeFiles/turtlebot3_node_lib.dir/src/sensors/joint_state.cpp.o[0m
[16.254s] [ 78%] [32mBuilding CXX object CMakeFiles/turtlebot3_node_lib.dir/src/sensors/sensor_state.cpp.o[0m
[27.218s] [ 85%] [32m[1mLinking CXX static library libturtlebot3_node_lib.a[0m
[27.647s] [ 85%] Built target turtlebot3_node_lib
[27.662s] [ 92%] [32mBuilding CXX object CMakeFiles/turtlebot3_ros.dir/src/node_main.cpp.o[0m
[30.454s] [100%] [32m[1mLinking CXX executable turtlebot3_ros[0m
[32.175s] [100%] Built target turtlebot3_ros
[32.183s] Invoked command in '/home/augustmenard/Intro-to-Robotics-Research-Labs/final_ws/build/turtlebot3_node' returned '0': CMAKE_PREFIX_PATH=/home/augustmenard/Intro-to-Robotics-Research-Labs/final_ws/install/turtlebot3_msgs:/home/augustmenard/Intro-to-Robotics-Research-Labs/final_ws/install/dynamixel_sdk:/home/augustmenard/Intro-to-Robotics-Research-Labs/final_ws/install/turtlebot3:/home/augustmenard/Intro-to-Robotics-Research-Labs/final_ws/install/turtlebot3_simulations:/home/augustmenard/Intro-to-Robotics-Research-Labs/final_ws/install/turtlebot3_bringup:/home/augustmenard/Intro-to-Robotics-Research-Labs/final_ws/install/turtlebot3_node:/home/augustmenard/Intro-to-Robotics-Research-Labs/final_ws/install/turtlebot3_navigation2:/home/augustmenard/Intro-to-Robotics-Research-Labs/final_ws/install/turtlebot3_fake_node:/home/augustmenard/Intro-to-Robotics-Research-Labs/final_ws/install/turtlebot3_manipulation_gazebo:/home/augustmenard/Intro-to-Robotics-Research-Labs/final_ws/install/turtlebot3_gazebo:/home/augustmenard/Intro-to-Robotics-Research-Labs/final_ws/install/turtlebot3_description:/home/augustmenard/Intro-to-Robotics-Research-Labs/final_ws/install/turtlebot3_cartographer:/home/augustmenard/Intro-to-Robotics-Research-Labs/final_ws/install/dynamixel_sdk_examples:/home/augustmenard/Intro-to-Robotics-Research-Labs/final_ws/install/dynamixel_sdk_custom_interfaces:/home/augustmenard/Intro-to-Robotics-Research-Labs/final_ws/install/turtlebot3_teleop:/home/augustmenard/Intro-to-Robotics-Research-Labs/final_ws/install/turtlebot3_example:/home/augustmenard/Intro-to-Robotics-Research-Labs/final_ws/install/team_rocket_final:/opt/ros/humble LD_LIBRARY_PATH=/home/augustmenard/Intro-to-Robotics-Research-Labs/final_ws/install/turtlebot3_msgs/lib:/home/augustmenard/Intro-to-Robotics-Research-Labs/final_ws/install/dynamixel_sdk/lib:/home/augustmenard/Intro-to-Robotics-Research-Labs/final_ws/install/dynamixel_sdk_custom_interfaces/lib:/opt/ros/humble/opt/rviz_ogre_vendor/lib:/opt/ros/humble/lib/x86_64-linux-gnu:/opt/ros/humble/lib:/usr/lib/x86_64-linux-gnu/gazebo-11/plugins /usr/bin/cmake --build /home/augustmenard/Intro-to-Robotics-Research-Labs/final_ws/build/turtlebot3_node -- -j8 -l8
[32.184s] Invoking command in '/home/augustmenard/Intro-to-Robotics-Research-Labs/final_ws/build/turtlebot3_node': CMAKE_PREFIX_PATH=/home/augustmenard/Intro-to-Robotics-Research-Labs/final_ws/install/turtlebot3_msgs:/home/augustmenard/Intro-to-Robotics-Research-Labs/final_ws/install/dynamixel_sdk:/home/augustmenard/Intro-to-Robotics-Research-Labs/final_ws/install/turtlebot3:/home/augustmenard/Intro-to-Robotics-Research-Labs/final_ws/install/turtlebot3_simulations:/home/augustmenard/Intro-to-Robotics-Research-Labs/final_ws/install/turtlebot3_bringup:/home/augustmenard/Intro-to-Robotics-Research-Labs/final_ws/install/turtlebot3_node:/home/augustmenard/Intro-to-Robotics-Research-Labs/final_ws/install/turtlebot3_navigation2:/home/augustmenard/Intro-to-Robotics-Research-Labs/final_ws/install/turtlebot3_fake_node:/home/augustmenard/Intro-to-Robotics-Research-Labs/final_ws/install/turtlebot3_manipulation_gazebo:/home/augustmenard/Intro-to-Robotics-Research-Labs/final_ws/install/turtlebot3_gazebo:/home/augustmenard/Intro-to-Robotics-Research-Labs/final_ws/install/turtlebot3_description:/home/augustmenard/Intro-to-Robotics-Research-Labs/final_ws/install/turtlebot3_cartographer:/home/augustmenard/Intro-to-Robotics-Research-Labs/final_ws/install/dynamixel_sdk_examples:/home/augustmenard/Intro-to-Robotics-Research-Labs/final_ws/install/dynamixel_sdk_custom_interfaces:/home/augustmenard/Intro-to-Robotics-Research-Labs/final_ws/install/turtlebot3_teleop:/home/augustmenard/Intro-to-Robotics-Research-Labs/final_ws/install/turtlebot3_example:/home/augustmenard/Intro-to-Robotics-Research-Labs/final_ws/install/team_rocket_final:/opt/ros/humble LD_LIBRARY_PATH=/home/augustmenard/Intro-to-Robotics-Research-Labs/final_ws/install/turtlebot3_msgs/lib:/home/augustmenard/Intro-to-Robotics-Research-Labs/final_ws/install/dynamixel_sdk/lib:/home/augustmenard/Intro-to-Robotics-Research-Labs/final_ws/install/dynamixel_sdk_custom_interfaces/lib:/opt/ros/humble/opt/rviz_ogre_vendor/lib:/opt/ros/humble/lib/x86_64-linux-gnu:/opt/ros/humble/lib:/usr/lib/x86_64-linux-gnu/gazebo-11/plugins /usr/bin/cmake --install /home/augustmenard/Intro-to-Robotics-Research-Labs/final_ws/build/turtlebot3_node
[32.190s] -- Install configuration: ""
[32.190s] -- Installing: /home/augustmenard/Intro-to-Robotics-Research-Labs/final_ws/install/turtlebot3_node/share/turtlebot3_node/param
[32.190s] -- Installing: /home/augustmenard/Intro-to-Robotics-Research-Labs/final_ws/install/turtlebot3_node/share/turtlebot3_node/param/burger.yaml
[32.190s] -- Installing: /home/augustmenard/Intro-to-Robotics-Research-Labs/final_ws/install/turtlebot3_node/share/turtlebot3_node/param/waffle_pi.yaml
[32.190s] -- Installing: /home/augustmenard/Intro-to-Robotics-Research-Labs/final_ws/install/turtlebot3_node/share/turtlebot3_node/param/waffle.yaml
[32.190s] -- Installing: /home/augustmenard/Intro-to-Robotics-Research-Labs/final_ws/install/turtlebot3_node/lib/turtlebot3_node/turtlebot3_ros
[32.197s] -- Set runtime path of "/home/augustmenard/Intro-to-Robotics-Research-Labs/final_ws/install/turtlebot3_node/lib/turtlebot3_node/turtlebot3_ros" to ""
[32.197s] -- Installing: /home/augustmenard/Intro-to-Robotics-Research-Labs/final_ws/install/turtlebot3_node/share/ament_index/resource_index/package_run_dependencies/turtlebot3_node
[32.197s] -- Installing: /home/augustmenard/Intro-to-Robotics-Research-Labs/final_ws/install/turtlebot3_node/share/ament_index/resource_index/parent_prefix_path/turtlebot3_node
[32.198s] -- Installing: /home/augustmenard/Intro-to-Robotics-Research-Labs/final_ws/install/turtlebot3_node/share/turtlebot3_node/environment/ament_prefix_path.sh
[32.198s] -- Installing: /home/augustmenard/Intro-to-Robotics-Research-Labs/final_ws/install/turtlebot3_node/share/turtlebot3_node/environment/ament_prefix_path.dsv
[32.198s] -- Installing: /home/augustmenard/Intro-to-Robotics-Research-Labs/final_ws/install/turtlebot3_node/share/turtlebot3_node/environment/path.sh
[32.198s] -- Installing: /home/augustmenard/Intro-to-Robotics-Research-Labs/final_ws/install/turtlebot3_node/share/turtlebot3_node/environment/path.dsv
[32.198s] -- Installing: /home/augustmenard/Intro-to-Robotics-Research-Labs/final_ws/install/turtlebot3_node/share/turtlebot3_node/local_setup.bash
[32.198s] -- Installing: /home/augustmenard/Intro-to-Robotics-Research-Labs/final_ws/install/turtlebot3_node/share/turtlebot3_node/local_setup.sh
[32.198s] -- Installing: /home/augustmenard/Intro-to-Robotics-Research-Labs/final_ws/install/turtlebot3_node/share/turtlebot3_node/local_setup.zsh
[32.198s] -- Installing: /home/augustmenard/Intro-to-Robotics-Research-Labs/final_ws/install/turtlebot3_node/share/turtlebot3_node/local_setup.dsv
[32.198s] -- Installing: /home/augustmenard/Intro-to-Robotics-Research-Labs/final_ws/install/turtlebot3_node/share/turtlebot3_node/package.dsv
[32.198s] -- Installing: /home/augustmenard/Intro-to-Robotics-Research-Labs/final_ws/install/turtlebot3_node/share/ament_index/resource_index/packages/turtlebot3_node
[32.198s] -- Installing: /home/augustmenard/Intro-to-Robotics-Research-Labs/final_ws/install/turtlebot3_node/share/turtlebot3_node/cmake/ament_cmake_export_dependencies-extras.cmake
[32.198s] -- Installing: /home/augustmenard/Intro-to-Robotics-Research-Labs/final_ws/install/turtlebot3_node/share/turtlebot3_node/cmake/ament_cmake_export_include_directories-extras.cmake
[32.198s] -- Installing: /home/augustmenard/Intro-to-Robotics-Research-Labs/final_ws/install/turtlebot3_node/share/turtlebot3_node/cmake/turtlebot3_nodeConfig.cmake
[32.199s] -- Installing: /home/augustmenard/Intro-to-Robotics-Research-Labs/final_ws/install/turtlebot3_node/share/turtlebot3_node/cmake/turtlebot3_nodeConfig-version.cmake
[32.199s] -- Installing: /home/augustmenard/Intro-to-Robotics-Research-Labs/final_ws/install/turtlebot3_node/share/turtlebot3_node/package.xml
[32.200s] Invoked command in '/home/augustmenard/Intro-to-Robotics-Research-Labs/final_ws/build/turtlebot3_node' returned '0': CMAKE_PREFIX_PATH=/home/augustmenard/Intro-to-Robotics-Research-Labs/final_ws/install/turtlebot3_msgs:/home/augustmenard/Intro-to-Robotics-Research-Labs/final_ws/install/dynamixel_sdk:/home/augustmenard/Intro-to-Robotics-Research-Labs/final_ws/install/turtlebot3:/home/augustmenard/Intro-to-Robotics-Research-Labs/final_ws/install/turtlebot3_simulations:/home/augustmenard/Intro-to-Robotics-Research-Labs/final_ws/install/turtlebot3_bringup:/home/augustmenard/Intro-to-Robotics-Research-Labs/final_ws/install/turtlebot3_node:/home/augustmenard/Intro-to-Robotics-Research-Labs/final_ws/install/turtlebot3_navigation2:/home/augustmenard/Intro-to-Robotics-Research-Labs/final_ws/install/turtlebot3_fake_node:/home/augustmenard/Intro-to-Robotics-Research-Labs/final_ws/install/turtlebot3_manipulation_gazebo:/home/augustmenard/Intro-to-Robotics-Research-Labs/final_ws/install/turtlebot3_gazebo:/home/augustmenard/Intro-to-Robotics-Research-Labs/final_ws/install/turtlebot3_description:/home/augustmenard/Intro-to-Robotics-Research-Labs/final_ws/install/turtlebot3_cartographer:/home/augustmenard/Intro-to-Robotics-Research-Labs/final_ws/install/dynamixel_sdk_examples:/home/augustmenard/Intro-to-Robotics-Research-Labs/final_ws/install/dynamixel_sdk_custom_interfaces:/home/augustmenard/Intro-to-Robotics-Research-Labs/final_ws/install/turtlebot3_teleop:/home/augustmenard/Intro-to-Robotics-Research-Labs/final_ws/install/turtlebot3_example:/home/augustmenard/Intro-to-Robotics-Research-Labs/final_ws/install/team_rocket_final:/opt/ros/humble LD_LIBRARY_PATH=/home/augustmenard/Intro-to-Robotics-Research-Labs/final_ws/install/turtlebot3_msgs/lib:/home/augustmenard/Intro-to-Robotics-Research-Labs/final_ws/install/dynamixel_sdk/lib:/home/augustmenard/Intro-to-Robotics-Research-Labs/final_ws/install/dynamixel_sdk_custom_interfaces/lib:/opt/ros/humble/opt/rviz_ogre_vendor/lib:/opt/ros/humble/lib/x86_64-linux-gnu:/opt/ros/humble/lib:/usr/lib/x86_64-linux-gnu/gazebo-11/plugins /usr/bin/cmake --install /home/augustmenard/Intro-to-Robotics-Research-Labs/final_ws/build/turtlebot3_node
