[35m[1mConsolidate compiler generated dependencies of target dynamixel_sdk_custom_interfaces__rosidl_generator_c[0m
[  2%] Built target dynamixel_sdk_custom_interfaces__cpp
[ 12%] Built target dynamixel_sdk_custom_interfaces__rosidl_generator_c
[35m[1mConsolidate compiler generated dependencies of target dynamixel_sdk_custom_interfaces__rosidl_typesupport_introspection_c[0m
[35m[1mConsolidate compiler generated dependencies of target dynamixel_sdk_custom_interfaces__rosidl_typesupport_c[0m
[35m[1mConsolidate compiler generated dependencies of target dynamixel_sdk_custom_interfaces__rosidl_typesupport_fastrtps_cpp[0m
[35m[1mConsolidate compiler generated dependencies of target dynamixel_sdk_custom_interfaces__rosidl_typesupport_fastrtps_c[0m
[ 23%] Built target dynamixel_sdk_custom_interfaces__rosidl_typesupport_fastrtps_cpp
[ 33%] Built target dynamixel_sdk_custom_interfaces__rosidl_typesupport_introspection_c
[ 33%] Built target ament_cmake_python_copy_dynamixel_sdk_custom_interfaces
[ 43%] Built target dynamixel_sdk_custom_interfaces__rosidl_typesupport_c
[ 53%] Built target dynamixel_sdk_custom_interfaces__rosidl_typesupport_fastrtps_c
[35m[1mConsolidate compiler generated dependencies of target dynamixel_sdk_custom_interfaces__rosidl_typesupport_cpp[0m
[35m[1mConsolidate compiler generated dependencies of target dynamixel_sdk_custom_interfaces__rosidl_typesupport_introspection_cpp[0m
[ 64%] Built target dynamixel_sdk_custom_interfaces__rosidl_typesupport_cpp
[ 74%] Built target dynamixel_sdk_custom_interfaces__rosidl_typesupport_introspection_cpp
[ 74%] Built target dynamixel_sdk_custom_interfaces
[ 76%] Built target dynamixel_sdk_custom_interfaces__py
[35m[1mConsolidate compiler generated dependencies of target dynamixel_sdk_custom_interfaces__rosidl_generator_py[0m
[ 84%] Built target dynamixel_sdk_custom_interfaces__rosidl_generator_py
[35m[1mConsolidate compiler generated dependencies of target dynamixel_sdk_custom_interfaces__rosidl_typesupport_c__pyext[0m
[35m[1mConsolidate compiler generated dependencies of target dynamixel_sdk_custom_interfaces__rosidl_typesupport_introspection_c__pyext[0m
[35m[1mConsolidate compiler generated dependencies of target dynamixel_sdk_custom_interfaces__rosidl_typesupport_fastrtps_c__pyext[0m
[ 89%] Built target dynamixel_sdk_custom_interfaces__rosidl_typesupport_c__pyext
[ 94%] Built target dynamixel_sdk_custom_interfaces__rosidl_typesupport_fastrtps_c__pyext
[100%] Built target dynamixel_sdk_custom_interfaces__rosidl_typesupport_introspection_c__pyext
running egg_info
writing dynamixel_sdk_custom_interfaces.egg-info/PKG-INFO
writing dependency_links to dynamixel_sdk_custom_interfaces.egg-info/dependency_links.txt
writing top-level names to dynamixel_sdk_custom_interfaces.egg-info/top_level.txt
reading manifest file 'dynamixel_sdk_custom_interfaces.egg-info/SOURCES.txt'
writing manifest file 'dynamixel_sdk_custom_interfaces.egg-info/SOURCES.txt'
[100%] Built target ament_cmake_python_build_dynamixel_sdk_custom_interfaces_egg
-- Install configuration: ""
-- Installing: /home/augustmenard/Intro-to-Robotics-Research-Labs/final_ws/install/dynamixel_sdk_custom_interfaces/share/ament_index/resource_index/rosidl_interfaces/dynamixel_sdk_custom_interfaces
-- Up-to-date: /home/augustmenard/Intro-to-Robotics-Research-Labs/final_ws/install/dynamixel_sdk_custom_interfaces/include/dynamixel_sdk_custom_interfaces/dynamixel_sdk_custom_interfaces
-- Up-to-date: /home/augustmenard/Intro-to-Robotics-Research-Labs/final_ws/install/dynamixel_sdk_custom_interfaces/include/dynamixel_sdk_custom_interfaces/dynamixel_sdk_custom_interfaces/srv
-- Installing: /home/augustmenard/Intro-to-Robotics-Research-Labs/final_ws/install/dynamixel_sdk_custom_interfaces/include/dynamixel_sdk_custom_interfaces/dynamixel_sdk_custom_interfaces/srv/get_position.h
-- Up-to-date: /home/augustmenard/Intro-to-Robotics-Research-Labs/final_ws/install/dynamixel_sdk_custom_interfaces/include/dynamixel_sdk_custom_interfaces/dynamixel_sdk_custom_interfaces/srv/detail
-- Installing: /home/augustmenard/Intro-to-Robotics-Research-Labs/final_ws/install/dynamixel_sdk_custom_interfaces/include/dynamixel_sdk_custom_interfaces/dynamixel_sdk_custom_interfaces/srv/detail/get_position__type_support.h
-- Installing: /home/augustmenard/Intro-to-Robotics-Research-Labs/final_ws/install/dynamixel_sdk_custom_interfaces/include/dynamixel_sdk_custom_interfaces/dynamixel_sdk_custom_interfaces/srv/detail/get_position__functions.c
-- Installing: /home/augustmenard/Intro-to-Robotics-Research-Labs/final_ws/install/dynamixel_sdk_custom_interfaces/include/dynamixel_sdk_custom_interfaces/dynamixel_sdk_custom_interfaces/srv/detail/get_position__functions.h
-- Installing: /home/augustmenard/Intro-to-Robotics-Research-Labs/final_ws/install/dynamixel_sdk_custom_interfaces/include/dynamixel_sdk_custom_interfaces/dynamixel_sdk_custom_interfaces/srv/detail/get_position__struct.h
-- Up-to-date: /home/augustmenard/Intro-to-Robotics-Research-Labs/final_ws/install/dynamixel_sdk_custom_interfaces/include/dynamixel_sdk_custom_interfaces/dynamixel_sdk_custom_interfaces/msg
-- Installing: /home/augustmenard/Intro-to-Robotics-Research-Labs/final_ws/install/dynamixel_sdk_custom_interfaces/include/dynamixel_sdk_custom_interfaces/dynamixel_sdk_custom_interfaces/msg/rosidl_generator_c__visibility_control.h
-- Up-to-date: /home/augustmenard/Intro-to-Robotics-Research-Labs/final_ws/install/dynamixel_sdk_custom_interfaces/include/dynamixel_sdk_custom_interfaces/dynamixel_sdk_custom_interfaces/msg/detail
-- Installing: /home/augustmenard/Intro-to-Robotics-Research-Labs/final_ws/install/dynamixel_sdk_custom_interfaces/include/dynamixel_sdk_custom_interfaces/dynamixel_sdk_custom_interfaces/msg/detail/set_position__type_support.h
-- Installing: /home/augustmenard/Intro-to-Robotics-Research-Labs/final_ws/install/dynamixel_sdk_custom_interfaces/include/dynamixel_sdk_custom_interfaces/dynamixel_sdk_custom_interfaces/msg/detail/set_position__struct.h
-- Installing: /home/augustmenard/Intro-to-Robotics-Research-Labs/final_ws/install/dynamixel_sdk_custom_interfaces/include/dynamixel_sdk_custom_interfaces/dynamixel_sdk_custom_interfaces/msg/detail/set_position__functions.h
-- Installing: /home/augustmenard/Intro-to-Robotics-Research-Labs/final_ws/install/dynamixel_sdk_custom_interfaces/include/dynamixel_sdk_custom_interfaces/dynamixel_sdk_custom_interfaces/msg/detail/set_position__functions.c
-- Installing: /home/augustmenard/Intro-to-Robotics-Research-Labs/final_ws/install/dynamixel_sdk_custom_interfaces/include/dynamixel_sdk_custom_interfaces/dynamixel_sdk_custom_interfaces/msg/set_position.h
-- Installing: /home/augustmenard/Intro-to-Robotics-Research-Labs/final_ws/install/dynamixel_sdk_custom_interfaces/share/dynamixel_sdk_custom_interfaces/environment/library_path.sh
-- Installing: /home/augustmenard/Intro-to-Robotics-Research-Labs/final_ws/install/dynamixel_sdk_custom_interfaces/share/dynamixel_sdk_custom_interfaces/environment/library_path.dsv
-- Installing: /home/augustmenard/Intro-to-Robotics-Research-Labs/final_ws/install/dynamixel_sdk_custom_interfaces/lib/libdynamixel_sdk_custom_interfaces__rosidl_generator_c.so
-- Set runtime path of "/home/augustmenard/Intro-to-Robotics-Research-Labs/final_ws/install/dynamixel_sdk_custom_interfaces/lib/libdynamixel_sdk_custom_interfaces__rosidl_generator_c.so" to ""
-- Up-to-date: /home/augustmenard/Intro-to-Robotics-Research-Labs/final_ws/install/dynamixel_sdk_custom_interfaces/include/dynamixel_sdk_custom_interfaces/dynamixel_sdk_custom_interfaces
-- Up-to-date: /home/augustmenard/Intro-to-Robotics-Research-Labs/final_ws/install/dynamixel_sdk_custom_interfaces/include/dynamixel_sdk_custom_interfaces/dynamixel_sdk_custom_interfaces/srv
-- Up-to-date: /home/augustmenard/Intro-to-Robotics-Research-Labs/final_ws/install/dynamixel_sdk_custom_interfaces/include/dynamixel_sdk_custom_interfaces/dynamixel_sdk_custom_interfaces/srv/detail
-- Installing: /home/augustmenard/Intro-to-Robotics-Research-Labs/final_ws/install/dynamixel_sdk_custom_interfaces/include/dynamixel_sdk_custom_interfaces/dynamixel_sdk_custom_interfaces/srv/detail/get_position__rosidl_typesupport_fastrtps_c.h
-- Up-to-date: /home/augustmenard/Intro-to-Robotics-Research-Labs/final_ws/install/dynamixel_sdk_custom_interfaces/include/dynamixel_sdk_custom_interfaces/dynamixel_sdk_custom_interfaces/msg
-- Up-to-date: /home/augustmenard/Intro-to-Robotics-Research-Labs/final_ws/install/dynamixel_sdk_custom_interfaces/include/dynamixel_sdk_custom_interfaces/dynamixel_sdk_custom_interfaces/msg/detail
-- Installing: /home/augustmenard/Intro-to-Robotics-Research-Labs/final_ws/install/dynamixel_sdk_custom_interfaces/include/dynamixel_sdk_custom_interfaces/dynamixel_sdk_custom_interfaces/msg/detail/set_position__rosidl_typesupport_fastrtps_c.h
-- Installing: /home/augustmenard/Intro-to-Robotics-Research-Labs/final_ws/install/dynamixel_sdk_custom_interfaces/include/dynamixel_sdk_custom_interfaces/dynamixel_sdk_custom_interfaces/msg/rosidl_typesupport_fastrtps_c__visibility_control.h
-- Installing: /home/augustmenard/Intro-to-Robotics-Research-Labs/final_ws/install/dynamixel_sdk_custom_interfaces/lib/libdynamixel_sdk_custom_interfaces__rosidl_typesupport_fastrtps_c.so
-- Set runtime path of "/home/augustmenard/Intro-to-Robotics-Research-Labs/final_ws/install/dynamixel_sdk_custom_interfaces/lib/libdynamixel_sdk_custom_interfaces__rosidl_typesupport_fastrtps_c.so" to ""
-- Up-to-date: /home/augustmenard/Intro-to-Robotics-Research-Labs/final_ws/install/dynamixel_sdk_custom_interfaces/include/dynamixel_sdk_custom_interfaces/dynamixel_sdk_custom_interfaces
-- Up-to-date: /home/augustmenard/Intro-to-Robotics-Research-Labs/final_ws/install/dynamixel_sdk_custom_interfaces/include/dynamixel_sdk_custom_interfaces/dynamixel_sdk_custom_interfaces/srv
-- Installing: /home/augustmenard/Intro-to-Robotics-Research-Labs/final_ws/install/dynamixel_sdk_custom_interfaces/include/dynamixel_sdk_custom_interfaces/dynamixel_sdk_custom_interfaces/srv/get_position.hpp
-- Up-to-date: /home/augustmenard/Intro-to-Robotics-Research-Labs/final_ws/install/dynamixel_sdk_custom_interfaces/include/dynamixel_sdk_custom_interfaces/dynamixel_sdk_custom_interfaces/srv/detail
-- Installing: /home/augustmenard/Intro-to-Robotics-Research-Labs/final_ws/install/dynamixel_sdk_custom_interfaces/include/dynamixel_sdk_custom_interfaces/dynamixel_sdk_custom_interfaces/srv/detail/get_position__type_support.hpp
-- Installing: /home/augustmenard/Intro-to-Robotics-Research-Labs/final_ws/install/dynamixel_sdk_custom_interfaces/include/dynamixel_sdk_custom_interfaces/dynamixel_sdk_custom_interfaces/srv/detail/get_position__struct.hpp
-- Installing: /home/augustmenard/Intro-to-Robotics-Research-Labs/final_ws/install/dynamixel_sdk_custom_interfaces/include/dynamixel_sdk_custom_interfaces/dynamixel_sdk_custom_interfaces/srv/detail/get_position__traits.hpp
-- Installing: /home/augustmenard/Intro-to-Robotics-Research-Labs/final_ws/install/dynamixel_sdk_custom_interfaces/include/dynamixel_sdk_custom_interfaces/dynamixel_sdk_custom_interfaces/srv/detail/get_position__builder.hpp
-- Up-to-date: /home/augustmenard/Intro-to-Robotics-Research-Labs/final_ws/install/dynamixel_sdk_custom_interfaces/include/dynamixel_sdk_custom_interfaces/dynamixel_sdk_custom_interfaces/msg
-- Installing: /home/augustmenard/Intro-to-Robotics-Research-Labs/final_ws/install/dynamixel_sdk_custom_interfaces/include/dynamixel_sdk_custom_interfaces/dynamixel_sdk_custom_interfaces/msg/rosidl_generator_cpp__visibility_control.hpp
-- Up-to-date: /home/augustmenard/Intro-to-Robotics-Research-Labs/final_ws/install/dynamixel_sdk_custom_interfaces/include/dynamixel_sdk_custom_interfaces/dynamixel_sdk_custom_interfaces/msg/detail
-- Installing: /home/augustmenard/Intro-to-Robotics-Research-Labs/final_ws/install/dynamixel_sdk_custom_interfaces/include/dynamixel_sdk_custom_interfaces/dynamixel_sdk_custom_interfaces/msg/detail/set_position__type_support.hpp
-- Installing: /home/augustmenard/Intro-to-Robotics-Research-Labs/final_ws/install/dynamixel_sdk_custom_interfaces/include/dynamixel_sdk_custom_interfaces/dynamixel_sdk_custom_interfaces/msg/detail/set_position__builder.hpp
-- Installing: /home/augustmenard/Intro-to-Robotics-Research-Labs/final_ws/install/dynamixel_sdk_custom_interfaces/include/dynamixel_sdk_custom_interfaces/dynamixel_sdk_custom_interfaces/msg/detail/set_position__struct.hpp
-- Installing: /home/augustmenard/Intro-to-Robotics-Research-Labs/final_ws/install/dynamixel_sdk_custom_interfaces/include/dynamixel_sdk_custom_interfaces/dynamixel_sdk_custom_interfaces/msg/detail/set_position__traits.hpp
-- Installing: /home/augustmenard/Intro-to-Robotics-Research-Labs/final_ws/install/dynamixel_sdk_custom_interfaces/include/dynamixel_sdk_custom_interfaces/dynamixel_sdk_custom_interfaces/msg/set_position.hpp
-- Up-to-date: /home/augustmenard/Intro-to-Robotics-Research-Labs/final_ws/install/dynamixel_sdk_custom_interfaces/include/dynamixel_sdk_custom_interfaces/dynamixel_sdk_custom_interfaces
-- Up-to-date: /home/augustmenard/Intro-to-Robotics-Research-Labs/final_ws/install/dynamixel_sdk_custom_interfaces/include/dynamixel_sdk_custom_interfaces/dynamixel_sdk_custom_interfaces/srv
-- Up-to-date: /home/augustmenard/Intro-to-Robotics-Research-Labs/final_ws/install/dynamixel_sdk_custom_interfaces/include/dynamixel_sdk_custom_interfaces/dynamixel_sdk_custom_interfaces/srv/detail
-- Up-to-date: /home/augustmenard/Intro-to-Robotics-Research-Labs/final_ws/install/dynamixel_sdk_custom_interfaces/include/dynamixel_sdk_custom_interfaces/dynamixel_sdk_custom_interfaces/srv/detail/dds_fastrtps
-- Installing: /home/augustmenard/Intro-to-Robotics-Research-Labs/final_ws/install/dynamixel_sdk_custom_interfaces/include/dynamixel_sdk_custom_interfaces/dynamixel_sdk_custom_interfaces/srv/detail/get_position__rosidl_typesupport_fastrtps_cpp.hpp
-- Up-to-date: /home/augustmenard/Intro-to-Robotics-Research-Labs/final_ws/install/dynamixel_sdk_custom_interfaces/include/dynamixel_sdk_custom_interfaces/dynamixel_sdk_custom_interfaces/msg
-- Up-to-date: /home/augustmenard/Intro-to-Robotics-Research-Labs/final_ws/install/dynamixel_sdk_custom_interfaces/include/dynamixel_sdk_custom_interfaces/dynamixel_sdk_custom_interfaces/msg/detail
-- Installing: /home/augustmenard/Intro-to-Robotics-Research-Labs/final_ws/install/dynamixel_sdk_custom_interfaces/include/dynamixel_sdk_custom_interfaces/dynamixel_sdk_custom_interfaces/msg/detail/set_position__rosidl_typesupport_fastrtps_cpp.hpp
-- Up-to-date: /home/augustmenard/Intro-to-Robotics-Research-Labs/final_ws/install/dynamixel_sdk_custom_interfaces/include/dynamixel_sdk_custom_interfaces/dynamixel_sdk_custom_interfaces/msg/detail/dds_fastrtps
-- Installing: /home/augustmenard/Intro-to-Robotics-Research-Labs/final_ws/install/dynamixel_sdk_custom_interfaces/include/dynamixel_sdk_custom_interfaces/dynamixel_sdk_custom_interfaces/msg/rosidl_typesupport_fastrtps_cpp__visibility_control.h
-- Installing: /home/augustmenard/Intro-to-Robotics-Research-Labs/final_ws/install/dynamixel_sdk_custom_interfaces/lib/libdynamixel_sdk_custom_interfaces__rosidl_typesupport_fastrtps_cpp.so
-- Set runtime path of "/home/augustmenard/Intro-to-Robotics-Research-Labs/final_ws/install/dynamixel_sdk_custom_interfaces/lib/libdynamixel_sdk_custom_interfaces__rosidl_typesupport_fastrtps_cpp.so" to ""
-- Up-to-date: /home/augustmenard/Intro-to-Robotics-Research-Labs/final_ws/install/dynamixel_sdk_custom_interfaces/include/dynamixel_sdk_custom_interfaces/dynamixel_sdk_custom_interfaces
-- Up-to-date: /home/augustmenard/Intro-to-Robotics-Research-Labs/final_ws/install/dynamixel_sdk_custom_interfaces/include/dynamixel_sdk_custom_interfaces/dynamixel_sdk_custom_interfaces/srv
-- Up-to-date: /home/augustmenard/Intro-to-Robotics-Research-Labs/final_ws/install/dynamixel_sdk_custom_interfaces/include/dynamixel_sdk_custom_interfaces/dynamixel_sdk_custom_interfaces/srv/detail
-- Installing: /home/augustmenard/Intro-to-Robotics-Research-Labs/final_ws/install/dynamixel_sdk_custom_interfaces/include/dynamixel_sdk_custom_interfaces/dynamixel_sdk_custom_interfaces/srv/detail/get_position__rosidl_typesupport_introspection_c.h
-- Installing: /home/augustmenard/Intro-to-Robotics-Research-Labs/final_ws/install/dynamixel_sdk_custom_interfaces/include/dynamixel_sdk_custom_interfaces/dynamixel_sdk_custom_interfaces/srv/detail/get_position__type_support.c
-- Up-to-date: /home/augustmenard/Intro-to-Robotics-Research-Labs/final_ws/install/dynamixel_sdk_custom_interfaces/include/dynamixel_sdk_custom_interfaces/dynamixel_sdk_custom_interfaces/msg
-- Up-to-date: /home/augustmenard/Intro-to-Robotics-Research-Labs/final_ws/install/dynamixel_sdk_custom_interfaces/include/dynamixel_sdk_custom_interfaces/dynamixel_sdk_custom_interfaces/msg/detail
-- Installing: /home/augustmenard/Intro-to-Robotics-Research-Labs/final_ws/install/dynamixel_sdk_custom_interfaces/include/dynamixel_sdk_custom_interfaces/dynamixel_sdk_custom_interfaces/msg/detail/set_position__rosidl_typesupport_introspection_c.h
-- Installing: /home/augustmenard/Intro-to-Robotics-Research-Labs/final_ws/install/dynamixel_sdk_custom_interfaces/include/dynamixel_sdk_custom_interfaces/dynamixel_sdk_custom_interfaces/msg/detail/set_position__type_support.c
-- Installing: /home/augustmenard/Intro-to-Robotics-Research-Labs/final_ws/install/dynamixel_sdk_custom_interfaces/include/dynamixel_sdk_custom_interfaces/dynamixel_sdk_custom_interfaces/msg/rosidl_typesupport_introspection_c__visibility_control.h
-- Installing: /home/augustmenard/Intro-to-Robotics-Research-Labs/final_ws/install/dynamixel_sdk_custom_interfaces/lib/libdynamixel_sdk_custom_interfaces__rosidl_typesupport_introspection_c.so
-- Set runtime path of "/home/augustmenard/Intro-to-Robotics-Research-Labs/final_ws/install/dynamixel_sdk_custom_interfaces/lib/libdynamixel_sdk_custom_interfaces__rosidl_typesupport_introspection_c.so" to ""
-- Installing: /home/augustmenard/Intro-to-Robotics-Research-Labs/final_ws/install/dynamixel_sdk_custom_interfaces/lib/libdynamixel_sdk_custom_interfaces__rosidl_typesupport_c.so
-- Set runtime path of "/home/augustmenard/Intro-to-Robotics-Research-Labs/final_ws/install/dynamixel_sdk_custom_interfaces/lib/libdynamixel_sdk_custom_interfaces__rosidl_typesupport_c.so" to ""
-- Up-to-date: /home/augustmenard/Intro-to-Robotics-Research-Labs/final_ws/install/dynamixel_sdk_custom_interfaces/include/dynamixel_sdk_custom_interfaces/dynamixel_sdk_custom_interfaces
-- Up-to-date: /home/augustmenard/Intro-to-Robotics-Research-Labs/final_ws/install/dynamixel_sdk_custom_interfaces/include/dynamixel_sdk_custom_interfaces/dynamixel_sdk_custom_interfaces/srv
-- Up-to-date: /home/augustmenard/Intro-to-Robotics-Research-Labs/final_ws/install/dynamixel_sdk_custom_interfaces/include/dynamixel_sdk_custom_interfaces/dynamixel_sdk_custom_interfaces/srv/detail
-- Installing: /home/augustmenard/Intro-to-Robotics-Research-Labs/final_ws/install/dynamixel_sdk_custom_interfaces/include/dynamixel_sdk_custom_interfaces/dynamixel_sdk_custom_interfaces/srv/detail/get_position__type_support.cpp
-- Installing: /home/augustmenard/Intro-to-Robotics-Research-Labs/final_ws/install/dynamixel_sdk_custom_interfaces/include/dynamixel_sdk_custom_interfaces/dynamixel_sdk_custom_interfaces/srv/detail/get_position__rosidl_typesupport_introspection_cpp.hpp
-- Up-to-date: /home/augustmenard/Intro-to-Robotics-Research-Labs/final_ws/install/dynamixel_sdk_custom_interfaces/include/dynamixel_sdk_custom_interfaces/dynamixel_sdk_custom_interfaces/msg
-- Up-to-date: /home/augustmenard/Intro-to-Robotics-Research-Labs/final_ws/install/dynamixel_sdk_custom_interfaces/include/dynamixel_sdk_custom_interfaces/dynamixel_sdk_custom_interfaces/msg/detail
-- Installing: /home/augustmenard/Intro-to-Robotics-Research-Labs/final_ws/install/dynamixel_sdk_custom_interfaces/include/dynamixel_sdk_custom_interfaces/dynamixel_sdk_custom_interfaces/msg/detail/set_position__rosidl_typesupport_introspection_cpp.hpp
-- Installing: /home/augustmenard/Intro-to-Robotics-Research-Labs/final_ws/install/dynamixel_sdk_custom_interfaces/include/dynamixel_sdk_custom_interfaces/dynamixel_sdk_custom_interfaces/msg/detail/set_position__type_support.cpp
-- Installing: /home/augustmenard/Intro-to-Robotics-Research-Labs/final_ws/install/dynamixel_sdk_custom_interfaces/lib/libdynamixel_sdk_custom_interfaces__rosidl_typesupport_introspection_cpp.so
-- Set runtime path of "/home/augustmenard/Intro-to-Robotics-Research-Labs/final_ws/install/dynamixel_sdk_custom_interfaces/lib/libdynamixel_sdk_custom_interfaces__rosidl_typesupport_introspection_cpp.so" to ""
-- Installing: /home/augustmenard/Intro-to-Robotics-Research-Labs/final_ws/install/dynamixel_sdk_custom_interfaces/lib/libdynamixel_sdk_custom_interfaces__rosidl_typesupport_cpp.so
-- Set runtime path of "/home/augustmenard/Intro-to-Robotics-Research-Labs/final_ws/install/dynamixel_sdk_custom_interfaces/lib/libdynamixel_sdk_custom_interfaces__rosidl_typesupport_cpp.so" to ""
-- Installing: /home/augustmenard/Intro-to-Robotics-Research-Labs/final_ws/install/dynamixel_sdk_custom_interfaces/share/dynamixel_sdk_custom_interfaces/environment/pythonpath.sh
-- Installing: /home/augustmenard/Intro-to-Robotics-Research-Labs/final_ws/install/dynamixel_sdk_custom_interfaces/share/dynamixel_sdk_custom_interfaces/environment/pythonpath.dsv
-- Installing: /home/augustmenard/Intro-to-Robotics-Research-Labs/final_ws/install/dynamixel_sdk_custom_interfaces/local/lib/python3.10/dist-packages/dynamixel_sdk_custom_interfaces-3.8.4-py3.10.egg-info
-- Installing: /home/augustmenard/Intro-to-Robotics-Research-Labs/final_ws/install/dynamixel_sdk_custom_interfaces/local/lib/python3.10/dist-packages/dynamixel_sdk_custom_interfaces-3.8.4-py3.10.egg-info/PKG-INFO
-- Installing: /home/augustmenard/Intro-to-Robotics-Research-Labs/final_ws/install/dynamixel_sdk_custom_interfaces/local/lib/python3.10/dist-packages/dynamixel_sdk_custom_interfaces-3.8.4-py3.10.egg-info/top_level.txt
-- Installing: /home/augustmenard/Intro-to-Robotics-Research-Labs/final_ws/install/dynamixel_sdk_custom_interfaces/local/lib/python3.10/dist-packages/dynamixel_sdk_custom_interfaces-3.8.4-py3.10.egg-info/SOURCES.txt
-- Installing: /home/augustmenard/Intro-to-Robotics-Research-Labs/final_ws/install/dynamixel_sdk_custom_interfaces/local/lib/python3.10/dist-packages/dynamixel_sdk_custom_interfaces-3.8.4-py3.10.egg-info/dependency_links.txt
-- Installing: /home/augustmenard/Intro-to-Robotics-Research-Labs/final_ws/install/dynamixel_sdk_custom_interfaces/local/lib/python3.10/dist-packages/dynamixel_sdk_custom_interfaces
-- Installing: /home/augustmenard/Intro-to-Robotics-Research-Labs/final_ws/install/dynamixel_sdk_custom_interfaces/local/lib/python3.10/dist-packages/dynamixel_sdk_custom_interfaces/__init__.py
-- Installing: /home/augustmenard/Intro-to-Robotics-Research-Labs/final_ws/install/dynamixel_sdk_custom_interfaces/local/lib/python3.10/dist-packages/dynamixel_sdk_custom_interfaces/srv
-- Installing: /home/augustmenard/Intro-to-Robotics-Research-Labs/final_ws/install/dynamixel_sdk_custom_interfaces/local/lib/python3.10/dist-packages/dynamixel_sdk_custom_interfaces/srv/_get_position.py
-- Installing: /home/augustmenard/Intro-to-Robotics-Research-Labs/final_ws/install/dynamixel_sdk_custom_interfaces/local/lib/python3.10/dist-packages/dynamixel_sdk_custom_interfaces/srv/__init__.py
-- Installing: /home/augustmenard/Intro-to-Robotics-Research-Labs/final_ws/install/dynamixel_sdk_custom_interfaces/local/lib/python3.10/dist-packages/dynamixel_sdk_custom_interfaces/srv/_get_position_s.c
-- Installing: /home/augustmenard/Intro-to-Robotics-Research-Labs/final_ws/install/dynamixel_sdk_custom_interfaces/local/lib/python3.10/dist-packages/dynamixel_sdk_custom_interfaces/dynamixel_sdk_custom_interfaces_s__rosidl_typesupport_fastrtps_c.cpython-310-x86_64-linux-gnu.so
-- Installing: /home/augustmenard/Intro-to-Robotics-Research-Labs/final_ws/install/dynamixel_sdk_custom_interfaces/local/lib/python3.10/dist-packages/dynamixel_sdk_custom_interfaces/msg
-- Installing: /home/augustmenard/Intro-to-Robotics-Research-Labs/final_ws/install/dynamixel_sdk_custom_interfaces/local/lib/python3.10/dist-packages/dynamixel_sdk_custom_interfaces/msg/__init__.py
-- Installing: /home/augustmenard/Intro-to-Robotics-Research-Labs/final_ws/install/dynamixel_sdk_custom_interfaces/local/lib/python3.10/dist-packages/dynamixel_sdk_custom_interfaces/msg/_set_position.py
-- Installing: /home/augustmenard/Intro-to-Robotics-Research-Labs/final_ws/install/dynamixel_sdk_custom_interfaces/local/lib/python3.10/dist-packages/dynamixel_sdk_custom_interfaces/msg/_set_position_s.c
-- Installing: /home/augustmenard/Intro-to-Robotics-Research-Labs/final_ws/install/dynamixel_sdk_custom_interfaces/local/lib/python3.10/dist-packages/dynamixel_sdk_custom_interfaces/dynamixel_sdk_custom_interfaces_s__rosidl_typesupport_introspection_c.cpython-310-x86_64-linux-gnu.so
-- Installing: /home/augustmenard/Intro-to-Robotics-Research-Labs/final_ws/install/dynamixel_sdk_custom_interfaces/local/lib/python3.10/dist-packages/dynamixel_sdk_custom_interfaces/libdynamixel_sdk_custom_interfaces__rosidl_generator_py.so
-- Installing: /home/augustmenard/Intro-to-Robotics-Research-Labs/final_ws/install/dynamixel_sdk_custom_interfaces/local/lib/python3.10/dist-packages/dynamixel_sdk_custom_interfaces/_dynamixel_sdk_custom_interfaces_s.ep.rosidl_typesupport_fastrtps_c.c
-- Installing: /home/augustmenard/Intro-to-Robotics-Research-Labs/final_ws/install/dynamixel_sdk_custom_interfaces/local/lib/python3.10/dist-packages/dynamixel_sdk_custom_interfaces/dynamixel_sdk_custom_interfaces_s__rosidl_typesupport_c.cpython-310-x86_64-linux-gnu.so
-- Installing: /home/augustmenard/Intro-to-Robotics-Research-Labs/final_ws/install/dynamixel_sdk_custom_interfaces/local/lib/python3.10/dist-packages/dynamixel_sdk_custom_interfaces/_dynamixel_sdk_custom_interfaces_s.ep.rosidl_typesupport_introspection_c.c
-- Installing: /home/augustmenard/Intro-to-Robotics-Research-Labs/final_ws/install/dynamixel_sdk_custom_interfaces/local/lib/python3.10/dist-packages/dynamixel_sdk_custom_interfaces/_dynamixel_sdk_custom_interfaces_s.ep.rosidl_typesupport_c.c
Listing '/home/augustmenard/Intro-to-Robotics-Research-Labs/final_ws/install/dynamixel_sdk_custom_interfaces/local/lib/python3.10/dist-packages/dynamixel_sdk_custom_interfaces'...
Compiling '/home/augustmenard/Intro-to-Robotics-Research-Labs/final_ws/install/dynamixel_sdk_custom_interfaces/local/lib/python3.10/dist-packages/dynamixel_sdk_custom_interfaces/__init__.py'...
Listing '/home/augustmenard/Intro-to-Robotics-Research-Labs/final_ws/install/dynamixel_sdk_custom_interfaces/local/lib/python3.10/dist-packages/dynamixel_sdk_custom_interfaces/msg'...
Compiling '/home/augustmenard/Intro-to-Robotics-Research-Labs/final_ws/install/dynamixel_sdk_custom_interfaces/local/lib/python3.10/dist-packages/dynamixel_sdk_custom_interfaces/msg/__init__.py'...
Compiling '/home/augustmenard/Intro-to-Robotics-Research-Labs/final_ws/install/dynamixel_sdk_custom_interfaces/local/lib/python3.10/dist-packages/dynamixel_sdk_custom_interfaces/msg/_set_position.py'...
Listing '/home/augustmenard/Intro-to-Robotics-Research-Labs/final_ws/install/dynamixel_sdk_custom_interfaces/local/lib/python3.10/dist-packages/dynamixel_sdk_custom_interfaces/srv'...
Compiling '/home/augustmenard/Intro-to-Robotics-Research-Labs/final_ws/install/dynamixel_sdk_custom_interfaces/local/lib/python3.10/dist-packages/dynamixel_sdk_custom_interfaces/srv/__init__.py'...
Compiling '/home/augustmenard/Intro-to-Robotics-Research-Labs/final_ws/install/dynamixel_sdk_custom_interfaces/local/lib/python3.10/dist-packages/dynamixel_sdk_custom_interfaces/srv/_get_position.py'...
-- Installing: /home/augustmenard/Intro-to-Robotics-Research-Labs/final_ws/install/dynamixel_sdk_custom_interfaces/local/lib/python3.10/dist-packages/dynamixel_sdk_custom_interfaces/dynamixel_sdk_custom_interfaces_s__rosidl_typesupport_fastrtps_c.cpython-310-x86_64-linux-gnu.so
-- Set runtime path of "/home/augustmenard/Intro-to-Robotics-Research-Labs/final_ws/install/dynamixel_sdk_custom_interfaces/local/lib/python3.10/dist-packages/dynamixel_sdk_custom_interfaces/dynamixel_sdk_custom_interfaces_s__rosidl_typesupport_fastrtps_c.cpython-310-x86_64-linux-gnu.so" to ""
-- Installing: /home/augustmenard/Intro-to-Robotics-Research-Labs/final_ws/install/dynamixel_sdk_custom_interfaces/local/lib/python3.10/dist-packages/dynamixel_sdk_custom_interfaces/dynamixel_sdk_custom_interfaces_s__rosidl_typesupport_introspection_c.cpython-310-x86_64-linux-gnu.so
-- Set runtime path of "/home/augustmenard/Intro-to-Robotics-Research-Labs/final_ws/install/dynamixel_sdk_custom_interfaces/local/lib/python3.10/dist-packages/dynamixel_sdk_custom_interfaces/dynamixel_sdk_custom_interfaces_s__rosidl_typesupport_introspection_c.cpython-310-x86_64-linux-gnu.so" to ""
-- Installing: /home/augustmenard/Intro-to-Robotics-Research-Labs/final_ws/install/dynamixel_sdk_custom_interfaces/local/lib/python3.10/dist-packages/dynamixel_sdk_custom_interfaces/dynamixel_sdk_custom_interfaces_s__rosidl_typesupport_c.cpython-310-x86_64-linux-gnu.so
-- Set runtime path of "/home/augustmenard/Intro-to-Robotics-Research-Labs/final_ws/install/dynamixel_sdk_custom_interfaces/local/lib/python3.10/dist-packages/dynamixel_sdk_custom_interfaces/dynamixel_sdk_custom_interfaces_s__rosidl_typesupport_c.cpython-310-x86_64-linux-gnu.so" to ""
-- Installing: /home/augustmenard/Intro-to-Robotics-Research-Labs/final_ws/install/dynamixel_sdk_custom_interfaces/lib/libdynamixel_sdk_custom_interfaces__rosidl_generator_py.so
-- Set runtime path of "/home/augustmenard/Intro-to-Robotics-Research-Labs/final_ws/install/dynamixel_sdk_custom_interfaces/lib/libdynamixel_sdk_custom_interfaces__rosidl_generator_py.so" to ""
-- Installing: /home/augustmenard/Intro-to-Robotics-Research-Labs/final_ws/install/dynamixel_sdk_custom_interfaces/share/dynamixel_sdk_custom_interfaces/msg/SetPosition.idl
-- Installing: /home/augustmenard/Intro-to-Robotics-Research-Labs/final_ws/install/dynamixel_sdk_custom_interfaces/share/dynamixel_sdk_custom_interfaces/srv/GetPosition.idl
-- Installing: /home/augustmenard/Intro-to-Robotics-Research-Labs/final_ws/install/dynamixel_sdk_custom_interfaces/share/dynamixel_sdk_custom_interfaces/msg/SetPosition.msg
-- Installing: /home/augustmenard/Intro-to-Robotics-Research-Labs/final_ws/install/dynamixel_sdk_custom_interfaces/share/dynamixel_sdk_custom_interfaces/srv/GetPosition.srv
-- Installing: /home/augustmenard/Intro-to-Robotics-Research-Labs/final_ws/install/dynamixel_sdk_custom_interfaces/share/dynamixel_sdk_custom_interfaces/srv/GetPosition_Request.msg
-- Installing: /home/augustmenard/Intro-to-Robotics-Research-Labs/final_ws/install/dynamixel_sdk_custom_interfaces/share/dynamixel_sdk_custom_interfaces/srv/GetPosition_Response.msg
-- Installing: /home/augustmenard/Intro-to-Robotics-Research-Labs/final_ws/install/dynamixel_sdk_custom_interfaces/share/ament_index/resource_index/package_run_dependencies/dynamixel_sdk_custom_interfaces
-- Installing: /home/augustmenard/Intro-to-Robotics-Research-Labs/final_ws/install/dynamixel_sdk_custom_interfaces/share/ament_index/resource_index/parent_prefix_path/dynamixel_sdk_custom_interfaces
-- Installing: /home/augustmenard/Intro-to-Robotics-Research-Labs/final_ws/install/dynamixel_sdk_custom_interfaces/share/dynamixel_sdk_custom_interfaces/environment/ament_prefix_path.sh
-- Installing: /home/augustmenard/Intro-to-Robotics-Research-Labs/final_ws/install/dynamixel_sdk_custom_interfaces/share/dynamixel_sdk_custom_interfaces/environment/ament_prefix_path.dsv
-- Installing: /home/augustmenard/Intro-to-Robotics-Research-Labs/final_ws/install/dynamixel_sdk_custom_interfaces/share/dynamixel_sdk_custom_interfaces/environment/path.sh
-- Installing: /home/augustmenard/Intro-to-Robotics-Research-Labs/final_ws/install/dynamixel_sdk_custom_interfaces/share/dynamixel_sdk_custom_interfaces/environment/path.dsv
-- Installing: /home/augustmenard/Intro-to-Robotics-Research-Labs/final_ws/install/dynamixel_sdk_custom_interfaces/share/dynamixel_sdk_custom_interfaces/local_setup.bash
-- Installing: /home/augustmenard/Intro-to-Robotics-Research-Labs/final_ws/install/dynamixel_sdk_custom_interfaces/share/dynamixel_sdk_custom_interfaces/local_setup.sh
-- Installing: /home/augustmenard/Intro-to-Robotics-Research-Labs/final_ws/install/dynamixel_sdk_custom_interfaces/share/dynamixel_sdk_custom_interfaces/local_setup.zsh
-- Installing: /home/augustmenard/Intro-to-Robotics-Research-Labs/final_ws/install/dynamixel_sdk_custom_interfaces/share/dynamixel_sdk_custom_interfaces/local_setup.dsv
-- Installing: /home/augustmenard/Intro-to-Robotics-Research-Labs/final_ws/install/dynamixel_sdk_custom_interfaces/share/dynamixel_sdk_custom_interfaces/package.dsv
-- Installing: /home/augustmenard/Intro-to-Robotics-Research-Labs/final_ws/install/dynamixel_sdk_custom_interfaces/share/ament_index/resource_index/packages/dynamixel_sdk_custom_interfaces
-- Installing: /home/augustmenard/Intro-to-Robotics-Research-Labs/final_ws/install/dynamixel_sdk_custom_interfaces/share/dynamixel_sdk_custom_interfaces/cmake/export_dynamixel_sdk_custom_interfaces__rosidl_generator_cExport.cmake
-- Installing: /home/augustmenard/Intro-to-Robotics-Research-Labs/final_ws/install/dynamixel_sdk_custom_interfaces/share/dynamixel_sdk_custom_interfaces/cmake/export_dynamixel_sdk_custom_interfaces__rosidl_generator_cExport-noconfig.cmake
-- Installing: /home/augustmenard/Intro-to-Robotics-Research-Labs/final_ws/install/dynamixel_sdk_custom_interfaces/share/dynamixel_sdk_custom_interfaces/cmake/export_dynamixel_sdk_custom_interfaces__rosidl_typesupport_fastrtps_cExport.cmake
-- Installing: /home/augustmenard/Intro-to-Robotics-Research-Labs/final_ws/install/dynamixel_sdk_custom_interfaces/share/dynamixel_sdk_custom_interfaces/cmake/export_dynamixel_sdk_custom_interfaces__rosidl_typesupport_fastrtps_cExport-noconfig.cmake
-- Installing: /home/augustmenard/Intro-to-Robotics-Research-Labs/final_ws/install/dynamixel_sdk_custom_interfaces/share/dynamixel_sdk_custom_interfaces/cmake/export_dynamixel_sdk_custom_interfaces__rosidl_generator_cppExport.cmake
-- Installing: /home/augustmenard/Intro-to-Robotics-Research-Labs/final_ws/install/dynamixel_sdk_custom_interfaces/share/dynamixel_sdk_custom_interfaces/cmake/export_dynamixel_sdk_custom_interfaces__rosidl_typesupport_fastrtps_cppExport.cmake
-- Installing: /home/augustmenard/Intro-to-Robotics-Research-Labs/final_ws/install/dynamixel_sdk_custom_interfaces/share/dynamixel_sdk_custom_interfaces/cmake/export_dynamixel_sdk_custom_interfaces__rosidl_typesupport_fastrtps_cppExport-noconfig.cmake
-- Installing: /home/augustmenard/Intro-to-Robotics-Research-Labs/final_ws/install/dynamixel_sdk_custom_interfaces/share/dynamixel_sdk_custom_interfaces/cmake/dynamixel_sdk_custom_interfaces__rosidl_typesupport_introspection_cExport.cmake
-- Installing: /home/augustmenard/Intro-to-Robotics-Research-Labs/final_ws/install/dynamixel_sdk_custom_interfaces/share/dynamixel_sdk_custom_interfaces/cmake/dynamixel_sdk_custom_interfaces__rosidl_typesupport_introspection_cExport-noconfig.cmake
-- Installing: /home/augustmenard/Intro-to-Robotics-Research-Labs/final_ws/install/dynamixel_sdk_custom_interfaces/share/dynamixel_sdk_custom_interfaces/cmake/dynamixel_sdk_custom_interfaces__rosidl_typesupport_cExport.cmake
-- Installing: /home/augustmenard/Intro-to-Robotics-Research-Labs/final_ws/install/dynamixel_sdk_custom_interfaces/share/dynamixel_sdk_custom_interfaces/cmake/dynamixel_sdk_custom_interfaces__rosidl_typesupport_cExport-noconfig.cmake
-- Installing: /home/augustmenard/Intro-to-Robotics-Research-Labs/final_ws/install/dynamixel_sdk_custom_interfaces/share/dynamixel_sdk_custom_interfaces/cmake/dynamixel_sdk_custom_interfaces__rosidl_typesupport_introspection_cppExport.cmake
-- Installing: /home/augustmenard/Intro-to-Robotics-Research-Labs/final_ws/install/dynamixel_sdk_custom_interfaces/share/dynamixel_sdk_custom_interfaces/cmake/dynamixel_sdk_custom_interfaces__rosidl_typesupport_introspection_cppExport-noconfig.cmake
-- Installing: /home/augustmenard/Intro-to-Robotics-Research-Labs/final_ws/install/dynamixel_sdk_custom_interfaces/share/dynamixel_sdk_custom_interfaces/cmake/dynamixel_sdk_custom_interfaces__rosidl_typesupport_cppExport.cmake
-- Installing: /home/augustmenard/Intro-to-Robotics-Research-Labs/final_ws/install/dynamixel_sdk_custom_interfaces/share/dynamixel_sdk_custom_interfaces/cmake/dynamixel_sdk_custom_interfaces__rosidl_typesupport_cppExport-noconfig.cmake
-- Installing: /home/augustmenard/Intro-to-Robotics-Research-Labs/final_ws/install/dynamixel_sdk_custom_interfaces/share/dynamixel_sdk_custom_interfaces/cmake/export_dynamixel_sdk_custom_interfaces__rosidl_generator_pyExport.cmake
-- Installing: /home/augustmenard/Intro-to-Robotics-Research-Labs/final_ws/install/dynamixel_sdk_custom_interfaces/share/dynamixel_sdk_custom_interfaces/cmake/export_dynamixel_sdk_custom_interfaces__rosidl_generator_pyExport-noconfig.cmake
-- Installing: /home/augustmenard/Intro-to-Robotics-Research-Labs/final_ws/install/dynamixel_sdk_custom_interfaces/share/dynamixel_sdk_custom_interfaces/cmake/rosidl_cmake-extras.cmake
-- Installing: /home/augustmenard/Intro-to-Robotics-Research-Labs/final_ws/install/dynamixel_sdk_custom_interfaces/share/dynamixel_sdk_custom_interfaces/cmake/ament_cmake_export_dependencies-extras.cmake
-- Installing: /home/augustmenard/Intro-to-Robotics-Research-Labs/final_ws/install/dynamixel_sdk_custom_interfaces/share/dynamixel_sdk_custom_interfaces/cmake/ament_cmake_export_include_directories-extras.cmake
-- Installing: /home/augustmenard/Intro-to-Robotics-Research-Labs/final_ws/install/dynamixel_sdk_custom_interfaces/share/dynamixel_sdk_custom_interfaces/cmake/ament_cmake_export_libraries-extras.cmake
-- Installing: /home/augustmenard/Intro-to-Robotics-Research-Labs/final_ws/install/dynamixel_sdk_custom_interfaces/share/dynamixel_sdk_custom_interfaces/cmake/ament_cmake_export_targets-extras.cmake
-- Installing: /home/augustmenard/Intro-to-Robotics-Research-Labs/final_ws/install/dynamixel_sdk_custom_interfaces/share/dynamixel_sdk_custom_interfaces/cmake/rosidl_cmake_export_typesupport_targets-extras.cmake
-- Installing: /home/augustmenard/Intro-to-Robotics-Research-Labs/final_ws/install/dynamixel_sdk_custom_interfaces/share/dynamixel_sdk_custom_interfaces/cmake/rosidl_cmake_export_typesupport_libraries-extras.cmake
-- Installing: /home/augustmenard/Intro-to-Robotics-Research-Labs/final_ws/install/dynamixel_sdk_custom_interfaces/share/dynamixel_sdk_custom_interfaces/cmake/dynamixel_sdk_custom_interfacesConfig.cmake
-- Installing: /home/augustmenard/Intro-to-Robotics-Research-Labs/final_ws/install/dynamixel_sdk_custom_interfaces/share/dynamixel_sdk_custom_interfaces/cmake/dynamixel_sdk_custom_interfacesConfig-version.cmake
-- Installing: /home/augustmenard/Intro-to-Robotics-Research-Labs/final_ws/install/dynamixel_sdk_custom_interfaces/share/dynamixel_sdk_custom_interfaces/package.xml
