[0.057s] Invoking command in '/home/augustmenard/Intro-to-Robotics-Research-Labs/lab5_ws/build/turtlebot3_navigation2': CMAKE_PREFIX_PATH=${CMAKE_PREFIX_PATH}:/home/augustmenard/Intro-to-Robotics-Research-Labs/lab5_ws/install/team_rocket_action_server_client:/home/augustmenard/Intro-to-Robotics-Research-Labs/lab5_ws/install/turtlebot3_teleop:/home/augustmenard/Intro-to-Robotics-Research-Labs/lab5_ws/install/turtlebot3_example:/opt/ros/humble /usr/bin/cmake --build /home/augustmenard/Intro-to-Robotics-Research-Labs/lab5_ws/build/turtlebot3_navigation2 -- -j8 -l8
[0.257s] Invoked command in '/home/augustmenard/Intro-to-Robotics-Research-Labs/lab5_ws/build/turtlebot3_navigation2' returned '0': CMAKE_PREFIX_PATH=${CMAKE_PREFIX_PATH}:/home/augustmenard/Intro-to-Robotics-Research-Labs/lab5_ws/install/team_rocket_action_server_client:/home/augustmenard/Intro-to-Robotics-Research-Labs/lab5_ws/install/turtlebot3_teleop:/home/augustmenard/Intro-to-Robotics-Research-Labs/lab5_ws/install/turtlebot3_example:/opt/ros/humble /usr/bin/cmake --build /home/augustmenard/Intro-to-Robotics-Research-Labs/lab5_ws/build/turtlebot3_navigation2 -- -j8 -l8
[0.258s] Invoking command in '/home/augustmenard/Intro-to-Robotics-Research-Labs/lab5_ws/build/turtlebot3_navigation2': CMAKE_PREFIX_PATH=${CMAKE_PREFIX_PATH}:/home/augustmenard/Intro-to-Robotics-Research-Labs/lab5_ws/install/team_rocket_action_server_client:/home/augustmenard/Intro-to-Robotics-Research-Labs/lab5_ws/install/turtlebot3_teleop:/home/augustmenard/Intro-to-Robotics-Research-Labs/lab5_ws/install/turtlebot3_example:/opt/ros/humble /usr/bin/cmake --install /home/augustmenard/Intro-to-Robotics-Research-Labs/lab5_ws/build/turtlebot3_navigation2
[0.313s] -- Install configuration: ""
[0.314s] -- Up-to-date: /home/augustmenard/Intro-to-Robotics-Research-Labs/lab5_ws/install/turtlebot3_navigation2/share/turtlebot3_navigation2/launch
[0.314s] -- Up-to-date: /home/augustmenard/Intro-to-Robotics-Research-Labs/lab5_ws/install/turtlebot3_navigation2/share/turtlebot3_navigation2/launch/navigation2.launch.py
[0.315s] -- Up-to-date: /home/augustmenard/Intro-to-Robotics-Research-Labs/lab5_ws/install/turtlebot3_navigation2/share/turtlebot3_navigation2/map
[0.315s] -- Up-to-date: /home/augustmenard/Intro-to-Robotics-Research-Labs/lab5_ws/install/turtlebot3_navigation2/share/turtlebot3_navigation2/map/map.pgm
[0.316s] -- Up-to-date: /home/augustmenard/Intro-to-Robotics-Research-Labs/lab5_ws/install/turtlebot3_navigation2/share/turtlebot3_navigation2/map/map.yaml
[0.317s] -- Up-to-date: /home/augustmenard/Intro-to-Robotics-Research-Labs/lab5_ws/install/turtlebot3_navigation2/share/turtlebot3_navigation2/param
[0.317s] -- Up-to-date: /home/augustmenard/Intro-to-Robotics-Research-Labs/lab5_ws/install/turtlebot3_navigation2/share/turtlebot3_navigation2/param/burger.yaml
[0.317s] -- Up-to-date: /home/augustmenard/Intro-to-Robotics-Research-Labs/lab5_ws/install/turtlebot3_navigation2/share/turtlebot3_navigation2/param/waffle_pi.yaml
[0.317s] -- Up-to-date: /home/augustmenard/Intro-to-Robotics-Research-Labs/lab5_ws/install/turtlebot3_navigation2/share/turtlebot3_navigation2/param/waffle.yaml
[0.317s] -- Up-to-date: /home/augustmenard/Intro-to-Robotics-Research-Labs/lab5_ws/install/turtlebot3_navigation2/share/turtlebot3_navigation2/param/humble
[0.317s] -- Installing: /home/augustmenard/Intro-to-Robotics-Research-Labs/lab5_ws/install/turtlebot3_navigation2/share/turtlebot3_navigation2/param/humble/burger.yaml
[0.317s] -- Up-to-date: /home/augustmenard/Intro-to-Robotics-Research-Labs/lab5_ws/install/turtlebot3_navigation2/share/turtlebot3_navigation2/param/humble/waffle_pi.yaml
[0.317s] -- Up-to-date: /home/augustmenard/Intro-to-Robotics-Research-Labs/lab5_ws/install/turtlebot3_navigation2/share/turtlebot3_navigation2/param/humble/waffle.yaml
[0.317s] -- Up-to-date: /home/augustmenard/Intro-to-Robotics-Research-Labs/lab5_ws/install/turtlebot3_navigation2/share/turtlebot3_navigation2/param/humble/burger_cam.yaml
[0.317s] -- Up-to-date: /home/augustmenard/Intro-to-Robotics-Research-Labs/lab5_ws/install/turtlebot3_navigation2/share/turtlebot3_navigation2/param/burger_cam.yaml
[0.318s] -- Up-to-date: /home/augustmenard/Intro-to-Robotics-Research-Labs/lab5_ws/install/turtlebot3_navigation2/share/turtlebot3_navigation2/rviz
[0.318s] -- Up-to-date: /home/augustmenard/Intro-to-Robotics-Research-Labs/lab5_ws/install/turtlebot3_navigation2/share/turtlebot3_navigation2/rviz/tb3_navigation2.rviz
[0.318s] -- Up-to-date: /home/augustmenard/Intro-to-Robotics-Research-Labs/lab5_ws/install/turtlebot3_navigation2/share/ament_index/resource_index/package_run_dependencies/turtlebot3_navigation2
[0.318s] -- Up-to-date: /home/augustmenard/Intro-to-Robotics-Research-Labs/lab5_ws/install/turtlebot3_navigation2/share/ament_index/resource_index/parent_prefix_path/turtlebot3_navigation2
[0.318s] -- Up-to-date: /home/augustmenard/Intro-to-Robotics-Research-Labs/lab5_ws/install/turtlebot3_navigation2/share/turtlebot3_navigation2/environment/ament_prefix_path.sh
[0.319s] -- Up-to-date: /home/augustmenard/Intro-to-Robotics-Research-Labs/lab5_ws/install/turtlebot3_navigation2/share/turtlebot3_navigation2/environment/ament_prefix_path.dsv
[0.320s] -- Up-to-date: /home/augustmenard/Intro-to-Robotics-Research-Labs/lab5_ws/install/turtlebot3_navigation2/share/turtlebot3_navigation2/environment/path.sh
[0.320s] -- Up-to-date: /home/augustmenard/Intro-to-Robotics-Research-Labs/lab5_ws/install/turtlebot3_navigation2/share/turtlebot3_navigation2/environment/path.dsv
[0.320s] -- Up-to-date: /home/augustmenard/Intro-to-Robotics-Research-Labs/lab5_ws/install/turtlebot3_navigation2/share/turtlebot3_navigation2/local_setup.bash
[0.320s] -- Up-to-date: /home/augustmenard/Intro-to-Robotics-Research-Labs/lab5_ws/install/turtlebot3_navigation2/share/turtlebot3_navigation2/local_setup.sh
[0.320s] -- Up-to-date: /home/augustmenard/Intro-to-Robotics-Research-Labs/lab5_ws/install/turtlebot3_navigation2/share/turtlebot3_navigation2/local_setup.zsh
[0.320s] -- Up-to-date: /home/augustmenard/Intro-to-Robotics-Research-Labs/lab5_ws/install/turtlebot3_navigation2/share/turtlebot3_navigation2/local_setup.dsv
[0.320s] -- Installing: /home/augustmenard/Intro-to-Robotics-Research-Labs/lab5_ws/install/turtlebot3_navigation2/share/turtlebot3_navigation2/package.dsv
[0.320s] -- Up-to-date: /home/augustmenard/Intro-to-Robotics-Research-Labs/lab5_ws/install/turtlebot3_navigation2/share/ament_index/resource_index/packages/turtlebot3_navigation2
[0.321s] -- Up-to-date: /home/augustmenard/Intro-to-Robotics-Research-Labs/lab5_ws/install/turtlebot3_navigation2/share/turtlebot3_navigation2/cmake/turtlebot3_navigation2Config.cmake
[0.321s] -- Up-to-date: /home/augustmenard/Intro-to-Robotics-Research-Labs/lab5_ws/install/turtlebot3_navigation2/share/turtlebot3_navigation2/cmake/turtlebot3_navigation2Config-version.cmake
[0.321s] -- Up-to-date: /home/augustmenard/Intro-to-Robotics-Research-Labs/lab5_ws/install/turtlebot3_navigation2/share/turtlebot3_navigation2/package.xml
[0.506s] Invoked command in '/home/augustmenard/Intro-to-Robotics-Research-Labs/lab5_ws/build/turtlebot3_navigation2' returned '0': CMAKE_PREFIX_PATH=${CMAKE_PREFIX_PATH}:/home/augustmenard/Intro-to-Robotics-Research-Labs/lab5_ws/install/team_rocket_action_server_client:/home/augustmenard/Intro-to-Robotics-Research-Labs/lab5_ws/install/turtlebot3_teleop:/home/augustmenard/Intro-to-Robotics-Research-Labs/lab5_ws/install/turtlebot3_example:/opt/ros/humble /usr/bin/cmake --install /home/augustmenard/Intro-to-Robotics-Research-Labs/lab5_ws/build/turtlebot3_navigation2
