[0.031s] Invoking command in '/home/augustmenard/Intro-to-Robotics-Research-Labs/final_ws/build/dynamixel_sdk': CMAKE_PREFIX_PATH=${CMAKE_PREFIX_PATH}:/home/augustmenard/Intro-to-Robotics-Research-Labs/final_ws/install/turtlebot3_teleop:/home/augustmenard/Intro-to-Robotics-Research-Labs/final_ws/install/turtlebot3_example:/home/augustmenard/Intro-to-Robotics-Research-Labs/final_ws/install/team_rocket_final:/opt/ros/humble /usr/bin/cmake --build /home/augustmenard/Intro-to-Robotics-Research-Labs/final_ws/build/dynamixel_sdk -- -j8 -l8
[0.127s] [100%] Built target dynamixel_sdk
[0.176s] [100%] Built target ament_cmake_python_copy_dynamixel_sdk
[0.510s] running egg_info
[0.511s] writing dynamixel_sdk.egg-info/PKG-INFO
[0.511s] writing dependency_links to dynamixel_sdk.egg-info/dependency_links.txt
[0.512s] writing top-level names to dynamixel_sdk.egg-info/top_level.txt
[0.514s] reading manifest file 'dynamixel_sdk.egg-info/SOURCES.txt'
[0.514s] writing manifest file 'dynamixel_sdk.egg-info/SOURCES.txt'
[0.548s] [100%] Built target ament_cmake_python_build_dynamixel_sdk_egg
[1.022s] Invoked command in '/home/augustmenard/Intro-to-Robotics-Research-Labs/final_ws/build/dynamixel_sdk' returned '0': CMAKE_PREFIX_PATH=${CMAKE_PREFIX_PATH}:/home/augustmenard/Intro-to-Robotics-Research-Labs/final_ws/install/turtlebot3_teleop:/home/augustmenard/Intro-to-Robotics-Research-Labs/final_ws/install/turtlebot3_example:/home/augustmenard/Intro-to-Robotics-Research-Labs/final_ws/install/team_rocket_final:/opt/ros/humble /usr/bin/cmake --build /home/augustmenard/Intro-to-Robotics-Research-Labs/final_ws/build/dynamixel_sdk -- -j8 -l8
[1.023s] Invoking command in '/home/augustmenard/Intro-to-Robotics-Research-Labs/final_ws/build/dynamixel_sdk': CMAKE_PREFIX_PATH=${CMAKE_PREFIX_PATH}:/home/augustmenard/Intro-to-Robotics-Research-Labs/final_ws/install/turtlebot3_teleop:/home/augustmenard/Intro-to-Robotics-Research-Labs/final_ws/install/turtlebot3_example:/home/augustmenard/Intro-to-Robotics-Research-Labs/final_ws/install/team_rocket_final:/opt/ros/humble /usr/bin/cmake --install /home/augustmenard/Intro-to-Robotics-Research-Labs/final_ws/build/dynamixel_sdk
[1.037s] -- Install configuration: ""
[1.037s] -- Up-to-date: /home/augustmenard/Intro-to-Robotics-Research-Labs/final_ws/install/dynamixel_sdk/include/
[1.039s] -- Up-to-date: /home/augustmenard/Intro-to-Robotics-Research-Labs/final_ws/install/dynamixel_sdk/include//dynamixel_sdk
[1.039s] -- Up-to-date: /home/augustmenard/Intro-to-Robotics-Research-Labs/final_ws/install/dynamixel_sdk/include//dynamixel_sdk/port_handler_linux.h
[1.039s] -- Up-to-date: /home/augustmenard/Intro-to-Robotics-Research-Labs/final_ws/install/dynamixel_sdk/include//dynamixel_sdk/packet_handler.h
[1.039s] -- Up-to-date: /home/augustmenard/Intro-to-Robotics-Research-Labs/final_ws/install/dynamixel_sdk/include//dynamixel_sdk/group_sync_write.h
[1.039s] -- Up-to-date: /home/augustmenard/Intro-to-Robotics-Research-Labs/final_ws/install/dynamixel_sdk/include//dynamixel_sdk/port_handler.h
[1.039s] -- Up-to-date: /home/augustmenard/Intro-to-Robotics-Research-Labs/final_ws/install/dynamixel_sdk/include//dynamixel_sdk/group_fast_bulk_read.h
[1.039s] -- Up-to-date: /home/augustmenard/Intro-to-Robotics-Research-Labs/final_ws/install/dynamixel_sdk/include//dynamixel_sdk/group_bulk_read.h
[1.039s] -- Up-to-date: /home/augustmenard/Intro-to-Robotics-Research-Labs/final_ws/install/dynamixel_sdk/include//dynamixel_sdk/group_fast_sync_read.h
[1.039s] -- Up-to-date: /home/augustmenard/Intro-to-Robotics-Research-Labs/final_ws/install/dynamixel_sdk/include//dynamixel_sdk/port_handler_mac.h
[1.040s] -- Up-to-date: /home/augustmenard/Intro-to-Robotics-Research-Labs/final_ws/install/dynamixel_sdk/include//dynamixel_sdk/group_bulk_write.h
[1.040s] -- Up-to-date: /home/augustmenard/Intro-to-Robotics-Research-Labs/final_ws/install/dynamixel_sdk/include//dynamixel_sdk/dynamixel_sdk.h
[1.040s] -- Up-to-date: /home/augustmenard/Intro-to-Robotics-Research-Labs/final_ws/install/dynamixel_sdk/include//dynamixel_sdk/protocol2_packet_handler.h
[1.040s] -- Up-to-date: /home/augustmenard/Intro-to-Robotics-Research-Labs/final_ws/install/dynamixel_sdk/include//dynamixel_sdk/port_handler_windows.h
[1.040s] -- Up-to-date: /home/augustmenard/Intro-to-Robotics-Research-Labs/final_ws/install/dynamixel_sdk/include//dynamixel_sdk/protocol1_packet_handler.h
[1.040s] -- Up-to-date: /home/augustmenard/Intro-to-Robotics-Research-Labs/final_ws/install/dynamixel_sdk/include//dynamixel_sdk/group_sync_read.h
[1.040s] -- Up-to-date: /home/augustmenard/Intro-to-Robotics-Research-Labs/final_ws/install/dynamixel_sdk/include//dynamixel_sdk/port_handler_arduino.h
[1.040s] -- Up-to-date: /home/augustmenard/Intro-to-Robotics-Research-Labs/final_ws/install/dynamixel_sdk/include//dynamixel_sdk/group_handler.h
[1.040s] -- Up-to-date: /home/augustmenard/Intro-to-Robotics-Research-Labs/final_ws/install/dynamixel_sdk/lib/libdynamixel_sdk.so
[1.040s] -- Up-to-date: /home/augustmenard/Intro-to-Robotics-Research-Labs/final_ws/install/dynamixel_sdk/share/dynamixel_sdk/environment/pythonpath.sh
[1.042s] -- Up-to-date: /home/augustmenard/Intro-to-Robotics-Research-Labs/final_ws/install/dynamixel_sdk/share/dynamixel_sdk/environment/pythonpath.dsv
[1.042s] -- Up-to-date: /home/augustmenard/Intro-to-Robotics-Research-Labs/final_ws/install/dynamixel_sdk/local/lib/python3.10/dist-packages/dynamixel_sdk-3.8.4-py3.10.egg-info
[1.043s] -- Installing: /home/augustmenard/Intro-to-Robotics-Research-Labs/final_ws/install/dynamixel_sdk/local/lib/python3.10/dist-packages/dynamixel_sdk-3.8.4-py3.10.egg-info/PKG-INFO
[1.044s] -- Installing: /home/augustmenard/Intro-to-Robotics-Research-Labs/final_ws/install/dynamixel_sdk/local/lib/python3.10/dist-packages/dynamixel_sdk-3.8.4-py3.10.egg-info/top_level.txt
[1.044s] -- Installing: /home/augustmenard/Intro-to-Robotics-Research-Labs/final_ws/install/dynamixel_sdk/local/lib/python3.10/dist-packages/dynamixel_sdk-3.8.4-py3.10.egg-info/SOURCES.txt
[1.044s] -- Installing: /home/augustmenard/Intro-to-Robotics-Research-Labs/final_ws/install/dynamixel_sdk/local/lib/python3.10/dist-packages/dynamixel_sdk-3.8.4-py3.10.egg-info/dependency_links.txt
[1.044s] -- Up-to-date: /home/augustmenard/Intro-to-Robotics-Research-Labs/final_ws/install/dynamixel_sdk/local/lib/python3.10/dist-packages/dynamixel_sdk
[1.044s] -- Up-to-date: /home/augustmenard/Intro-to-Robotics-Research-Labs/final_ws/install/dynamixel_sdk/local/lib/python3.10/dist-packages/dynamixel_sdk/protocol1_packet_handler.py
[1.044s] -- Up-to-date: /home/augustmenard/Intro-to-Robotics-Research-Labs/final_ws/install/dynamixel_sdk/local/lib/python3.10/dist-packages/dynamixel_sdk/__init__.py
[1.045s] -- Up-to-date: /home/augustmenard/Intro-to-Robotics-Research-Labs/final_ws/install/dynamixel_sdk/local/lib/python3.10/dist-packages/dynamixel_sdk/port_handler_windows.cpp
[1.045s] -- Up-to-date: /home/augustmenard/Intro-to-Robotics-Research-Labs/final_ws/install/dynamixel_sdk/local/lib/python3.10/dist-packages/dynamixel_sdk/packet_handler.py
[1.045s] -- Up-to-date: /home/augustmenard/Intro-to-Robotics-Research-Labs/final_ws/install/dynamixel_sdk/local/lib/python3.10/dist-packages/dynamixel_sdk/protocol2_packet_handler.py
[1.045s] -- Up-to-date: /home/augustmenard/Intro-to-Robotics-Research-Labs/final_ws/install/dynamixel_sdk/local/lib/python3.10/dist-packages/dynamixel_sdk/group_handler.cpp
[1.045s] -- Up-to-date: /home/augustmenard/Intro-to-Robotics-Research-Labs/final_ws/install/dynamixel_sdk/local/lib/python3.10/dist-packages/dynamixel_sdk/group_bulk_write.py
[1.045s] -- Up-to-date: /home/augustmenard/Intro-to-Robotics-Research-Labs/final_ws/install/dynamixel_sdk/local/lib/python3.10/dist-packages/dynamixel_sdk/group_bulk_write.cpp
[1.048s] -- Up-to-date: /home/augustmenard/Intro-to-Robotics-Research-Labs/final_ws/install/dynamixel_sdk/local/lib/python3.10/dist-packages/dynamixel_sdk/robotis_def.py
[1.048s] -- Up-to-date: /home/augustmenard/Intro-to-Robotics-Research-Labs/final_ws/install/dynamixel_sdk/local/lib/python3.10/dist-packages/dynamixel_sdk/group_bulk_read.py
[1.048s] -- Up-to-date: /home/augustmenard/Intro-to-Robotics-Research-Labs/final_ws/install/dynamixel_sdk/local/lib/python3.10/dist-packages/dynamixel_sdk/port_handler.py
[1.048s] -- Up-to-date: /home/augustmenard/Intro-to-Robotics-Research-Labs/final_ws/install/dynamixel_sdk/local/lib/python3.10/dist-packages/dynamixel_sdk/port_handler_arduino.cpp
[1.048s] -- Up-to-date: /home/augustmenard/Intro-to-Robotics-Research-Labs/final_ws/install/dynamixel_sdk/local/lib/python3.10/dist-packages/dynamixel_sdk/group_fast_sync_read.cpp
[1.049s] -- Up-to-date: /home/augustmenard/Intro-to-Robotics-Research-Labs/final_ws/install/dynamixel_sdk/local/lib/python3.10/dist-packages/dynamixel_sdk/group_sync_read.py
[1.049s] -- Up-to-date: /home/augustmenard/Intro-to-Robotics-Research-Labs/final_ws/install/dynamixel_sdk/local/lib/python3.10/dist-packages/dynamixel_sdk/group_sync_write.cpp
[1.049s] -- Up-to-date: /home/augustmenard/Intro-to-Robotics-Research-Labs/final_ws/install/dynamixel_sdk/local/lib/python3.10/dist-packages/dynamixel_sdk/group_sync_write.py
[1.049s] -- Up-to-date: /home/augustmenard/Intro-to-Robotics-Research-Labs/final_ws/install/dynamixel_sdk/local/lib/python3.10/dist-packages/dynamixel_sdk/group_sync_read.cpp
[1.049s] -- Up-to-date: /home/augustmenard/Intro-to-Robotics-Research-Labs/final_ws/install/dynamixel_sdk/local/lib/python3.10/dist-packages/dynamixel_sdk/port_handler.cpp
[1.049s] -- Up-to-date: /home/augustmenard/Intro-to-Robotics-Research-Labs/final_ws/install/dynamixel_sdk/local/lib/python3.10/dist-packages/dynamixel_sdk/group_fast_bulk_read.cpp
[1.049s] -- Up-to-date: /home/augustmenard/Intro-to-Robotics-Research-Labs/final_ws/install/dynamixel_sdk/local/lib/python3.10/dist-packages/dynamixel_sdk/group_bulk_read.cpp
[1.049s] -- Up-to-date: /home/augustmenard/Intro-to-Robotics-Research-Labs/final_ws/install/dynamixel_sdk/local/lib/python3.10/dist-packages/dynamixel_sdk/port_handler_mac.cpp
[1.049s] -- Up-to-date: /home/augustmenard/Intro-to-Robotics-Research-Labs/final_ws/install/dynamixel_sdk/local/lib/python3.10/dist-packages/dynamixel_sdk/protocol1_packet_handler.cpp
[1.049s] -- Up-to-date: /home/augustmenard/Intro-to-Robotics-Research-Labs/final_ws/install/dynamixel_sdk/local/lib/python3.10/dist-packages/dynamixel_sdk/packet_handler.cpp
[1.049s] -- Up-to-date: /home/augustmenard/Intro-to-Robotics-Research-Labs/final_ws/install/dynamixel_sdk/local/lib/python3.10/dist-packages/dynamixel_sdk/protocol2_packet_handler.cpp
[1.049s] -- Up-to-date: /home/augustmenard/Intro-to-Robotics-Research-Labs/final_ws/install/dynamixel_sdk/local/lib/python3.10/dist-packages/dynamixel_sdk/port_handler_linux.cpp
[1.080s] Listing '/home/augustmenard/Intro-to-Robotics-Research-Labs/final_ws/install/dynamixel_sdk/local/lib/python3.10/dist-packages/dynamixel_sdk'...
[1.090s] -- Up-to-date: /home/augustmenard/Intro-to-Robotics-Research-Labs/final_ws/install/dynamixel_sdk/share/dynamixel_sdk/environment/library_path.sh
[1.090s] -- Up-to-date: /home/augustmenard/Intro-to-Robotics-Research-Labs/final_ws/install/dynamixel_sdk/share/dynamixel_sdk/environment/library_path.dsv
[1.090s] -- Up-to-date: /home/augustmenard/Intro-to-Robotics-Research-Labs/final_ws/install/dynamixel_sdk/share/ament_index/resource_index/package_run_dependencies/dynamixel_sdk
[1.090s] -- Up-to-date: /home/augustmenard/Intro-to-Robotics-Research-Labs/final_ws/install/dynamixel_sdk/share/ament_index/resource_index/parent_prefix_path/dynamixel_sdk
[1.090s] -- Up-to-date: /home/augustmenard/Intro-to-Robotics-Research-Labs/final_ws/install/dynamixel_sdk/share/dynamixel_sdk/environment/ament_prefix_path.sh
[1.090s] -- Up-to-date: /home/augustmenard/Intro-to-Robotics-Research-Labs/final_ws/install/dynamixel_sdk/share/dynamixel_sdk/environment/ament_prefix_path.dsv
[1.090s] -- Up-to-date: /home/augustmenard/Intro-to-Robotics-Research-Labs/final_ws/install/dynamixel_sdk/share/dynamixel_sdk/environment/path.sh
[1.090s] -- Up-to-date: /home/augustmenard/Intro-to-Robotics-Research-Labs/final_ws/install/dynamixel_sdk/share/dynamixel_sdk/environment/path.dsv
[1.091s] -- Up-to-date: /home/augustmenard/Intro-to-Robotics-Research-Labs/final_ws/install/dynamixel_sdk/share/dynamixel_sdk/local_setup.bash
[1.091s] -- Up-to-date: /home/augustmenard/Intro-to-Robotics-Research-Labs/final_ws/install/dynamixel_sdk/share/dynamixel_sdk/local_setup.sh
[1.091s] -- Up-to-date: /home/augustmenard/Intro-to-Robotics-Research-Labs/final_ws/install/dynamixel_sdk/share/dynamixel_sdk/local_setup.zsh
[1.091s] -- Up-to-date: /home/augustmenard/Intro-to-Robotics-Research-Labs/final_ws/install/dynamixel_sdk/share/dynamixel_sdk/local_setup.dsv
[1.092s] -- Installing: /home/augustmenard/Intro-to-Robotics-Research-Labs/final_ws/install/dynamixel_sdk/share/dynamixel_sdk/package.dsv
[1.093s] -- Up-to-date: /home/augustmenard/Intro-to-Robotics-Research-Labs/final_ws/install/dynamixel_sdk/share/ament_index/resource_index/packages/dynamixel_sdk
[1.094s] -- Up-to-date: /home/augustmenard/Intro-to-Robotics-Research-Labs/final_ws/install/dynamixel_sdk/share/dynamixel_sdk/cmake/dynamixel_sdkExport.cmake
[1.094s] -- Up-to-date: /home/augustmenard/Intro-to-Robotics-Research-Labs/final_ws/install/dynamixel_sdk/share/dynamixel_sdk/cmake/dynamixel_sdkExport-noconfig.cmake
[1.094s] -- Up-to-date: /home/augustmenard/Intro-to-Robotics-Research-Labs/final_ws/install/dynamixel_sdk/share/dynamixel_sdk/cmake/ament_cmake_export_targets-extras.cmake
[1.094s] -- Up-to-date: /home/augustmenard/Intro-to-Robotics-Research-Labs/final_ws/install/dynamixel_sdk/share/dynamixel_sdk/cmake/ament_cmake_export_include_directories-extras.cmake
[1.094s] -- Up-to-date: /home/augustmenard/Intro-to-Robotics-Research-Labs/final_ws/install/dynamixel_sdk/share/dynamixel_sdk/cmake/ament_cmake_export_libraries-extras.cmake
[1.094s] -- Up-to-date: /home/augustmenard/Intro-to-Robotics-Research-Labs/final_ws/install/dynamixel_sdk/share/dynamixel_sdk/cmake/dynamixel_sdkConfig.cmake
[1.094s] -- Up-to-date: /home/augustmenard/Intro-to-Robotics-Research-Labs/final_ws/install/dynamixel_sdk/share/dynamixel_sdk/cmake/dynamixel_sdkConfig-version.cmake
[1.094s] -- Up-to-date: /home/augustmenard/Intro-to-Robotics-Research-Labs/final_ws/install/dynamixel_sdk/share/dynamixel_sdk/package.xml
[1.120s] Invoked command in '/home/augustmenard/Intro-to-Robotics-Research-Labs/final_ws/build/dynamixel_sdk' returned '0': CMAKE_PREFIX_PATH=${CMAKE_PREFIX_PATH}:/home/augustmenard/Intro-to-Robotics-Research-Labs/final_ws/install/turtlebot3_teleop:/home/augustmenard/Intro-to-Robotics-Research-Labs/final_ws/install/turtlebot3_example:/home/augustmenard/Intro-to-Robotics-Research-Labs/final_ws/install/team_rocket_final:/opt/ros/humble /usr/bin/cmake --install /home/augustmenard/Intro-to-Robotics-Research-Labs/final_ws/build/dynamixel_sdk
