[3.881s] Invoking command in '/home/burger/Intro-to-Robotics-Research-Labs/final_ws/src/team_rocket_final': PYTHONPATH=/home/burger/Intro-to-Robotics-Research-Labs/final_ws/build/team_rocket_final/prefix_override:/home/burger/Intro-to-Robotics-Research-Labs/final_ws/install/team_rocket_final/lib/python3.10/site-packages:${PYTHONPATH} /usr/bin/python3 setup.py egg_info --egg-base ../../build/team_rocket_final build --build-base /home/burger/Intro-to-Robotics-Research-Labs/final_ws/build/team_rocket_final/build install --record /home/burger/Intro-to-Robotics-Research-Labs/final_ws/build/team_rocket_final/install.log --single-version-externally-managed
[4.784s] running egg_info
[4.842s] writing ../../build/team_rocket_final/team_rocket_final.egg-info/PKG-INFO
[4.844s] writing dependency_links to ../../build/team_rocket_final/team_rocket_final.egg-info/dependency_links.txt
[4.845s] writing entry points to ../../build/team_rocket_final/team_rocket_final.egg-info/entry_points.txt
[4.846s] writing requirements to ../../build/team_rocket_final/team_rocket_final.egg-info/requires.txt
[4.847s] writing top-level names to ../../build/team_rocket_final/team_rocket_final.egg-info/top_level.txt
[4.966s] reading manifest file '../../build/team_rocket_final/team_rocket_final.egg-info/SOURCES.txt'
[4.968s] adding license file 'LICENSE'
[4.971s] writing manifest file '../../build/team_rocket_final/team_rocket_final.egg-info/SOURCES.txt'
[4.972s] running build
[4.972s] running build_py
[4.974s] copying team_rocket_final/moveRobot.py -> /home/burger/Intro-to-Robotics-Research-Labs/final_ws/build/team_rocket_final/build/lib/team_rocket_final
[4.976s] running install
[4.977s] /usr/local/lib/python3.10/dist-packages/setuptools/_distutils/cmd.py:66: SetuptoolsDeprecationWarning: setup.py install is deprecated.
[4.978s] !!
[4.978s] 
[4.978s]         ********************************************************************************
[4.979s]         Please avoid running ``setup.py`` directly.
[4.979s]         Instead, use pypa/build, pypa/installer or other
[4.979s]         standards-based tools.
[4.980s] 
[4.980s]         See https://blog.ganssle.io/articles/2021/10/setup-py-deprecated.html for details.
[4.980s]         ********************************************************************************
[4.980s] 
[4.981s] !!
[4.981s]   self.initialize_options()
[4.998s] running install_lib
[5.058s] copying /home/burger/Intro-to-Robotics-Research-Labs/final_ws/build/team_rocket_final/build/lib/team_rocket_final/moveRobot.py -> /home/burger/Intro-to-Robotics-Research-Labs/final_ws/install/team_rocket_final/lib/python3.10/site-packages/team_rocket_final
[5.062s] byte-compiling /home/burger/Intro-to-Robotics-Research-Labs/final_ws/install/team_rocket_final/lib/python3.10/site-packages/team_rocket_final/moveRobot.py to moveRobot.cpython-310.pyc
[5.075s] running install_data
[5.134s] running install_egg_info
[5.195s] removing '/home/burger/Intro-to-Robotics-Research-Labs/final_ws/install/team_rocket_final/lib/python3.10/site-packages/team_rocket_final-0.0.0-py3.10.egg-info' (and everything under it)
[5.197s] Copying ../../build/team_rocket_final/team_rocket_final.egg-info to /home/burger/Intro-to-Robotics-Research-Labs/final_ws/install/team_rocket_final/lib/python3.10/site-packages/team_rocket_final-0.0.0-py3.10.egg-info
[5.203s] running install_scripts
[5.787s] Installing getObjectRange script to /home/burger/Intro-to-Robotics-Research-Labs/final_ws/install/team_rocket_final/lib/team_rocket_final
[5.788s] Installing moveRobot script to /home/burger/Intro-to-Robotics-Research-Labs/final_ws/install/team_rocket_final/lib/team_rocket_final
[5.789s] Installing signDetector script to /home/burger/Intro-to-Robotics-Research-Labs/final_ws/install/team_rocket_final/lib/team_rocket_final
[5.791s] writing list of installed files to '/home/burger/Intro-to-Robotics-Research-Labs/final_ws/build/team_rocket_final/install.log'
[5.921s] Invoked command in '/home/burger/Intro-to-Robotics-Research-Labs/final_ws/src/team_rocket_final' returned '0': PYTHONPATH=/home/burger/Intro-to-Robotics-Research-Labs/final_ws/build/team_rocket_final/prefix_override:/home/burger/Intro-to-Robotics-Research-Labs/final_ws/install/team_rocket_final/lib/python3.10/site-packages:${PYTHONPATH} /usr/bin/python3 setup.py egg_info --egg-base ../../build/team_rocket_final build --build-base /home/burger/Intro-to-Robotics-Research-Labs/final_ws/build/team_rocket_final/build install --record /home/burger/Intro-to-Robotics-Research-Labs/final_ws/build/team_rocket_final/install.log --single-version-externally-managed
