[0.822s] Invoking command in '/home/augustmenard/Intro-to-Robotics-Research-Labs/lab5_ws/src/team_rocket_action_server_client': PYTHONPATH=/home/augustmenard/Intro-to-Robotics-Research-Labs/lab5_ws/build/team_rocket_action_server_client/prefix_override:/usr/lib/python3/dist-packages/colcon_core/task/python/colcon_distutils_commands:/home/augustmenard/Intro-to-Robotics-Research-Labs/lab5_ws/install/team_rocket_action_server_client/lib/python3.10/site-packages:${PYTHONPATH} /usr/bin/python3 -W ignore:setup.py install is deprecated -W ignore:easy_install command is deprecated setup.py egg_info --egg-base ../../build/team_rocket_action_server_client build --build-base /home/augustmenard/Intro-to-Robotics-Research-Labs/lab5_ws/build/team_rocket_action_server_client/build install --record /home/augustmenard/Intro-to-Robotics-Research-Labs/lab5_ws/build/team_rocket_action_server_client/install.log --single-version-externally-managed install_data
[1.072s] running egg_info
[1.073s] writing ../../build/team_rocket_action_server_client/team_rocket_action_server_client.egg-info/PKG-INFO
[1.073s] writing dependency_links to ../../build/team_rocket_action_server_client/team_rocket_action_server_client.egg-info/dependency_links.txt
[1.073s] writing entry points to ../../build/team_rocket_action_server_client/team_rocket_action_server_client.egg-info/entry_points.txt
[1.073s] writing requirements to ../../build/team_rocket_action_server_client/team_rocket_action_server_client.egg-info/requires.txt
[1.073s] writing top-level names to ../../build/team_rocket_action_server_client/team_rocket_action_server_client.egg-info/top_level.txt
[1.075s] reading manifest file '../../build/team_rocket_action_server_client/team_rocket_action_server_client.egg-info/SOURCES.txt'
[1.075s] adding license file 'LICENSE'
[1.076s] writing manifest file '../../build/team_rocket_action_server_client/team_rocket_action_server_client.egg-info/SOURCES.txt'
[1.076s] running build
[1.076s] running build_py
[1.076s] running install
[1.076s] running install_lib
[1.078s] running install_data
[1.078s] running install_egg_info
[1.079s] removing '/home/augustmenard/Intro-to-Robotics-Research-Labs/lab5_ws/install/team_rocket_action_server_client/lib/python3.10/site-packages/team_rocket_action_server_client-0.0.0-py3.10.egg-info' (and everything under it)
[1.079s] Copying ../../build/team_rocket_action_server_client/team_rocket_action_server_client.egg-info to /home/augustmenard/Intro-to-Robotics-Research-Labs/lab5_ws/install/team_rocket_action_server_client/lib/python3.10/site-packages/team_rocket_action_server_client-0.0.0-py3.10.egg-info
[1.080s] running install_scripts
[1.098s] Installing action_client script to /home/augustmenard/Intro-to-Robotics-Research-Labs/lab5_ws/install/team_rocket_action_server_client/lib/team_rocket_action_server_client
[1.098s] Installing waypoint_navigator script to /home/augustmenard/Intro-to-Robotics-Research-Labs/lab5_ws/install/team_rocket_action_server_client/lib/team_rocket_action_server_client
[1.098s] writing list of installed files to '/home/augustmenard/Intro-to-Robotics-Research-Labs/lab5_ws/build/team_rocket_action_server_client/install.log'
[1.121s] Invoked command in '/home/augustmenard/Intro-to-Robotics-Research-Labs/lab5_ws/src/team_rocket_action_server_client' returned '0': PYTHONPATH=/home/augustmenard/Intro-to-Robotics-Research-Labs/lab5_ws/build/team_rocket_action_server_client/prefix_override:/usr/lib/python3/dist-packages/colcon_core/task/python/colcon_distutils_commands:/home/augustmenard/Intro-to-Robotics-Research-Labs/lab5_ws/install/team_rocket_action_server_client/lib/python3.10/site-packages:${PYTHONPATH} /usr/bin/python3 -W ignore:setup.py install is deprecated -W ignore:easy_install command is deprecated setup.py egg_info --egg-base ../../build/team_rocket_action_server_client build --build-base /home/augustmenard/Intro-to-Robotics-Research-Labs/lab5_ws/build/team_rocket_action_server_client/build install --record /home/augustmenard/Intro-to-Robotics-Research-Labs/lab5_ws/build/team_rocket_action_server_client/install.log --single-version-externally-managed install_data
