[3.737s] Invoking command in '/home/burger/lab3/Intro-to-Robotics-Research-Labs/lab3_ws/lab3_ws/src/team_rocket_nodes': PYTHONPATH=/home/burger/lab3/Intro-to-Robotics-Research-Labs/lab3_ws/build/team_rocket_nodes/prefix_override:/home/burger/lab3/Intro-to-Robotics-Research-Labs/lab3_ws/install/team_rocket_nodes/lib/python3.10/site-packages:${PYTHONPATH} /usr/bin/python3 setup.py egg_info --egg-base ../../../build/team_rocket_nodes build --build-base /home/burger/lab3/Intro-to-Robotics-Research-Labs/lab3_ws/build/team_rocket_nodes/build install --record /home/burger/lab3/Intro-to-Robotics-Research-Labs/lab3_ws/build/team_rocket_nodes/install.log --single-version-externally-managed
[4.614s] running egg_info
[4.668s] writing ../../../build/team_rocket_nodes/team_rocket_nodes.egg-info/PKG-INFO
[4.670s] writing dependency_links to ../../../build/team_rocket_nodes/team_rocket_nodes.egg-info/dependency_links.txt
[4.672s] writing entry points to ../../../build/team_rocket_nodes/team_rocket_nodes.egg-info/entry_points.txt
[4.673s] writing requirements to ../../../build/team_rocket_nodes/team_rocket_nodes.egg-info/requires.txt
[4.674s] writing top-level names to ../../../build/team_rocket_nodes/team_rocket_nodes.egg-info/top_level.txt
[4.790s] reading manifest file '../../../build/team_rocket_nodes/team_rocket_nodes.egg-info/SOURCES.txt'
[4.794s] writing manifest file '../../../build/team_rocket_nodes/team_rocket_nodes.egg-info/SOURCES.txt'
[4.795s] running build
[4.795s] running build_py
[4.797s] copying team_rocket_nodes/chase_object_node.py -> /home/burger/lab3/Intro-to-Robotics-Research-Labs/lab3_ws/build/team_rocket_nodes/build/lib/team_rocket_nodes
[4.799s] running install
[4.800s] /usr/local/lib/python3.10/dist-packages/setuptools/_distutils/cmd.py:66: SetuptoolsDeprecationWarning: setup.py install is deprecated.
[4.800s] !!
[4.801s] 
[4.801s]         ********************************************************************************
[4.801s]         Please avoid running ``setup.py`` directly.
[4.802s]         Instead, use pypa/build, pypa/installer or other
[4.802s]         standards-based tools.
[4.802s] 
[4.803s]         See https://blog.ganssle.io/articles/2021/10/setup-py-deprecated.html for details.
[4.803s]         ********************************************************************************
[4.803s] 
[4.804s] !!
[4.804s]   self.initialize_options()
[4.821s] running install_lib
[4.883s] copying /home/burger/lab3/Intro-to-Robotics-Research-Labs/lab3_ws/build/team_rocket_nodes/build/lib/team_rocket_nodes/chase_object_node.py -> /home/burger/lab3/Intro-to-Robotics-Research-Labs/lab3_ws/install/team_rocket_nodes/lib/python3.10/site-packages/team_rocket_nodes
[4.887s] byte-compiling /home/burger/lab3/Intro-to-Robotics-Research-Labs/lab3_ws/install/team_rocket_nodes/lib/python3.10/site-packages/team_rocket_nodes/chase_object_node.py to chase_object_node.cpython-310.pyc
[4.889s]   File "/home/burger/lab3/Intro-to-Robotics-Research-Labs/lab3_ws/install/team_rocket_nodes/lib/python3.10/site-packages/team_rocket_nodes/chase_object_node.py", line 135
[4.890s]     else
[4.890s]         ^
[4.891s] SyntaxError: expected ':'
[4.891s] 
[4.891s] running install_data
[4.944s] running install_egg_info
[5.002s] removing '/home/burger/lab3/Intro-to-Robotics-Research-Labs/lab3_ws/install/team_rocket_nodes/lib/python3.10/site-packages/team_rocket_nodes-0.0.0-py3.10.egg-info' (and everything under it)
[5.004s] Copying ../../../build/team_rocket_nodes/team_rocket_nodes.egg-info to /home/burger/lab3/Intro-to-Robotics-Research-Labs/lab3_ws/install/team_rocket_nodes/lib/python3.10/site-packages/team_rocket_nodes-0.0.0-py3.10.egg-info
[5.010s] running install_scripts
[5.596s] Installing chase_object script to /home/burger/lab3/Intro-to-Robotics-Research-Labs/lab3_ws/install/team_rocket_nodes/lib/team_rocket_nodes
[5.597s] Installing detect_object script to /home/burger/lab3/Intro-to-Robotics-Research-Labs/lab3_ws/install/team_rocket_nodes/lib/team_rocket_nodes
[5.598s] Installing get_object_range script to /home/burger/lab3/Intro-to-Robotics-Research-Labs/lab3_ws/install/team_rocket_nodes/lib/team_rocket_nodes
[5.600s] writing list of installed files to '/home/burger/lab3/Intro-to-Robotics-Research-Labs/lab3_ws/build/team_rocket_nodes/install.log'
[5.733s] Invoked command in '/home/burger/lab3/Intro-to-Robotics-Research-Labs/lab3_ws/lab3_ws/src/team_rocket_nodes' returned '0': PYTHONPATH=/home/burger/lab3/Intro-to-Robotics-Research-Labs/lab3_ws/build/team_rocket_nodes/prefix_override:/home/burger/lab3/Intro-to-Robotics-Research-Labs/lab3_ws/install/team_rocket_nodes/lib/python3.10/site-packages:${PYTHONPATH} /usr/bin/python3 setup.py egg_info --egg-base ../../../build/team_rocket_nodes build --build-base /home/burger/lab3/Intro-to-Robotics-Research-Labs/lab3_ws/build/team_rocket_nodes/build install --record /home/burger/lab3/Intro-to-Robotics-Research-Labs/lab3_ws/build/team_rocket_nodes/install.log --single-version-externally-managed
