[15.819s] Invoking command in '/home/burger/Intro-to-Robotics-Research-Labs/lab4_ws/src/team_rocket_navigate_to_goal': PYTHONPATH=/home/burger/Intro-to-Robotics-Research-Labs/lab4_ws/build/team_rocket_navigate_to_goal/prefix_override:/home/burger/Intro-to-Robotics-Research-Labs/lab4_ws/install/team_rocket_navigate_to_goal/lib/python3.10/site-packages:${PYTHONPATH} /usr/bin/python3 setup.py egg_info --egg-base ../../build/team_rocket_navigate_to_goal build --build-base /home/burger/Intro-to-Robotics-Research-Labs/lab4_ws/build/team_rocket_navigate_to_goal/build install --record /home/burger/Intro-to-Robotics-Research-Labs/lab4_ws/build/team_rocket_navigate_to_goal/install.log --single-version-externally-managed
[16.770s] running egg_info
[16.834s] writing ../../build/team_rocket_navigate_to_goal/team_rocket_navigate_to_goal.egg-info/PKG-INFO
[19.254s] writing dependency_links to ../../build/team_rocket_navigate_to_goal/team_rocket_navigate_to_goal.egg-info/dependency_links.txt
[19.257s] writing entry points to ../../build/team_rocket_navigate_to_goal/team_rocket_navigate_to_goal.egg-info/entry_points.txt
[19.258s] writing requirements to ../../build/team_rocket_navigate_to_goal/team_rocket_navigate_to_goal.egg-info/requires.txt
[19.258s] writing top-level names to ../../build/team_rocket_navigate_to_goal/team_rocket_navigate_to_goal.egg-info/top_level.txt
[19.379s] reading manifest file '../../build/team_rocket_navigate_to_goal/team_rocket_navigate_to_goal.egg-info/SOURCES.txt'
[19.381s] adding license file 'LICENSE'
[19.384s] writing manifest file '../../build/team_rocket_navigate_to_goal/team_rocket_navigate_to_goal.egg-info/SOURCES.txt'
[19.385s] running build
[19.385s] running build_py
[19.387s] running install
[19.388s] /usr/local/lib/python3.10/dist-packages/setuptools/_distutils/cmd.py:66: SetuptoolsDeprecationWarning: setup.py install is deprecated.
[19.389s] !!
[19.389s] 
[19.389s]         ********************************************************************************
[19.390s]         Please avoid running ``setup.py`` directly.
[19.390s]         Instead, use pypa/build, pypa/installer or other
[19.390s]         standards-based tools.
[19.391s] 
[19.391s]         See https://blog.ganssle.io/articles/2021/10/setup-py-deprecated.html for details.
[19.392s]         ********************************************************************************
[19.392s] 
[19.392s] !!
[19.393s]   self.initialize_options()
[19.412s] running install_lib
[19.481s] running install_data
[19.539s] running install_egg_info
[19.605s] removing '/home/burger/Intro-to-Robotics-Research-Labs/lab4_ws/install/team_rocket_navigate_to_goal/lib/python3.10/site-packages/team_rocket_navigate_to_goal-0.0.0-py3.10.egg-info' (and everything under it)
[19.608s] Copying ../../build/team_rocket_navigate_to_goal/team_rocket_navigate_to_goal.egg-info to /home/burger/Intro-to-Robotics-Research-Labs/lab4_ws/install/team_rocket_navigate_to_goal/lib/python3.10/site-packages/team_rocket_navigate_to_goal-0.0.0-py3.10.egg-info
[19.614s] running install_scripts
[20.239s] Installing getObjectRange script to /home/burger/Intro-to-Robotics-Research-Labs/lab4_ws/install/team_rocket_navigate_to_goal/lib/team_rocket_navigate_to_goal
[20.240s] Installing goToGoal script to /home/burger/Intro-to-Robotics-Research-Labs/lab4_ws/install/team_rocket_navigate_to_goal/lib/team_rocket_navigate_to_goal
[20.242s] writing list of installed files to '/home/burger/Intro-to-Robotics-Research-Labs/lab4_ws/build/team_rocket_navigate_to_goal/install.log'
[20.381s] Invoked command in '/home/burger/Intro-to-Robotics-Research-Labs/lab4_ws/src/team_rocket_navigate_to_goal' returned '0': PYTHONPATH=/home/burger/Intro-to-Robotics-Research-Labs/lab4_ws/build/team_rocket_navigate_to_goal/prefix_override:/home/burger/Intro-to-Robotics-Research-Labs/lab4_ws/install/team_rocket_navigate_to_goal/lib/python3.10/site-packages:${PYTHONPATH} /usr/bin/python3 setup.py egg_info --egg-base ../../build/team_rocket_navigate_to_goal build --build-base /home/burger/Intro-to-Robotics-Research-Labs/lab4_ws/build/team_rocket_navigate_to_goal/build install --record /home/burger/Intro-to-Robotics-Research-Labs/lab4_ws/build/team_rocket_navigate_to_goal/install.log --single-version-externally-managed
