[0.383s] Invoking command in '/home/j/Desktop/Leo/Intro-to-Robotics-Research-Labs/final_ws/src/team_rocket_final': PYTHONPATH=/home/j/Desktop/Leo/Intro-to-Robotics-Research-Labs/final_ws/build/team_rocket_final/prefix_override:/usr/lib/python3/dist-packages/colcon_core/task/python/colcon_distutils_commands:/home/j/Desktop/Leo/Intro-to-Robotics-Research-Labs/final_ws/install/team_rocket_final/lib/python3.10/site-packages:${PYTHONPATH} /usr/bin/python3 -W ignore:setup.py install is deprecated -W ignore:easy_install command is deprecated setup.py egg_info --egg-base ../../build/team_rocket_final build --build-base /home/j/Desktop/Leo/Intro-to-Robotics-Research-Labs/final_ws/build/team_rocket_final/build install --record /home/j/Desktop/Leo/Intro-to-Robotics-Research-Labs/final_ws/build/team_rocket_final/install.log --single-version-externally-managed install_data
[0.531s] running egg_info
[0.532s] writing ../../build/team_rocket_final/team_rocket_final.egg-info/PKG-INFO
[0.532s] writing dependency_links to ../../build/team_rocket_final/team_rocket_final.egg-info/dependency_links.txt
[0.532s] writing entry points to ../../build/team_rocket_final/team_rocket_final.egg-info/entry_points.txt
[0.532s] writing requirements to ../../build/team_rocket_final/team_rocket_final.egg-info/requires.txt
[0.532s] writing top-level names to ../../build/team_rocket_final/team_rocket_final.egg-info/top_level.txt
[0.533s] reading manifest file '../../build/team_rocket_final/team_rocket_final.egg-info/SOURCES.txt'
[0.533s] adding license file 'LICENSE'
[0.534s] writing manifest file '../../build/team_rocket_final/team_rocket_final.egg-info/SOURCES.txt'
[0.534s] running build
[0.534s] running build_py
[0.534s] running install
[0.534s] running install_lib
[0.535s] running install_data
[0.535s] running install_egg_info
[0.536s] removing '/home/j/Desktop/Leo/Intro-to-Robotics-Research-Labs/final_ws/install/team_rocket_final/lib/python3.10/site-packages/team_rocket_final-0.0.0-py3.10.egg-info' (and everything under it)
[0.536s] Copying ../../build/team_rocket_final/team_rocket_final.egg-info to /home/j/Desktop/Leo/Intro-to-Robotics-Research-Labs/final_ws/install/team_rocket_final/lib/python3.10/site-packages/team_rocket_final-0.0.0-py3.10.egg-info
[0.537s] running install_scripts
[0.550s] Installing getObjectRange script to /home/j/Desktop/Leo/Intro-to-Robotics-Research-Labs/final_ws/install/team_rocket_final/lib/team_rocket_final
[0.550s] Installing moveRobot script to /home/j/Desktop/Leo/Intro-to-Robotics-Research-Labs/final_ws/install/team_rocket_final/lib/team_rocket_final
[0.550s] writing list of installed files to '/home/j/Desktop/Leo/Intro-to-Robotics-Research-Labs/final_ws/build/team_rocket_final/install.log'
[0.563s] Invoked command in '/home/j/Desktop/Leo/Intro-to-Robotics-Research-Labs/final_ws/src/team_rocket_final' returned '0': PYTHONPATH=/home/j/Desktop/Leo/Intro-to-Robotics-Research-Labs/final_ws/build/team_rocket_final/prefix_override:/usr/lib/python3/dist-packages/colcon_core/task/python/colcon_distutils_commands:/home/j/Desktop/Leo/Intro-to-Robotics-Research-Labs/final_ws/install/team_rocket_final/lib/python3.10/site-packages:${PYTHONPATH} /usr/bin/python3 -W ignore:setup.py install is deprecated -W ignore:easy_install command is deprecated setup.py egg_info --egg-base ../../build/team_rocket_final build --build-base /home/j/Desktop/Leo/Intro-to-Robotics-Research-Labs/final_ws/build/team_rocket_final/build install --record /home/j/Desktop/Leo/Intro-to-Robotics-Research-Labs/final_ws/build/team_rocket_final/install.log --single-version-externally-managed install_data
