[3.770s] Invoking command in '/home/burger/lab3/Intro-to-Robotics-Research-Labs/lab3_ws/build/team_rocket_nodes': PYTHONPATH=/home/burger/lab3/Intro-to-Robotics-Research-Labs/lab3_ws/build/team_rocket_nodes/prefix_override:/home/burger/lab3/Intro-to-Robotics-Research-Labs/lab3_ws/install/team_rocket_nodes/lib/python3.10/site-packages:${PYTHONPATH} /usr/bin/python3 setup.py develop --editable --build-directory /home/burger/lab3/Intro-to-Robotics-Research-Labs/lab3_ws/build/team_rocket_nodes/build --no-deps install_data
[5.081s] running develop
[5.082s] /usr/local/lib/python3.10/dist-packages/setuptools/command/develop.py:40: EasyInstallDeprecationWarning: easy_install command is deprecated.
[5.083s] !!
[5.083s] 
[5.083s]         ********************************************************************************
[5.084s]         Please avoid running ``setup.py`` and ``easy_install``.
[5.084s]         Instead, use pypa/build, pypa/installer or other
[5.084s]         standards-based tools.
[5.085s] 
[5.085s]         See https://github.com/pypa/setuptools/issues/917 for details.
[5.085s]         ********************************************************************************
[5.085s] 
[5.086s] !!
[5.086s]   easy_install.initialize_options(self)
[5.201s] /usr/local/lib/python3.10/dist-packages/setuptools/_distutils/cmd.py:66: SetuptoolsDeprecationWarning: setup.py install is deprecated.
[5.201s] !!
[5.202s] 
[5.202s]         ********************************************************************************
[5.202s]         Please avoid running ``setup.py`` directly.
[5.202s]         Instead, use pypa/build, pypa/installer or other
[5.203s]         standards-based tools.
[5.203s] 
[5.203s]         See https://blog.ganssle.io/articles/2021/10/setup-py-deprecated.html for details.
[5.204s]         ********************************************************************************
[5.204s] 
[5.204s] !!
[5.204s]   self.initialize_options()
[5.931s] running egg_info
[5.987s] writing team_rocket_nodes.egg-info/PKG-INFO
[5.988s] writing dependency_links to team_rocket_nodes.egg-info/dependency_links.txt
[5.989s] writing entry points to team_rocket_nodes.egg-info/entry_points.txt
[5.990s] writing requirements to team_rocket_nodes.egg-info/requires.txt
[5.991s] writing top-level names to team_rocket_nodes.egg-info/top_level.txt
[6.108s] reading manifest file 'team_rocket_nodes.egg-info/SOURCES.txt'
[6.112s] writing manifest file 'team_rocket_nodes.egg-info/SOURCES.txt'
[6.172s] running build_ext
[6.173s] Creating /home/burger/lab3/Intro-to-Robotics-Research-Labs/lab3_ws/install/team_rocket_nodes/lib/python3.10/site-packages/team-rocket-nodes.egg-link (link to .)
[6.176s] Installing chase_object script to /home/burger/lab3/Intro-to-Robotics-Research-Labs/lab3_ws/install/team_rocket_nodes/lib/team_rocket_nodes
[6.177s] Installing detect_object script to /home/burger/lab3/Intro-to-Robotics-Research-Labs/lab3_ws/install/team_rocket_nodes/lib/team_rocket_nodes
[6.178s] Installing get_object_range script to /home/burger/lab3/Intro-to-Robotics-Research-Labs/lab3_ws/install/team_rocket_nodes/lib/team_rocket_nodes
[6.179s] 
[6.180s] Installed /home/burger/lab3/Intro-to-Robotics-Research-Labs/lab3_ws/build/team_rocket_nodes
[6.180s] running install_data
[6.329s] Invoked command in '/home/burger/lab3/Intro-to-Robotics-Research-Labs/lab3_ws/build/team_rocket_nodes' returned '0': PYTHONPATH=/home/burger/lab3/Intro-to-Robotics-Research-Labs/lab3_ws/build/team_rocket_nodes/prefix_override:/home/burger/lab3/Intro-to-Robotics-Research-Labs/lab3_ws/install/team_rocket_nodes/lib/python3.10/site-packages:${PYTHONPATH} /usr/bin/python3 setup.py develop --editable --build-directory /home/burger/lab3/Intro-to-Robotics-Research-Labs/lab3_ws/build/team_rocket_nodes/build --no-deps install_data
