/home/michaelangelo/teamRocket/Intro-to-Robotics-Research-Labs/lab3_ws/install/team_rocket_nodes/lib/python3.10/site-packages/team_rocket_nodes/detect_object_node.py
/home/michaelangelo/teamRocket/Intro-to-Robotics-Research-Labs/lab3_ws/install/team_rocket_nodes/lib/python3.10/site-packages/team_rocket_nodes/chase_object_node.py
/home/michaelangelo/teamRocket/Intro-to-Robotics-Research-Labs/lab3_ws/install/team_rocket_nodes/lib/python3.10/site-packages/team_rocket_nodes/get_object_range_node.py
/home/michaelangelo/teamRocket/Intro-to-Robotics-Research-Labs/lab3_ws/install/team_rocket_nodes/lib/python3.10/site-packages/team_rocket_nodes/__init__.py
/home/michaelangelo/teamRocket/Intro-to-Robotics-Research-Labs/lab3_ws/install/team_rocket_nodes/lib/python3.10/site-packages/team_rocket_nodes/__pycache__/detect_object_node.cpython-310.pyc
/home/michaelangelo/teamRocket/Intro-to-Robotics-Research-Labs/lab3_ws/install/team_rocket_nodes/lib/python3.10/site-packages/team_rocket_nodes/__pycache__/chase_object_node.cpython-310.pyc
/home/michaelangelo/teamRocket/Intro-to-Robotics-Research-Labs/lab3_ws/install/team_rocket_nodes/lib/python3.10/site-packages/team_rocket_nodes/__pycache__/get_object_range_node.cpython-310.pyc
/home/michaelangelo/teamRocket/Intro-to-Robotics-Research-Labs/lab3_ws/install/team_rocket_nodes/lib/python3.10/site-packages/team_rocket_nodes/__pycache__/__init__.cpython-310.pyc
/home/michaelangelo/teamRocket/Intro-to-Robotics-Research-Labs/lab3_ws/install/team_rocket_nodes/share/ament_index/resource_index/packages/team_rocket_nodes
/home/michaelangelo/teamRocket/Intro-to-Robotics-Research-Labs/lab3_ws/install/team_rocket_nodes/share/team_rocket_nodes/package.xml
/home/michaelangelo/teamRocket/Intro-to-Robotics-Research-Labs/lab3_ws/install/team_rocket_nodes/lib/python3.10/site-packages/team_rocket_nodes-0.0.0-py3.10.egg-info/top_level.txt
/home/michaelangelo/teamRocket/Intro-to-Robotics-Research-Labs/lab3_ws/install/team_rocket_nodes/lib/python3.10/site-packages/team_rocket_nodes-0.0.0-py3.10.egg-info/dependency_links.txt
/home/michaelangelo/teamRocket/Intro-to-Robotics-Research-Labs/lab3_ws/install/team_rocket_nodes/lib/python3.10/site-packages/team_rocket_nodes-0.0.0-py3.10.egg-info/SOURCES.txt
/home/michaelangelo/teamRocket/Intro-to-Robotics-Research-Labs/lab3_ws/install/team_rocket_nodes/lib/python3.10/site-packages/team_rocket_nodes-0.0.0-py3.10.egg-info/entry_points.txt
/home/michaelangelo/teamRocket/Intro-to-Robotics-Research-Labs/lab3_ws/install/team_rocket_nodes/lib/python3.10/site-packages/team_rocket_nodes-0.0.0-py3.10.egg-info/PKG-INFO
/home/michaelangelo/teamRocket/Intro-to-Robotics-Research-Labs/lab3_ws/install/team_rocket_nodes/lib/python3.10/site-packages/team_rocket_nodes-0.0.0-py3.10.egg-info/requires.txt
/home/michaelangelo/teamRocket/Intro-to-Robotics-Research-Labs/lab3_ws/install/team_rocket_nodes/lib/python3.10/site-packages/team_rocket_nodes-0.0.0-py3.10.egg-info/zip-safe
/home/michaelangelo/teamRocket/Intro-to-Robotics-Research-Labs/lab3_ws/install/team_rocket_nodes/lib/team_rocket_nodes/chase_object
/home/michaelangelo/teamRocket/Intro-to-Robotics-Research-Labs/lab3_ws/install/team_rocket_nodes/lib/team_rocket_nodes/detect_object
/home/michaelangelo/teamRocket/Intro-to-Robotics-Research-Labs/lab3_ws/install/team_rocket_nodes/lib/team_rocket_nodes/get_object_range
