[0.010s] Invoking command in '/home/augustmenard/Intro-to-Robotics-Research-Labs/final_ws/build/turtlebot3_node': AMENT_PREFIX_PATH=/home/augustmenard/Intro-to-Robotics-Research-Labs/final_ws/install/turtlebot3_msgs:/home/augustmenard/Intro-to-Robotics-Research-Labs/final_ws/install/dynamixel_sdk:${AMENT_PREFIX_PATH} CMAKE_PREFIX_PATH=/home/augustmenard/Intro-to-Robotics-Research-Labs/final_ws/install/turtlebot3_msgs:/home/augustmenard/Intro-to-Robotics-Research-Labs/final_ws/install/dynamixel_sdk:/home/augustmenard/Intro-to-Robotics-Research-Labs/install/turtlebot3:/home/augustmenard/Intro-to-Robotics-Research-Labs/install/turtlebot3_simulations:/home/augustmenard/Intro-to-Robotics-Research-Labs/install/turtlebot3_bringup:/home/augustmenard/Intro-to-Robotics-Research-Labs/install/turtlebot3_node:/home/augustmenard/Intro-to-Robotics-Research-Labs/install/turtlebot3_navigation2:/home/augustmenard/Intro-to-Robotics-Research-Labs/install/turtlebot3_fake_node:/home/augustmenard/Intro-to-Robotics-Research-Labs/install/turtlebot3_msgs:/home/augustmenard/Intro-to-Robotics-Research-Labs/install/turtlebot3_manipulation_gazebo:/home/augustmenard/Intro-to-Robotics-Research-Labs/install/turtlebot3_gazebo:/home/augustmenard/Intro-to-Robotics-Research-Labs/install/turtlebot3_description:/home/augustmenard/Intro-to-Robotics-Research-Labs/install/turtlebot3_cartographer:/home/augustmenard/Intro-to-Robotics-Research-Labs/install/dynamixel_sdk_examples:/home/augustmenard/Intro-to-Robotics-Research-Labs/install/dynamixel_sdk_custom_interfaces:/home/augustmenard/Intro-to-Robotics-Research-Labs/install/dynamixel_sdk:/home/augustmenard/Intro-to-Robotics-Research-Labs/install/turtlebot3_teleop:/home/augustmenard/Intro-to-Robotics-Research-Labs/install/turtlebot3_example:/home/augustmenard/Intro-to-Robotics-Research-Labs/install/team_rocket_final:/opt/ros/humble LD_LIBRARY_PATH=/home/augustmenard/Intro-to-Robotics-Research-Labs/final_ws/install/turtlebot3_msgs/lib:/home/augustmenard/Intro-to-Robotics-Research-Labs/final_ws/install/dynamixel_sdk/lib:/home/augustmenard/Intro-to-Robotics-Research-Labs/install/turtlebot3_msgs/lib:/home/augustmenard/Intro-to-Robotics-Research-Labs/install/dynamixel_sdk_custom_interfaces/lib:/home/augustmenard/Intro-to-Robotics-Research-Labs/install/dynamixel_sdk/lib:/opt/ros/humble/opt/rviz_ogre_vendor/lib:/opt/ros/humble/lib/x86_64-linux-gnu:/opt/ros/humble/lib:/usr/lib/x86_64-linux-gnu/gazebo-11/plugins PYTHONPATH=/home/augustmenard/Intro-to-Robotics-Research-Labs/final_ws/install/turtlebot3_msgs/local/lib/python3.10/dist-packages:/home/augustmenard/Intro-to-Robotics-Research-Labs/final_ws/install/dynamixel_sdk/local/lib/python3.10/dist-packages:${PYTHONPATH} /usr/bin/cmake /home/augustmenard/Intro-to-Robotics-Research-Labs/final_ws/src/turtlebot3/turtlebot3_node -DCMAKE_INSTALL_PREFIX=/home/augustmenard/Intro-to-Robotics-Research-Labs/final_ws/install/turtlebot3_node
[0.061s] -- The C compiler identification is GNU 11.4.0
[0.108s] -- The CXX compiler identification is GNU 11.4.0
[0.114s] -- Detecting C compiler ABI info
[0.172s] -- Detecting C compiler ABI info - done
[0.185s] -- Check for working C compiler: /usr/bin/cc - skipped
[0.185s] -- Detecting C compile features
[0.186s] -- Detecting C compile features - done
[0.190s] -- Detecting CXX compiler ABI info
[0.264s] -- Detecting CXX compiler ABI info - done
[0.270s] -- Check for working CXX compiler: /usr/bin/c++ - skipped
[0.271s] -- Detecting CXX compile features
[0.271s] -- Detecting CXX compile features - done
[0.274s] -- Found ament_cmake: 1.3.12 (/opt/ros/humble/share/ament_cmake/cmake)
[0.418s] -- Found Python3: /usr/bin/python3 (found version "3.10.12") found components: Interpreter 
[0.511s] -- Found dynamixel_sdk: 3.8.4 (/home/augustmenard/Intro-to-Robotics-Research-Labs/final_ws/install/dynamixel_sdk/share/dynamixel_sdk/cmake)
[0.514s] -- Found geometry_msgs: 4.9.0 (/opt/ros/humble/share/geometry_msgs/cmake)
[0.558s] -- Found rosidl_generator_c: 3.1.7 (/opt/ros/humble/share/rosidl_generator_c/cmake)
[0.565s] -- Found rosidl_adapter: 3.1.7 (/opt/ros/humble/share/rosidl_adapter/cmake)
[0.574s] -- Found rosidl_generator_cpp: 3.1.7 (/opt/ros/humble/share/rosidl_generator_cpp/cmake)
[0.586s] -- Using all available rosidl_typesupport_c: rosidl_typesupport_fastrtps_c;rosidl_typesupport_introspection_c
[0.601s] -- Using all available rosidl_typesupport_cpp: rosidl_typesupport_fastrtps_cpp;rosidl_typesupport_introspection_cpp
[0.642s] -- Found message_filters: 4.3.8 (/opt/ros/humble/share/message_filters/cmake)
[0.688s] -- Found rmw_implementation_cmake: 6.1.2 (/opt/ros/humble/share/rmw_implementation_cmake/cmake)
[0.692s] -- Found rmw_fastrtps_cpp: 6.2.8 (/opt/ros/humble/share/rmw_fastrtps_cpp/cmake)
[0.771s] -- Found OpenSSL: /usr/lib/x86_64-linux-gnu/libcrypto.so (found version "3.0.2")  
[0.796s] -- Found FastRTPS: /opt/ros/humble/include  
[0.834s] -- Using RMW implementation 'rmw_fastrtps_cpp' as default
[0.843s] -- Looking for pthread.h
[0.899s] -- Looking for pthread.h - found
[0.899s] -- Performing Test CMAKE_HAVE_LIBC_PTHREAD
[0.955s] -- Performing Test CMAKE_HAVE_LIBC_PTHREAD - Success
[0.956s] -- Found Threads: TRUE  
[0.991s] -- Found nav_msgs: 4.9.0 (/opt/ros/humble/share/nav_msgs/cmake)
[1.008s] -- Found sensor_msgs: 4.9.0 (/opt/ros/humble/share/sensor_msgs/cmake)
[1.025s] -- Found std_srvs: 4.9.0 (/opt/ros/humble/share/std_srvs/cmake)
[1.036s] -- Found tf2: 0.25.16 (/opt/ros/humble/share/tf2/cmake)
[1.048s] -- Found tf2_ros: 0.25.16 (/opt/ros/humble/share/tf2_ros/cmake)
[1.128s] -- Found turtlebot3_msgs: 2.4.0 (/home/augustmenard/Intro-to-Robotics-Research-Labs/final_ws/install/turtlebot3_msgs/share/turtlebot3_msgs/cmake)
[1.195s] -- Configuring done
[1.208s] -- Generating done
[1.212s] -- Build files have been written to: /home/augustmenard/Intro-to-Robotics-Research-Labs/final_ws/build/turtlebot3_node
[1.220s] Invoked command in '/home/augustmenard/Intro-to-Robotics-Research-Labs/final_ws/build/turtlebot3_node' returned '0': AMENT_PREFIX_PATH=/home/augustmenard/Intro-to-Robotics-Research-Labs/final_ws/install/turtlebot3_msgs:/home/augustmenard/Intro-to-Robotics-Research-Labs/final_ws/install/dynamixel_sdk:${AMENT_PREFIX_PATH} CMAKE_PREFIX_PATH=/home/augustmenard/Intro-to-Robotics-Research-Labs/final_ws/install/turtlebot3_msgs:/home/augustmenard/Intro-to-Robotics-Research-Labs/final_ws/install/dynamixel_sdk:/home/augustmenard/Intro-to-Robotics-Research-Labs/install/turtlebot3:/home/augustmenard/Intro-to-Robotics-Research-Labs/install/turtlebot3_simulations:/home/augustmenard/Intro-to-Robotics-Research-Labs/install/turtlebot3_bringup:/home/augustmenard/Intro-to-Robotics-Research-Labs/install/turtlebot3_node:/home/augustmenard/Intro-to-Robotics-Research-Labs/install/turtlebot3_navigation2:/home/augustmenard/Intro-to-Robotics-Research-Labs/install/turtlebot3_fake_node:/home/augustmenard/Intro-to-Robotics-Research-Labs/install/turtlebot3_msgs:/home/augustmenard/Intro-to-Robotics-Research-Labs/install/turtlebot3_manipulation_gazebo:/home/augustmenard/Intro-to-Robotics-Research-Labs/install/turtlebot3_gazebo:/home/augustmenard/Intro-to-Robotics-Research-Labs/install/turtlebot3_description:/home/augustmenard/Intro-to-Robotics-Research-Labs/install/turtlebot3_cartographer:/home/augustmenard/Intro-to-Robotics-Research-Labs/install/dynamixel_sdk_examples:/home/augustmenard/Intro-to-Robotics-Research-Labs/install/dynamixel_sdk_custom_interfaces:/home/augustmenard/Intro-to-Robotics-Research-Labs/install/dynamixel_sdk:/home/augustmenard/Intro-to-Robotics-Research-Labs/install/turtlebot3_teleop:/home/augustmenard/Intro-to-Robotics-Research-Labs/install/turtlebot3_example:/home/augustmenard/Intro-to-Robotics-Research-Labs/install/team_rocket_final:/opt/ros/humble LD_LIBRARY_PATH=/home/augustmenard/Intro-to-Robotics-Research-Labs/final_ws/install/turtlebot3_msgs/lib:/home/augustmenard/Intro-to-Robotics-Research-Labs/final_ws/install/dynamixel_sdk/lib:/home/augustmenard/Intro-to-Robotics-Research-Labs/install/turtlebot3_msgs/lib:/home/augustmenard/Intro-to-Robotics-Research-Labs/install/dynamixel_sdk_custom_interfaces/lib:/home/augustmenard/Intro-to-Robotics-Research-Labs/install/dynamixel_sdk/lib:/opt/ros/humble/opt/rviz_ogre_vendor/lib:/opt/ros/humble/lib/x86_64-linux-gnu:/opt/ros/humble/lib:/usr/lib/x86_64-linux-gnu/gazebo-11/plugins PYTHONPATH=/home/augustmenard/Intro-to-Robotics-Research-Labs/final_ws/install/turtlebot3_msgs/local/lib/python3.10/dist-packages:/home/augustmenard/Intro-to-Robotics-Research-Labs/final_ws/install/dynamixel_sdk/local/lib/python3.10/dist-packages:${PYTHONPATH} /usr/bin/cmake /home/augustmenard/Intro-to-Robotics-Research-Labs/final_ws/src/turtlebot3/turtlebot3_node -DCMAKE_INSTALL_PREFIX=/home/augustmenard/Intro-to-Robotics-Research-Labs/final_ws/install/turtlebot3_node
[1.221s] Invoking command in '/home/augustmenard/Intro-to-Robotics-Research-Labs/final_ws/build/turtlebot3_node': AMENT_PREFIX_PATH=/home/augustmenard/Intro-to-Robotics-Research-Labs/final_ws/install/turtlebot3_msgs:/home/augustmenard/Intro-to-Robotics-Research-Labs/final_ws/install/dynamixel_sdk:${AMENT_PREFIX_PATH} CMAKE_PREFIX_PATH=/home/augustmenard/Intro-to-Robotics-Research-Labs/final_ws/install/turtlebot3_msgs:/home/augustmenard/Intro-to-Robotics-Research-Labs/final_ws/install/dynamixel_sdk:/home/augustmenard/Intro-to-Robotics-Research-Labs/install/turtlebot3:/home/augustmenard/Intro-to-Robotics-Research-Labs/install/turtlebot3_simulations:/home/augustmenard/Intro-to-Robotics-Research-Labs/install/turtlebot3_bringup:/home/augustmenard/Intro-to-Robotics-Research-Labs/install/turtlebot3_node:/home/augustmenard/Intro-to-Robotics-Research-Labs/install/turtlebot3_navigation2:/home/augustmenard/Intro-to-Robotics-Research-Labs/install/turtlebot3_fake_node:/home/augustmenard/Intro-to-Robotics-Research-Labs/install/turtlebot3_msgs:/home/augustmenard/Intro-to-Robotics-Research-Labs/install/turtlebot3_manipulation_gazebo:/home/augustmenard/Intro-to-Robotics-Research-Labs/install/turtlebot3_gazebo:/home/augustmenard/Intro-to-Robotics-Research-Labs/install/turtlebot3_description:/home/augustmenard/Intro-to-Robotics-Research-Labs/install/turtlebot3_cartographer:/home/augustmenard/Intro-to-Robotics-Research-Labs/install/dynamixel_sdk_examples:/home/augustmenard/Intro-to-Robotics-Research-Labs/install/dynamixel_sdk_custom_interfaces:/home/augustmenard/Intro-to-Robotics-Research-Labs/install/dynamixel_sdk:/home/augustmenard/Intro-to-Robotics-Research-Labs/install/turtlebot3_teleop:/home/augustmenard/Intro-to-Robotics-Research-Labs/install/turtlebot3_example:/home/augustmenard/Intro-to-Robotics-Research-Labs/install/team_rocket_final:/opt/ros/humble LD_LIBRARY_PATH=/home/augustmenard/Intro-to-Robotics-Research-Labs/final_ws/install/turtlebot3_msgs/lib:/home/augustmenard/Intro-to-Robotics-Research-Labs/final_ws/install/dynamixel_sdk/lib:/home/augustmenard/Intro-to-Robotics-Research-Labs/install/turtlebot3_msgs/lib:/home/augustmenard/Intro-to-Robotics-Research-Labs/install/dynamixel_sdk_custom_interfaces/lib:/home/augustmenard/Intro-to-Robotics-Research-Labs/install/dynamixel_sdk/lib:/opt/ros/humble/opt/rviz_ogre_vendor/lib:/opt/ros/humble/lib/x86_64-linux-gnu:/opt/ros/humble/lib:/usr/lib/x86_64-linux-gnu/gazebo-11/plugins PYTHONPATH=/home/augustmenard/Intro-to-Robotics-Research-Labs/final_ws/install/turtlebot3_msgs/local/lib/python3.10/dist-packages:/home/augustmenard/Intro-to-Robotics-Research-Labs/final_ws/install/dynamixel_sdk/local/lib/python3.10/dist-packages:${PYTHONPATH} /usr/bin/cmake --build /home/augustmenard/Intro-to-Robotics-Research-Labs/final_ws/build/turtlebot3_node -- -j8 -l8
[1.263s] [ 21%] [32mBuilding CXX object CMakeFiles/turtlebot3_node_lib.dir/src/devices/sound.cpp.o[0m
[1.263s] [ 21%] [32mBuilding CXX object CMakeFiles/turtlebot3_node_lib.dir/src/devices/reset.cpp.o[0m
[1.263s] [ 21%] [32mBuilding CXX object CMakeFiles/turtlebot3_node_lib.dir/src/devices/motor_power.cpp.o[0m
[1.263s] [ 28%] [32mBuilding CXX object CMakeFiles/turtlebot3_node_lib.dir/src/diff_drive_controller.cpp.o[0m
[1.264s] [ 35%] [32mBuilding CXX object CMakeFiles/turtlebot3_node_lib.dir/src/sensors/battery_state.cpp.o[0m
[1.264s] [ 42%] [32mBuilding CXX object CMakeFiles/turtlebot3_node_lib.dir/src/odometry.cpp.o[0m
[1.264s] [ 50%] [32mBuilding CXX object CMakeFiles/turtlebot3_node_lib.dir/src/dynamixel_sdk_wrapper.cpp.o[0m
[1.264s] [ 57%] [32mBuilding CXX object CMakeFiles/turtlebot3_node_lib.dir/src/turtlebot3.cpp.o[0m
[2.197s] [ 64%] [32mBuilding CXX object CMakeFiles/turtlebot3_node_lib.dir/src/sensors/imu.cpp.o[0m
[6.720s] [ 71%] [32mBuilding CXX object CMakeFiles/turtlebot3_node_lib.dir/src/sensors/joint_state.cpp.o[0m
[7.099s] [ 78%] [32mBuilding CXX object CMakeFiles/turtlebot3_node_lib.dir/src/sensors/sensor_state.cpp.o[0m
[18.397s] [ 85%] [32m[1mLinking CXX static library libturtlebot3_node_lib.a[0m
[18.796s] [ 85%] Built target turtlebot3_node_lib
[18.815s] [ 92%] [32mBuilding CXX object CMakeFiles/turtlebot3_ros.dir/src/node_main.cpp.o[0m
[21.394s] [100%] [32m[1mLinking CXX executable turtlebot3_ros[0m
[23.072s] [100%] Built target turtlebot3_ros
[23.080s] Invoked command in '/home/augustmenard/Intro-to-Robotics-Research-Labs/final_ws/build/turtlebot3_node' returned '0': AMENT_PREFIX_PATH=/home/augustmenard/Intro-to-Robotics-Research-Labs/final_ws/install/turtlebot3_msgs:/home/augustmenard/Intro-to-Robotics-Research-Labs/final_ws/install/dynamixel_sdk:${AMENT_PREFIX_PATH} CMAKE_PREFIX_PATH=/home/augustmenard/Intro-to-Robotics-Research-Labs/final_ws/install/turtlebot3_msgs:/home/augustmenard/Intro-to-Robotics-Research-Labs/final_ws/install/dynamixel_sdk:/home/augustmenard/Intro-to-Robotics-Research-Labs/install/turtlebot3:/home/augustmenard/Intro-to-Robotics-Research-Labs/install/turtlebot3_simulations:/home/augustmenard/Intro-to-Robotics-Research-Labs/install/turtlebot3_bringup:/home/augustmenard/Intro-to-Robotics-Research-Labs/install/turtlebot3_node:/home/augustmenard/Intro-to-Robotics-Research-Labs/install/turtlebot3_navigation2:/home/augustmenard/Intro-to-Robotics-Research-Labs/install/turtlebot3_fake_node:/home/augustmenard/Intro-to-Robotics-Research-Labs/install/turtlebot3_msgs:/home/augustmenard/Intro-to-Robotics-Research-Labs/install/turtlebot3_manipulation_gazebo:/home/augustmenard/Intro-to-Robotics-Research-Labs/install/turtlebot3_gazebo:/home/augustmenard/Intro-to-Robotics-Research-Labs/install/turtlebot3_description:/home/augustmenard/Intro-to-Robotics-Research-Labs/install/turtlebot3_cartographer:/home/augustmenard/Intro-to-Robotics-Research-Labs/install/dynamixel_sdk_examples:/home/augustmenard/Intro-to-Robotics-Research-Labs/install/dynamixel_sdk_custom_interfaces:/home/augustmenard/Intro-to-Robotics-Research-Labs/install/dynamixel_sdk:/home/augustmenard/Intro-to-Robotics-Research-Labs/install/turtlebot3_teleop:/home/augustmenard/Intro-to-Robotics-Research-Labs/install/turtlebot3_example:/home/augustmenard/Intro-to-Robotics-Research-Labs/install/team_rocket_final:/opt/ros/humble LD_LIBRARY_PATH=/home/augustmenard/Intro-to-Robotics-Research-Labs/final_ws/install/turtlebot3_msgs/lib:/home/augustmenard/Intro-to-Robotics-Research-Labs/final_ws/install/dynamixel_sdk/lib:/home/augustmenard/Intro-to-Robotics-Research-Labs/install/turtlebot3_msgs/lib:/home/augustmenard/Intro-to-Robotics-Research-Labs/install/dynamixel_sdk_custom_interfaces/lib:/home/augustmenard/Intro-to-Robotics-Research-Labs/install/dynamixel_sdk/lib:/opt/ros/humble/opt/rviz_ogre_vendor/lib:/opt/ros/humble/lib/x86_64-linux-gnu:/opt/ros/humble/lib:/usr/lib/x86_64-linux-gnu/gazebo-11/plugins PYTHONPATH=/home/augustmenard/Intro-to-Robotics-Research-Labs/final_ws/install/turtlebot3_msgs/local/lib/python3.10/dist-packages:/home/augustmenard/Intro-to-Robotics-Research-Labs/final_ws/install/dynamixel_sdk/local/lib/python3.10/dist-packages:${PYTHONPATH} /usr/bin/cmake --build /home/augustmenard/Intro-to-Robotics-Research-Labs/final_ws/build/turtlebot3_node -- -j8 -l8
[23.081s] Invoking command in '/home/augustmenard/Intro-to-Robotics-Research-Labs/final_ws/build/turtlebot3_node': AMENT_PREFIX_PATH=/home/augustmenard/Intro-to-Robotics-Research-Labs/final_ws/install/turtlebot3_msgs:/home/augustmenard/Intro-to-Robotics-Research-Labs/final_ws/install/dynamixel_sdk:${AMENT_PREFIX_PATH} CMAKE_PREFIX_PATH=/home/augustmenard/Intro-to-Robotics-Research-Labs/final_ws/install/turtlebot3_msgs:/home/augustmenard/Intro-to-Robotics-Research-Labs/final_ws/install/dynamixel_sdk:/home/augustmenard/Intro-to-Robotics-Research-Labs/install/turtlebot3:/home/augustmenard/Intro-to-Robotics-Research-Labs/install/turtlebot3_simulations:/home/augustmenard/Intro-to-Robotics-Research-Labs/install/turtlebot3_bringup:/home/augustmenard/Intro-to-Robotics-Research-Labs/install/turtlebot3_node:/home/augustmenard/Intro-to-Robotics-Research-Labs/install/turtlebot3_navigation2:/home/augustmenard/Intro-to-Robotics-Research-Labs/install/turtlebot3_fake_node:/home/augustmenard/Intro-to-Robotics-Research-Labs/install/turtlebot3_msgs:/home/augustmenard/Intro-to-Robotics-Research-Labs/install/turtlebot3_manipulation_gazebo:/home/augustmenard/Intro-to-Robotics-Research-Labs/install/turtlebot3_gazebo:/home/augustmenard/Intro-to-Robotics-Research-Labs/install/turtlebot3_description:/home/augustmenard/Intro-to-Robotics-Research-Labs/install/turtlebot3_cartographer:/home/augustmenard/Intro-to-Robotics-Research-Labs/install/dynamixel_sdk_examples:/home/augustmenard/Intro-to-Robotics-Research-Labs/install/dynamixel_sdk_custom_interfaces:/home/augustmenard/Intro-to-Robotics-Research-Labs/install/dynamixel_sdk:/home/augustmenard/Intro-to-Robotics-Research-Labs/install/turtlebot3_teleop:/home/augustmenard/Intro-to-Robotics-Research-Labs/install/turtlebot3_example:/home/augustmenard/Intro-to-Robotics-Research-Labs/install/team_rocket_final:/opt/ros/humble LD_LIBRARY_PATH=/home/augustmenard/Intro-to-Robotics-Research-Labs/final_ws/install/turtlebot3_msgs/lib:/home/augustmenard/Intro-to-Robotics-Research-Labs/final_ws/install/dynamixel_sdk/lib:/home/augustmenard/Intro-to-Robotics-Research-Labs/install/turtlebot3_msgs/lib:/home/augustmenard/Intro-to-Robotics-Research-Labs/install/dynamixel_sdk_custom_interfaces/lib:/home/augustmenard/Intro-to-Robotics-Research-Labs/install/dynamixel_sdk/lib:/opt/ros/humble/opt/rviz_ogre_vendor/lib:/opt/ros/humble/lib/x86_64-linux-gnu:/opt/ros/humble/lib:/usr/lib/x86_64-linux-gnu/gazebo-11/plugins PYTHONPATH=/home/augustmenard/Intro-to-Robotics-Research-Labs/final_ws/install/turtlebot3_msgs/local/lib/python3.10/dist-packages:/home/augustmenard/Intro-to-Robotics-Research-Labs/final_ws/install/dynamixel_sdk/local/lib/python3.10/dist-packages:${PYTHONPATH} /usr/bin/cmake --install /home/augustmenard/Intro-to-Robotics-Research-Labs/final_ws/build/turtlebot3_node
[23.086s] -- Install configuration: ""
[23.086s] -- Installing: /home/augustmenard/Intro-to-Robotics-Research-Labs/final_ws/install/turtlebot3_node/share/turtlebot3_node/param
[23.086s] -- Installing: /home/augustmenard/Intro-to-Robotics-Research-Labs/final_ws/install/turtlebot3_node/share/turtlebot3_node/param/burger.yaml
[23.088s] -- Installing: /home/augustmenard/Intro-to-Robotics-Research-Labs/final_ws/install/turtlebot3_node/share/turtlebot3_node/param/waffle_pi.yaml
[23.088s] -- Installing: /home/augustmenard/Intro-to-Robotics-Research-Labs/final_ws/install/turtlebot3_node/share/turtlebot3_node/param/waffle.yaml
[23.088s] -- Installing: /home/augustmenard/Intro-to-Robotics-Research-Labs/final_ws/install/turtlebot3_node/lib/turtlebot3_node/turtlebot3_ros
[23.096s] -- Set runtime path of "/home/augustmenard/Intro-to-Robotics-Research-Labs/final_ws/install/turtlebot3_node/lib/turtlebot3_node/turtlebot3_ros" to ""
[23.096s] -- Installing: /home/augustmenard/Intro-to-Robotics-Research-Labs/final_ws/install/turtlebot3_node/share/ament_index/resource_index/package_run_dependencies/turtlebot3_node
[23.096s] -- Installing: /home/augustmenard/Intro-to-Robotics-Research-Labs/final_ws/install/turtlebot3_node/share/ament_index/resource_index/parent_prefix_path/turtlebot3_node
[23.096s] -- Installing: /home/augustmenard/Intro-to-Robotics-Research-Labs/final_ws/install/turtlebot3_node/share/turtlebot3_node/environment/ament_prefix_path.sh
[23.096s] -- Installing: /home/augustmenard/Intro-to-Robotics-Research-Labs/final_ws/install/turtlebot3_node/share/turtlebot3_node/environment/ament_prefix_path.dsv
[23.096s] -- Installing: /home/augustmenard/Intro-to-Robotics-Research-Labs/final_ws/install/turtlebot3_node/share/turtlebot3_node/environment/path.sh
[23.096s] -- Installing: /home/augustmenard/Intro-to-Robotics-Research-Labs/final_ws/install/turtlebot3_node/share/turtlebot3_node/environment/path.dsv
[23.096s] -- Installing: /home/augustmenard/Intro-to-Robotics-Research-Labs/final_ws/install/turtlebot3_node/share/turtlebot3_node/local_setup.bash
[23.096s] -- Installing: /home/augustmenard/Intro-to-Robotics-Research-Labs/final_ws/install/turtlebot3_node/share/turtlebot3_node/local_setup.sh
[23.096s] -- Installing: /home/augustmenard/Intro-to-Robotics-Research-Labs/final_ws/install/turtlebot3_node/share/turtlebot3_node/local_setup.zsh
[23.096s] -- Installing: /home/augustmenard/Intro-to-Robotics-Research-Labs/final_ws/install/turtlebot3_node/share/turtlebot3_node/local_setup.dsv
[23.096s] -- Installing: /home/augustmenard/Intro-to-Robotics-Research-Labs/final_ws/install/turtlebot3_node/share/turtlebot3_node/package.dsv
[23.096s] -- Installing: /home/augustmenard/Intro-to-Robotics-Research-Labs/final_ws/install/turtlebot3_node/share/ament_index/resource_index/packages/turtlebot3_node
[23.096s] -- Installing: /home/augustmenard/Intro-to-Robotics-Research-Labs/final_ws/install/turtlebot3_node/share/turtlebot3_node/cmake/ament_cmake_export_dependencies-extras.cmake
[23.096s] -- Installing: /home/augustmenard/Intro-to-Robotics-Research-Labs/final_ws/install/turtlebot3_node/share/turtlebot3_node/cmake/ament_cmake_export_include_directories-extras.cmake
[23.096s] -- Installing: /home/augustmenard/Intro-to-Robotics-Research-Labs/final_ws/install/turtlebot3_node/share/turtlebot3_node/cmake/turtlebot3_nodeConfig.cmake
[23.096s] -- Installing: /home/augustmenard/Intro-to-Robotics-Research-Labs/final_ws/install/turtlebot3_node/share/turtlebot3_node/cmake/turtlebot3_nodeConfig-version.cmake
[23.097s] -- Installing: /home/augustmenard/Intro-to-Robotics-Research-Labs/final_ws/install/turtlebot3_node/share/turtlebot3_node/package.xml
[23.098s] Invoked command in '/home/augustmenard/Intro-to-Robotics-Research-Labs/final_ws/build/turtlebot3_node' returned '0': AMENT_PREFIX_PATH=/home/augustmenard/Intro-to-Robotics-Research-Labs/final_ws/install/turtlebot3_msgs:/home/augustmenard/Intro-to-Robotics-Research-Labs/final_ws/install/dynamixel_sdk:${AMENT_PREFIX_PATH} CMAKE_PREFIX_PATH=/home/augustmenard/Intro-to-Robotics-Research-Labs/final_ws/install/turtlebot3_msgs:/home/augustmenard/Intro-to-Robotics-Research-Labs/final_ws/install/dynamixel_sdk:/home/augustmenard/Intro-to-Robotics-Research-Labs/install/turtlebot3:/home/augustmenard/Intro-to-Robotics-Research-Labs/install/turtlebot3_simulations:/home/augustmenard/Intro-to-Robotics-Research-Labs/install/turtlebot3_bringup:/home/augustmenard/Intro-to-Robotics-Research-Labs/install/turtlebot3_node:/home/augustmenard/Intro-to-Robotics-Research-Labs/install/turtlebot3_navigation2:/home/augustmenard/Intro-to-Robotics-Research-Labs/install/turtlebot3_fake_node:/home/augustmenard/Intro-to-Robotics-Research-Labs/install/turtlebot3_msgs:/home/augustmenard/Intro-to-Robotics-Research-Labs/install/turtlebot3_manipulation_gazebo:/home/augustmenard/Intro-to-Robotics-Research-Labs/install/turtlebot3_gazebo:/home/augustmenard/Intro-to-Robotics-Research-Labs/install/turtlebot3_description:/home/augustmenard/Intro-to-Robotics-Research-Labs/install/turtlebot3_cartographer:/home/augustmenard/Intro-to-Robotics-Research-Labs/install/dynamixel_sdk_examples:/home/augustmenard/Intro-to-Robotics-Research-Labs/install/dynamixel_sdk_custom_interfaces:/home/augustmenard/Intro-to-Robotics-Research-Labs/install/dynamixel_sdk:/home/augustmenard/Intro-to-Robotics-Research-Labs/install/turtlebot3_teleop:/home/augustmenard/Intro-to-Robotics-Research-Labs/install/turtlebot3_example:/home/augustmenard/Intro-to-Robotics-Research-Labs/install/team_rocket_final:/opt/ros/humble LD_LIBRARY_PATH=/home/augustmenard/Intro-to-Robotics-Research-Labs/final_ws/install/turtlebot3_msgs/lib:/home/augustmenard/Intro-to-Robotics-Research-Labs/final_ws/install/dynamixel_sdk/lib:/home/augustmenard/Intro-to-Robotics-Research-Labs/install/turtlebot3_msgs/lib:/home/augustmenard/Intro-to-Robotics-Research-Labs/install/dynamixel_sdk_custom_interfaces/lib:/home/augustmenard/Intro-to-Robotics-Research-Labs/install/dynamixel_sdk/lib:/opt/ros/humble/opt/rviz_ogre_vendor/lib:/opt/ros/humble/lib/x86_64-linux-gnu:/opt/ros/humble/lib:/usr/lib/x86_64-linux-gnu/gazebo-11/plugins PYTHONPATH=/home/augustmenard/Intro-to-Robotics-Research-Labs/final_ws/install/turtlebot3_msgs/local/lib/python3.10/dist-packages:/home/augustmenard/Intro-to-Robotics-Research-Labs/final_ws/install/dynamixel_sdk/local/lib/python3.10/dist-packages:${PYTHONPATH} /usr/bin/cmake --install /home/augustmenard/Intro-to-Robotics-Research-Labs/final_ws/build/turtlebot3_node
