[1.780s] Invoking command in '/home/augustmenard/Intro-to-Robotics-Research-Labs/final_ws/src/turtlebot3/turtlebot3_example': AMENT_PREFIX_PATH=/home/augustmenard/Intro-to-Robotics-Research-Labs/final_ws/install/turtlebot3_msgs:${AMENT_PREFIX_PATH} CMAKE_PREFIX_PATH=/home/augustmenard/Intro-to-Robotics-Research-Labs/final_ws/install/turtlebot3_msgs LD_LIBRARY_PATH=/home/augustmenard/Intro-to-Robotics-Research-Labs/final_ws/install/turtlebot3_msgs/lib:/opt/ros/humble/opt/rviz_ogre_vendor/lib:/opt/ros/humble/lib/x86_64-linux-gnu:/opt/ros/humble/lib:/usr/lib/x86_64-linux-gnu/gazebo-11/plugins PYTHONPATH=/home/augustmenard/Intro-to-Robotics-Research-Labs/final_ws/build/turtlebot3_example/prefix_override:/usr/lib/python3/dist-packages/colcon_core/task/python/colcon_distutils_commands:/home/augustmenard/Intro-to-Robotics-Research-Labs/final_ws/install/turtlebot3_example/lib/python3.10/site-packages:/home/augustmenard/Intro-to-Robotics-Research-Labs/final_ws/install/turtlebot3_msgs/local/lib/python3.10/dist-packages:${PYTHONPATH} /usr/bin/python3 -W ignore:setup.py install is deprecated -W ignore:easy_install command is deprecated setup.py egg_info --egg-base ../../../build/turtlebot3_example build --build-base /home/augustmenard/Intro-to-Robotics-Research-Labs/final_ws/build/turtlebot3_example/build install --record /home/augustmenard/Intro-to-Robotics-Research-Labs/final_ws/build/turtlebot3_example/install.log --single-version-externally-managed install_data
[2.633s] running egg_info
[2.639s] creating ../../../build/turtlebot3_example/turtlebot3_example.egg-info
[2.640s] writing ../../../build/turtlebot3_example/turtlebot3_example.egg-info/PKG-INFO
[2.640s] writing dependency_links to ../../../build/turtlebot3_example/turtlebot3_example.egg-info/dependency_links.txt
[2.640s] writing entry points to ../../../build/turtlebot3_example/turtlebot3_example.egg-info/entry_points.txt
[2.641s] writing requirements to ../../../build/turtlebot3_example/turtlebot3_example.egg-info/requires.txt
[2.641s] writing top-level names to ../../../build/turtlebot3_example/turtlebot3_example.egg-info/top_level.txt
[2.641s] writing manifest file '../../../build/turtlebot3_example/turtlebot3_example.egg-info/SOURCES.txt'
[2.659s] reading manifest file '../../../build/turtlebot3_example/turtlebot3_example.egg-info/SOURCES.txt'
[2.660s] writing manifest file '../../../build/turtlebot3_example/turtlebot3_example.egg-info/SOURCES.txt'
[2.660s] running build
[2.660s] running build_py
[2.661s] creating /home/augustmenard/Intro-to-Robotics-Research-Labs/final_ws/build/turtlebot3_example/build
[2.662s] creating /home/augustmenard/Intro-to-Robotics-Research-Labs/final_ws/build/turtlebot3_example/build/lib
[2.662s] creating /home/augustmenard/Intro-to-Robotics-Research-Labs/final_ws/build/turtlebot3_example/build/lib/turtlebot3_example
[2.662s] copying turtlebot3_example/__init__.py -> /home/augustmenard/Intro-to-Robotics-Research-Labs/final_ws/build/turtlebot3_example/build/lib/turtlebot3_example
[2.662s] creating /home/augustmenard/Intro-to-Robotics-Research-Labs/final_ws/build/turtlebot3_example/build/lib/turtlebot3_example/turtlebot3_interactive_marker
[2.662s] copying turtlebot3_example/turtlebot3_interactive_marker/__init__.py -> /home/augustmenard/Intro-to-Robotics-Research-Labs/final_ws/build/turtlebot3_example/build/lib/turtlebot3_example/turtlebot3_interactive_marker
[2.662s] copying turtlebot3_example/turtlebot3_interactive_marker/turtlebot3_interactive_marker.py -> /home/augustmenard/Intro-to-Robotics-Research-Labs/final_ws/build/turtlebot3_example/build/lib/turtlebot3_example/turtlebot3_interactive_marker
[2.670s] creating /home/augustmenard/Intro-to-Robotics-Research-Labs/final_ws/build/turtlebot3_example/build/lib/turtlebot3_example/turtlebot3_obstacle_detection
[2.670s] copying turtlebot3_example/turtlebot3_obstacle_detection/__init__.py -> /home/augustmenard/Intro-to-Robotics-Research-Labs/final_ws/build/turtlebot3_example/build/lib/turtlebot3_example/turtlebot3_obstacle_detection
[2.670s] copying turtlebot3_example/turtlebot3_obstacle_detection/turtlebot3_obstacle_detection.py -> /home/augustmenard/Intro-to-Robotics-Research-Labs/final_ws/build/turtlebot3_example/build/lib/turtlebot3_example/turtlebot3_obstacle_detection
[2.670s] creating /home/augustmenard/Intro-to-Robotics-Research-Labs/final_ws/build/turtlebot3_example/build/lib/turtlebot3_example/turtlebot3_patrol
[2.670s] copying turtlebot3_example/turtlebot3_patrol/__init__.py -> /home/augustmenard/Intro-to-Robotics-Research-Labs/final_ws/build/turtlebot3_example/build/lib/turtlebot3_example/turtlebot3_patrol
[2.671s] copying turtlebot3_example/turtlebot3_patrol/turtlebot3_patrol_server.py -> /home/augustmenard/Intro-to-Robotics-Research-Labs/final_ws/build/turtlebot3_example/build/lib/turtlebot3_example/turtlebot3_patrol
[2.671s] copying turtlebot3_example/turtlebot3_patrol/turtlebot3_patrol_client.py -> /home/augustmenard/Intro-to-Robotics-Research-Labs/final_ws/build/turtlebot3_example/build/lib/turtlebot3_example/turtlebot3_patrol
[2.675s] creating /home/augustmenard/Intro-to-Robotics-Research-Labs/final_ws/build/turtlebot3_example/build/lib/turtlebot3_example/turtlebot3_relative_move
[2.675s] copying turtlebot3_example/turtlebot3_relative_move/__init__.py -> /home/augustmenard/Intro-to-Robotics-Research-Labs/final_ws/build/turtlebot3_example/build/lib/turtlebot3_example/turtlebot3_relative_move
[2.675s] copying turtlebot3_example/turtlebot3_relative_move/turtlebot3_relative_move.py -> /home/augustmenard/Intro-to-Robotics-Research-Labs/final_ws/build/turtlebot3_example/build/lib/turtlebot3_example/turtlebot3_relative_move
[2.676s] creating /home/augustmenard/Intro-to-Robotics-Research-Labs/final_ws/build/turtlebot3_example/build/lib/turtlebot3_example/turtlebot3_absolute_move
[2.676s] copying turtlebot3_example/turtlebot3_absolute_move/__init__.py -> /home/augustmenard/Intro-to-Robotics-Research-Labs/final_ws/build/turtlebot3_example/build/lib/turtlebot3_example/turtlebot3_absolute_move
[2.676s] copying turtlebot3_example/turtlebot3_absolute_move/turtlebot3_absolute_move.py -> /home/augustmenard/Intro-to-Robotics-Research-Labs/final_ws/build/turtlebot3_example/build/lib/turtlebot3_example/turtlebot3_absolute_move
[2.678s] running install
[2.678s] running install_lib
[2.683s] creating /home/augustmenard/Intro-to-Robotics-Research-Labs/final_ws/install/turtlebot3_example/lib/python3.10/site-packages/turtlebot3_example
[2.683s] copying /home/augustmenard/Intro-to-Robotics-Research-Labs/final_ws/build/turtlebot3_example/build/lib/turtlebot3_example/__init__.py -> /home/augustmenard/Intro-to-Robotics-Research-Labs/final_ws/install/turtlebot3_example/lib/python3.10/site-packages/turtlebot3_example
[2.684s] creating /home/augustmenard/Intro-to-Robotics-Research-Labs/final_ws/install/turtlebot3_example/lib/python3.10/site-packages/turtlebot3_example/turtlebot3_interactive_marker
[2.684s] copying /home/augustmenard/Intro-to-Robotics-Research-Labs/final_ws/build/turtlebot3_example/build/lib/turtlebot3_example/turtlebot3_interactive_marker/__init__.py -> /home/augustmenard/Intro-to-Robotics-Research-Labs/final_ws/install/turtlebot3_example/lib/python3.10/site-packages/turtlebot3_example/turtlebot3_interactive_marker
[2.686s] copying /home/augustmenard/Intro-to-Robotics-Research-Labs/final_ws/build/turtlebot3_example/build/lib/turtlebot3_example/turtlebot3_interactive_marker/turtlebot3_interactive_marker.py -> /home/augustmenard/Intro-to-Robotics-Research-Labs/final_ws/install/turtlebot3_example/lib/python3.10/site-packages/turtlebot3_example/turtlebot3_interactive_marker
[2.686s] creating /home/augustmenard/Intro-to-Robotics-Research-Labs/final_ws/install/turtlebot3_example/lib/python3.10/site-packages/turtlebot3_example/turtlebot3_obstacle_detection
[2.686s] copying /home/augustmenard/Intro-to-Robotics-Research-Labs/final_ws/build/turtlebot3_example/build/lib/turtlebot3_example/turtlebot3_obstacle_detection/__init__.py -> /home/augustmenard/Intro-to-Robotics-Research-Labs/final_ws/install/turtlebot3_example/lib/python3.10/site-packages/turtlebot3_example/turtlebot3_obstacle_detection
[2.687s] copying /home/augustmenard/Intro-to-Robotics-Research-Labs/final_ws/build/turtlebot3_example/build/lib/turtlebot3_example/turtlebot3_obstacle_detection/turtlebot3_obstacle_detection.py -> /home/augustmenard/Intro-to-Robotics-Research-Labs/final_ws/install/turtlebot3_example/lib/python3.10/site-packages/turtlebot3_example/turtlebot3_obstacle_detection
[2.687s] creating /home/augustmenard/Intro-to-Robotics-Research-Labs/final_ws/install/turtlebot3_example/lib/python3.10/site-packages/turtlebot3_example/turtlebot3_patrol
[2.687s] copying /home/augustmenard/Intro-to-Robotics-Research-Labs/final_ws/build/turtlebot3_example/build/lib/turtlebot3_example/turtlebot3_patrol/__init__.py -> /home/augustmenard/Intro-to-Robotics-Research-Labs/final_ws/install/turtlebot3_example/lib/python3.10/site-packages/turtlebot3_example/turtlebot3_patrol
[2.687s] copying /home/augustmenard/Intro-to-Robotics-Research-Labs/final_ws/build/turtlebot3_example/build/lib/turtlebot3_example/turtlebot3_patrol/turtlebot3_patrol_server.py -> /home/augustmenard/Intro-to-Robotics-Research-Labs/final_ws/install/turtlebot3_example/lib/python3.10/site-packages/turtlebot3_example/turtlebot3_patrol
[2.687s] copying /home/augustmenard/Intro-to-Robotics-Research-Labs/final_ws/build/turtlebot3_example/build/lib/turtlebot3_example/turtlebot3_patrol/turtlebot3_patrol_client.py -> /home/augustmenard/Intro-to-Robotics-Research-Labs/final_ws/install/turtlebot3_example/lib/python3.10/site-packages/turtlebot3_example/turtlebot3_patrol
[2.687s] creating /home/augustmenard/Intro-to-Robotics-Research-Labs/final_ws/install/turtlebot3_example/lib/python3.10/site-packages/turtlebot3_example/turtlebot3_relative_move
[2.687s] copying /home/augustmenard/Intro-to-Robotics-Research-Labs/final_ws/build/turtlebot3_example/build/lib/turtlebot3_example/turtlebot3_relative_move/__init__.py -> /home/augustmenard/Intro-to-Robotics-Research-Labs/final_ws/install/turtlebot3_example/lib/python3.10/site-packages/turtlebot3_example/turtlebot3_relative_move
[2.687s] copying /home/augustmenard/Intro-to-Robotics-Research-Labs/final_ws/build/turtlebot3_example/build/lib/turtlebot3_example/turtlebot3_relative_move/turtlebot3_relative_move.py -> /home/augustmenard/Intro-to-Robotics-Research-Labs/final_ws/install/turtlebot3_example/lib/python3.10/site-packages/turtlebot3_example/turtlebot3_relative_move
[2.689s] creating /home/augustmenard/Intro-to-Robotics-Research-Labs/final_ws/install/turtlebot3_example/lib/python3.10/site-packages/turtlebot3_example/turtlebot3_absolute_move
[2.689s] copying /home/augustmenard/Intro-to-Robotics-Research-Labs/final_ws/build/turtlebot3_example/build/lib/turtlebot3_example/turtlebot3_absolute_move/__init__.py -> /home/augustmenard/Intro-to-Robotics-Research-Labs/final_ws/install/turtlebot3_example/lib/python3.10/site-packages/turtlebot3_example/turtlebot3_absolute_move
[2.690s] copying /home/augustmenard/Intro-to-Robotics-Research-Labs/final_ws/build/turtlebot3_example/build/lib/turtlebot3_example/turtlebot3_absolute_move/turtlebot3_absolute_move.py -> /home/augustmenard/Intro-to-Robotics-Research-Labs/final_ws/install/turtlebot3_example/lib/python3.10/site-packages/turtlebot3_example/turtlebot3_absolute_move
[2.691s] byte-compiling /home/augustmenard/Intro-to-Robotics-Research-Labs/final_ws/install/turtlebot3_example/lib/python3.10/site-packages/turtlebot3_example/__init__.py to __init__.cpython-310.pyc
[2.691s] byte-compiling /home/augustmenard/Intro-to-Robotics-Research-Labs/final_ws/install/turtlebot3_example/lib/python3.10/site-packages/turtlebot3_example/turtlebot3_interactive_marker/__init__.py to __init__.cpython-310.pyc
[2.691s] byte-compiling /home/augustmenard/Intro-to-Robotics-Research-Labs/final_ws/install/turtlebot3_example/lib/python3.10/site-packages/turtlebot3_example/turtlebot3_interactive_marker/turtlebot3_interactive_marker.py to turtlebot3_interactive_marker.cpython-310.pyc
[2.697s] byte-compiling /home/augustmenard/Intro-to-Robotics-Research-Labs/final_ws/install/turtlebot3_example/lib/python3.10/site-packages/turtlebot3_example/turtlebot3_obstacle_detection/__init__.py to __init__.cpython-310.pyc
[2.697s] byte-compiling /home/augustmenard/Intro-to-Robotics-Research-Labs/final_ws/install/turtlebot3_example/lib/python3.10/site-packages/turtlebot3_example/turtlebot3_obstacle_detection/turtlebot3_obstacle_detection.py to turtlebot3_obstacle_detection.cpython-310.pyc
[2.702s] byte-compiling /home/augustmenard/Intro-to-Robotics-Research-Labs/final_ws/install/turtlebot3_example/lib/python3.10/site-packages/turtlebot3_example/turtlebot3_patrol/__init__.py to __init__.cpython-310.pyc
[2.703s] byte-compiling /home/augustmenard/Intro-to-Robotics-Research-Labs/final_ws/install/turtlebot3_example/lib/python3.10/site-packages/turtlebot3_example/turtlebot3_patrol/turtlebot3_patrol_server.py to turtlebot3_patrol_server.cpython-310.pyc
[2.705s] byte-compiling /home/augustmenard/Intro-to-Robotics-Research-Labs/final_ws/install/turtlebot3_example/lib/python3.10/site-packages/turtlebot3_example/turtlebot3_patrol/turtlebot3_patrol_client.py to turtlebot3_patrol_client.cpython-310.pyc
[2.710s] byte-compiling /home/augustmenard/Intro-to-Robotics-Research-Labs/final_ws/install/turtlebot3_example/lib/python3.10/site-packages/turtlebot3_example/turtlebot3_relative_move/__init__.py to __init__.cpython-310.pyc
[2.711s] byte-compiling /home/augustmenard/Intro-to-Robotics-Research-Labs/final_ws/install/turtlebot3_example/lib/python3.10/site-packages/turtlebot3_example/turtlebot3_relative_move/turtlebot3_relative_move.py to turtlebot3_relative_move.cpython-310.pyc
[2.716s] byte-compiling /home/augustmenard/Intro-to-Robotics-Research-Labs/final_ws/install/turtlebot3_example/lib/python3.10/site-packages/turtlebot3_example/turtlebot3_absolute_move/__init__.py to __init__.cpython-310.pyc
[2.716s] byte-compiling /home/augustmenard/Intro-to-Robotics-Research-Labs/final_ws/install/turtlebot3_example/lib/python3.10/site-packages/turtlebot3_example/turtlebot3_absolute_move/turtlebot3_absolute_move.py to turtlebot3_absolute_move.cpython-310.pyc
[2.726s] running install_data
[2.726s] creating /home/augustmenard/Intro-to-Robotics-Research-Labs/final_ws/install/turtlebot3_example/share/ament_index
[2.727s] creating /home/augustmenard/Intro-to-Robotics-Research-Labs/final_ws/install/turtlebot3_example/share/ament_index/resource_index
[2.727s] creating /home/augustmenard/Intro-to-Robotics-Research-Labs/final_ws/install/turtlebot3_example/share/ament_index/resource_index/packages
[2.727s] copying resource/turtlebot3_example -> /home/augustmenard/Intro-to-Robotics-Research-Labs/final_ws/install/turtlebot3_example/share/ament_index/resource_index/packages
[2.727s] copying package.xml -> /home/augustmenard/Intro-to-Robotics-Research-Labs/final_ws/install/turtlebot3_example/share/turtlebot3_example
[2.727s] running install_egg_info
[2.727s] Copying ../../../build/turtlebot3_example/turtlebot3_example.egg-info to /home/augustmenard/Intro-to-Robotics-Research-Labs/final_ws/install/turtlebot3_example/lib/python3.10/site-packages/turtlebot3_example-2.3.3-py3.10.egg-info
[2.727s] running install_scripts
[2.780s] Installing turtlebot3_absolute_move script to /home/augustmenard/Intro-to-Robotics-Research-Labs/final_ws/install/turtlebot3_example/lib/turtlebot3_example
[2.781s] Installing turtlebot3_interactive_marker script to /home/augustmenard/Intro-to-Robotics-Research-Labs/final_ws/install/turtlebot3_example/lib/turtlebot3_example
[2.781s] Installing turtlebot3_obstacle_detection script to /home/augustmenard/Intro-to-Robotics-Research-Labs/final_ws/install/turtlebot3_example/lib/turtlebot3_example
[2.782s] Installing turtlebot3_patrol_client script to /home/augustmenard/Intro-to-Robotics-Research-Labs/final_ws/install/turtlebot3_example/lib/turtlebot3_example
[2.782s] Installing turtlebot3_patrol_server script to /home/augustmenard/Intro-to-Robotics-Research-Labs/final_ws/install/turtlebot3_example/lib/turtlebot3_example
[2.782s] Installing turtlebot3_relative_move script to /home/augustmenard/Intro-to-Robotics-Research-Labs/final_ws/install/turtlebot3_example/lib/turtlebot3_example
[2.785s] writing list of installed files to '/home/augustmenard/Intro-to-Robotics-Research-Labs/final_ws/build/turtlebot3_example/install.log'
[2.842s] Invoked command in '/home/augustmenard/Intro-to-Robotics-Research-Labs/final_ws/src/turtlebot3/turtlebot3_example' returned '0': AMENT_PREFIX_PATH=/home/augustmenard/Intro-to-Robotics-Research-Labs/final_ws/install/turtlebot3_msgs:${AMENT_PREFIX_PATH} CMAKE_PREFIX_PATH=/home/augustmenard/Intro-to-Robotics-Research-Labs/final_ws/install/turtlebot3_msgs LD_LIBRARY_PATH=/home/augustmenard/Intro-to-Robotics-Research-Labs/final_ws/install/turtlebot3_msgs/lib:/opt/ros/humble/opt/rviz_ogre_vendor/lib:/opt/ros/humble/lib/x86_64-linux-gnu:/opt/ros/humble/lib:/usr/lib/x86_64-linux-gnu/gazebo-11/plugins PYTHONPATH=/home/augustmenard/Intro-to-Robotics-Research-Labs/final_ws/build/turtlebot3_example/prefix_override:/usr/lib/python3/dist-packages/colcon_core/task/python/colcon_distutils_commands:/home/augustmenard/Intro-to-Robotics-Research-Labs/final_ws/install/turtlebot3_example/lib/python3.10/site-packages:/home/augustmenard/Intro-to-Robotics-Research-Labs/final_ws/install/turtlebot3_msgs/local/lib/python3.10/dist-packages:${PYTHONPATH} /usr/bin/python3 -W ignore:setup.py install is deprecated -W ignore:easy_install command is deprecated setup.py egg_info --egg-base ../../../build/turtlebot3_example build --build-base /home/augustmenard/Intro-to-Robotics-Research-Labs/final_ws/build/turtlebot3_example/build install --record /home/augustmenard/Intro-to-Robotics-Research-Labs/final_ws/build/turtlebot3_example/install.log --single-version-externally-managed install_data
