[1.405s] Invoking command in '/home/augustmenard/Intro-to-Robotics-Research-Labs/final_ws/src/turtlebot3/turtlebot3_teleop': PYTHONPATH=/home/augustmenard/Intro-to-Robotics-Research-Labs/final_ws/build/turtlebot3_teleop/prefix_override:/usr/lib/python3/dist-packages/colcon_core/task/python/colcon_distutils_commands:/home/augustmenard/Intro-to-Robotics-Research-Labs/final_ws/install/turtlebot3_teleop/lib/python3.10/site-packages:${PYTHONPATH} /usr/bin/python3 -W ignore:setup.py install is deprecated -W ignore:easy_install command is deprecated setup.py egg_info --egg-base ../../../build/turtlebot3_teleop build --build-base /home/augustmenard/Intro-to-Robotics-Research-Labs/final_ws/build/turtlebot3_teleop/build install --record /home/augustmenard/Intro-to-Robotics-Research-Labs/final_ws/build/turtlebot3_teleop/install.log --single-version-externally-managed install_data
[1.720s] running egg_info
[1.721s] creating ../../../build/turtlebot3_teleop/turtlebot3_teleop.egg-info
[1.721s] writing ../../../build/turtlebot3_teleop/turtlebot3_teleop.egg-info/PKG-INFO
[1.721s] writing dependency_links to ../../../build/turtlebot3_teleop/turtlebot3_teleop.egg-info/dependency_links.txt
[1.721s] writing entry points to ../../../build/turtlebot3_teleop/turtlebot3_teleop.egg-info/entry_points.txt
[1.721s] writing requirements to ../../../build/turtlebot3_teleop/turtlebot3_teleop.egg-info/requires.txt
[1.721s] writing top-level names to ../../../build/turtlebot3_teleop/turtlebot3_teleop.egg-info/top_level.txt
[1.722s] writing manifest file '../../../build/turtlebot3_teleop/turtlebot3_teleop.egg-info/SOURCES.txt'
[1.724s] reading manifest file '../../../build/turtlebot3_teleop/turtlebot3_teleop.egg-info/SOURCES.txt'
[1.725s] writing manifest file '../../../build/turtlebot3_teleop/turtlebot3_teleop.egg-info/SOURCES.txt'
[1.726s] running build
[1.726s] running build_py
[1.726s] creating /home/augustmenard/Intro-to-Robotics-Research-Labs/final_ws/build/turtlebot3_teleop/build
[1.726s] creating /home/augustmenard/Intro-to-Robotics-Research-Labs/final_ws/build/turtlebot3_teleop/build/lib
[1.726s] creating /home/augustmenard/Intro-to-Robotics-Research-Labs/final_ws/build/turtlebot3_teleop/build/lib/turtlebot3_teleop
[1.726s] copying turtlebot3_teleop/__init__.py -> /home/augustmenard/Intro-to-Robotics-Research-Labs/final_ws/build/turtlebot3_teleop/build/lib/turtlebot3_teleop
[1.726s] creating /home/augustmenard/Intro-to-Robotics-Research-Labs/final_ws/build/turtlebot3_teleop/build/lib/turtlebot3_teleop/script
[1.727s] copying turtlebot3_teleop/script/teleop_keyboard.py -> /home/augustmenard/Intro-to-Robotics-Research-Labs/final_ws/build/turtlebot3_teleop/build/lib/turtlebot3_teleop/script
[1.727s] copying turtlebot3_teleop/script/__init__.py -> /home/augustmenard/Intro-to-Robotics-Research-Labs/final_ws/build/turtlebot3_teleop/build/lib/turtlebot3_teleop/script
[1.727s] running install
[1.727s] running install_lib
[1.729s] creating /home/augustmenard/Intro-to-Robotics-Research-Labs/final_ws/install/turtlebot3_teleop/lib/python3.10/site-packages/turtlebot3_teleop
[1.730s] copying /home/augustmenard/Intro-to-Robotics-Research-Labs/final_ws/build/turtlebot3_teleop/build/lib/turtlebot3_teleop/__init__.py -> /home/augustmenard/Intro-to-Robotics-Research-Labs/final_ws/install/turtlebot3_teleop/lib/python3.10/site-packages/turtlebot3_teleop
[1.730s] creating /home/augustmenard/Intro-to-Robotics-Research-Labs/final_ws/install/turtlebot3_teleop/lib/python3.10/site-packages/turtlebot3_teleop/script
[1.730s] copying /home/augustmenard/Intro-to-Robotics-Research-Labs/final_ws/build/turtlebot3_teleop/build/lib/turtlebot3_teleop/script/teleop_keyboard.py -> /home/augustmenard/Intro-to-Robotics-Research-Labs/final_ws/install/turtlebot3_teleop/lib/python3.10/site-packages/turtlebot3_teleop/script
[1.730s] copying /home/augustmenard/Intro-to-Robotics-Research-Labs/final_ws/build/turtlebot3_teleop/build/lib/turtlebot3_teleop/script/__init__.py -> /home/augustmenard/Intro-to-Robotics-Research-Labs/final_ws/install/turtlebot3_teleop/lib/python3.10/site-packages/turtlebot3_teleop/script
[1.731s] byte-compiling /home/augustmenard/Intro-to-Robotics-Research-Labs/final_ws/install/turtlebot3_teleop/lib/python3.10/site-packages/turtlebot3_teleop/__init__.py to __init__.cpython-310.pyc
[1.731s] byte-compiling /home/augustmenard/Intro-to-Robotics-Research-Labs/final_ws/install/turtlebot3_teleop/lib/python3.10/site-packages/turtlebot3_teleop/script/teleop_keyboard.py to teleop_keyboard.cpython-310.pyc
[1.733s] byte-compiling /home/augustmenard/Intro-to-Robotics-Research-Labs/final_ws/install/turtlebot3_teleop/lib/python3.10/site-packages/turtlebot3_teleop/script/__init__.py to __init__.cpython-310.pyc
[1.733s] running install_data
[1.733s] creating /home/augustmenard/Intro-to-Robotics-Research-Labs/final_ws/install/turtlebot3_teleop/share/ament_index
[1.733s] creating /home/augustmenard/Intro-to-Robotics-Research-Labs/final_ws/install/turtlebot3_teleop/share/ament_index/resource_index
[1.734s] creating /home/augustmenard/Intro-to-Robotics-Research-Labs/final_ws/install/turtlebot3_teleop/share/ament_index/resource_index/packages
[1.734s] copying resource/turtlebot3_teleop -> /home/augustmenard/Intro-to-Robotics-Research-Labs/final_ws/install/turtlebot3_teleop/share/ament_index/resource_index/packages
[1.734s] copying package.xml -> /home/augustmenard/Intro-to-Robotics-Research-Labs/final_ws/install/turtlebot3_teleop/share/turtlebot3_teleop
[1.734s] running install_egg_info
[1.736s] Copying ../../../build/turtlebot3_teleop/turtlebot3_teleop.egg-info to /home/augustmenard/Intro-to-Robotics-Research-Labs/final_ws/install/turtlebot3_teleop/lib/python3.10/site-packages/turtlebot3_teleop-2.3.3-py3.10.egg-info
[1.737s] running install_scripts
[1.766s] Installing teleop_keyboard script to /home/augustmenard/Intro-to-Robotics-Research-Labs/final_ws/install/turtlebot3_teleop/lib/turtlebot3_teleop
[1.767s] writing list of installed files to '/home/augustmenard/Intro-to-Robotics-Research-Labs/final_ws/build/turtlebot3_teleop/install.log'
[1.800s] Invoked command in '/home/augustmenard/Intro-to-Robotics-Research-Labs/final_ws/src/turtlebot3/turtlebot3_teleop' returned '0': PYTHONPATH=/home/augustmenard/Intro-to-Robotics-Research-Labs/final_ws/build/turtlebot3_teleop/prefix_override:/usr/lib/python3/dist-packages/colcon_core/task/python/colcon_distutils_commands:/home/augustmenard/Intro-to-Robotics-Research-Labs/final_ws/install/turtlebot3_teleop/lib/python3.10/site-packages:${PYTHONPATH} /usr/bin/python3 -W ignore:setup.py install is deprecated -W ignore:easy_install command is deprecated setup.py egg_info --egg-base ../../../build/turtlebot3_teleop build --build-base /home/augustmenard/Intro-to-Robotics-Research-Labs/final_ws/build/turtlebot3_teleop/build install --record /home/augustmenard/Intro-to-Robotics-Research-Labs/final_ws/build/turtlebot3_teleop/install.log --single-version-externally-managed install_data
