[0.026s] Invoking command in '/home/augustmenard/Intro-to-Robotics-Research-Labs/final_ws/build/dynamixel_sdk_custom_interfaces': CMAKE_PREFIX_PATH=${CMAKE_PREFIX_PATH}:/home/augustmenard/Intro-to-Robotics-Research-Labs/install/turtlebot3_teleop:/home/augustmenard/Intro-to-Robotics-Research-Labs/install/turtlebot3_example:/home/augustmenard/Intro-to-Robotics-Research-Labs/install/team_rocket_final:/opt/ros/humble /usr/bin/cmake /home/augustmenard/Intro-to-Robotics-Research-Labs/final_ws/src/DynamixelSDK/ros/dynamixel_sdk_custom_interfaces -DCMAKE_INSTALL_PREFIX=/home/augustmenard/Intro-to-Robotics-Research-Labs/final_ws/install/dynamixel_sdk_custom_interfaces
[0.306s] -- The C compiler identification is GNU 11.4.0
[0.306s] -- The CXX compiler identification is GNU 11.4.0
[0.307s] -- Detecting C compiler ABI info
[0.307s] -- Detecting C compiler ABI info - done
[0.307s] -- Check for working C compiler: /usr/bin/cc - skipped
[0.307s] -- Detecting C compile features
[0.307s] -- Detecting C compile features - done
[0.307s] -- Detecting CXX compiler ABI info
[0.376s] -- Detecting CXX compiler ABI info - done
[0.386s] -- Check for working CXX compiler: /usr/bin/c++ - skipped
[0.386s] -- Detecting CXX compile features
[0.386s] -- Detecting CXX compile features - done
[0.389s] -- Found ament_cmake: 1.3.12 (/opt/ros/humble/share/ament_cmake/cmake)
[0.564s] -- Found Python3: /usr/bin/python3 (found version "3.10.12") found components: Interpreter 
[0.700s] -- Found builtin_interfaces: 1.2.2 (/opt/ros/humble/share/builtin_interfaces/cmake)
[0.758s] -- Found rosidl_generator_c: 3.1.7 (/opt/ros/humble/share/rosidl_generator_c/cmake)
[0.769s] -- Found rosidl_adapter: 3.1.7 (/opt/ros/humble/share/rosidl_adapter/cmake)
[0.785s] -- Found rosidl_generator_cpp: 3.1.7 (/opt/ros/humble/share/rosidl_generator_cpp/cmake)
[0.812s] -- Using all available rosidl_typesupport_c: rosidl_typesupport_fastrtps_c;rosidl_typesupport_introspection_c
[0.847s] -- Using all available rosidl_typesupport_cpp: rosidl_typesupport_fastrtps_cpp;rosidl_typesupport_introspection_cpp
[0.877s] -- Found rosidl_default_generators: 1.2.0 (/opt/ros/humble/share/rosidl_default_generators/cmake)
[1.313s] -- Found ament_cmake_ros: 0.10.0 (/opt/ros/humble/share/ament_cmake_ros/cmake)
[1.854s] -- Using all available rosidl_typesupport_c: rosidl_typesupport_fastrtps_c;rosidl_typesupport_introspection_c
[1.950s] -- Using all available rosidl_typesupport_cpp: rosidl_typesupport_fastrtps_cpp;rosidl_typesupport_introspection_cpp
[1.968s] -- Found PythonInterp: /usr/bin/python3 (found suitable version "3.10.12", minimum required is "3.6") 
[1.970s] -- Found python_cmake_module: 0.10.0 (/opt/ros/humble/share/python_cmake_module/cmake)
[1.993s] -- Found PythonLibs: /usr/lib/x86_64-linux-gnu/libpython3.10.so (found suitable version "3.10.12", minimum required is "3.5") 
[1.993s] -- Using PYTHON_EXECUTABLE: /usr/bin/python3
[1.993s] -- Using PYTHON_INCLUDE_DIRS: /usr/include/python3.10
[1.993s] -- Using PYTHON_LIBRARIES: /usr/lib/x86_64-linux-gnu/libpython3.10.so
[2.013s] -- Found PythonExtra: .so  
[2.055s] -- Configuring done
[2.082s] -- Generating done
[2.089s] -- Build files have been written to: /home/augustmenard/Intro-to-Robotics-Research-Labs/final_ws/build/dynamixel_sdk_custom_interfaces
[2.094s] Invoked command in '/home/augustmenard/Intro-to-Robotics-Research-Labs/final_ws/build/dynamixel_sdk_custom_interfaces' returned '0': CMAKE_PREFIX_PATH=${CMAKE_PREFIX_PATH}:/home/augustmenard/Intro-to-Robotics-Research-Labs/install/turtlebot3_teleop:/home/augustmenard/Intro-to-Robotics-Research-Labs/install/turtlebot3_example:/home/augustmenard/Intro-to-Robotics-Research-Labs/install/team_rocket_final:/opt/ros/humble /usr/bin/cmake /home/augustmenard/Intro-to-Robotics-Research-Labs/final_ws/src/DynamixelSDK/ros/dynamixel_sdk_custom_interfaces -DCMAKE_INSTALL_PREFIX=/home/augustmenard/Intro-to-Robotics-Research-Labs/final_ws/install/dynamixel_sdk_custom_interfaces
[2.095s] Invoking command in '/home/augustmenard/Intro-to-Robotics-Research-Labs/final_ws/build/dynamixel_sdk_custom_interfaces': CMAKE_PREFIX_PATH=${CMAKE_PREFIX_PATH}:/home/augustmenard/Intro-to-Robotics-Research-Labs/install/turtlebot3_teleop:/home/augustmenard/Intro-to-Robotics-Research-Labs/install/turtlebot3_example:/home/augustmenard/Intro-to-Robotics-Research-Labs/install/team_rocket_final:/opt/ros/humble /usr/bin/cmake --build /home/augustmenard/Intro-to-Robotics-Research-Labs/final_ws/build/dynamixel_sdk_custom_interfaces -- -j8 -l8
[2.124s] [  2%] [34m[1mGenerating C code for ROS interfaces[0m
[2.132s] [  5%] [34m[1mGenerating C++ code for ROS interfaces[0m
[2.138s] [  5%] Built target ament_cmake_python_copy_dynamixel_sdk_custom_interfaces
[2.327s] running egg_info
[2.328s] creating dynamixel_sdk_custom_interfaces.egg-info
[2.328s] writing dynamixel_sdk_custom_interfaces.egg-info/PKG-INFO
[2.328s] writing dependency_links to dynamixel_sdk_custom_interfaces.egg-info/dependency_links.txt
[2.328s] writing top-level names to dynamixel_sdk_custom_interfaces.egg-info/top_level.txt
[2.328s] writing manifest file 'dynamixel_sdk_custom_interfaces.egg-info/SOURCES.txt'
[2.330s] reading manifest file 'dynamixel_sdk_custom_interfaces.egg-info/SOURCES.txt'
[2.330s] writing manifest file 'dynamixel_sdk_custom_interfaces.egg-info/SOURCES.txt'
[2.352s] [  5%] Built target ament_cmake_python_build_dynamixel_sdk_custom_interfaces_egg
[2.417s] [  5%] Built target dynamixel_sdk_custom_interfaces__cpp
[2.420s] [  7%] [32mBuilding C object CMakeFiles/dynamixel_sdk_custom_interfaces__rosidl_generator_c.dir/rosidl_generator_c/dynamixel_sdk_custom_interfaces/msg/detail/set_position__functions.c.o[0m
[2.421s] [ 10%] [32mBuilding C object CMakeFiles/dynamixel_sdk_custom_interfaces__rosidl_generator_c.dir/rosidl_generator_c/dynamixel_sdk_custom_interfaces/srv/detail/get_position__functions.c.o[0m
[2.426s] [ 15%] [34m[1mGenerating C++ type support for eProsima Fast-RTPS[0m
[2.427s] [ 15%] [34m[1mGenerating C++ type support dispatch for ROS interfaces[0m
[2.428s] [ 17%] [34m[1mGenerating C++ introspection for ROS interfaces[0m
[2.476s] [ 20%] [32m[1mLinking C shared library libdynamixel_sdk_custom_interfaces__rosidl_generator_c.so[0m
[2.522s] [ 20%] Built target dynamixel_sdk_custom_interfaces__rosidl_generator_c
[2.535s] [ 23%] [34m[1mGenerating C type support for eProsima Fast-RTPS[0m
[2.546s] [ 25%] [34m[1mGenerating C type support dispatch for ROS interfaces[0m
[2.546s] [ 28%] [34m[1mGenerating C introspection for ROS interfaces[0m
[2.901s] [ 30%] [32mBuilding CXX object CMakeFiles/dynamixel_sdk_custom_interfaces__rosidl_typesupport_cpp.dir/rosidl_typesupport_cpp/dynamixel_sdk_custom_interfaces/srv/get_position__type_support.cpp.o[0m
[2.907s] [ 33%] [32mBuilding CXX object CMakeFiles/dynamixel_sdk_custom_interfaces__rosidl_typesupport_cpp.dir/rosidl_typesupport_cpp/dynamixel_sdk_custom_interfaces/msg/set_position__type_support.cpp.o[0m
[2.975s] [ 35%] [32mBuilding CXX object CMakeFiles/dynamixel_sdk_custom_interfaces__rosidl_typesupport_introspection_cpp.dir/rosidl_typesupport_introspection_cpp/dynamixel_sdk_custom_interfaces/msg/detail/set_position__type_support.cpp.o[0m
[2.987s] [ 38%] [32mBuilding CXX object CMakeFiles/dynamixel_sdk_custom_interfaces__rosidl_typesupport_introspection_cpp.dir/rosidl_typesupport_introspection_cpp/dynamixel_sdk_custom_interfaces/srv/detail/get_position__type_support.cpp.o[0m
[3.023s] [ 41%] [32mBuilding CXX object CMakeFiles/dynamixel_sdk_custom_interfaces__rosidl_typesupport_fastrtps_cpp.dir/rosidl_typesupport_fastrtps_cpp/dynamixel_sdk_custom_interfaces/msg/detail/dds_fastrtps/set_position__type_support.cpp.o[0m
[3.087s] [ 43%] [32mBuilding CXX object CMakeFiles/dynamixel_sdk_custom_interfaces__rosidl_typesupport_c.dir/rosidl_typesupport_c/dynamixel_sdk_custom_interfaces/msg/set_position__type_support.cpp.o[0m
[3.159s] [ 46%] [32mBuilding CXX object CMakeFiles/dynamixel_sdk_custom_interfaces__rosidl_typesupport_c.dir/rosidl_typesupport_c/dynamixel_sdk_custom_interfaces/srv/get_position__type_support.cpp.o[0m
[3.216s] [ 48%] [32mBuilding C object CMakeFiles/dynamixel_sdk_custom_interfaces__rosidl_typesupport_introspection_c.dir/rosidl_typesupport_introspection_c/dynamixel_sdk_custom_interfaces/msg/detail/set_position__type_support.c.o[0m
[3.243s] [ 51%] [32m[1mLinking CXX shared library libdynamixel_sdk_custom_interfaces__rosidl_typesupport_c.so[0m
[3.244s] [ 53%] [32mBuilding CXX object CMakeFiles/dynamixel_sdk_custom_interfaces__rosidl_typesupport_fastrtps_c.dir/rosidl_typesupport_fastrtps_c/dynamixel_sdk_custom_interfaces/msg/detail/set_position__type_support_c.cpp.o[0m
[3.317s] [ 56%] [32mBuilding C object CMakeFiles/dynamixel_sdk_custom_interfaces__rosidl_typesupport_introspection_c.dir/rosidl_typesupport_introspection_c/dynamixel_sdk_custom_interfaces/srv/detail/get_position__type_support.c.o[0m
[3.354s] [ 58%] [32mBuilding CXX object CMakeFiles/dynamixel_sdk_custom_interfaces__rosidl_typesupport_fastrtps_c.dir/rosidl_typesupport_fastrtps_c/dynamixel_sdk_custom_interfaces/srv/detail/get_position__type_support_c.cpp.o[0m
[3.360s] [ 58%] Built target dynamixel_sdk_custom_interfaces__rosidl_typesupport_c
[3.374s] [ 61%] [32mBuilding CXX object CMakeFiles/dynamixel_sdk_custom_interfaces__rosidl_typesupport_fastrtps_cpp.dir/rosidl_typesupport_fastrtps_cpp/dynamixel_sdk_custom_interfaces/srv/detail/dds_fastrtps/get_position__type_support.cpp.o[0m
[3.386s] [ 64%] [32m[1mLinking CXX shared library libdynamixel_sdk_custom_interfaces__rosidl_typesupport_cpp.so[0m
[3.396s] [ 66%] [32m[1mLinking C shared library libdynamixel_sdk_custom_interfaces__rosidl_typesupport_introspection_c.so[0m
[3.469s] [ 66%] Built target dynamixel_sdk_custom_interfaces__rosidl_typesupport_introspection_c
[3.479s] [ 66%] Built target dynamixel_sdk_custom_interfaces__rosidl_typesupport_cpp
[3.539s] [ 69%] [32m[1mLinking CXX shared library libdynamixel_sdk_custom_interfaces__rosidl_typesupport_introspection_cpp.so[0m
[3.595s] [ 69%] Built target dynamixel_sdk_custom_interfaces__rosidl_typesupport_introspection_cpp
[3.759s] [ 71%] [32m[1mLinking CXX shared library libdynamixel_sdk_custom_interfaces__rosidl_typesupport_fastrtps_cpp.so[0m
[3.779s] [ 74%] [32m[1mLinking CXX shared library libdynamixel_sdk_custom_interfaces__rosidl_typesupport_fastrtps_c.so[0m
[3.825s] [ 74%] Built target dynamixel_sdk_custom_interfaces__rosidl_typesupport_fastrtps_cpp
[3.844s] [ 74%] Built target dynamixel_sdk_custom_interfaces__rosidl_typesupport_fastrtps_c
[3.861s] [ 74%] Built target dynamixel_sdk_custom_interfaces
[3.879s] [ 76%] [34m[1mGenerating Python code for ROS interfaces[0m
[4.467s] [ 76%] Built target dynamixel_sdk_custom_interfaces__py
[4.497s] [ 82%] [32mBuilding C object CMakeFiles/dynamixel_sdk_custom_interfaces__rosidl_generator_py.dir/rosidl_generator_py/dynamixel_sdk_custom_interfaces/msg/_set_position_s.c.o[0m
[4.497s] [ 82%] [32mBuilding C object CMakeFiles/dynamixel_sdk_custom_interfaces__rosidl_generator_py.dir/rosidl_generator_py/dynamixel_sdk_custom_interfaces/srv/_get_position_s.c.o[0m
[4.671s] [ 84%] [32m[1mLinking C shared library rosidl_generator_py/dynamixel_sdk_custom_interfaces/libdynamixel_sdk_custom_interfaces__rosidl_generator_py.so[0m
[4.728s] [ 84%] Built target dynamixel_sdk_custom_interfaces__rosidl_generator_py
[4.758s] [ 87%] [32mBuilding C object CMakeFiles/dynamixel_sdk_custom_interfaces__rosidl_typesupport_fastrtps_c__pyext.dir/rosidl_generator_py/dynamixel_sdk_custom_interfaces/_dynamixel_sdk_custom_interfaces_s.ep.rosidl_typesupport_fastrtps_c.c.o[0m
[4.768s] [ 89%] [32mBuilding C object CMakeFiles/dynamixel_sdk_custom_interfaces__rosidl_typesupport_introspection_c__pyext.dir/rosidl_generator_py/dynamixel_sdk_custom_interfaces/_dynamixel_sdk_custom_interfaces_s.ep.rosidl_typesupport_introspection_c.c.o[0m
[4.772s] [ 92%] [32mBuilding C object CMakeFiles/dynamixel_sdk_custom_interfaces__rosidl_typesupport_c__pyext.dir/rosidl_generator_py/dynamixel_sdk_custom_interfaces/_dynamixel_sdk_custom_interfaces_s.ep.rosidl_typesupport_c.c.o[0m
[4.950s] [ 94%] [32m[1mLinking C shared library rosidl_generator_py/dynamixel_sdk_custom_interfaces/dynamixel_sdk_custom_interfaces_s__rosidl_typesupport_c.cpython-310-x86_64-linux-gnu.so[0m
[4.964s] [ 97%] [32m[1mLinking C shared library rosidl_generator_py/dynamixel_sdk_custom_interfaces/dynamixel_sdk_custom_interfaces_s__rosidl_typesupport_fastrtps_c.cpython-310-x86_64-linux-gnu.so[0m
[5.004s] [100%] [32m[1mLinking C shared library rosidl_generator_py/dynamixel_sdk_custom_interfaces/dynamixel_sdk_custom_interfaces_s__rosidl_typesupport_introspection_c.cpython-310-x86_64-linux-gnu.so[0m
[5.019s] [100%] Built target dynamixel_sdk_custom_interfaces__rosidl_typesupport_c__pyext
[5.025s] [100%] Built target dynamixel_sdk_custom_interfaces__rosidl_typesupport_fastrtps_c__pyext
[5.057s] [100%] Built target dynamixel_sdk_custom_interfaces__rosidl_typesupport_introspection_c__pyext
[5.073s] Invoked command in '/home/augustmenard/Intro-to-Robotics-Research-Labs/final_ws/build/dynamixel_sdk_custom_interfaces' returned '0': CMAKE_PREFIX_PATH=${CMAKE_PREFIX_PATH}:/home/augustmenard/Intro-to-Robotics-Research-Labs/install/turtlebot3_teleop:/home/augustmenard/Intro-to-Robotics-Research-Labs/install/turtlebot3_example:/home/augustmenard/Intro-to-Robotics-Research-Labs/install/team_rocket_final:/opt/ros/humble /usr/bin/cmake --build /home/augustmenard/Intro-to-Robotics-Research-Labs/final_ws/build/dynamixel_sdk_custom_interfaces -- -j8 -l8
[5.075s] Invoking command in '/home/augustmenard/Intro-to-Robotics-Research-Labs/final_ws/build/dynamixel_sdk_custom_interfaces': CMAKE_PREFIX_PATH=${CMAKE_PREFIX_PATH}:/home/augustmenard/Intro-to-Robotics-Research-Labs/install/turtlebot3_teleop:/home/augustmenard/Intro-to-Robotics-Research-Labs/install/turtlebot3_example:/home/augustmenard/Intro-to-Robotics-Research-Labs/install/team_rocket_final:/opt/ros/humble /usr/bin/cmake --install /home/augustmenard/Intro-to-Robotics-Research-Labs/final_ws/build/dynamixel_sdk_custom_interfaces
[5.087s] -- Install configuration: ""
[5.087s] -- Installing: /home/augustmenard/Intro-to-Robotics-Research-Labs/final_ws/install/dynamixel_sdk_custom_interfaces/share/ament_index/resource_index/rosidl_interfaces/dynamixel_sdk_custom_interfaces
[5.087s] -- Up-to-date: /home/augustmenard/Intro-to-Robotics-Research-Labs/final_ws/install/dynamixel_sdk_custom_interfaces/include/dynamixel_sdk_custom_interfaces/dynamixel_sdk_custom_interfaces
[5.087s] -- Up-to-date: /home/augustmenard/Intro-to-Robotics-Research-Labs/final_ws/install/dynamixel_sdk_custom_interfaces/include/dynamixel_sdk_custom_interfaces/dynamixel_sdk_custom_interfaces/srv
[5.088s] -- Installing: /home/augustmenard/Intro-to-Robotics-Research-Labs/final_ws/install/dynamixel_sdk_custom_interfaces/include/dynamixel_sdk_custom_interfaces/dynamixel_sdk_custom_interfaces/srv/get_position.h
[5.088s] -- Up-to-date: /home/augustmenard/Intro-to-Robotics-Research-Labs/final_ws/install/dynamixel_sdk_custom_interfaces/include/dynamixel_sdk_custom_interfaces/dynamixel_sdk_custom_interfaces/srv/detail
[5.088s] -- Installing: /home/augustmenard/Intro-to-Robotics-Research-Labs/final_ws/install/dynamixel_sdk_custom_interfaces/include/dynamixel_sdk_custom_interfaces/dynamixel_sdk_custom_interfaces/srv/detail/get_position__type_support.h
[5.088s] -- Installing: /home/augustmenard/Intro-to-Robotics-Research-Labs/final_ws/install/dynamixel_sdk_custom_interfaces/include/dynamixel_sdk_custom_interfaces/dynamixel_sdk_custom_interfaces/srv/detail/get_position__functions.c
[5.088s] -- Installing: /home/augustmenard/Intro-to-Robotics-Research-Labs/final_ws/install/dynamixel_sdk_custom_interfaces/include/dynamixel_sdk_custom_interfaces/dynamixel_sdk_custom_interfaces/srv/detail/get_position__functions.h
[5.090s] -- Installing: /home/augustmenard/Intro-to-Robotics-Research-Labs/final_ws/install/dynamixel_sdk_custom_interfaces/include/dynamixel_sdk_custom_interfaces/dynamixel_sdk_custom_interfaces/srv/detail/get_position__struct.h
[5.090s] -- Up-to-date: /home/augustmenard/Intro-to-Robotics-Research-Labs/final_ws/install/dynamixel_sdk_custom_interfaces/include/dynamixel_sdk_custom_interfaces/dynamixel_sdk_custom_interfaces/msg
[5.090s] -- Installing: /home/augustmenard/Intro-to-Robotics-Research-Labs/final_ws/install/dynamixel_sdk_custom_interfaces/include/dynamixel_sdk_custom_interfaces/dynamixel_sdk_custom_interfaces/msg/rosidl_generator_c__visibility_control.h
[5.090s] -- Up-to-date: /home/augustmenard/Intro-to-Robotics-Research-Labs/final_ws/install/dynamixel_sdk_custom_interfaces/include/dynamixel_sdk_custom_interfaces/dynamixel_sdk_custom_interfaces/msg/detail
[5.091s] -- Installing: /home/augustmenard/Intro-to-Robotics-Research-Labs/final_ws/install/dynamixel_sdk_custom_interfaces/include/dynamixel_sdk_custom_interfaces/dynamixel_sdk_custom_interfaces/msg/detail/set_position__type_support.h
[5.091s] -- Installing: /home/augustmenard/Intro-to-Robotics-Research-Labs/final_ws/install/dynamixel_sdk_custom_interfaces/include/dynamixel_sdk_custom_interfaces/dynamixel_sdk_custom_interfaces/msg/detail/set_position__struct.h
[5.096s] -- Installing: /home/augustmenard/Intro-to-Robotics-Research-Labs/final_ws/install/dynamixel_sdk_custom_interfaces/include/dynamixel_sdk_custom_interfaces/dynamixel_sdk_custom_interfaces/msg/detail/set_position__functions.h
[5.096s] -- Installing: /home/augustmenard/Intro-to-Robotics-Research-Labs/final_ws/install/dynamixel_sdk_custom_interfaces/include/dynamixel_sdk_custom_interfaces/dynamixel_sdk_custom_interfaces/msg/detail/set_position__functions.c
[5.096s] -- Installing: /home/augustmenard/Intro-to-Robotics-Research-Labs/final_ws/install/dynamixel_sdk_custom_interfaces/include/dynamixel_sdk_custom_interfaces/dynamixel_sdk_custom_interfaces/msg/set_position.h
[5.096s] -- Installing: /home/augustmenard/Intro-to-Robotics-Research-Labs/final_ws/install/dynamixel_sdk_custom_interfaces/share/dynamixel_sdk_custom_interfaces/environment/library_path.sh
[5.096s] -- Installing: /home/augustmenard/Intro-to-Robotics-Research-Labs/final_ws/install/dynamixel_sdk_custom_interfaces/share/dynamixel_sdk_custom_interfaces/environment/library_path.dsv
[5.096s] -- Installing: /home/augustmenard/Intro-to-Robotics-Research-Labs/final_ws/install/dynamixel_sdk_custom_interfaces/lib/libdynamixel_sdk_custom_interfaces__rosidl_generator_c.so
[5.096s] -- Set runtime path of "/home/augustmenard/Intro-to-Robotics-Research-Labs/final_ws/install/dynamixel_sdk_custom_interfaces/lib/libdynamixel_sdk_custom_interfaces__rosidl_generator_c.so" to ""
[5.096s] -- Up-to-date: /home/augustmenard/Intro-to-Robotics-Research-Labs/final_ws/install/dynamixel_sdk_custom_interfaces/include/dynamixel_sdk_custom_interfaces/dynamixel_sdk_custom_interfaces
[5.097s] -- Up-to-date: /home/augustmenard/Intro-to-Robotics-Research-Labs/final_ws/install/dynamixel_sdk_custom_interfaces/include/dynamixel_sdk_custom_interfaces/dynamixel_sdk_custom_interfaces/srv
[5.097s] -- Up-to-date: /home/augustmenard/Intro-to-Robotics-Research-Labs/final_ws/install/dynamixel_sdk_custom_interfaces/include/dynamixel_sdk_custom_interfaces/dynamixel_sdk_custom_interfaces/srv/detail
[5.097s] -- Installing: /home/augustmenard/Intro-to-Robotics-Research-Labs/final_ws/install/dynamixel_sdk_custom_interfaces/include/dynamixel_sdk_custom_interfaces/dynamixel_sdk_custom_interfaces/srv/detail/get_position__rosidl_typesupport_fastrtps_c.h
[5.097s] -- Up-to-date: /home/augustmenard/Intro-to-Robotics-Research-Labs/final_ws/install/dynamixel_sdk_custom_interfaces/include/dynamixel_sdk_custom_interfaces/dynamixel_sdk_custom_interfaces/msg
[5.097s] -- Up-to-date: /home/augustmenard/Intro-to-Robotics-Research-Labs/final_ws/install/dynamixel_sdk_custom_interfaces/include/dynamixel_sdk_custom_interfaces/dynamixel_sdk_custom_interfaces/msg/detail
[5.097s] -- Installing: /home/augustmenard/Intro-to-Robotics-Research-Labs/final_ws/install/dynamixel_sdk_custom_interfaces/include/dynamixel_sdk_custom_interfaces/dynamixel_sdk_custom_interfaces/msg/detail/set_position__rosidl_typesupport_fastrtps_c.h
[5.097s] -- Installing: /home/augustmenard/Intro-to-Robotics-Research-Labs/final_ws/install/dynamixel_sdk_custom_interfaces/include/dynamixel_sdk_custom_interfaces/dynamixel_sdk_custom_interfaces/msg/rosidl_typesupport_fastrtps_c__visibility_control.h
[5.097s] -- Installing: /home/augustmenard/Intro-to-Robotics-Research-Labs/final_ws/install/dynamixel_sdk_custom_interfaces/lib/libdynamixel_sdk_custom_interfaces__rosidl_typesupport_fastrtps_c.so
[5.097s] -- Set runtime path of "/home/augustmenard/Intro-to-Robotics-Research-Labs/final_ws/install/dynamixel_sdk_custom_interfaces/lib/libdynamixel_sdk_custom_interfaces__rosidl_typesupport_fastrtps_c.so" to ""
[5.097s] -- Up-to-date: /home/augustmenard/Intro-to-Robotics-Research-Labs/final_ws/install/dynamixel_sdk_custom_interfaces/include/dynamixel_sdk_custom_interfaces/dynamixel_sdk_custom_interfaces
[5.097s] -- Up-to-date: /home/augustmenard/Intro-to-Robotics-Research-Labs/final_ws/install/dynamixel_sdk_custom_interfaces/include/dynamixel_sdk_custom_interfaces/dynamixel_sdk_custom_interfaces/srv
[5.098s] -- Installing: /home/augustmenard/Intro-to-Robotics-Research-Labs/final_ws/install/dynamixel_sdk_custom_interfaces/include/dynamixel_sdk_custom_interfaces/dynamixel_sdk_custom_interfaces/srv/get_position.hpp
[5.098s] -- Up-to-date: /home/augustmenard/Intro-to-Robotics-Research-Labs/final_ws/install/dynamixel_sdk_custom_interfaces/include/dynamixel_sdk_custom_interfaces/dynamixel_sdk_custom_interfaces/srv/detail
[5.098s] -- Installing: /home/augustmenard/Intro-to-Robotics-Research-Labs/final_ws/install/dynamixel_sdk_custom_interfaces/include/dynamixel_sdk_custom_interfaces/dynamixel_sdk_custom_interfaces/srv/detail/get_position__type_support.hpp
[5.098s] -- Installing: /home/augustmenard/Intro-to-Robotics-Research-Labs/final_ws/install/dynamixel_sdk_custom_interfaces/include/dynamixel_sdk_custom_interfaces/dynamixel_sdk_custom_interfaces/srv/detail/get_position__struct.hpp
[5.098s] -- Installing: /home/augustmenard/Intro-to-Robotics-Research-Labs/final_ws/install/dynamixel_sdk_custom_interfaces/include/dynamixel_sdk_custom_interfaces/dynamixel_sdk_custom_interfaces/srv/detail/get_position__traits.hpp
[5.098s] -- Installing: /home/augustmenard/Intro-to-Robotics-Research-Labs/final_ws/install/dynamixel_sdk_custom_interfaces/include/dynamixel_sdk_custom_interfaces/dynamixel_sdk_custom_interfaces/srv/detail/get_position__builder.hpp
[5.098s] -- Up-to-date: /home/augustmenard/Intro-to-Robotics-Research-Labs/final_ws/install/dynamixel_sdk_custom_interfaces/include/dynamixel_sdk_custom_interfaces/dynamixel_sdk_custom_interfaces/msg
[5.098s] -- Installing: /home/augustmenard/Intro-to-Robotics-Research-Labs/final_ws/install/dynamixel_sdk_custom_interfaces/include/dynamixel_sdk_custom_interfaces/dynamixel_sdk_custom_interfaces/msg/rosidl_generator_cpp__visibility_control.hpp
[5.098s] -- Up-to-date: /home/augustmenard/Intro-to-Robotics-Research-Labs/final_ws/install/dynamixel_sdk_custom_interfaces/include/dynamixel_sdk_custom_interfaces/dynamixel_sdk_custom_interfaces/msg/detail
[5.098s] -- Installing: /home/augustmenard/Intro-to-Robotics-Research-Labs/final_ws/install/dynamixel_sdk_custom_interfaces/include/dynamixel_sdk_custom_interfaces/dynamixel_sdk_custom_interfaces/msg/detail/set_position__type_support.hpp
[5.098s] -- Installing: /home/augustmenard/Intro-to-Robotics-Research-Labs/final_ws/install/dynamixel_sdk_custom_interfaces/include/dynamixel_sdk_custom_interfaces/dynamixel_sdk_custom_interfaces/msg/detail/set_position__builder.hpp
[5.099s] -- Installing: /home/augustmenard/Intro-to-Robotics-Research-Labs/final_ws/install/dynamixel_sdk_custom_interfaces/include/dynamixel_sdk_custom_interfaces/dynamixel_sdk_custom_interfaces/msg/detail/set_position__struct.hpp
[5.106s] -- Installing: /home/augustmenard/Intro-to-Robotics-Research-Labs/final_ws/install/dynamixel_sdk_custom_interfaces/include/dynamixel_sdk_custom_interfaces/dynamixel_sdk_custom_interfaces/msg/detail/set_position__traits.hpp
[5.106s] -- Installing: /home/augustmenard/Intro-to-Robotics-Research-Labs/final_ws/install/dynamixel_sdk_custom_interfaces/include/dynamixel_sdk_custom_interfaces/dynamixel_sdk_custom_interfaces/msg/set_position.hpp
[5.106s] -- Up-to-date: /home/augustmenard/Intro-to-Robotics-Research-Labs/final_ws/install/dynamixel_sdk_custom_interfaces/include/dynamixel_sdk_custom_interfaces/dynamixel_sdk_custom_interfaces
[5.107s] -- Up-to-date: /home/augustmenard/Intro-to-Robotics-Research-Labs/final_ws/install/dynamixel_sdk_custom_interfaces/include/dynamixel_sdk_custom_interfaces/dynamixel_sdk_custom_interfaces/srv
[5.107s] -- Up-to-date: /home/augustmenard/Intro-to-Robotics-Research-Labs/final_ws/install/dynamixel_sdk_custom_interfaces/include/dynamixel_sdk_custom_interfaces/dynamixel_sdk_custom_interfaces/srv/detail
[5.107s] -- Up-to-date: /home/augustmenard/Intro-to-Robotics-Research-Labs/final_ws/install/dynamixel_sdk_custom_interfaces/include/dynamixel_sdk_custom_interfaces/dynamixel_sdk_custom_interfaces/srv/detail/dds_fastrtps
[5.107s] -- Installing: /home/augustmenard/Intro-to-Robotics-Research-Labs/final_ws/install/dynamixel_sdk_custom_interfaces/include/dynamixel_sdk_custom_interfaces/dynamixel_sdk_custom_interfaces/srv/detail/get_position__rosidl_typesupport_fastrtps_cpp.hpp
[5.107s] -- Up-to-date: /home/augustmenard/Intro-to-Robotics-Research-Labs/final_ws/install/dynamixel_sdk_custom_interfaces/include/dynamixel_sdk_custom_interfaces/dynamixel_sdk_custom_interfaces/msg
[5.107s] -- Up-to-date: /home/augustmenard/Intro-to-Robotics-Research-Labs/final_ws/install/dynamixel_sdk_custom_interfaces/include/dynamixel_sdk_custom_interfaces/dynamixel_sdk_custom_interfaces/msg/detail
[5.107s] -- Installing: /home/augustmenard/Intro-to-Robotics-Research-Labs/final_ws/install/dynamixel_sdk_custom_interfaces/include/dynamixel_sdk_custom_interfaces/dynamixel_sdk_custom_interfaces/msg/detail/set_position__rosidl_typesupport_fastrtps_cpp.hpp
[5.107s] -- Up-to-date: /home/augustmenard/Intro-to-Robotics-Research-Labs/final_ws/install/dynamixel_sdk_custom_interfaces/include/dynamixel_sdk_custom_interfaces/dynamixel_sdk_custom_interfaces/msg/detail/dds_fastrtps
[5.107s] -- Installing: /home/augustmenard/Intro-to-Robotics-Research-Labs/final_ws/install/dynamixel_sdk_custom_interfaces/include/dynamixel_sdk_custom_interfaces/dynamixel_sdk_custom_interfaces/msg/rosidl_typesupport_fastrtps_cpp__visibility_control.h
[5.107s] -- Installing: /home/augustmenard/Intro-to-Robotics-Research-Labs/final_ws/install/dynamixel_sdk_custom_interfaces/lib/libdynamixel_sdk_custom_interfaces__rosidl_typesupport_fastrtps_cpp.so
[5.107s] -- Set runtime path of "/home/augustmenard/Intro-to-Robotics-Research-Labs/final_ws/install/dynamixel_sdk_custom_interfaces/lib/libdynamixel_sdk_custom_interfaces__rosidl_typesupport_fastrtps_cpp.so" to ""
[5.107s] -- Up-to-date: /home/augustmenard/Intro-to-Robotics-Research-Labs/final_ws/install/dynamixel_sdk_custom_interfaces/include/dynamixel_sdk_custom_interfaces/dynamixel_sdk_custom_interfaces
[5.107s] -- Up-to-date: /home/augustmenard/Intro-to-Robotics-Research-Labs/final_ws/install/dynamixel_sdk_custom_interfaces/include/dynamixel_sdk_custom_interfaces/dynamixel_sdk_custom_interfaces/srv
[5.108s] -- Up-to-date: /home/augustmenard/Intro-to-Robotics-Research-Labs/final_ws/install/dynamixel_sdk_custom_interfaces/include/dynamixel_sdk_custom_interfaces/dynamixel_sdk_custom_interfaces/srv/detail
[5.108s] -- Installing: /home/augustmenard/Intro-to-Robotics-Research-Labs/final_ws/install/dynamixel_sdk_custom_interfaces/include/dynamixel_sdk_custom_interfaces/dynamixel_sdk_custom_interfaces/srv/detail/get_position__rosidl_typesupport_introspection_c.h
[5.108s] -- Installing: /home/augustmenard/Intro-to-Robotics-Research-Labs/final_ws/install/dynamixel_sdk_custom_interfaces/include/dynamixel_sdk_custom_interfaces/dynamixel_sdk_custom_interfaces/srv/detail/get_position__type_support.c
[5.108s] -- Up-to-date: /home/augustmenard/Intro-to-Robotics-Research-Labs/final_ws/install/dynamixel_sdk_custom_interfaces/include/dynamixel_sdk_custom_interfaces/dynamixel_sdk_custom_interfaces/msg
[5.108s] -- Up-to-date: /home/augustmenard/Intro-to-Robotics-Research-Labs/final_ws/install/dynamixel_sdk_custom_interfaces/include/dynamixel_sdk_custom_interfaces/dynamixel_sdk_custom_interfaces/msg/detail
[5.108s] -- Installing: /home/augustmenard/Intro-to-Robotics-Research-Labs/final_ws/install/dynamixel_sdk_custom_interfaces/include/dynamixel_sdk_custom_interfaces/dynamixel_sdk_custom_interfaces/msg/detail/set_position__rosidl_typesupport_introspection_c.h
[5.108s] -- Installing: /home/augustmenard/Intro-to-Robotics-Research-Labs/final_ws/install/dynamixel_sdk_custom_interfaces/include/dynamixel_sdk_custom_interfaces/dynamixel_sdk_custom_interfaces/msg/detail/set_position__type_support.c
[5.108s] -- Installing: /home/augustmenard/Intro-to-Robotics-Research-Labs/final_ws/install/dynamixel_sdk_custom_interfaces/include/dynamixel_sdk_custom_interfaces/dynamixel_sdk_custom_interfaces/msg/rosidl_typesupport_introspection_c__visibility_control.h
[5.108s] -- Installing: /home/augustmenard/Intro-to-Robotics-Research-Labs/final_ws/install/dynamixel_sdk_custom_interfaces/lib/libdynamixel_sdk_custom_interfaces__rosidl_typesupport_introspection_c.so
[5.108s] -- Set runtime path of "/home/augustmenard/Intro-to-Robotics-Research-Labs/final_ws/install/dynamixel_sdk_custom_interfaces/lib/libdynamixel_sdk_custom_interfaces__rosidl_typesupport_introspection_c.so" to ""
[5.108s] -- Installing: /home/augustmenard/Intro-to-Robotics-Research-Labs/final_ws/install/dynamixel_sdk_custom_interfaces/lib/libdynamixel_sdk_custom_interfaces__rosidl_typesupport_c.so
[5.108s] -- Set runtime path of "/home/augustmenard/Intro-to-Robotics-Research-Labs/final_ws/install/dynamixel_sdk_custom_interfaces/lib/libdynamixel_sdk_custom_interfaces__rosidl_typesupport_c.so" to ""
[5.109s] -- Up-to-date: /home/augustmenard/Intro-to-Robotics-Research-Labs/final_ws/install/dynamixel_sdk_custom_interfaces/include/dynamixel_sdk_custom_interfaces/dynamixel_sdk_custom_interfaces
[5.109s] -- Up-to-date: /home/augustmenard/Intro-to-Robotics-Research-Labs/final_ws/install/dynamixel_sdk_custom_interfaces/include/dynamixel_sdk_custom_interfaces/dynamixel_sdk_custom_interfaces/srv
[5.109s] -- Up-to-date: /home/augustmenard/Intro-to-Robotics-Research-Labs/final_ws/install/dynamixel_sdk_custom_interfaces/include/dynamixel_sdk_custom_interfaces/dynamixel_sdk_custom_interfaces/srv/detail
[5.109s] -- Installing: /home/augustmenard/Intro-to-Robotics-Research-Labs/final_ws/install/dynamixel_sdk_custom_interfaces/include/dynamixel_sdk_custom_interfaces/dynamixel_sdk_custom_interfaces/srv/detail/get_position__type_support.cpp
[5.109s] -- Installing: /home/augustmenard/Intro-to-Robotics-Research-Labs/final_ws/install/dynamixel_sdk_custom_interfaces/include/dynamixel_sdk_custom_interfaces/dynamixel_sdk_custom_interfaces/srv/detail/get_position__rosidl_typesupport_introspection_cpp.hpp
[5.109s] -- Up-to-date: /home/augustmenard/Intro-to-Robotics-Research-Labs/final_ws/install/dynamixel_sdk_custom_interfaces/include/dynamixel_sdk_custom_interfaces/dynamixel_sdk_custom_interfaces/msg
[5.109s] -- Up-to-date: /home/augustmenard/Intro-to-Robotics-Research-Labs/final_ws/install/dynamixel_sdk_custom_interfaces/include/dynamixel_sdk_custom_interfaces/dynamixel_sdk_custom_interfaces/msg/detail
[5.109s] -- Installing: /home/augustmenard/Intro-to-Robotics-Research-Labs/final_ws/install/dynamixel_sdk_custom_interfaces/include/dynamixel_sdk_custom_interfaces/dynamixel_sdk_custom_interfaces/msg/detail/set_position__rosidl_typesupport_introspection_cpp.hpp
[5.109s] -- Installing: /home/augustmenard/Intro-to-Robotics-Research-Labs/final_ws/install/dynamixel_sdk_custom_interfaces/include/dynamixel_sdk_custom_interfaces/dynamixel_sdk_custom_interfaces/msg/detail/set_position__type_support.cpp
[5.109s] -- Installing: /home/augustmenard/Intro-to-Robotics-Research-Labs/final_ws/install/dynamixel_sdk_custom_interfaces/lib/libdynamixel_sdk_custom_interfaces__rosidl_typesupport_introspection_cpp.so
[5.109s] -- Set runtime path of "/home/augustmenard/Intro-to-Robotics-Research-Labs/final_ws/install/dynamixel_sdk_custom_interfaces/lib/libdynamixel_sdk_custom_interfaces__rosidl_typesupport_introspection_cpp.so" to ""
[5.109s] -- Installing: /home/augustmenard/Intro-to-Robotics-Research-Labs/final_ws/install/dynamixel_sdk_custom_interfaces/lib/libdynamixel_sdk_custom_interfaces__rosidl_typesupport_cpp.so
[5.109s] -- Set runtime path of "/home/augustmenard/Intro-to-Robotics-Research-Labs/final_ws/install/dynamixel_sdk_custom_interfaces/lib/libdynamixel_sdk_custom_interfaces__rosidl_typesupport_cpp.so" to ""
[5.109s] -- Installing: /home/augustmenard/Intro-to-Robotics-Research-Labs/final_ws/install/dynamixel_sdk_custom_interfaces/share/dynamixel_sdk_custom_interfaces/environment/pythonpath.sh
[5.110s] -- Installing: /home/augustmenard/Intro-to-Robotics-Research-Labs/final_ws/install/dynamixel_sdk_custom_interfaces/share/dynamixel_sdk_custom_interfaces/environment/pythonpath.dsv
[5.110s] -- Installing: /home/augustmenard/Intro-to-Robotics-Research-Labs/final_ws/install/dynamixel_sdk_custom_interfaces/local/lib/python3.10/dist-packages/dynamixel_sdk_custom_interfaces-3.8.4-py3.10.egg-info
[5.114s] -- Installing: /home/augustmenard/Intro-to-Robotics-Research-Labs/final_ws/install/dynamixel_sdk_custom_interfaces/local/lib/python3.10/dist-packages/dynamixel_sdk_custom_interfaces-3.8.4-py3.10.egg-info/PKG-INFO
[5.114s] -- Installing: /home/augustmenard/Intro-to-Robotics-Research-Labs/final_ws/install/dynamixel_sdk_custom_interfaces/local/lib/python3.10/dist-packages/dynamixel_sdk_custom_interfaces-3.8.4-py3.10.egg-info/top_level.txt
[5.114s] -- Installing: /home/augustmenard/Intro-to-Robotics-Research-Labs/final_ws/install/dynamixel_sdk_custom_interfaces/local/lib/python3.10/dist-packages/dynamixel_sdk_custom_interfaces-3.8.4-py3.10.egg-info/SOURCES.txt
[5.114s] -- Installing: /home/augustmenard/Intro-to-Robotics-Research-Labs/final_ws/install/dynamixel_sdk_custom_interfaces/local/lib/python3.10/dist-packages/dynamixel_sdk_custom_interfaces-3.8.4-py3.10.egg-info/dependency_links.txt
[5.114s] -- Installing: /home/augustmenard/Intro-to-Robotics-Research-Labs/final_ws/install/dynamixel_sdk_custom_interfaces/local/lib/python3.10/dist-packages/dynamixel_sdk_custom_interfaces
[5.114s] -- Installing: /home/augustmenard/Intro-to-Robotics-Research-Labs/final_ws/install/dynamixel_sdk_custom_interfaces/local/lib/python3.10/dist-packages/dynamixel_sdk_custom_interfaces/__init__.py
[5.114s] -- Installing: /home/augustmenard/Intro-to-Robotics-Research-Labs/final_ws/install/dynamixel_sdk_custom_interfaces/local/lib/python3.10/dist-packages/dynamixel_sdk_custom_interfaces/srv
[5.114s] -- Installing: /home/augustmenard/Intro-to-Robotics-Research-Labs/final_ws/install/dynamixel_sdk_custom_interfaces/local/lib/python3.10/dist-packages/dynamixel_sdk_custom_interfaces/srv/_get_position.py
[5.114s] -- Installing: /home/augustmenard/Intro-to-Robotics-Research-Labs/final_ws/install/dynamixel_sdk_custom_interfaces/local/lib/python3.10/dist-packages/dynamixel_sdk_custom_interfaces/srv/__init__.py
[5.114s] -- Installing: /home/augustmenard/Intro-to-Robotics-Research-Labs/final_ws/install/dynamixel_sdk_custom_interfaces/local/lib/python3.10/dist-packages/dynamixel_sdk_custom_interfaces/srv/_get_position_s.c
[5.115s] -- Installing: /home/augustmenard/Intro-to-Robotics-Research-Labs/final_ws/install/dynamixel_sdk_custom_interfaces/local/lib/python3.10/dist-packages/dynamixel_sdk_custom_interfaces/dynamixel_sdk_custom_interfaces_s__rosidl_typesupport_fastrtps_c.cpython-310-x86_64-linux-gnu.so
[5.115s] -- Installing: /home/augustmenard/Intro-to-Robotics-Research-Labs/final_ws/install/dynamixel_sdk_custom_interfaces/local/lib/python3.10/dist-packages/dynamixel_sdk_custom_interfaces/msg
[5.115s] -- Installing: /home/augustmenard/Intro-to-Robotics-Research-Labs/final_ws/install/dynamixel_sdk_custom_interfaces/local/lib/python3.10/dist-packages/dynamixel_sdk_custom_interfaces/msg/__init__.py
[5.115s] -- Installing: /home/augustmenard/Intro-to-Robotics-Research-Labs/final_ws/install/dynamixel_sdk_custom_interfaces/local/lib/python3.10/dist-packages/dynamixel_sdk_custom_interfaces/msg/_set_position.py
[5.115s] -- Installing: /home/augustmenard/Intro-to-Robotics-Research-Labs/final_ws/install/dynamixel_sdk_custom_interfaces/local/lib/python3.10/dist-packages/dynamixel_sdk_custom_interfaces/msg/_set_position_s.c
[5.115s] -- Installing: /home/augustmenard/Intro-to-Robotics-Research-Labs/final_ws/install/dynamixel_sdk_custom_interfaces/local/lib/python3.10/dist-packages/dynamixel_sdk_custom_interfaces/dynamixel_sdk_custom_interfaces_s__rosidl_typesupport_introspection_c.cpython-310-x86_64-linux-gnu.so
[5.115s] -- Installing: /home/augustmenard/Intro-to-Robotics-Research-Labs/final_ws/install/dynamixel_sdk_custom_interfaces/local/lib/python3.10/dist-packages/dynamixel_sdk_custom_interfaces/libdynamixel_sdk_custom_interfaces__rosidl_generator_py.so
[5.115s] -- Installing: /home/augustmenard/Intro-to-Robotics-Research-Labs/final_ws/install/dynamixel_sdk_custom_interfaces/local/lib/python3.10/dist-packages/dynamixel_sdk_custom_interfaces/_dynamixel_sdk_custom_interfaces_s.ep.rosidl_typesupport_fastrtps_c.c
[5.115s] -- Installing: /home/augustmenard/Intro-to-Robotics-Research-Labs/final_ws/install/dynamixel_sdk_custom_interfaces/local/lib/python3.10/dist-packages/dynamixel_sdk_custom_interfaces/dynamixel_sdk_custom_interfaces_s__rosidl_typesupport_c.cpython-310-x86_64-linux-gnu.so
[5.115s] -- Installing: /home/augustmenard/Intro-to-Robotics-Research-Labs/final_ws/install/dynamixel_sdk_custom_interfaces/local/lib/python3.10/dist-packages/dynamixel_sdk_custom_interfaces/_dynamixel_sdk_custom_interfaces_s.ep.rosidl_typesupport_introspection_c.c
[5.115s] -- Installing: /home/augustmenard/Intro-to-Robotics-Research-Labs/final_ws/install/dynamixel_sdk_custom_interfaces/local/lib/python3.10/dist-packages/dynamixel_sdk_custom_interfaces/_dynamixel_sdk_custom_interfaces_s.ep.rosidl_typesupport_c.c
[5.164s] Listing '/home/augustmenard/Intro-to-Robotics-Research-Labs/final_ws/install/dynamixel_sdk_custom_interfaces/local/lib/python3.10/dist-packages/dynamixel_sdk_custom_interfaces'...
[5.164s] Compiling '/home/augustmenard/Intro-to-Robotics-Research-Labs/final_ws/install/dynamixel_sdk_custom_interfaces/local/lib/python3.10/dist-packages/dynamixel_sdk_custom_interfaces/__init__.py'...
[5.164s] Listing '/home/augustmenard/Intro-to-Robotics-Research-Labs/final_ws/install/dynamixel_sdk_custom_interfaces/local/lib/python3.10/dist-packages/dynamixel_sdk_custom_interfaces/msg'...
[5.164s] Compiling '/home/augustmenard/Intro-to-Robotics-Research-Labs/final_ws/install/dynamixel_sdk_custom_interfaces/local/lib/python3.10/dist-packages/dynamixel_sdk_custom_interfaces/msg/__init__.py'...
[5.164s] Compiling '/home/augustmenard/Intro-to-Robotics-Research-Labs/final_ws/install/dynamixel_sdk_custom_interfaces/local/lib/python3.10/dist-packages/dynamixel_sdk_custom_interfaces/msg/_set_position.py'...
[5.164s] Listing '/home/augustmenard/Intro-to-Robotics-Research-Labs/final_ws/install/dynamixel_sdk_custom_interfaces/local/lib/python3.10/dist-packages/dynamixel_sdk_custom_interfaces/srv'...
[5.164s] Compiling '/home/augustmenard/Intro-to-Robotics-Research-Labs/final_ws/install/dynamixel_sdk_custom_interfaces/local/lib/python3.10/dist-packages/dynamixel_sdk_custom_interfaces/srv/__init__.py'...
[5.164s] Compiling '/home/augustmenard/Intro-to-Robotics-Research-Labs/final_ws/install/dynamixel_sdk_custom_interfaces/local/lib/python3.10/dist-packages/dynamixel_sdk_custom_interfaces/srv/_get_position.py'...
[5.167s] -- Installing: /home/augustmenard/Intro-to-Robotics-Research-Labs/final_ws/install/dynamixel_sdk_custom_interfaces/local/lib/python3.10/dist-packages/dynamixel_sdk_custom_interfaces/dynamixel_sdk_custom_interfaces_s__rosidl_typesupport_fastrtps_c.cpython-310-x86_64-linux-gnu.so
[5.167s] -- Set runtime path of "/home/augustmenard/Intro-to-Robotics-Research-Labs/final_ws/install/dynamixel_sdk_custom_interfaces/local/lib/python3.10/dist-packages/dynamixel_sdk_custom_interfaces/dynamixel_sdk_custom_interfaces_s__rosidl_typesupport_fastrtps_c.cpython-310-x86_64-linux-gnu.so" to ""
[5.168s] -- Installing: /home/augustmenard/Intro-to-Robotics-Research-Labs/final_ws/install/dynamixel_sdk_custom_interfaces/local/lib/python3.10/dist-packages/dynamixel_sdk_custom_interfaces/dynamixel_sdk_custom_interfaces_s__rosidl_typesupport_introspection_c.cpython-310-x86_64-linux-gnu.so
[5.168s] -- Set runtime path of "/home/augustmenard/Intro-to-Robotics-Research-Labs/final_ws/install/dynamixel_sdk_custom_interfaces/local/lib/python3.10/dist-packages/dynamixel_sdk_custom_interfaces/dynamixel_sdk_custom_interfaces_s__rosidl_typesupport_introspection_c.cpython-310-x86_64-linux-gnu.so" to ""
[5.169s] -- Installing: /home/augustmenard/Intro-to-Robotics-Research-Labs/final_ws/install/dynamixel_sdk_custom_interfaces/local/lib/python3.10/dist-packages/dynamixel_sdk_custom_interfaces/dynamixel_sdk_custom_interfaces_s__rosidl_typesupport_c.cpython-310-x86_64-linux-gnu.so
[5.169s] -- Set runtime path of "/home/augustmenard/Intro-to-Robotics-Research-Labs/final_ws/install/dynamixel_sdk_custom_interfaces/local/lib/python3.10/dist-packages/dynamixel_sdk_custom_interfaces/dynamixel_sdk_custom_interfaces_s__rosidl_typesupport_c.cpython-310-x86_64-linux-gnu.so" to ""
[5.170s] -- Installing: /home/augustmenard/Intro-to-Robotics-Research-Labs/final_ws/install/dynamixel_sdk_custom_interfaces/lib/libdynamixel_sdk_custom_interfaces__rosidl_generator_py.so
[5.170s] -- Set runtime path of "/home/augustmenard/Intro-to-Robotics-Research-Labs/final_ws/install/dynamixel_sdk_custom_interfaces/lib/libdynamixel_sdk_custom_interfaces__rosidl_generator_py.so" to ""
[5.171s] -- Installing: /home/augustmenard/Intro-to-Robotics-Research-Labs/final_ws/install/dynamixel_sdk_custom_interfaces/share/dynamixel_sdk_custom_interfaces/msg/SetPosition.idl
[5.171s] -- Installing: /home/augustmenard/Intro-to-Robotics-Research-Labs/final_ws/install/dynamixel_sdk_custom_interfaces/share/dynamixel_sdk_custom_interfaces/srv/GetPosition.idl
[5.171s] -- Installing: /home/augustmenard/Intro-to-Robotics-Research-Labs/final_ws/install/dynamixel_sdk_custom_interfaces/share/dynamixel_sdk_custom_interfaces/msg/SetPosition.msg
[5.172s] -- Installing: /home/augustmenard/Intro-to-Robotics-Research-Labs/final_ws/install/dynamixel_sdk_custom_interfaces/share/dynamixel_sdk_custom_interfaces/srv/GetPosition.srv
[5.172s] -- Installing: /home/augustmenard/Intro-to-Robotics-Research-Labs/final_ws/install/dynamixel_sdk_custom_interfaces/share/dynamixel_sdk_custom_interfaces/srv/GetPosition_Request.msg
[5.172s] -- Installing: /home/augustmenard/Intro-to-Robotics-Research-Labs/final_ws/install/dynamixel_sdk_custom_interfaces/share/dynamixel_sdk_custom_interfaces/srv/GetPosition_Response.msg
[5.173s] -- Installing: /home/augustmenard/Intro-to-Robotics-Research-Labs/final_ws/install/dynamixel_sdk_custom_interfaces/share/ament_index/resource_index/package_run_dependencies/dynamixel_sdk_custom_interfaces
[5.173s] -- Installing: /home/augustmenard/Intro-to-Robotics-Research-Labs/final_ws/install/dynamixel_sdk_custom_interfaces/share/ament_index/resource_index/parent_prefix_path/dynamixel_sdk_custom_interfaces
[5.174s] -- Installing: /home/augustmenard/Intro-to-Robotics-Research-Labs/final_ws/install/dynamixel_sdk_custom_interfaces/share/dynamixel_sdk_custom_interfaces/environment/ament_prefix_path.sh
[5.174s] -- Installing: /home/augustmenard/Intro-to-Robotics-Research-Labs/final_ws/install/dynamixel_sdk_custom_interfaces/share/dynamixel_sdk_custom_interfaces/environment/ament_prefix_path.dsv
[5.174s] -- Installing: /home/augustmenard/Intro-to-Robotics-Research-Labs/final_ws/install/dynamixel_sdk_custom_interfaces/share/dynamixel_sdk_custom_interfaces/environment/path.sh
[5.174s] -- Installing: /home/augustmenard/Intro-to-Robotics-Research-Labs/final_ws/install/dynamixel_sdk_custom_interfaces/share/dynamixel_sdk_custom_interfaces/environment/path.dsv
[5.175s] -- Installing: /home/augustmenard/Intro-to-Robotics-Research-Labs/final_ws/install/dynamixel_sdk_custom_interfaces/share/dynamixel_sdk_custom_interfaces/local_setup.bash
[5.175s] -- Installing: /home/augustmenard/Intro-to-Robotics-Research-Labs/final_ws/install/dynamixel_sdk_custom_interfaces/share/dynamixel_sdk_custom_interfaces/local_setup.sh
[5.176s] -- Installing: /home/augustmenard/Intro-to-Robotics-Research-Labs/final_ws/install/dynamixel_sdk_custom_interfaces/share/dynamixel_sdk_custom_interfaces/local_setup.zsh
[5.176s] -- Installing: /home/augustmenard/Intro-to-Robotics-Research-Labs/final_ws/install/dynamixel_sdk_custom_interfaces/share/dynamixel_sdk_custom_interfaces/local_setup.dsv
[5.176s] -- Installing: /home/augustmenard/Intro-to-Robotics-Research-Labs/final_ws/install/dynamixel_sdk_custom_interfaces/share/dynamixel_sdk_custom_interfaces/package.dsv
[5.177s] -- Installing: /home/augustmenard/Intro-to-Robotics-Research-Labs/final_ws/install/dynamixel_sdk_custom_interfaces/share/ament_index/resource_index/packages/dynamixel_sdk_custom_interfaces
[5.177s] -- Installing: /home/augustmenard/Intro-to-Robotics-Research-Labs/final_ws/install/dynamixel_sdk_custom_interfaces/share/dynamixel_sdk_custom_interfaces/cmake/export_dynamixel_sdk_custom_interfaces__rosidl_generator_cExport.cmake
[5.177s] -- Installing: /home/augustmenard/Intro-to-Robotics-Research-Labs/final_ws/install/dynamixel_sdk_custom_interfaces/share/dynamixel_sdk_custom_interfaces/cmake/export_dynamixel_sdk_custom_interfaces__rosidl_generator_cExport-noconfig.cmake
[5.178s] -- Installing: /home/augustmenard/Intro-to-Robotics-Research-Labs/final_ws/install/dynamixel_sdk_custom_interfaces/share/dynamixel_sdk_custom_interfaces/cmake/export_dynamixel_sdk_custom_interfaces__rosidl_typesupport_fastrtps_cExport.cmake
[5.178s] -- Installing: /home/augustmenard/Intro-to-Robotics-Research-Labs/final_ws/install/dynamixel_sdk_custom_interfaces/share/dynamixel_sdk_custom_interfaces/cmake/export_dynamixel_sdk_custom_interfaces__rosidl_typesupport_fastrtps_cExport-noconfig.cmake
[5.178s] -- Installing: /home/augustmenard/Intro-to-Robotics-Research-Labs/final_ws/install/dynamixel_sdk_custom_interfaces/share/dynamixel_sdk_custom_interfaces/cmake/export_dynamixel_sdk_custom_interfaces__rosidl_generator_cppExport.cmake
[5.179s] -- Installing: /home/augustmenard/Intro-to-Robotics-Research-Labs/final_ws/install/dynamixel_sdk_custom_interfaces/share/dynamixel_sdk_custom_interfaces/cmake/export_dynamixel_sdk_custom_interfaces__rosidl_typesupport_fastrtps_cppExport.cmake
[5.179s] -- Installing: /home/augustmenard/Intro-to-Robotics-Research-Labs/final_ws/install/dynamixel_sdk_custom_interfaces/share/dynamixel_sdk_custom_interfaces/cmake/export_dynamixel_sdk_custom_interfaces__rosidl_typesupport_fastrtps_cppExport-noconfig.cmake
[5.179s] -- Installing: /home/augustmenard/Intro-to-Robotics-Research-Labs/final_ws/install/dynamixel_sdk_custom_interfaces/share/dynamixel_sdk_custom_interfaces/cmake/dynamixel_sdk_custom_interfaces__rosidl_typesupport_introspection_cExport.cmake
[5.180s] -- Installing: /home/augustmenard/Intro-to-Robotics-Research-Labs/final_ws/install/dynamixel_sdk_custom_interfaces/share/dynamixel_sdk_custom_interfaces/cmake/dynamixel_sdk_custom_interfaces__rosidl_typesupport_introspection_cExport-noconfig.cmake
[5.180s] -- Installing: /home/augustmenard/Intro-to-Robotics-Research-Labs/final_ws/install/dynamixel_sdk_custom_interfaces/share/dynamixel_sdk_custom_interfaces/cmake/dynamixel_sdk_custom_interfaces__rosidl_typesupport_cExport.cmake
[5.180s] -- Installing: /home/augustmenard/Intro-to-Robotics-Research-Labs/final_ws/install/dynamixel_sdk_custom_interfaces/share/dynamixel_sdk_custom_interfaces/cmake/dynamixel_sdk_custom_interfaces__rosidl_typesupport_cExport-noconfig.cmake
[5.181s] -- Installing: /home/augustmenard/Intro-to-Robotics-Research-Labs/final_ws/install/dynamixel_sdk_custom_interfaces/share/dynamixel_sdk_custom_interfaces/cmake/dynamixel_sdk_custom_interfaces__rosidl_typesupport_introspection_cppExport.cmake
[5.181s] -- Installing: /home/augustmenard/Intro-to-Robotics-Research-Labs/final_ws/install/dynamixel_sdk_custom_interfaces/share/dynamixel_sdk_custom_interfaces/cmake/dynamixel_sdk_custom_interfaces__rosidl_typesupport_introspection_cppExport-noconfig.cmake
[5.181s] -- Installing: /home/augustmenard/Intro-to-Robotics-Research-Labs/final_ws/install/dynamixel_sdk_custom_interfaces/share/dynamixel_sdk_custom_interfaces/cmake/dynamixel_sdk_custom_interfaces__rosidl_typesupport_cppExport.cmake
[5.182s] -- Installing: /home/augustmenard/Intro-to-Robotics-Research-Labs/final_ws/install/dynamixel_sdk_custom_interfaces/share/dynamixel_sdk_custom_interfaces/cmake/dynamixel_sdk_custom_interfaces__rosidl_typesupport_cppExport-noconfig.cmake
[5.182s] -- Installing: /home/augustmenard/Intro-to-Robotics-Research-Labs/final_ws/install/dynamixel_sdk_custom_interfaces/share/dynamixel_sdk_custom_interfaces/cmake/export_dynamixel_sdk_custom_interfaces__rosidl_generator_pyExport.cmake
[5.182s] -- Installing: /home/augustmenard/Intro-to-Robotics-Research-Labs/final_ws/install/dynamixel_sdk_custom_interfaces/share/dynamixel_sdk_custom_interfaces/cmake/export_dynamixel_sdk_custom_interfaces__rosidl_generator_pyExport-noconfig.cmake
[5.183s] -- Installing: /home/augustmenard/Intro-to-Robotics-Research-Labs/final_ws/install/dynamixel_sdk_custom_interfaces/share/dynamixel_sdk_custom_interfaces/cmake/rosidl_cmake-extras.cmake
[5.183s] -- Installing: /home/augustmenard/Intro-to-Robotics-Research-Labs/final_ws/install/dynamixel_sdk_custom_interfaces/share/dynamixel_sdk_custom_interfaces/cmake/ament_cmake_export_dependencies-extras.cmake
[5.184s] -- Installing: /home/augustmenard/Intro-to-Robotics-Research-Labs/final_ws/install/dynamixel_sdk_custom_interfaces/share/dynamixel_sdk_custom_interfaces/cmake/ament_cmake_export_include_directories-extras.cmake
[5.184s] -- Installing: /home/augustmenard/Intro-to-Robotics-Research-Labs/final_ws/install/dynamixel_sdk_custom_interfaces/share/dynamixel_sdk_custom_interfaces/cmake/ament_cmake_export_libraries-extras.cmake
[5.184s] -- Installing: /home/augustmenard/Intro-to-Robotics-Research-Labs/final_ws/install/dynamixel_sdk_custom_interfaces/share/dynamixel_sdk_custom_interfaces/cmake/ament_cmake_export_targets-extras.cmake
[5.185s] -- Installing: /home/augustmenard/Intro-to-Robotics-Research-Labs/final_ws/install/dynamixel_sdk_custom_interfaces/share/dynamixel_sdk_custom_interfaces/cmake/rosidl_cmake_export_typesupport_targets-extras.cmake
[5.185s] -- Installing: /home/augustmenard/Intro-to-Robotics-Research-Labs/final_ws/install/dynamixel_sdk_custom_interfaces/share/dynamixel_sdk_custom_interfaces/cmake/rosidl_cmake_export_typesupport_libraries-extras.cmake
[5.185s] -- Installing: /home/augustmenard/Intro-to-Robotics-Research-Labs/final_ws/install/dynamixel_sdk_custom_interfaces/share/dynamixel_sdk_custom_interfaces/cmake/dynamixel_sdk_custom_interfacesConfig.cmake
[5.185s] -- Installing: /home/augustmenard/Intro-to-Robotics-Research-Labs/final_ws/install/dynamixel_sdk_custom_interfaces/share/dynamixel_sdk_custom_interfaces/cmake/dynamixel_sdk_custom_interfacesConfig-version.cmake
[5.186s] -- Installing: /home/augustmenard/Intro-to-Robotics-Research-Labs/final_ws/install/dynamixel_sdk_custom_interfaces/share/dynamixel_sdk_custom_interfaces/package.xml
[5.193s] Invoked command in '/home/augustmenard/Intro-to-Robotics-Research-Labs/final_ws/build/dynamixel_sdk_custom_interfaces' returned '0': CMAKE_PREFIX_PATH=${CMAKE_PREFIX_PATH}:/home/augustmenard/Intro-to-Robotics-Research-Labs/install/turtlebot3_teleop:/home/augustmenard/Intro-to-Robotics-Research-Labs/install/turtlebot3_example:/home/augustmenard/Intro-to-Robotics-Research-Labs/install/team_rocket_final:/opt/ros/humble /usr/bin/cmake --install /home/augustmenard/Intro-to-Robotics-Research-Labs/final_ws/build/dynamixel_sdk_custom_interfaces
