[4.043s] DEBUG:colcon:Command line arguments: ['/usr/bin/colcon', 'build']
[4.043s] DEBUG:colcon:Parsed command line arguments: Namespace(log_base=None, log_level=None, verb_name='build', build_base='build', install_base='install', merge_install=False, symlink_install=False, test_result_base=None, continue_on_error=False, executor='parallel', parallel_workers=4, event_handlers=None, ignore_user_meta=False, metas=['./colcon.meta'], base_paths=['.'], packages_ignore=None, packages_ignore_regex=None, paths=None, packages_up_to=None, packages_up_to_regex=None, packages_above=None, packages_above_and_dependencies=None, packages_above_depth=None, packages_select_by_dep=None, packages_skip_by_dep=None, packages_skip_up_to=None, packages_select_build_failed=False, packages_skip_build_finished=False, packages_select_test_failures=False, packages_skip_test_passed=False, packages_select=None, packages_skip=None, packages_select_regex=None, packages_skip_regex=None, packages_start=None, packages_end=None, allow_overriding=[], cmake_args=None, cmake_target=None, cmake_target_skip_unavailable=False, cmake_clean_cache=False, cmake_clean_first=False, cmake_force_configure=False, ament_cmake_args=None, catkin_cmake_args=None, catkin_skip_building_tests=False, verb_parser=<colcon_defaults.argument_parser.defaults.DefaultArgumentsDecorator object at 0xffff9a41a530>, verb_extension=<colcon_core.verb.build.BuildVerb object at 0xffff9a572c50>, main=<bound method BuildVerb.main of <colcon_core.verb.build.BuildVerb object at 0xffff9a572c50>>)
[4.289s] Level 1:colcon.colcon_core.package_discovery:discover_packages(colcon_meta) check parameters
[4.290s] Level 1:colcon.colcon_core.package_discovery:discover_packages(recursive) check parameters
[4.290s] Level 1:colcon.colcon_core.package_discovery:discover_packages(ignore) check parameters
[4.290s] Level 1:colcon.colcon_core.package_discovery:discover_packages(path) check parameters
[4.290s] Level 1:colcon.colcon_core.package_discovery:discover_packages(colcon_meta) discover
[4.290s] Level 1:colcon.colcon_core.package_discovery:discover_packages(recursive) discover
[4.290s] INFO:colcon.colcon_core.package_discovery:Crawling recursively for packages in '/home/burger/Intro-to-Robotics-Research-Labs/lab4_ws'
[4.291s] Level 1:colcon.colcon_core.package_identification:_identify(.) by extensions ['ignore', 'ignore_ament_install']
[4.291s] Level 1:colcon.colcon_core.package_identification:_identify(.) by extension 'ignore'
[4.291s] Level 1:colcon.colcon_core.package_identification:_identify(.) by extension 'ignore_ament_install'
[4.292s] Level 1:colcon.colcon_core.package_identification:_identify(.) by extensions ['colcon_pkg']
[4.292s] Level 1:colcon.colcon_core.package_identification:_identify(.) by extension 'colcon_pkg'
[4.292s] Level 1:colcon.colcon_core.package_identification:_identify(.) by extensions ['colcon_meta']
[4.292s] Level 1:colcon.colcon_core.package_identification:_identify(.) by extension 'colcon_meta'
[4.292s] Level 1:colcon.colcon_core.package_identification:_identify(.) by extensions ['ros']
[4.292s] Level 1:colcon.colcon_core.package_identification:_identify(.) by extension 'ros'
[4.352s] Level 1:colcon.colcon_core.package_identification:_identify(.) by extensions ['cmake', 'python']
[4.352s] Level 1:colcon.colcon_core.package_identification:_identify(.) by extension 'cmake'
[4.352s] Level 1:colcon.colcon_core.package_identification:_identify(.) by extension 'python'
[4.352s] Level 1:colcon.colcon_core.package_identification:_identify(.) by extensions ['python_setup_py']
[4.353s] Level 1:colcon.colcon_core.package_identification:_identify(.) by extension 'python_setup_py'
[4.353s] Level 1:colcon.colcon_core.package_identification:_identify(build) by extensions ['ignore', 'ignore_ament_install']
[4.354s] Level 1:colcon.colcon_core.package_identification:_identify(build) by extension 'ignore'
[4.354s] Level 1:colcon.colcon_core.package_identification:_identify(build) ignored
[4.355s] Level 1:colcon.colcon_core.package_identification:_identify(install) by extensions ['ignore', 'ignore_ament_install']
[4.355s] Level 1:colcon.colcon_core.package_identification:_identify(install) by extension 'ignore'
[4.355s] Level 1:colcon.colcon_core.package_identification:_identify(install) ignored
[4.356s] Level 1:colcon.colcon_core.package_identification:_identify(log) by extensions ['ignore', 'ignore_ament_install']
[4.357s] Level 1:colcon.colcon_core.package_identification:_identify(log) by extension 'ignore'
[4.357s] Level 1:colcon.colcon_core.package_identification:_identify(log) ignored
[4.357s] Level 1:colcon.colcon_core.package_identification:_identify(src) by extensions ['ignore', 'ignore_ament_install']
[4.358s] Level 1:colcon.colcon_core.package_identification:_identify(src) by extension 'ignore'
[4.358s] Level 1:colcon.colcon_core.package_identification:_identify(src) by extension 'ignore_ament_install'
[4.358s] Level 1:colcon.colcon_core.package_identification:_identify(src) by extensions ['colcon_pkg']
[4.358s] Level 1:colcon.colcon_core.package_identification:_identify(src) by extension 'colcon_pkg'
[4.358s] Level 1:colcon.colcon_core.package_identification:_identify(src) by extensions ['colcon_meta']
[4.359s] Level 1:colcon.colcon_core.package_identification:_identify(src) by extension 'colcon_meta'
[4.359s] Level 1:colcon.colcon_core.package_identification:_identify(src) by extensions ['ros']
[4.359s] Level 1:colcon.colcon_core.package_identification:_identify(src) by extension 'ros'
[4.359s] Level 1:colcon.colcon_core.package_identification:_identify(src) by extensions ['cmake', 'python']
[4.359s] Level 1:colcon.colcon_core.package_identification:_identify(src) by extension 'cmake'
[4.360s] Level 1:colcon.colcon_core.package_identification:_identify(src) by extension 'python'
[4.360s] Level 1:colcon.colcon_core.package_identification:_identify(src) by extensions ['python_setup_py']
[4.360s] Level 1:colcon.colcon_core.package_identification:_identify(src) by extension 'python_setup_py'
[4.360s] Level 1:colcon.colcon_core.package_identification:_identify(src/team_rocket_navigate_to_goal) by extensions ['ignore', 'ignore_ament_install']
[4.361s] Level 1:colcon.colcon_core.package_identification:_identify(src/team_rocket_navigate_to_goal) by extension 'ignore'
[4.361s] Level 1:colcon.colcon_core.package_identification:_identify(src/team_rocket_navigate_to_goal) by extension 'ignore_ament_install'
[4.361s] Level 1:colcon.colcon_core.package_identification:_identify(src/team_rocket_navigate_to_goal) by extensions ['colcon_pkg']
[4.361s] Level 1:colcon.colcon_core.package_identification:_identify(src/team_rocket_navigate_to_goal) by extension 'colcon_pkg'
[4.361s] Level 1:colcon.colcon_core.package_identification:_identify(src/team_rocket_navigate_to_goal) by extensions ['colcon_meta']
[4.362s] Level 1:colcon.colcon_core.package_identification:_identify(src/team_rocket_navigate_to_goal) by extension 'colcon_meta'
[4.362s] Level 1:colcon.colcon_core.package_identification:_identify(src/team_rocket_navigate_to_goal) by extensions ['ros']
[4.362s] Level 1:colcon.colcon_core.package_identification:_identify(src/team_rocket_navigate_to_goal) by extension 'ros'
[4.370s] DEBUG:colcon.colcon_core.package_identification:Package 'src/team_rocket_navigate_to_goal' with type 'ros.ament_python' and name 'team_rocket_navigate_to_goal'
[4.370s] Level 1:colcon.colcon_core.package_discovery:discover_packages(recursive) using defaults
[4.371s] Level 1:colcon.colcon_core.package_discovery:discover_packages(ignore) discover
[4.371s] Level 1:colcon.colcon_core.package_discovery:discover_packages(ignore) using defaults
[4.371s] Level 1:colcon.colcon_core.package_discovery:discover_packages(path) discover
[4.371s] Level 1:colcon.colcon_core.package_discovery:discover_packages(path) using defaults
[4.745s] Level 1:colcon.colcon_core.package_discovery:discover_packages(prefix_path) check parameters
[4.746s] Level 1:colcon.colcon_core.package_discovery:discover_packages(prefix_path) discover
[4.873s] DEBUG:colcon.colcon_installed_package_information.package_discovery:Found 1 installed packages in /home/burger/Intro-to-Robotics-Research-Labs/lab4_ws/install
[4.932s] DEBUG:colcon.colcon_installed_package_information.package_discovery:Found 8 installed packages in /home/burger/dontTouch_ws/install
[5.002s] DEBUG:colcon.colcon_installed_package_information.package_discovery:Found 206 installed packages in /opt/ros/humble
[5.007s] Level 1:colcon.colcon_core.package_discovery:discover_packages(prefix_path) using defaults
[5.279s] Level 5:colcon.colcon_core.verb:set package 'team_rocket_navigate_to_goal' build argument 'cmake_args' from command line to 'None'
[5.279s] Level 5:colcon.colcon_core.verb:set package 'team_rocket_navigate_to_goal' build argument 'cmake_target' from command line to 'None'
[5.279s] Level 5:colcon.colcon_core.verb:set package 'team_rocket_navigate_to_goal' build argument 'cmake_target_skip_unavailable' from command line to 'False'
[5.279s] Level 5:colcon.colcon_core.verb:set package 'team_rocket_navigate_to_goal' build argument 'cmake_clean_cache' from command line to 'False'
[5.279s] Level 5:colcon.colcon_core.verb:set package 'team_rocket_navigate_to_goal' build argument 'cmake_clean_first' from command line to 'False'
[5.279s] Level 5:colcon.colcon_core.verb:set package 'team_rocket_navigate_to_goal' build argument 'cmake_force_configure' from command line to 'False'
[5.280s] Level 5:colcon.colcon_core.verb:set package 'team_rocket_navigate_to_goal' build argument 'ament_cmake_args' from command line to 'None'
[5.280s] Level 5:colcon.colcon_core.verb:set package 'team_rocket_navigate_to_goal' build argument 'catkin_cmake_args' from command line to 'None'
[5.280s] Level 5:colcon.colcon_core.verb:set package 'team_rocket_navigate_to_goal' build argument 'catkin_skip_building_tests' from command line to 'False'
[5.280s] DEBUG:colcon.colcon_core.verb:Building package 'team_rocket_navigate_to_goal' with the following arguments: {'ament_cmake_args': None, 'build_base': '/home/burger/Intro-to-Robotics-Research-Labs/lab4_ws/build/team_rocket_navigate_to_goal', 'catkin_cmake_args': None, 'catkin_skip_building_tests': False, 'cmake_args': None, 'cmake_clean_cache': False, 'cmake_clean_first': False, 'cmake_force_configure': False, 'cmake_target': None, 'cmake_target_skip_unavailable': False, 'install_base': '/home/burger/Intro-to-Robotics-Research-Labs/lab4_ws/install/team_rocket_navigate_to_goal', 'merge_install': False, 'path': '/home/burger/Intro-to-Robotics-Research-Labs/lab4_ws/src/team_rocket_navigate_to_goal', 'symlink_install': False, 'test_result_base': None}
[5.342s] INFO:colcon.colcon_core.executor:Executing jobs using 'parallel' executor
[5.402s] DEBUG:colcon.colcon_parallel_executor.executor.parallel:run_until_complete
[5.403s] INFO:colcon.colcon_ros.task.ament_python.build:Building ROS package in '/home/burger/Intro-to-Robotics-Research-Labs/lab4_ws/src/team_rocket_navigate_to_goal' with build type 'ament_python'
[5.404s] Level 1:colcon.colcon_core.shell:create_environment_hook('team_rocket_navigate_to_goal', 'ament_prefix_path')
[5.473s] INFO:colcon.colcon_core.plugin_system:Skipping extension 'colcon_core.shell.bat': Not used on non-Windows systems
[5.474s] INFO:colcon.colcon_core.shell:Creating environment hook '/home/burger/Intro-to-Robotics-Research-Labs/lab4_ws/install/team_rocket_navigate_to_goal/share/team_rocket_navigate_to_goal/hook/ament_prefix_path.ps1'
[5.477s] INFO:colcon.colcon_core.shell:Creating environment descriptor '/home/burger/Intro-to-Robotics-Research-Labs/lab4_ws/install/team_rocket_navigate_to_goal/share/team_rocket_navigate_to_goal/hook/ament_prefix_path.dsv'
[5.479s] INFO:colcon.colcon_core.shell:Creating environment hook '/home/burger/Intro-to-Robotics-Research-Labs/lab4_ws/install/team_rocket_navigate_to_goal/share/team_rocket_navigate_to_goal/hook/ament_prefix_path.sh'
[5.541s] INFO:colcon.colcon_core.shell:Skip shell extension 'powershell' for command environment: Not usable outside of PowerShell
[5.541s] DEBUG:colcon.colcon_core.shell:Skip shell extension 'dsv' for command environment
[6.684s] INFO:colcon.colcon_core.task.python.build:Building Python package in '/home/burger/Intro-to-Robotics-Research-Labs/lab4_ws/src/team_rocket_navigate_to_goal'
[6.749s] INFO:colcon.colcon_core.shell:Skip shell extension 'powershell' for command environment: Not usable outside of PowerShell
[6.749s] DEBUG:colcon.colcon_core.shell:Skip shell extension 'dsv' for command environment
[9.371s] DEBUG:colcon.colcon_core.event_handler.log_command:Invoking command in '/home/burger/Intro-to-Robotics-Research-Labs/lab4_ws/src/team_rocket_navigate_to_goal': PYTHONPATH=/home/burger/Intro-to-Robotics-Research-Labs/lab4_ws/build/team_rocket_navigate_to_goal/prefix_override:/home/burger/Intro-to-Robotics-Research-Labs/lab4_ws/install/team_rocket_navigate_to_goal/lib/python3.10/site-packages:${PYTHONPATH} /usr/bin/python3 setup.py egg_info --egg-base ../../build/team_rocket_navigate_to_goal build --build-base /home/burger/Intro-to-Robotics-Research-Labs/lab4_ws/build/team_rocket_navigate_to_goal/build install --record /home/burger/Intro-to-Robotics-Research-Labs/lab4_ws/build/team_rocket_navigate_to_goal/install.log --single-version-externally-managed
[11.427s] DEBUG:colcon.colcon_core.event_handler.log_command:Invoked command in '/home/burger/Intro-to-Robotics-Research-Labs/lab4_ws/src/team_rocket_navigate_to_goal' returned '0': PYTHONPATH=/home/burger/Intro-to-Robotics-Research-Labs/lab4_ws/build/team_rocket_navigate_to_goal/prefix_override:/home/burger/Intro-to-Robotics-Research-Labs/lab4_ws/install/team_rocket_navigate_to_goal/lib/python3.10/site-packages:${PYTHONPATH} /usr/bin/python3 setup.py egg_info --egg-base ../../build/team_rocket_navigate_to_goal build --build-base /home/burger/Intro-to-Robotics-Research-Labs/lab4_ws/build/team_rocket_navigate_to_goal/build install --record /home/burger/Intro-to-Robotics-Research-Labs/lab4_ws/build/team_rocket_navigate_to_goal/install.log --single-version-externally-managed
[11.500s] Level 1:colcon.colcon_core.environment:checking '/home/burger/Intro-to-Robotics-Research-Labs/lab4_ws/install/team_rocket_navigate_to_goal' for CMake module files
[11.502s] Level 1:colcon.colcon_core.environment:checking '/home/burger/Intro-to-Robotics-Research-Labs/lab4_ws/install/team_rocket_navigate_to_goal' for CMake config files
[11.507s] Level 1:colcon.colcon_core.environment:checking '/home/burger/Intro-to-Robotics-Research-Labs/lab4_ws/install/team_rocket_navigate_to_goal/lib'
[11.507s] Level 1:colcon.colcon_core.environment:checking '/home/burger/Intro-to-Robotics-Research-Labs/lab4_ws/install/team_rocket_navigate_to_goal/bin'
[11.508s] Level 1:colcon.colcon_core.environment:checking '/home/burger/Intro-to-Robotics-Research-Labs/lab4_ws/install/team_rocket_navigate_to_goal/lib/pkgconfig/team_rocket_navigate_to_goal.pc'
[11.509s] Level 1:colcon.colcon_core.environment:checking '/home/burger/Intro-to-Robotics-Research-Labs/lab4_ws/install/team_rocket_navigate_to_goal/lib/python3.10/site-packages'
[11.509s] Level 1:colcon.colcon_core.shell:create_environment_hook('team_rocket_navigate_to_goal', 'pythonpath')
[11.565s] INFO:colcon.colcon_core.shell:Creating environment hook '/home/burger/Intro-to-Robotics-Research-Labs/lab4_ws/install/team_rocket_navigate_to_goal/share/team_rocket_navigate_to_goal/hook/pythonpath.ps1'
[11.568s] INFO:colcon.colcon_core.shell:Creating environment descriptor '/home/burger/Intro-to-Robotics-Research-Labs/lab4_ws/install/team_rocket_navigate_to_goal/share/team_rocket_navigate_to_goal/hook/pythonpath.dsv'
[11.570s] INFO:colcon.colcon_core.shell:Creating environment hook '/home/burger/Intro-to-Robotics-Research-Labs/lab4_ws/install/team_rocket_navigate_to_goal/share/team_rocket_navigate_to_goal/hook/pythonpath.sh'
[11.572s] Level 1:colcon.colcon_core.environment:checking '/home/burger/Intro-to-Robotics-Research-Labs/lab4_ws/install/team_rocket_navigate_to_goal/bin'
[11.573s] Level 1:colcon.colcon_core.environment:create_environment_scripts_only(team_rocket_navigate_to_goal)
[11.628s] INFO:colcon.colcon_core.shell:Creating package script '/home/burger/Intro-to-Robotics-Research-Labs/lab4_ws/install/team_rocket_navigate_to_goal/share/team_rocket_navigate_to_goal/package.ps1'
[11.632s] INFO:colcon.colcon_core.shell:Creating package descriptor '/home/burger/Intro-to-Robotics-Research-Labs/lab4_ws/install/team_rocket_navigate_to_goal/share/team_rocket_navigate_to_goal/package.dsv'
[11.636s] INFO:colcon.colcon_core.shell:Creating package script '/home/burger/Intro-to-Robotics-Research-Labs/lab4_ws/install/team_rocket_navigate_to_goal/share/team_rocket_navigate_to_goal/package.sh'
[11.639s] INFO:colcon.colcon_core.shell:Creating package script '/home/burger/Intro-to-Robotics-Research-Labs/lab4_ws/install/team_rocket_navigate_to_goal/share/team_rocket_navigate_to_goal/package.bash'
[11.643s] INFO:colcon.colcon_core.shell:Creating package script '/home/burger/Intro-to-Robotics-Research-Labs/lab4_ws/install/team_rocket_navigate_to_goal/share/team_rocket_navigate_to_goal/package.zsh'
[11.646s] Level 1:colcon.colcon_core.environment:create_file_with_runtime_dependencies(/home/burger/Intro-to-Robotics-Research-Labs/lab4_ws/install/team_rocket_navigate_to_goal/share/colcon-core/packages/team_rocket_navigate_to_goal)
[11.647s] DEBUG:colcon.colcon_parallel_executor.executor.parallel:closing loop
[11.649s] DEBUG:colcon.colcon_parallel_executor.executor.parallel:loop closed
[11.649s] DEBUG:colcon.colcon_parallel_executor.executor.parallel:run_until_complete finished with '0'
[11.649s] DEBUG:colcon.colcon_core.event_reactor:joining thread
[11.730s] INFO:colcon.colcon_core.plugin_system:Skipping extension 'colcon_notification.desktop_notification.notify_send': Could not find 'notify-send'
[11.731s] INFO:colcon.colcon_core.plugin_system:Skipping extension 'colcon_notification.desktop_notification.terminal_notifier': Not used on non-Darwin systems
[11.731s] INFO:colcon.colcon_core.plugin_system:Skipping extension 'colcon_notification.desktop_notification.win32': Not used on non-Windows systems
[11.731s] INFO:colcon.colcon_notification.desktop_notification:Sending desktop notification using 'notify2'
[11.734s] DEBUG:colcon.colcon_notification.desktop_notification.notify2:Failed to initialize notify2: org.freedesktop.DBus.Error.ServiceUnknown: The name org.freedesktop.Notifications was not provided by any .service files
[11.734s] DEBUG:colcon.colcon_core.event_reactor:joined thread
[11.790s] INFO:colcon.colcon_core.shell:Creating prefix script '/home/burger/Intro-to-Robotics-Research-Labs/lab4_ws/install/local_setup.ps1'
[11.794s] INFO:colcon.colcon_core.shell:Creating prefix util module '/home/burger/Intro-to-Robotics-Research-Labs/lab4_ws/install/_local_setup_util_ps1.py'
[11.799s] INFO:colcon.colcon_core.shell:Creating prefix chain script '/home/burger/Intro-to-Robotics-Research-Labs/lab4_ws/install/setup.ps1'
[11.870s] INFO:colcon.colcon_core.shell:Creating prefix script '/home/burger/Intro-to-Robotics-Research-Labs/lab4_ws/install/local_setup.sh'
[11.872s] INFO:colcon.colcon_core.shell:Creating prefix util module '/home/burger/Intro-to-Robotics-Research-Labs/lab4_ws/install/_local_setup_util_sh.py'
[11.874s] INFO:colcon.colcon_core.shell:Creating prefix chain script '/home/burger/Intro-to-Robotics-Research-Labs/lab4_ws/install/setup.sh'
[11.935s] INFO:colcon.colcon_core.shell:Creating prefix script '/home/burger/Intro-to-Robotics-Research-Labs/lab4_ws/install/local_setup.bash'
[11.937s] INFO:colcon.colcon_core.shell:Creating prefix chain script '/home/burger/Intro-to-Robotics-Research-Labs/lab4_ws/install/setup.bash'
[12.004s] INFO:colcon.colcon_core.shell:Creating prefix script '/home/burger/Intro-to-Robotics-Research-Labs/lab4_ws/install/local_setup.zsh'
[12.007s] INFO:colcon.colcon_core.shell:Creating prefix chain script '/home/burger/Intro-to-Robotics-Research-Labs/lab4_ws/install/setup.zsh'
