[0.442s] Invoking command in '/home/augustmenard/Intro-to-Robotics-Research-Labs/final_ws/src/team_rocket_final': PYTHONPATH=/home/augustmenard/Intro-to-Robotics-Research-Labs/final_ws/build/team_rocket_final/prefix_override:/usr/lib/python3/dist-packages/colcon_core/task/python/colcon_distutils_commands:/home/augustmenard/Intro-to-Robotics-Research-Labs/final_ws/install/team_rocket_final/lib/python3.10/site-packages:${PYTHONPATH} /usr/bin/python3 -W ignore:setup.py install is deprecated -W ignore:easy_install command is deprecated setup.py egg_info --egg-base ../../build/team_rocket_final build --build-base /home/augustmenard/Intro-to-Robotics-Research-Labs/final_ws/build/team_rocket_final/build install --record /home/augustmenard/Intro-to-Robotics-Research-Labs/final_ws/build/team_rocket_final/install.log --single-version-externally-managed install_data
[0.594s] running egg_info
[0.594s] creating ../../build/team_rocket_final/team_rocket_final.egg-info
[0.594s] writing ../../build/team_rocket_final/team_rocket_final.egg-info/PKG-INFO
[0.594s] writing dependency_links to ../../build/team_rocket_final/team_rocket_final.egg-info/dependency_links.txt
[0.595s] writing entry points to ../../build/team_rocket_final/team_rocket_final.egg-info/entry_points.txt
[0.595s] writing requirements to ../../build/team_rocket_final/team_rocket_final.egg-info/requires.txt
[0.595s] writing top-level names to ../../build/team_rocket_final/team_rocket_final.egg-info/top_level.txt
[0.595s] writing manifest file '../../build/team_rocket_final/team_rocket_final.egg-info/SOURCES.txt'
[0.596s] reading manifest file '../../build/team_rocket_final/team_rocket_final.egg-info/SOURCES.txt'
[0.596s] adding license file 'LICENSE'
[0.596s] writing manifest file '../../build/team_rocket_final/team_rocket_final.egg-info/SOURCES.txt'
[0.597s] running build
[0.597s] running build_py
[0.597s] creating /home/augustmenard/Intro-to-Robotics-Research-Labs/final_ws/build/team_rocket_final/build
[0.597s] creating /home/augustmenard/Intro-to-Robotics-Research-Labs/final_ws/build/team_rocket_final/build/lib
[0.597s] creating /home/augustmenard/Intro-to-Robotics-Research-Labs/final_ws/build/team_rocket_final/build/lib/team_rocket_final
[0.603s] copying team_rocket_final/__init__.py -> /home/augustmenard/Intro-to-Robotics-Research-Labs/final_ws/build/team_rocket_final/build/lib/team_rocket_final
[0.603s] running install
[0.603s] running install_lib
[0.605s] creating /home/augustmenard/Intro-to-Robotics-Research-Labs/final_ws/install/team_rocket_final/lib/python3.10/site-packages/team_rocket_final
[0.605s] copying /home/augustmenard/Intro-to-Robotics-Research-Labs/final_ws/build/team_rocket_final/build/lib/team_rocket_final/__init__.py -> /home/augustmenard/Intro-to-Robotics-Research-Labs/final_ws/install/team_rocket_final/lib/python3.10/site-packages/team_rocket_final
[0.605s] byte-compiling /home/augustmenard/Intro-to-Robotics-Research-Labs/final_ws/install/team_rocket_final/lib/python3.10/site-packages/team_rocket_final/__init__.py to __init__.cpython-310.pyc
[0.605s] running install_data
[0.605s] creating /home/augustmenard/Intro-to-Robotics-Research-Labs/final_ws/install/team_rocket_final/share/ament_index
[0.605s] creating /home/augustmenard/Intro-to-Robotics-Research-Labs/final_ws/install/team_rocket_final/share/ament_index/resource_index
[0.605s] creating /home/augustmenard/Intro-to-Robotics-Research-Labs/final_ws/install/team_rocket_final/share/ament_index/resource_index/packages
[0.606s] copying resource/team_rocket_final -> /home/augustmenard/Intro-to-Robotics-Research-Labs/final_ws/install/team_rocket_final/share/ament_index/resource_index/packages
[0.606s] copying package.xml -> /home/augustmenard/Intro-to-Robotics-Research-Labs/final_ws/install/team_rocket_final/share/team_rocket_final
[0.606s] running install_egg_info
[0.607s] Copying ../../build/team_rocket_final/team_rocket_final.egg-info to /home/augustmenard/Intro-to-Robotics-Research-Labs/final_ws/install/team_rocket_final/lib/python3.10/site-packages/team_rocket_final-0.0.0-py3.10.egg-info
[0.607s] running install_scripts
[0.621s] writing list of installed files to '/home/augustmenard/Intro-to-Robotics-Research-Labs/final_ws/build/team_rocket_final/install.log'
[0.638s] Invoked command in '/home/augustmenard/Intro-to-Robotics-Research-Labs/final_ws/src/team_rocket_final' returned '0': PYTHONPATH=/home/augustmenard/Intro-to-Robotics-Research-Labs/final_ws/build/team_rocket_final/prefix_override:/usr/lib/python3/dist-packages/colcon_core/task/python/colcon_distutils_commands:/home/augustmenard/Intro-to-Robotics-Research-Labs/final_ws/install/team_rocket_final/lib/python3.10/site-packages:${PYTHONPATH} /usr/bin/python3 -W ignore:setup.py install is deprecated -W ignore:easy_install command is deprecated setup.py egg_info --egg-base ../../build/team_rocket_final build --build-base /home/augustmenard/Intro-to-Robotics-Research-Labs/final_ws/build/team_rocket_final/build install --record /home/augustmenard/Intro-to-Robotics-Research-Labs/final_ws/build/team_rocket_final/install.log --single-version-externally-managed install_data
