[0.419s] Invoking command in '/home/augustmenard/Intro-to-Robotics-Research-Labs/lab4_ws/src/team_rocket_navigate_to_goal': PYTHONPATH=/home/augustmenard/Intro-to-Robotics-Research-Labs/lab4_ws/build/team_rocket_navigate_to_goal/prefix_override:/usr/lib/python3/dist-packages/colcon_core/task/python/colcon_distutils_commands:/home/augustmenard/Intro-to-Robotics-Research-Labs/lab4_ws/install/team_rocket_navigate_to_goal/lib/python3.10/site-packages:${PYTHONPATH} /usr/bin/python3 -W ignore:setup.py install is deprecated -W ignore:easy_install command is deprecated setup.py egg_info --egg-base ../../build/team_rocket_navigate_to_goal build --build-base /home/augustmenard/Intro-to-Robotics-Research-Labs/lab4_ws/build/team_rocket_navigate_to_goal/build install --record /home/augustmenard/Intro-to-Robotics-Research-Labs/lab4_ws/build/team_rocket_navigate_to_goal/install.log --single-version-externally-managed install_data
[0.577s] running egg_info
[0.578s] writing ../../build/team_rocket_navigate_to_goal/team_rocket_navigate_to_goal.egg-info/PKG-INFO
[0.578s] writing dependency_links to ../../build/team_rocket_navigate_to_goal/team_rocket_navigate_to_goal.egg-info/dependency_links.txt
[0.578s] writing entry points to ../../build/team_rocket_navigate_to_goal/team_rocket_navigate_to_goal.egg-info/entry_points.txt
[0.578s] writing requirements to ../../build/team_rocket_navigate_to_goal/team_rocket_navigate_to_goal.egg-info/requires.txt
[0.578s] writing top-level names to ../../build/team_rocket_navigate_to_goal/team_rocket_navigate_to_goal.egg-info/top_level.txt
[0.579s] reading manifest file '../../build/team_rocket_navigate_to_goal/team_rocket_navigate_to_goal.egg-info/SOURCES.txt'
[0.579s] adding license file 'LICENSE'
[0.580s] writing manifest file '../../build/team_rocket_navigate_to_goal/team_rocket_navigate_to_goal.egg-info/SOURCES.txt'
[0.580s] running build
[0.580s] running build_py
[0.580s] running install
[0.580s] running install_lib
[0.581s] running install_data
[0.581s] copying launch/navigate_to_goal_launch.py -> /home/augustmenard/Intro-to-Robotics-Research-Labs/lab4_ws/install/team_rocket_navigate_to_goal/share/team_rocket_navigate_to_goal/launch
[0.581s] running install_egg_info
[0.582s] removing '/home/augustmenard/Intro-to-Robotics-Research-Labs/lab4_ws/install/team_rocket_navigate_to_goal/lib/python3.10/site-packages/team_rocket_navigate_to_goal-0.0.0-py3.10.egg-info' (and everything under it)
[0.582s] Copying ../../build/team_rocket_navigate_to_goal/team_rocket_navigate_to_goal.egg-info to /home/augustmenard/Intro-to-Robotics-Research-Labs/lab4_ws/install/team_rocket_navigate_to_goal/lib/python3.10/site-packages/team_rocket_navigate_to_goal-0.0.0-py3.10.egg-info
[0.584s] running install_scripts
[0.598s] Installing get_object_range script to /home/augustmenard/Intro-to-Robotics-Research-Labs/lab4_ws/install/team_rocket_navigate_to_goal/lib/team_rocket_navigate_to_goal
[0.598s] Installing go_to_goal script to /home/augustmenard/Intro-to-Robotics-Research-Labs/lab4_ws/install/team_rocket_navigate_to_goal/lib/team_rocket_navigate_to_goal
[0.598s] writing list of installed files to '/home/augustmenard/Intro-to-Robotics-Research-Labs/lab4_ws/build/team_rocket_navigate_to_goal/install.log'
[0.616s] Invoked command in '/home/augustmenard/Intro-to-Robotics-Research-Labs/lab4_ws/src/team_rocket_navigate_to_goal' returned '0': PYTHONPATH=/home/augustmenard/Intro-to-Robotics-Research-Labs/lab4_ws/build/team_rocket_navigate_to_goal/prefix_override:/usr/lib/python3/dist-packages/colcon_core/task/python/colcon_distutils_commands:/home/augustmenard/Intro-to-Robotics-Research-Labs/lab4_ws/install/team_rocket_navigate_to_goal/lib/python3.10/site-packages:${PYTHONPATH} /usr/bin/python3 -W ignore:setup.py install is deprecated -W ignore:easy_install command is deprecated setup.py egg_info --egg-base ../../build/team_rocket_navigate_to_goal build --build-base /home/augustmenard/Intro-to-Robotics-Research-Labs/lab4_ws/build/team_rocket_navigate_to_goal/build install --record /home/augustmenard/Intro-to-Robotics-Research-Labs/lab4_ws/build/team_rocket_navigate_to_goal/install.log --single-version-externally-managed install_data
