[3.617s] Invoking command in '/home/burger/lab3/Intro-to-Robotics-Research-Labs/lab3_ws/lab3_ws/src/team_rocket_nodes': PYTHONPATH=/home/burger/lab3/Intro-to-Robotics-Research-Labs/lab3_ws/build/team_rocket_nodes/prefix_override:/home/burger/lab3/Intro-to-Robotics-Research-Labs/lab3_ws/install/team_rocket_nodes/lib/python3.10/site-packages:${PYTHONPATH} /usr/bin/python3 setup.py egg_info --egg-base ../../../build/team_rocket_nodes build --build-base /home/burger/lab3/Intro-to-Robotics-Research-Labs/lab3_ws/build/team_rocket_nodes/build install --record /home/burger/lab3/Intro-to-Robotics-Research-Labs/lab3_ws/build/team_rocket_nodes/install.log --single-version-externally-managed
[4.514s] running egg_info
[4.575s] writing ../../../build/team_rocket_nodes/team_rocket_nodes.egg-info/PKG-INFO
[4.576s] writing dependency_links to ../../../build/team_rocket_nodes/team_rocket_nodes.egg-info/dependency_links.txt
[4.578s] writing entry points to ../../../build/team_rocket_nodes/team_rocket_nodes.egg-info/entry_points.txt
[4.580s] writing requirements to ../../../build/team_rocket_nodes/team_rocket_nodes.egg-info/requires.txt
[4.581s] writing top-level names to ../../../build/team_rocket_nodes/team_rocket_nodes.egg-info/top_level.txt
[4.693s] reading manifest file '../../../build/team_rocket_nodes/team_rocket_nodes.egg-info/SOURCES.txt'
[4.698s] writing manifest file '../../../build/team_rocket_nodes/team_rocket_nodes.egg-info/SOURCES.txt'
[4.699s] running build
[4.699s] running build_py
[4.701s] copying team_rocket_nodes/chase_object_node.py -> /home/burger/lab3/Intro-to-Robotics-Research-Labs/lab3_ws/build/team_rocket_nodes/build/lib/team_rocket_nodes
[4.703s] running install
[4.704s] /usr/local/lib/python3.10/dist-packages/setuptools/_distutils/cmd.py:66: SetuptoolsDeprecationWarning: setup.py install is deprecated.
[4.704s] !!
[4.704s] 
[4.705s]         ********************************************************************************
[4.705s]         Please avoid running ``setup.py`` directly.
[4.705s]         Instead, use pypa/build, pypa/installer or other
[4.706s]         standards-based tools.
[4.706s] 
[4.706s]         See https://blog.ganssle.io/articles/2021/10/setup-py-deprecated.html for details.
[4.707s]         ********************************************************************************
[4.707s] 
[4.707s] !!
[4.708s]   self.initialize_options()
[4.725s] running install_lib
[4.788s] copying /home/burger/lab3/Intro-to-Robotics-Research-Labs/lab3_ws/build/team_rocket_nodes/build/lib/team_rocket_nodes/chase_object_node.py -> /home/burger/lab3/Intro-to-Robotics-Research-Labs/lab3_ws/install/team_rocket_nodes/lib/python3.10/site-packages/team_rocket_nodes
[4.792s] byte-compiling /home/burger/lab3/Intro-to-Robotics-Research-Labs/lab3_ws/install/team_rocket_nodes/lib/python3.10/site-packages/team_rocket_nodes/chase_object_node.py to chase_object_node.cpython-310.pyc
[4.795s]   File "/home/burger/lab3/Intro-to-Robotics-Research-Labs/lab3_ws/install/team_rocket_nodes/lib/python3.10/site-packages/team_rocket_nodes/chase_object_node.py", line 109
[4.795s]     kd=0.0
[4.796s]        ^^^^^^^^^^^
[4.796s] SyntaxError: invalid syntax. Perhaps you forgot a comma?
[4.796s] 
[4.797s] running install_data
[4.851s] running install_egg_info
[4.911s] removing '/home/burger/lab3/Intro-to-Robotics-Research-Labs/lab3_ws/install/team_rocket_nodes/lib/python3.10/site-packages/team_rocket_nodes-0.0.0-py3.10.egg-info' (and everything under it)
[4.913s] Copying ../../../build/team_rocket_nodes/team_rocket_nodes.egg-info to /home/burger/lab3/Intro-to-Robotics-Research-Labs/lab3_ws/install/team_rocket_nodes/lib/python3.10/site-packages/team_rocket_nodes-0.0.0-py3.10.egg-info
[4.921s] running install_scripts
[5.507s] Installing chase_object script to /home/burger/lab3/Intro-to-Robotics-Research-Labs/lab3_ws/install/team_rocket_nodes/lib/team_rocket_nodes
[5.508s] Installing detect_object script to /home/burger/lab3/Intro-to-Robotics-Research-Labs/lab3_ws/install/team_rocket_nodes/lib/team_rocket_nodes
[5.509s] Installing get_object_range script to /home/burger/lab3/Intro-to-Robotics-Research-Labs/lab3_ws/install/team_rocket_nodes/lib/team_rocket_nodes
[5.511s] writing list of installed files to '/home/burger/lab3/Intro-to-Robotics-Research-Labs/lab3_ws/build/team_rocket_nodes/install.log'
[5.644s] Invoked command in '/home/burger/lab3/Intro-to-Robotics-Research-Labs/lab3_ws/lab3_ws/src/team_rocket_nodes' returned '0': PYTHONPATH=/home/burger/lab3/Intro-to-Robotics-Research-Labs/lab3_ws/build/team_rocket_nodes/prefix_override:/home/burger/lab3/Intro-to-Robotics-Research-Labs/lab3_ws/install/team_rocket_nodes/lib/python3.10/site-packages:${PYTHONPATH} /usr/bin/python3 setup.py egg_info --egg-base ../../../build/team_rocket_nodes build --build-base /home/burger/lab3/Intro-to-Robotics-Research-Labs/lab3_ws/build/team_rocket_nodes/build install --record /home/burger/lab3/Intro-to-Robotics-Research-Labs/lab3_ws/build/team_rocket_nodes/install.log --single-version-externally-managed
