[3.741s] Invoking command in '/home/burger/lab3/Intro-to-Robotics-Research-Labs/lab3_ws/build/team_rocket_nodes': PYTHONPATH=/home/burger/lab3/Intro-to-Robotics-Research-Labs/lab3_ws/build/team_rocket_nodes/prefix_override:/home/burger/lab3/Intro-to-Robotics-Research-Labs/lab3_ws/install/team_rocket_nodes/lib/python3.10/site-packages:${PYTHONPATH} /usr/bin/python3 setup.py develop --editable --build-directory /home/burger/lab3/Intro-to-Robotics-Research-Labs/lab3_ws/build/team_rocket_nodes/build --no-deps install_data
[5.049s] running develop
[5.050s] /usr/local/lib/python3.10/dist-packages/setuptools/command/develop.py:40: EasyInstallDeprecationWarning: easy_install command is deprecated.
[5.050s] !!
[5.051s] 
[5.051s]         ********************************************************************************
[5.052s]         Please avoid running ``setup.py`` and ``easy_install``.
[5.052s]         Instead, use pypa/build, pypa/installer or other
[5.053s]         standards-based tools.
[5.053s] 
[5.054s]         See https://github.com/pypa/setuptools/issues/917 for details.
[5.054s]         ********************************************************************************
[5.055s] 
[5.055s] !!
[5.056s]   easy_install.initialize_options(self)
[5.169s] /usr/local/lib/python3.10/dist-packages/setuptools/_distutils/cmd.py:66: SetuptoolsDeprecationWarning: setup.py install is deprecated.
[5.169s] !!
[5.169s] 
[5.170s]         ********************************************************************************
[5.170s]         Please avoid running ``setup.py`` directly.
[5.170s]         Instead, use pypa/build, pypa/installer or other
[5.170s]         standards-based tools.
[5.171s] 
[5.171s]         See https://blog.ganssle.io/articles/2021/10/setup-py-deprecated.html for details.
[5.171s]         ********************************************************************************
[5.171s] 
[5.172s] !!
[5.172s]   self.initialize_options()
[5.903s] running egg_info
[5.964s] writing team_rocket_nodes.egg-info/PKG-INFO
[5.965s] writing dependency_links to team_rocket_nodes.egg-info/dependency_links.txt
[5.966s] writing entry points to team_rocket_nodes.egg-info/entry_points.txt
[5.967s] writing requirements to team_rocket_nodes.egg-info/requires.txt
[5.968s] writing top-level names to team_rocket_nodes.egg-info/top_level.txt
[6.079s] reading manifest file 'team_rocket_nodes.egg-info/SOURCES.txt'
[6.083s] writing manifest file 'team_rocket_nodes.egg-info/SOURCES.txt'
[6.149s] running build_ext
[6.149s] Creating /home/burger/lab3/Intro-to-Robotics-Research-Labs/lab3_ws/install/team_rocket_nodes/lib/python3.10/site-packages/team-rocket-nodes.egg-link (link to .)
[6.152s] Installing chase_object script to /home/burger/lab3/Intro-to-Robotics-Research-Labs/lab3_ws/install/team_rocket_nodes/lib/team_rocket_nodes
[6.154s] Installing detect_object script to /home/burger/lab3/Intro-to-Robotics-Research-Labs/lab3_ws/install/team_rocket_nodes/lib/team_rocket_nodes
[6.155s] Installing get_object_range script to /home/burger/lab3/Intro-to-Robotics-Research-Labs/lab3_ws/install/team_rocket_nodes/lib/team_rocket_nodes
[6.156s] 
[6.157s] Installed /home/burger/lab3/Intro-to-Robotics-Research-Labs/lab3_ws/build/team_rocket_nodes
[6.157s] running install_data
[6.304s] Invoked command in '/home/burger/lab3/Intro-to-Robotics-Research-Labs/lab3_ws/build/team_rocket_nodes' returned '0': PYTHONPATH=/home/burger/lab3/Intro-to-Robotics-Research-Labs/lab3_ws/build/team_rocket_nodes/prefix_override:/home/burger/lab3/Intro-to-Robotics-Research-Labs/lab3_ws/install/team_rocket_nodes/lib/python3.10/site-packages:${PYTHONPATH} /usr/bin/python3 setup.py develop --editable --build-directory /home/burger/lab3/Intro-to-Robotics-Research-Labs/lab3_ws/build/team_rocket_nodes/build --no-deps install_data
