running egg_info
writing ../../build/TeamRocket_object_follower/TeamRocket_object_follower.egg-info/PKG-INFO
writing dependency_links to ../../build/TeamRocket_object_follower/TeamRocket_object_follower.egg-info/dependency_links.txt
writing entry points to ../../build/TeamRocket_object_follower/TeamRocket_object_follower.egg-info/entry_points.txt
writing requirements to ../../build/TeamRocket_object_follower/TeamRocket_object_follower.egg-info/requires.txt
writing top-level names to ../../build/TeamRocket_object_follower/TeamRocket_object_follower.egg-info/top_level.txt
reading manifest file '../../build/TeamRocket_object_follower/TeamRocket_object_follower.egg-info/SOURCES.txt'
adding license file 'LICENSE'
writing manifest file '../../build/TeamRocket_object_follower/TeamRocket_object_follower.egg-info/SOURCES.txt'
running build
running build_py
copying TeamRocket_object_follower/find_object.py -> /home/augustmenard/Intro-to-Robotics-Research-Labs/lab2_ws/build/TeamRocket_object_follower/build/lib/TeamRocket_object_follower
running install
running install_lib
copying /home/augustmenard/Intro-to-Robotics-Research-Labs/lab2_ws/build/TeamRocket_object_follower/build/lib/TeamRocket_object_follower/find_object.py -> /home/augustmenard/Intro-to-Robotics-Research-Labs/lab2_ws/install/TeamRocket_object_follower/lib/python3.10/site-packages/TeamRocket_object_follower
byte-compiling /home/augustmenard/Intro-to-Robotics-Research-Labs/lab2_ws/install/TeamRocket_object_follower/lib/python3.10/site-packages/TeamRocket_object_follower/find_object.py to find_object.cpython-310.pyc
running install_data
running install_egg_info
removing '/home/augustmenard/Intro-to-Robotics-Research-Labs/lab2_ws/install/TeamRocket_object_follower/lib/python3.10/site-packages/TeamRocket_object_follower-0.0.0-py3.10.egg-info' (and everything under it)
Copying ../../build/TeamRocket_object_follower/TeamRocket_object_follower.egg-info to /home/augustmenard/Intro-to-Robotics-Research-Labs/lab2_ws/install/TeamRocket_object_follower/lib/python3.10/site-packages/TeamRocket_object_follower-0.0.0-py3.10.egg-info
running install_scripts
Installing find_object script to /home/augustmenard/Intro-to-Robotics-Research-Labs/lab2_ws/install/TeamRocket_object_follower/lib/TeamRocket_object_follower
Installing rotate_robot script to /home/augustmenard/Intro-to-Robotics-Research-Labs/lab2_ws/install/TeamRocket_object_follower/lib/TeamRocket_object_follower
writing list of installed files to '/home/augustmenard/Intro-to-Robotics-Research-Labs/lab2_ws/build/TeamRocket_object_follower/install.log'
