[0.037s] Invoking command in '/home/augustmenard/Intro-to-Robotics-Research-Labs/lab5_ws/build/dynamixel_sdk_examples': AMENT_PREFIX_PATH=/home/augustmenard/Intro-to-Robotics-Research-Labs/lab5_ws/install/dynamixel_sdk_custom_interfaces:/home/augustmenard/Intro-to-Robotics-Research-Labs/lab5_ws/install/dynamixel_sdk:${AMENT_PREFIX_PATH} CMAKE_PREFIX_PATH=/home/augustmenard/Intro-to-Robotics-Research-Labs/lab5_ws/install/dynamixel_sdk_custom_interfaces:/home/augustmenard/Intro-to-Robotics-Research-Labs/lab5_ws/install/dynamixel_sdk:/home/augustmenard/turtlebot3_ws/install/turtlebot3:/home/augustmenard/turtlebot3_ws/install/turtlebot3_simulations:/home/augustmenard/turtlebot3_ws/install/turtlebot3_bringup:/home/augustmenard/turtlebot3_ws/install/turtlebot3_node:/home/augustmenard/turtlebot3_ws/install/turtlebot3_navigation2:/home/augustmenard/turtlebot3_ws/install/turtlebot3_fake_node:/home/augustmenard/turtlebot3_ws/install/turtlebot3_msgs:/home/augustmenard/turtlebot3_ws/install/turtlebot3_manipulation_gazebo:/home/augustmenard/turtlebot3_ws/install/turtlebot3_gazebo:/home/augustmenard/turtlebot3_ws/install/turtlebot3_description:/home/augustmenard/turtlebot3_ws/install/turtlebot3_cartographer:/home/augustmenard/turtlebot3_ws/install/dynamixel_sdk_examples:/home/augustmenard/turtlebot3_ws/install/dynamixel_sdk_custom_interfaces:/home/augustmenard/turtlebot3_ws/install/dynamixel_sdk:/home/augustmenard/turtlebot3_ws/install/turtlebot3_teleop:/home/augustmenard/turtlebot3_ws/install/turtlebot3_example:/opt/ros/humble LD_LIBRARY_PATH=/home/augustmenard/Intro-to-Robotics-Research-Labs/lab5_ws/install/dynamixel_sdk_custom_interfaces/lib:/home/augustmenard/Intro-to-Robotics-Research-Labs/lab5_ws/install/dynamixel_sdk/lib:/home/augustmenard/turtlebot3_ws/install/turtlebot3_msgs/lib:/home/augustmenard/turtlebot3_ws/install/dynamixel_sdk_custom_interfaces/lib:/home/augustmenard/turtlebot3_ws/install/dynamixel_sdk/lib:/usr/lib/x86_64-linux-gnu/gazebo-11/plugins:/opt/ros/humble/opt/rviz_ogre_vendor/lib:/opt/ros/humble/lib/x86_64-linux-gnu:/opt/ros/humble/lib:/usr/lib/x86_64-linux-gnu/gazebo-11/plugins PYTHONPATH=/home/augustmenard/Intro-to-Robotics-Research-Labs/lab5_ws/install/dynamixel_sdk_custom_interfaces/local/lib/python3.10/dist-packages:/home/augustmenard/Intro-to-Robotics-Research-Labs/lab5_ws/install/dynamixel_sdk/local/lib/python3.10/dist-packages:${PYTHONPATH} /usr/bin/cmake /home/augustmenard/Intro-to-Robotics-Research-Labs/lab5_ws/src/DynamixelSDK/ros/dynamixel_sdk_examples -DCMAKE_INSTALL_PREFIX=/home/augustmenard/Intro-to-Robotics-Research-Labs/lab5_ws/install/dynamixel_sdk_examples
[0.207s] -- The C compiler identification is GNU 11.4.0
[0.376s] -- The CXX compiler identification is GNU 11.4.0
[0.396s] -- Detecting C compiler ABI info
[0.587s] -- Detecting C compiler ABI info - done
[0.618s] -- Check for working C compiler: /usr/bin/cc - skipped
[0.619s] -- Detecting C compile features
[0.619s] -- Detecting C compile features - done
[0.632s] -- Detecting CXX compiler ABI info
[0.902s] -- Detecting CXX compiler ABI info - done
[0.937s] -- Check for working CXX compiler: /usr/bin/c++ - skipped
[0.937s] -- Detecting CXX compile features
[0.937s] -- Detecting CXX compile features - done
[0.953s] -- Found ament_cmake: 1.3.12 (/opt/ros/humble/share/ament_cmake/cmake)
[1.548s] -- Found Python3: /usr/bin/python3 (found version "3.10.12") found components: Interpreter 
[2.031s] -- Found dynamixel_sdk: 3.8.4 (/home/augustmenard/Intro-to-Robotics-Research-Labs/lab5_ws/install/dynamixel_sdk/share/dynamixel_sdk/cmake)
[2.046s] -- Found dynamixel_sdk_custom_interfaces: 3.8.4 (/home/augustmenard/Intro-to-Robotics-Research-Labs/lab5_ws/install/dynamixel_sdk_custom_interfaces/share/dynamixel_sdk_custom_interfaces/cmake)
[2.273s] -- Found rosidl_generator_c: 3.1.7 (/opt/ros/humble/share/rosidl_generator_c/cmake)
[2.315s] -- Found rosidl_adapter: 3.1.7 (/opt/ros/humble/share/rosidl_adapter/cmake)
[2.359s] -- Found rosidl_generator_cpp: 3.1.7 (/opt/ros/humble/share/rosidl_generator_cpp/cmake)
[2.431s] -- Using all available rosidl_typesupport_c: rosidl_typesupport_fastrtps_c;rosidl_typesupport_introspection_c
[2.540s] -- Using all available rosidl_typesupport_cpp: rosidl_typesupport_fastrtps_cpp;rosidl_typesupport_introspection_cpp
[2.699s] -- Found rclcpp: 16.0.14 (/opt/ros/humble/share/rclcpp/cmake)
[2.909s] -- Found rmw_implementation_cmake: 6.1.2 (/opt/ros/humble/share/rmw_implementation_cmake/cmake)
[2.932s] -- Found rmw_fastrtps_cpp: 6.2.8 (/opt/ros/humble/share/rmw_fastrtps_cpp/cmake)
[3.246s] -- Found OpenSSL: /usr/lib/x86_64-linux-gnu/libcrypto.so (found version "3.0.2")  
[3.353s] -- Found FastRTPS: /opt/ros/humble/include  
[3.510s] -- Using RMW implementation 'rmw_fastrtps_cpp' as default
[3.545s] -- Looking for pthread.h
[3.765s] -- Looking for pthread.h - found
[3.769s] -- Performing Test CMAKE_HAVE_LIBC_PTHREAD
[3.972s] -- Performing Test CMAKE_HAVE_LIBC_PTHREAD - Success
[3.974s] -- Found Threads: TRUE  
[4.094s] -- Found rclpy: 3.3.17 (/opt/ros/humble/share/rclpy/cmake)
[4.107s] -- Found ament_lint_auto: 0.12.14 (/opt/ros/humble/share/ament_lint_auto/cmake)
[4.387s] -- Added test 'copyright' to check source files copyright and LICENSE
[4.392s] -- Added test 'cppcheck' to perform static code analysis on C / C++ code
[4.392s] -- Configured cppcheck include dirs: /home/augustmenard/Intro-to-Robotics-Research-Labs/lab5_ws/src/DynamixelSDK/ros/dynamixel_sdk_examples/include
[4.392s] -- Configured cppcheck exclude dirs and/or files: 
[4.398s] -- Added test 'cpplint' to check C / C++ code against the Google style
[4.398s] -- Configured cpplint exclude dirs and/or files: 
[4.406s] -- Added test 'flake8' to check Python code syntax and style conventions
[4.407s] -- Added test 'lint_cmake' to check CMake code style
[4.410s] -- Added test 'pep257' to check Python code against some of the docstring style conventions in PEP 257
[4.415s] -- Added test 'uncrustify' to check C / C++ code style
[4.415s] -- Configured uncrustify additional arguments: 
[4.417s] -- Added test 'xmllint' to check XML markup files
[4.424s] -- Configuring done
[4.453s] -- Generating done
[4.460s] -- Build files have been written to: /home/augustmenard/Intro-to-Robotics-Research-Labs/lab5_ws/build/dynamixel_sdk_examples
[4.475s] Invoked command in '/home/augustmenard/Intro-to-Robotics-Research-Labs/lab5_ws/build/dynamixel_sdk_examples' returned '0': AMENT_PREFIX_PATH=/home/augustmenard/Intro-to-Robotics-Research-Labs/lab5_ws/install/dynamixel_sdk_custom_interfaces:/home/augustmenard/Intro-to-Robotics-Research-Labs/lab5_ws/install/dynamixel_sdk:${AMENT_PREFIX_PATH} CMAKE_PREFIX_PATH=/home/augustmenard/Intro-to-Robotics-Research-Labs/lab5_ws/install/dynamixel_sdk_custom_interfaces:/home/augustmenard/Intro-to-Robotics-Research-Labs/lab5_ws/install/dynamixel_sdk:/home/augustmenard/turtlebot3_ws/install/turtlebot3:/home/augustmenard/turtlebot3_ws/install/turtlebot3_simulations:/home/augustmenard/turtlebot3_ws/install/turtlebot3_bringup:/home/augustmenard/turtlebot3_ws/install/turtlebot3_node:/home/augustmenard/turtlebot3_ws/install/turtlebot3_navigation2:/home/augustmenard/turtlebot3_ws/install/turtlebot3_fake_node:/home/augustmenard/turtlebot3_ws/install/turtlebot3_msgs:/home/augustmenard/turtlebot3_ws/install/turtlebot3_manipulation_gazebo:/home/augustmenard/turtlebot3_ws/install/turtlebot3_gazebo:/home/augustmenard/turtlebot3_ws/install/turtlebot3_description:/home/augustmenard/turtlebot3_ws/install/turtlebot3_cartographer:/home/augustmenard/turtlebot3_ws/install/dynamixel_sdk_examples:/home/augustmenard/turtlebot3_ws/install/dynamixel_sdk_custom_interfaces:/home/augustmenard/turtlebot3_ws/install/dynamixel_sdk:/home/augustmenard/turtlebot3_ws/install/turtlebot3_teleop:/home/augustmenard/turtlebot3_ws/install/turtlebot3_example:/opt/ros/humble LD_LIBRARY_PATH=/home/augustmenard/Intro-to-Robotics-Research-Labs/lab5_ws/install/dynamixel_sdk_custom_interfaces/lib:/home/augustmenard/Intro-to-Robotics-Research-Labs/lab5_ws/install/dynamixel_sdk/lib:/home/augustmenard/turtlebot3_ws/install/turtlebot3_msgs/lib:/home/augustmenard/turtlebot3_ws/install/dynamixel_sdk_custom_interfaces/lib:/home/augustmenard/turtlebot3_ws/install/dynamixel_sdk/lib:/usr/lib/x86_64-linux-gnu/gazebo-11/plugins:/opt/ros/humble/opt/rviz_ogre_vendor/lib:/opt/ros/humble/lib/x86_64-linux-gnu:/opt/ros/humble/lib:/usr/lib/x86_64-linux-gnu/gazebo-11/plugins PYTHONPATH=/home/augustmenard/Intro-to-Robotics-Research-Labs/lab5_ws/install/dynamixel_sdk_custom_interfaces/local/lib/python3.10/dist-packages:/home/augustmenard/Intro-to-Robotics-Research-Labs/lab5_ws/install/dynamixel_sdk/local/lib/python3.10/dist-packages:${PYTHONPATH} /usr/bin/cmake /home/augustmenard/Intro-to-Robotics-Research-Labs/lab5_ws/src/DynamixelSDK/ros/dynamixel_sdk_examples -DCMAKE_INSTALL_PREFIX=/home/augustmenard/Intro-to-Robotics-Research-Labs/lab5_ws/install/dynamixel_sdk_examples
[4.477s] Invoking command in '/home/augustmenard/Intro-to-Robotics-Research-Labs/lab5_ws/build/dynamixel_sdk_examples': AMENT_PREFIX_PATH=/home/augustmenard/Intro-to-Robotics-Research-Labs/lab5_ws/install/dynamixel_sdk_custom_interfaces:/home/augustmenard/Intro-to-Robotics-Research-Labs/lab5_ws/install/dynamixel_sdk:${AMENT_PREFIX_PATH} CMAKE_PREFIX_PATH=/home/augustmenard/Intro-to-Robotics-Research-Labs/lab5_ws/install/dynamixel_sdk_custom_interfaces:/home/augustmenard/Intro-to-Robotics-Research-Labs/lab5_ws/install/dynamixel_sdk:/home/augustmenard/turtlebot3_ws/install/turtlebot3:/home/augustmenard/turtlebot3_ws/install/turtlebot3_simulations:/home/augustmenard/turtlebot3_ws/install/turtlebot3_bringup:/home/augustmenard/turtlebot3_ws/install/turtlebot3_node:/home/augustmenard/turtlebot3_ws/install/turtlebot3_navigation2:/home/augustmenard/turtlebot3_ws/install/turtlebot3_fake_node:/home/augustmenard/turtlebot3_ws/install/turtlebot3_msgs:/home/augustmenard/turtlebot3_ws/install/turtlebot3_manipulation_gazebo:/home/augustmenard/turtlebot3_ws/install/turtlebot3_gazebo:/home/augustmenard/turtlebot3_ws/install/turtlebot3_description:/home/augustmenard/turtlebot3_ws/install/turtlebot3_cartographer:/home/augustmenard/turtlebot3_ws/install/dynamixel_sdk_examples:/home/augustmenard/turtlebot3_ws/install/dynamixel_sdk_custom_interfaces:/home/augustmenard/turtlebot3_ws/install/dynamixel_sdk:/home/augustmenard/turtlebot3_ws/install/turtlebot3_teleop:/home/augustmenard/turtlebot3_ws/install/turtlebot3_example:/opt/ros/humble LD_LIBRARY_PATH=/home/augustmenard/Intro-to-Robotics-Research-Labs/lab5_ws/install/dynamixel_sdk_custom_interfaces/lib:/home/augustmenard/Intro-to-Robotics-Research-Labs/lab5_ws/install/dynamixel_sdk/lib:/home/augustmenard/turtlebot3_ws/install/turtlebot3_msgs/lib:/home/augustmenard/turtlebot3_ws/install/dynamixel_sdk_custom_interfaces/lib:/home/augustmenard/turtlebot3_ws/install/dynamixel_sdk/lib:/usr/lib/x86_64-linux-gnu/gazebo-11/plugins:/opt/ros/humble/opt/rviz_ogre_vendor/lib:/opt/ros/humble/lib/x86_64-linux-gnu:/opt/ros/humble/lib:/usr/lib/x86_64-linux-gnu/gazebo-11/plugins PYTHONPATH=/home/augustmenard/Intro-to-Robotics-Research-Labs/lab5_ws/install/dynamixel_sdk_custom_interfaces/local/lib/python3.10/dist-packages:/home/augustmenard/Intro-to-Robotics-Research-Labs/lab5_ws/install/dynamixel_sdk/local/lib/python3.10/dist-packages:${PYTHONPATH} /usr/bin/cmake --build /home/augustmenard/Intro-to-Robotics-Research-Labs/lab5_ws/build/dynamixel_sdk_examples -- -j8 -l8
[4.612s] [ 50%] [32mBuilding CXX object CMakeFiles/read_write_node.dir/src/read_write_node.cpp.o[0m
[27.000s] [100%] [32m[1mLinking CXX executable read_write_node[0m
[27.926s] [100%] Built target read_write_node
[27.961s] Invoked command in '/home/augustmenard/Intro-to-Robotics-Research-Labs/lab5_ws/build/dynamixel_sdk_examples' returned '0': AMENT_PREFIX_PATH=/home/augustmenard/Intro-to-Robotics-Research-Labs/lab5_ws/install/dynamixel_sdk_custom_interfaces:/home/augustmenard/Intro-to-Robotics-Research-Labs/lab5_ws/install/dynamixel_sdk:${AMENT_PREFIX_PATH} CMAKE_PREFIX_PATH=/home/augustmenard/Intro-to-Robotics-Research-Labs/lab5_ws/install/dynamixel_sdk_custom_interfaces:/home/augustmenard/Intro-to-Robotics-Research-Labs/lab5_ws/install/dynamixel_sdk:/home/augustmenard/turtlebot3_ws/install/turtlebot3:/home/augustmenard/turtlebot3_ws/install/turtlebot3_simulations:/home/augustmenard/turtlebot3_ws/install/turtlebot3_bringup:/home/augustmenard/turtlebot3_ws/install/turtlebot3_node:/home/augustmenard/turtlebot3_ws/install/turtlebot3_navigation2:/home/augustmenard/turtlebot3_ws/install/turtlebot3_fake_node:/home/augustmenard/turtlebot3_ws/install/turtlebot3_msgs:/home/augustmenard/turtlebot3_ws/install/turtlebot3_manipulation_gazebo:/home/augustmenard/turtlebot3_ws/install/turtlebot3_gazebo:/home/augustmenard/turtlebot3_ws/install/turtlebot3_description:/home/augustmenard/turtlebot3_ws/install/turtlebot3_cartographer:/home/augustmenard/turtlebot3_ws/install/dynamixel_sdk_examples:/home/augustmenard/turtlebot3_ws/install/dynamixel_sdk_custom_interfaces:/home/augustmenard/turtlebot3_ws/install/dynamixel_sdk:/home/augustmenard/turtlebot3_ws/install/turtlebot3_teleop:/home/augustmenard/turtlebot3_ws/install/turtlebot3_example:/opt/ros/humble LD_LIBRARY_PATH=/home/augustmenard/Intro-to-Robotics-Research-Labs/lab5_ws/install/dynamixel_sdk_custom_interfaces/lib:/home/augustmenard/Intro-to-Robotics-Research-Labs/lab5_ws/install/dynamixel_sdk/lib:/home/augustmenard/turtlebot3_ws/install/turtlebot3_msgs/lib:/home/augustmenard/turtlebot3_ws/install/dynamixel_sdk_custom_interfaces/lib:/home/augustmenard/turtlebot3_ws/install/dynamixel_sdk/lib:/usr/lib/x86_64-linux-gnu/gazebo-11/plugins:/opt/ros/humble/opt/rviz_ogre_vendor/lib:/opt/ros/humble/lib/x86_64-linux-gnu:/opt/ros/humble/lib:/usr/lib/x86_64-linux-gnu/gazebo-11/plugins PYTHONPATH=/home/augustmenard/Intro-to-Robotics-Research-Labs/lab5_ws/install/dynamixel_sdk_custom_interfaces/local/lib/python3.10/dist-packages:/home/augustmenard/Intro-to-Robotics-Research-Labs/lab5_ws/install/dynamixel_sdk/local/lib/python3.10/dist-packages:${PYTHONPATH} /usr/bin/cmake --build /home/augustmenard/Intro-to-Robotics-Research-Labs/lab5_ws/build/dynamixel_sdk_examples -- -j8 -l8
[27.963s] Invoking command in '/home/augustmenard/Intro-to-Robotics-Research-Labs/lab5_ws/build/dynamixel_sdk_examples': AMENT_PREFIX_PATH=/home/augustmenard/Intro-to-Robotics-Research-Labs/lab5_ws/install/dynamixel_sdk_custom_interfaces:/home/augustmenard/Intro-to-Robotics-Research-Labs/lab5_ws/install/dynamixel_sdk:${AMENT_PREFIX_PATH} CMAKE_PREFIX_PATH=/home/augustmenard/Intro-to-Robotics-Research-Labs/lab5_ws/install/dynamixel_sdk_custom_interfaces:/home/augustmenard/Intro-to-Robotics-Research-Labs/lab5_ws/install/dynamixel_sdk:/home/augustmenard/turtlebot3_ws/install/turtlebot3:/home/augustmenard/turtlebot3_ws/install/turtlebot3_simulations:/home/augustmenard/turtlebot3_ws/install/turtlebot3_bringup:/home/augustmenard/turtlebot3_ws/install/turtlebot3_node:/home/augustmenard/turtlebot3_ws/install/turtlebot3_navigation2:/home/augustmenard/turtlebot3_ws/install/turtlebot3_fake_node:/home/augustmenard/turtlebot3_ws/install/turtlebot3_msgs:/home/augustmenard/turtlebot3_ws/install/turtlebot3_manipulation_gazebo:/home/augustmenard/turtlebot3_ws/install/turtlebot3_gazebo:/home/augustmenard/turtlebot3_ws/install/turtlebot3_description:/home/augustmenard/turtlebot3_ws/install/turtlebot3_cartographer:/home/augustmenard/turtlebot3_ws/install/dynamixel_sdk_examples:/home/augustmenard/turtlebot3_ws/install/dynamixel_sdk_custom_interfaces:/home/augustmenard/turtlebot3_ws/install/dynamixel_sdk:/home/augustmenard/turtlebot3_ws/install/turtlebot3_teleop:/home/augustmenard/turtlebot3_ws/install/turtlebot3_example:/opt/ros/humble LD_LIBRARY_PATH=/home/augustmenard/Intro-to-Robotics-Research-Labs/lab5_ws/install/dynamixel_sdk_custom_interfaces/lib:/home/augustmenard/Intro-to-Robotics-Research-Labs/lab5_ws/install/dynamixel_sdk/lib:/home/augustmenard/turtlebot3_ws/install/turtlebot3_msgs/lib:/home/augustmenard/turtlebot3_ws/install/dynamixel_sdk_custom_interfaces/lib:/home/augustmenard/turtlebot3_ws/install/dynamixel_sdk/lib:/usr/lib/x86_64-linux-gnu/gazebo-11/plugins:/opt/ros/humble/opt/rviz_ogre_vendor/lib:/opt/ros/humble/lib/x86_64-linux-gnu:/opt/ros/humble/lib:/usr/lib/x86_64-linux-gnu/gazebo-11/plugins PYTHONPATH=/home/augustmenard/Intro-to-Robotics-Research-Labs/lab5_ws/install/dynamixel_sdk_custom_interfaces/local/lib/python3.10/dist-packages:/home/augustmenard/Intro-to-Robotics-Research-Labs/lab5_ws/install/dynamixel_sdk/local/lib/python3.10/dist-packages:${PYTHONPATH} /usr/bin/cmake --install /home/augustmenard/Intro-to-Robotics-Research-Labs/lab5_ws/build/dynamixel_sdk_examples
[27.991s] -- Install configuration: ""
[27.991s] -- Installing: /home/augustmenard/Intro-to-Robotics-Research-Labs/lab5_ws/install/dynamixel_sdk_examples/lib/dynamixel_sdk_examples/read_write_node
[28.000s] -- Set runtime path of "/home/augustmenard/Intro-to-Robotics-Research-Labs/lab5_ws/install/dynamixel_sdk_examples/lib/dynamixel_sdk_examples/read_write_node" to ""
[28.001s] -- Installing: /home/augustmenard/Intro-to-Robotics-Research-Labs/lab5_ws/install/dynamixel_sdk_examples/lib/dynamixel_sdk_examples/read_write_node.py
[28.003s] -- Installing: /home/augustmenard/Intro-to-Robotics-Research-Labs/lab5_ws/install/dynamixel_sdk_examples/share/ament_index/resource_index/package_run_dependencies/dynamixel_sdk_examples
[28.003s] -- Installing: /home/augustmenard/Intro-to-Robotics-Research-Labs/lab5_ws/install/dynamixel_sdk_examples/share/ament_index/resource_index/parent_prefix_path/dynamixel_sdk_examples
[28.003s] -- Installing: /home/augustmenard/Intro-to-Robotics-Research-Labs/lab5_ws/install/dynamixel_sdk_examples/share/dynamixel_sdk_examples/environment/ament_prefix_path.sh
[28.005s] -- Installing: /home/augustmenard/Intro-to-Robotics-Research-Labs/lab5_ws/install/dynamixel_sdk_examples/share/dynamixel_sdk_examples/environment/ament_prefix_path.dsv
[28.006s] -- Installing: /home/augustmenard/Intro-to-Robotics-Research-Labs/lab5_ws/install/dynamixel_sdk_examples/share/dynamixel_sdk_examples/environment/path.sh
[28.006s] -- Installing: /home/augustmenard/Intro-to-Robotics-Research-Labs/lab5_ws/install/dynamixel_sdk_examples/share/dynamixel_sdk_examples/environment/path.dsv
[28.006s] -- Installing: /home/augustmenard/Intro-to-Robotics-Research-Labs/lab5_ws/install/dynamixel_sdk_examples/share/dynamixel_sdk_examples/local_setup.bash
[28.006s] -- Installing: /home/augustmenard/Intro-to-Robotics-Research-Labs/lab5_ws/install/dynamixel_sdk_examples/share/dynamixel_sdk_examples/local_setup.sh
[28.006s] -- Installing: /home/augustmenard/Intro-to-Robotics-Research-Labs/lab5_ws/install/dynamixel_sdk_examples/share/dynamixel_sdk_examples/local_setup.zsh
[28.006s] -- Installing: /home/augustmenard/Intro-to-Robotics-Research-Labs/lab5_ws/install/dynamixel_sdk_examples/share/dynamixel_sdk_examples/local_setup.dsv
[28.006s] -- Installing: /home/augustmenard/Intro-to-Robotics-Research-Labs/lab5_ws/install/dynamixel_sdk_examples/share/dynamixel_sdk_examples/package.dsv
[28.006s] -- Installing: /home/augustmenard/Intro-to-Robotics-Research-Labs/lab5_ws/install/dynamixel_sdk_examples/share/ament_index/resource_index/packages/dynamixel_sdk_examples
[28.006s] -- Installing: /home/augustmenard/Intro-to-Robotics-Research-Labs/lab5_ws/install/dynamixel_sdk_examples/share/dynamixel_sdk_examples/cmake/dynamixel_sdk_examplesConfig.cmake
[28.006s] -- Installing: /home/augustmenard/Intro-to-Robotics-Research-Labs/lab5_ws/install/dynamixel_sdk_examples/share/dynamixel_sdk_examples/cmake/dynamixel_sdk_examplesConfig-version.cmake
[28.006s] -- Installing: /home/augustmenard/Intro-to-Robotics-Research-Labs/lab5_ws/install/dynamixel_sdk_examples/share/dynamixel_sdk_examples/package.xml
[28.013s] Invoked command in '/home/augustmenard/Intro-to-Robotics-Research-Labs/lab5_ws/build/dynamixel_sdk_examples' returned '0': AMENT_PREFIX_PATH=/home/augustmenard/Intro-to-Robotics-Research-Labs/lab5_ws/install/dynamixel_sdk_custom_interfaces:/home/augustmenard/Intro-to-Robotics-Research-Labs/lab5_ws/install/dynamixel_sdk:${AMENT_PREFIX_PATH} CMAKE_PREFIX_PATH=/home/augustmenard/Intro-to-Robotics-Research-Labs/lab5_ws/install/dynamixel_sdk_custom_interfaces:/home/augustmenard/Intro-to-Robotics-Research-Labs/lab5_ws/install/dynamixel_sdk:/home/augustmenard/turtlebot3_ws/install/turtlebot3:/home/augustmenard/turtlebot3_ws/install/turtlebot3_simulations:/home/augustmenard/turtlebot3_ws/install/turtlebot3_bringup:/home/augustmenard/turtlebot3_ws/install/turtlebot3_node:/home/augustmenard/turtlebot3_ws/install/turtlebot3_navigation2:/home/augustmenard/turtlebot3_ws/install/turtlebot3_fake_node:/home/augustmenard/turtlebot3_ws/install/turtlebot3_msgs:/home/augustmenard/turtlebot3_ws/install/turtlebot3_manipulation_gazebo:/home/augustmenard/turtlebot3_ws/install/turtlebot3_gazebo:/home/augustmenard/turtlebot3_ws/install/turtlebot3_description:/home/augustmenard/turtlebot3_ws/install/turtlebot3_cartographer:/home/augustmenard/turtlebot3_ws/install/dynamixel_sdk_examples:/home/augustmenard/turtlebot3_ws/install/dynamixel_sdk_custom_interfaces:/home/augustmenard/turtlebot3_ws/install/dynamixel_sdk:/home/augustmenard/turtlebot3_ws/install/turtlebot3_teleop:/home/augustmenard/turtlebot3_ws/install/turtlebot3_example:/opt/ros/humble LD_LIBRARY_PATH=/home/augustmenard/Intro-to-Robotics-Research-Labs/lab5_ws/install/dynamixel_sdk_custom_interfaces/lib:/home/augustmenard/Intro-to-Robotics-Research-Labs/lab5_ws/install/dynamixel_sdk/lib:/home/augustmenard/turtlebot3_ws/install/turtlebot3_msgs/lib:/home/augustmenard/turtlebot3_ws/install/dynamixel_sdk_custom_interfaces/lib:/home/augustmenard/turtlebot3_ws/install/dynamixel_sdk/lib:/usr/lib/x86_64-linux-gnu/gazebo-11/plugins:/opt/ros/humble/opt/rviz_ogre_vendor/lib:/opt/ros/humble/lib/x86_64-linux-gnu:/opt/ros/humble/lib:/usr/lib/x86_64-linux-gnu/gazebo-11/plugins PYTHONPATH=/home/augustmenard/Intro-to-Robotics-Research-Labs/lab5_ws/install/dynamixel_sdk_custom_interfaces/local/lib/python3.10/dist-packages:/home/augustmenard/Intro-to-Robotics-Research-Labs/lab5_ws/install/dynamixel_sdk/local/lib/python3.10/dist-packages:${PYTHONPATH} /usr/bin/cmake --install /home/augustmenard/Intro-to-Robotics-Research-Labs/lab5_ws/build/dynamixel_sdk_examples
