/home/augustmenard/Intro-to-Robotics-Research-Labs/lab5_ws/install/turtlebot3_example/lib/python3.10/site-packages/turtlebot3_example/__init__.py
/home/augustmenard/Intro-to-Robotics-Research-Labs/lab5_ws/install/turtlebot3_example/lib/python3.10/site-packages/turtlebot3_example/turtlebot3_interactive_marker/__init__.py
/home/augustmenard/Intro-to-Robotics-Research-Labs/lab5_ws/install/turtlebot3_example/lib/python3.10/site-packages/turtlebot3_example/turtlebot3_interactive_marker/turtlebot3_interactive_marker.py
/home/augustmenard/Intro-to-Robotics-Research-Labs/lab5_ws/install/turtlebot3_example/lib/python3.10/site-packages/turtlebot3_example/turtlebot3_obstacle_detection/__init__.py
/home/augustmenard/Intro-to-Robotics-Research-Labs/lab5_ws/install/turtlebot3_example/lib/python3.10/site-packages/turtlebot3_example/turtlebot3_obstacle_detection/turtlebot3_obstacle_detection.py
/home/augustmenard/Intro-to-Robotics-Research-Labs/lab5_ws/install/turtlebot3_example/lib/python3.10/site-packages/turtlebot3_example/turtlebot3_patrol/__init__.py
/home/augustmenard/Intro-to-Robotics-Research-Labs/lab5_ws/install/turtlebot3_example/lib/python3.10/site-packages/turtlebot3_example/turtlebot3_patrol/turtlebot3_patrol_server.py
/home/augustmenard/Intro-to-Robotics-Research-Labs/lab5_ws/install/turtlebot3_example/lib/python3.10/site-packages/turtlebot3_example/turtlebot3_patrol/turtlebot3_patrol_client.py
/home/augustmenard/Intro-to-Robotics-Research-Labs/lab5_ws/install/turtlebot3_example/lib/python3.10/site-packages/turtlebot3_example/turtlebot3_relative_move/__init__.py
/home/augustmenard/Intro-to-Robotics-Research-Labs/lab5_ws/install/turtlebot3_example/lib/python3.10/site-packages/turtlebot3_example/turtlebot3_relative_move/turtlebot3_relative_move.py
/home/augustmenard/Intro-to-Robotics-Research-Labs/lab5_ws/install/turtlebot3_example/lib/python3.10/site-packages/turtlebot3_example/turtlebot3_absolute_move/__init__.py
/home/augustmenard/Intro-to-Robotics-Research-Labs/lab5_ws/install/turtlebot3_example/lib/python3.10/site-packages/turtlebot3_example/turtlebot3_absolute_move/turtlebot3_absolute_move.py
/home/augustmenard/Intro-to-Robotics-Research-Labs/lab5_ws/install/turtlebot3_example/lib/python3.10/site-packages/turtlebot3_example/__pycache__/__init__.cpython-310.pyc
/home/augustmenard/Intro-to-Robotics-Research-Labs/lab5_ws/install/turtlebot3_example/lib/python3.10/site-packages/turtlebot3_example/turtlebot3_interactive_marker/__pycache__/__init__.cpython-310.pyc
/home/augustmenard/Intro-to-Robotics-Research-Labs/lab5_ws/install/turtlebot3_example/lib/python3.10/site-packages/turtlebot3_example/turtlebot3_interactive_marker/__pycache__/turtlebot3_interactive_marker.cpython-310.pyc
/home/augustmenard/Intro-to-Robotics-Research-Labs/lab5_ws/install/turtlebot3_example/lib/python3.10/site-packages/turtlebot3_example/turtlebot3_obstacle_detection/__pycache__/__init__.cpython-310.pyc
/home/augustmenard/Intro-to-Robotics-Research-Labs/lab5_ws/install/turtlebot3_example/lib/python3.10/site-packages/turtlebot3_example/turtlebot3_obstacle_detection/__pycache__/turtlebot3_obstacle_detection.cpython-310.pyc
/home/augustmenard/Intro-to-Robotics-Research-Labs/lab5_ws/install/turtlebot3_example/lib/python3.10/site-packages/turtlebot3_example/turtlebot3_patrol/__pycache__/__init__.cpython-310.pyc
/home/augustmenard/Intro-to-Robotics-Research-Labs/lab5_ws/install/turtlebot3_example/lib/python3.10/site-packages/turtlebot3_example/turtlebot3_patrol/__pycache__/turtlebot3_patrol_server.cpython-310.pyc
/home/augustmenard/Intro-to-Robotics-Research-Labs/lab5_ws/install/turtlebot3_example/lib/python3.10/site-packages/turtlebot3_example/turtlebot3_patrol/__pycache__/turtlebot3_patrol_client.cpython-310.pyc
/home/augustmenard/Intro-to-Robotics-Research-Labs/lab5_ws/install/turtlebot3_example/lib/python3.10/site-packages/turtlebot3_example/turtlebot3_relative_move/__pycache__/__init__.cpython-310.pyc
/home/augustmenard/Intro-to-Robotics-Research-Labs/lab5_ws/install/turtlebot3_example/lib/python3.10/site-packages/turtlebot3_example/turtlebot3_relative_move/__pycache__/turtlebot3_relative_move.cpython-310.pyc
/home/augustmenard/Intro-to-Robotics-Research-Labs/lab5_ws/install/turtlebot3_example/lib/python3.10/site-packages/turtlebot3_example/turtlebot3_absolute_move/__pycache__/__init__.cpython-310.pyc
/home/augustmenard/Intro-to-Robotics-Research-Labs/lab5_ws/install/turtlebot3_example/lib/python3.10/site-packages/turtlebot3_example/turtlebot3_absolute_move/__pycache__/turtlebot3_absolute_move.cpython-310.pyc
/home/augustmenard/Intro-to-Robotics-Research-Labs/lab5_ws/install/turtlebot3_example/share/ament_index/resource_index/packages/turtlebot3_example
/home/augustmenard/Intro-to-Robotics-Research-Labs/lab5_ws/install/turtlebot3_example/share/turtlebot3_example/package.xml
/home/augustmenard/Intro-to-Robotics-Research-Labs/lab5_ws/install/turtlebot3_example/lib/python3.10/site-packages/turtlebot3_example-2.3.3-py3.10.egg-info/PKG-INFO
/home/augustmenard/Intro-to-Robotics-Research-Labs/lab5_ws/install/turtlebot3_example/lib/python3.10/site-packages/turtlebot3_example-2.3.3-py3.10.egg-info/entry_points.txt
/home/augustmenard/Intro-to-Robotics-Research-Labs/lab5_ws/install/turtlebot3_example/lib/python3.10/site-packages/turtlebot3_example-2.3.3-py3.10.egg-info/top_level.txt
/home/augustmenard/Intro-to-Robotics-Research-Labs/lab5_ws/install/turtlebot3_example/lib/python3.10/site-packages/turtlebot3_example-2.3.3-py3.10.egg-info/SOURCES.txt
/home/augustmenard/Intro-to-Robotics-Research-Labs/lab5_ws/install/turtlebot3_example/lib/python3.10/site-packages/turtlebot3_example-2.3.3-py3.10.egg-info/dependency_links.txt
/home/augustmenard/Intro-to-Robotics-Research-Labs/lab5_ws/install/turtlebot3_example/lib/python3.10/site-packages/turtlebot3_example-2.3.3-py3.10.egg-info/requires.txt
/home/augustmenard/Intro-to-Robotics-Research-Labs/lab5_ws/install/turtlebot3_example/lib/python3.10/site-packages/turtlebot3_example-2.3.3-py3.10.egg-info/zip-safe
/home/augustmenard/Intro-to-Robotics-Research-Labs/lab5_ws/install/turtlebot3_example/lib/turtlebot3_example/turtlebot3_absolute_move
/home/augustmenard/Intro-to-Robotics-Research-Labs/lab5_ws/install/turtlebot3_example/lib/turtlebot3_example/turtlebot3_interactive_marker
/home/augustmenard/Intro-to-Robotics-Research-Labs/lab5_ws/install/turtlebot3_example/lib/turtlebot3_example/turtlebot3_obstacle_detection
/home/augustmenard/Intro-to-Robotics-Research-Labs/lab5_ws/install/turtlebot3_example/lib/turtlebot3_example/turtlebot3_patrol_client
/home/augustmenard/Intro-to-Robotics-Research-Labs/lab5_ws/install/turtlebot3_example/lib/turtlebot3_example/turtlebot3_patrol_server
/home/augustmenard/Intro-to-Robotics-Research-Labs/lab5_ws/install/turtlebot3_example/lib/turtlebot3_example/turtlebot3_relative_move
