running egg_info
creating ../../../build/team_rocket_nodes/team_rocket_nodes.egg-info
writing ../../../build/team_rocket_nodes/team_rocket_nodes.egg-info/PKG-INFO
writing dependency_links to ../../../build/team_rocket_nodes/team_rocket_nodes.egg-info/dependency_links.txt
writing entry points to ../../../build/team_rocket_nodes/team_rocket_nodes.egg-info/entry_points.txt
writing requirements to ../../../build/team_rocket_nodes/team_rocket_nodes.egg-info/requires.txt
writing top-level names to ../../../build/team_rocket_nodes/team_rocket_nodes.egg-info/top_level.txt
writing manifest file '../../../build/team_rocket_nodes/team_rocket_nodes.egg-info/SOURCES.txt'
reading manifest file '../../../build/team_rocket_nodes/team_rocket_nodes.egg-info/SOURCES.txt'
writing manifest file '../../../build/team_rocket_nodes/team_rocket_nodes.egg-info/SOURCES.txt'
running build
running build_py
creating /home/michaelangelo/teamRocket/Intro-to-Robotics-Research-Labs/lab3_ws/build/team_rocket_nodes/build
creating /home/michaelangelo/teamRocket/Intro-to-Robotics-Research-Labs/lab3_ws/build/team_rocket_nodes/build/lib
creating /home/michaelangelo/teamRocket/Intro-to-Robotics-Research-Labs/lab3_ws/build/team_rocket_nodes/build/lib/team_rocket_nodes
copying team_rocket_nodes/detect_object_node.py -> /home/michaelangelo/teamRocket/Intro-to-Robotics-Research-Labs/lab3_ws/build/team_rocket_nodes/build/lib/team_rocket_nodes
copying team_rocket_nodes/chase_object_node.py -> /home/michaelangelo/teamRocket/Intro-to-Robotics-Research-Labs/lab3_ws/build/team_rocket_nodes/build/lib/team_rocket_nodes
copying team_rocket_nodes/get_object_range_node.py -> /home/michaelangelo/teamRocket/Intro-to-Robotics-Research-Labs/lab3_ws/build/team_rocket_nodes/build/lib/team_rocket_nodes
copying team_rocket_nodes/__init__.py -> /home/michaelangelo/teamRocket/Intro-to-Robotics-Research-Labs/lab3_ws/build/team_rocket_nodes/build/lib/team_rocket_nodes
running install
running install_lib
creating /home/michaelangelo/teamRocket/Intro-to-Robotics-Research-Labs/lab3_ws/install/team_rocket_nodes/lib/python3.10/site-packages/team_rocket_nodes
copying /home/michaelangelo/teamRocket/Intro-to-Robotics-Research-Labs/lab3_ws/build/team_rocket_nodes/build/lib/team_rocket_nodes/detect_object_node.py -> /home/michaelangelo/teamRocket/Intro-to-Robotics-Research-Labs/lab3_ws/install/team_rocket_nodes/lib/python3.10/site-packages/team_rocket_nodes
copying /home/michaelangelo/teamRocket/Intro-to-Robotics-Research-Labs/lab3_ws/build/team_rocket_nodes/build/lib/team_rocket_nodes/chase_object_node.py -> /home/michaelangelo/teamRocket/Intro-to-Robotics-Research-Labs/lab3_ws/install/team_rocket_nodes/lib/python3.10/site-packages/team_rocket_nodes
copying /home/michaelangelo/teamRocket/Intro-to-Robotics-Research-Labs/lab3_ws/build/team_rocket_nodes/build/lib/team_rocket_nodes/get_object_range_node.py -> /home/michaelangelo/teamRocket/Intro-to-Robotics-Research-Labs/lab3_ws/install/team_rocket_nodes/lib/python3.10/site-packages/team_rocket_nodes
copying /home/michaelangelo/teamRocket/Intro-to-Robotics-Research-Labs/lab3_ws/build/team_rocket_nodes/build/lib/team_rocket_nodes/__init__.py -> /home/michaelangelo/teamRocket/Intro-to-Robotics-Research-Labs/lab3_ws/install/team_rocket_nodes/lib/python3.10/site-packages/team_rocket_nodes
byte-compiling /home/michaelangelo/teamRocket/Intro-to-Robotics-Research-Labs/lab3_ws/install/team_rocket_nodes/lib/python3.10/site-packages/team_rocket_nodes/detect_object_node.py to detect_object_node.cpython-310.pyc
byte-compiling /home/michaelangelo/teamRocket/Intro-to-Robotics-Research-Labs/lab3_ws/install/team_rocket_nodes/lib/python3.10/site-packages/team_rocket_nodes/chase_object_node.py to chase_object_node.cpython-310.pyc
byte-compiling /home/michaelangelo/teamRocket/Intro-to-Robotics-Research-Labs/lab3_ws/install/team_rocket_nodes/lib/python3.10/site-packages/team_rocket_nodes/get_object_range_node.py to get_object_range_node.cpython-310.pyc
byte-compiling /home/michaelangelo/teamRocket/Intro-to-Robotics-Research-Labs/lab3_ws/install/team_rocket_nodes/lib/python3.10/site-packages/team_rocket_nodes/__init__.py to __init__.cpython-310.pyc
running install_data
creating /home/michaelangelo/teamRocket/Intro-to-Robotics-Research-Labs/lab3_ws/install/team_rocket_nodes/share/ament_index
creating /home/michaelangelo/teamRocket/Intro-to-Robotics-Research-Labs/lab3_ws/install/team_rocket_nodes/share/ament_index/resource_index
creating /home/michaelangelo/teamRocket/Intro-to-Robotics-Research-Labs/lab3_ws/install/team_rocket_nodes/share/ament_index/resource_index/packages
copying resource/team_rocket_nodes -> /home/michaelangelo/teamRocket/Intro-to-Robotics-Research-Labs/lab3_ws/install/team_rocket_nodes/share/ament_index/resource_index/packages
copying package.xml -> /home/michaelangelo/teamRocket/Intro-to-Robotics-Research-Labs/lab3_ws/install/team_rocket_nodes/share/team_rocket_nodes
running install_egg_info
Copying ../../../build/team_rocket_nodes/team_rocket_nodes.egg-info to /home/michaelangelo/teamRocket/Intro-to-Robotics-Research-Labs/lab3_ws/install/team_rocket_nodes/lib/python3.10/site-packages/team_rocket_nodes-0.0.0-py3.10.egg-info
running install_scripts
Installing chase_object script to /home/michaelangelo/teamRocket/Intro-to-Robotics-Research-Labs/lab3_ws/install/team_rocket_nodes/lib/team_rocket_nodes
Installing detect_object script to /home/michaelangelo/teamRocket/Intro-to-Robotics-Research-Labs/lab3_ws/install/team_rocket_nodes/lib/team_rocket_nodes
Installing get_object_range script to /home/michaelangelo/teamRocket/Intro-to-Robotics-Research-Labs/lab3_ws/install/team_rocket_nodes/lib/team_rocket_nodes
writing list of installed files to '/home/michaelangelo/teamRocket/Intro-to-Robotics-Research-Labs/lab3_ws/build/team_rocket_nodes/install.log'
