[3.749s] DEBUG:colcon:Command line arguments: ['/usr/bin/colcon', 'build', '--packages-select', 'team_rocket_nodes']
[3.749s] DEBUG:colcon:Parsed command line arguments: Namespace(log_base=None, log_level=None, verb_name='build', build_base='build', install_base='install', merge_install=False, symlink_install=False, test_result_base=None, continue_on_error=False, executor='parallel', parallel_workers=4, event_handlers=None, ignore_user_meta=False, metas=['./colcon.meta'], base_paths=['.'], packages_ignore=None, packages_ignore_regex=None, paths=None, packages_up_to=None, packages_up_to_regex=None, packages_above=None, packages_above_and_dependencies=None, packages_above_depth=None, packages_select_by_dep=None, packages_skip_by_dep=None, packages_skip_up_to=None, packages_select_build_failed=False, packages_skip_build_finished=False, packages_select_test_failures=False, packages_skip_test_passed=False, packages_select=['team_rocket_nodes'], packages_skip=None, packages_select_regex=None, packages_skip_regex=None, packages_start=None, packages_end=None, allow_overriding=[], cmake_args=None, cmake_target=None, cmake_target_skip_unavailable=False, cmake_clean_cache=False, cmake_clean_first=False, cmake_force_configure=False, ament_cmake_args=None, catkin_cmake_args=None, catkin_skip_building_tests=False, verb_parser=<colcon_defaults.argument_parser.defaults.DefaultArgumentsDecorator object at 0xffffb2fba7d0>, verb_extension=<colcon_core.verb.build.BuildVerb object at 0xffffb31121a0>, main=<bound method BuildVerb.main of <colcon_core.verb.build.BuildVerb object at 0xffffb31121a0>>)
[3.974s] Level 1:colcon.colcon_core.package_discovery:discover_packages(colcon_meta) check parameters
[3.974s] Level 1:colcon.colcon_core.package_discovery:discover_packages(recursive) check parameters
[3.974s] Level 1:colcon.colcon_core.package_discovery:discover_packages(ignore) check parameters
[3.974s] Level 1:colcon.colcon_core.package_discovery:discover_packages(path) check parameters
[3.975s] Level 1:colcon.colcon_core.package_discovery:discover_packages(colcon_meta) discover
[3.975s] Level 1:colcon.colcon_core.package_discovery:discover_packages(recursive) discover
[3.975s] INFO:colcon.colcon_core.package_discovery:Crawling recursively for packages in '/home/burger/lab3/Intro-to-Robotics-Research-Labs/lab3_ws'
[3.975s] Level 1:colcon.colcon_core.package_identification:_identify(.) by extensions ['ignore', 'ignore_ament_install']
[3.976s] Level 1:colcon.colcon_core.package_identification:_identify(.) by extension 'ignore'
[3.976s] Level 1:colcon.colcon_core.package_identification:_identify(.) by extension 'ignore_ament_install'
[3.976s] Level 1:colcon.colcon_core.package_identification:_identify(.) by extensions ['colcon_pkg']
[3.976s] Level 1:colcon.colcon_core.package_identification:_identify(.) by extension 'colcon_pkg'
[3.976s] Level 1:colcon.colcon_core.package_identification:_identify(.) by extensions ['colcon_meta']
[3.977s] Level 1:colcon.colcon_core.package_identification:_identify(.) by extension 'colcon_meta'
[3.977s] Level 1:colcon.colcon_core.package_identification:_identify(.) by extensions ['ros']
[3.977s] Level 1:colcon.colcon_core.package_identification:_identify(.) by extension 'ros'
[4.034s] Level 1:colcon.colcon_core.package_identification:_identify(.) by extensions ['cmake', 'python']
[4.034s] Level 1:colcon.colcon_core.package_identification:_identify(.) by extension 'cmake'
[4.034s] Level 1:colcon.colcon_core.package_identification:_identify(.) by extension 'python'
[4.034s] Level 1:colcon.colcon_core.package_identification:_identify(.) by extensions ['python_setup_py']
[4.034s] Level 1:colcon.colcon_core.package_identification:_identify(.) by extension 'python_setup_py'
[4.035s] Level 1:colcon.colcon_core.package_identification:_identify(build) by extensions ['ignore', 'ignore_ament_install']
[4.035s] Level 1:colcon.colcon_core.package_identification:_identify(build) by extension 'ignore'
[4.036s] Level 1:colcon.colcon_core.package_identification:_identify(build) ignored
[4.036s] Level 1:colcon.colcon_core.package_identification:_identify(install) by extensions ['ignore', 'ignore_ament_install']
[4.036s] Level 1:colcon.colcon_core.package_identification:_identify(install) by extension 'ignore'
[4.037s] Level 1:colcon.colcon_core.package_identification:_identify(install) ignored
[4.037s] Level 1:colcon.colcon_core.package_identification:_identify(lab3_ws) by extensions ['ignore', 'ignore_ament_install']
[4.037s] Level 1:colcon.colcon_core.package_identification:_identify(lab3_ws) by extension 'ignore'
[4.037s] Level 1:colcon.colcon_core.package_identification:_identify(lab3_ws) by extension 'ignore_ament_install'
[4.038s] Level 1:colcon.colcon_core.package_identification:_identify(lab3_ws) by extensions ['colcon_pkg']
[4.038s] Level 1:colcon.colcon_core.package_identification:_identify(lab3_ws) by extension 'colcon_pkg'
[4.038s] Level 1:colcon.colcon_core.package_identification:_identify(lab3_ws) by extensions ['colcon_meta']
[4.038s] Level 1:colcon.colcon_core.package_identification:_identify(lab3_ws) by extension 'colcon_meta'
[4.038s] Level 1:colcon.colcon_core.package_identification:_identify(lab3_ws) by extensions ['ros']
[4.038s] Level 1:colcon.colcon_core.package_identification:_identify(lab3_ws) by extension 'ros'
[4.039s] Level 1:colcon.colcon_core.package_identification:_identify(lab3_ws) by extensions ['cmake', 'python']
[4.039s] Level 1:colcon.colcon_core.package_identification:_identify(lab3_ws) by extension 'cmake'
[4.039s] Level 1:colcon.colcon_core.package_identification:_identify(lab3_ws) by extension 'python'
[4.039s] Level 1:colcon.colcon_core.package_identification:_identify(lab3_ws) by extensions ['python_setup_py']
[4.039s] Level 1:colcon.colcon_core.package_identification:_identify(lab3_ws) by extension 'python_setup_py'
[4.040s] Level 1:colcon.colcon_core.package_identification:_identify(lab3_ws/src) by extensions ['ignore', 'ignore_ament_install']
[4.040s] Level 1:colcon.colcon_core.package_identification:_identify(lab3_ws/src) by extension 'ignore'
[4.040s] Level 1:colcon.colcon_core.package_identification:_identify(lab3_ws/src) by extension 'ignore_ament_install'
[4.040s] Level 1:colcon.colcon_core.package_identification:_identify(lab3_ws/src) by extensions ['colcon_pkg']
[4.040s] Level 1:colcon.colcon_core.package_identification:_identify(lab3_ws/src) by extension 'colcon_pkg'
[4.040s] Level 1:colcon.colcon_core.package_identification:_identify(lab3_ws/src) by extensions ['colcon_meta']
[4.041s] Level 1:colcon.colcon_core.package_identification:_identify(lab3_ws/src) by extension 'colcon_meta'
[4.041s] Level 1:colcon.colcon_core.package_identification:_identify(lab3_ws/src) by extensions ['ros']
[4.041s] Level 1:colcon.colcon_core.package_identification:_identify(lab3_ws/src) by extension 'ros'
[4.041s] Level 1:colcon.colcon_core.package_identification:_identify(lab3_ws/src) by extensions ['cmake', 'python']
[4.041s] Level 1:colcon.colcon_core.package_identification:_identify(lab3_ws/src) by extension 'cmake'
[4.041s] Level 1:colcon.colcon_core.package_identification:_identify(lab3_ws/src) by extension 'python'
[4.042s] Level 1:colcon.colcon_core.package_identification:_identify(lab3_ws/src) by extensions ['python_setup_py']
[4.042s] Level 1:colcon.colcon_core.package_identification:_identify(lab3_ws/src) by extension 'python_setup_py'
[4.042s] Level 1:colcon.colcon_core.package_identification:_identify(lab3_ws/src/team_rocket_nodes) by extensions ['ignore', 'ignore_ament_install']
[4.042s] Level 1:colcon.colcon_core.package_identification:_identify(lab3_ws/src/team_rocket_nodes) by extension 'ignore'
[4.043s] Level 1:colcon.colcon_core.package_identification:_identify(lab3_ws/src/team_rocket_nodes) by extension 'ignore_ament_install'
[4.043s] Level 1:colcon.colcon_core.package_identification:_identify(lab3_ws/src/team_rocket_nodes) by extensions ['colcon_pkg']
[4.043s] Level 1:colcon.colcon_core.package_identification:_identify(lab3_ws/src/team_rocket_nodes) by extension 'colcon_pkg'
[4.043s] Level 1:colcon.colcon_core.package_identification:_identify(lab3_ws/src/team_rocket_nodes) by extensions ['colcon_meta']
[4.043s] Level 1:colcon.colcon_core.package_identification:_identify(lab3_ws/src/team_rocket_nodes) by extension 'colcon_meta'
[4.044s] Level 1:colcon.colcon_core.package_identification:_identify(lab3_ws/src/team_rocket_nodes) by extensions ['ros']
[4.044s] Level 1:colcon.colcon_core.package_identification:_identify(lab3_ws/src/team_rocket_nodes) by extension 'ros'
[4.051s] DEBUG:colcon.colcon_core.package_identification:Package 'lab3_ws/src/team_rocket_nodes' with type 'ros.ament_python' and name 'team_rocket_nodes'
[4.052s] Level 1:colcon.colcon_core.package_identification:_identify(log) by extensions ['ignore', 'ignore_ament_install']
[4.053s] Level 1:colcon.colcon_core.package_identification:_identify(log) by extension 'ignore'
[4.053s] Level 1:colcon.colcon_core.package_identification:_identify(log) ignored
[4.053s] Level 1:colcon.colcon_core.package_discovery:discover_packages(recursive) using defaults
[4.053s] Level 1:colcon.colcon_core.package_discovery:discover_packages(ignore) discover
[4.053s] Level 1:colcon.colcon_core.package_discovery:discover_packages(ignore) using defaults
[4.053s] Level 1:colcon.colcon_core.package_discovery:discover_packages(path) discover
[4.053s] Level 1:colcon.colcon_core.package_discovery:discover_packages(path) using defaults
[4.401s] Level 1:colcon.colcon_core.package_discovery:discover_packages(prefix_path) check parameters
[4.401s] Level 1:colcon.colcon_core.package_discovery:discover_packages(prefix_path) discover
[4.533s] DEBUG:colcon.colcon_installed_package_information.package_discovery:Found 8 installed packages in /home/burger/dontTouch_ws/install
[4.591s] DEBUG:colcon.colcon_installed_package_information.package_discovery:Found 206 installed packages in /opt/ros/humble
[4.596s] Level 1:colcon.colcon_core.package_discovery:discover_packages(prefix_path) using defaults
[4.855s] Level 5:colcon.colcon_core.verb:set package 'team_rocket_nodes' build argument 'cmake_args' from command line to 'None'
[4.856s] Level 5:colcon.colcon_core.verb:set package 'team_rocket_nodes' build argument 'cmake_target' from command line to 'None'
[4.856s] Level 5:colcon.colcon_core.verb:set package 'team_rocket_nodes' build argument 'cmake_target_skip_unavailable' from command line to 'False'
[4.856s] Level 5:colcon.colcon_core.verb:set package 'team_rocket_nodes' build argument 'cmake_clean_cache' from command line to 'False'
[4.856s] Level 5:colcon.colcon_core.verb:set package 'team_rocket_nodes' build argument 'cmake_clean_first' from command line to 'False'
[4.856s] Level 5:colcon.colcon_core.verb:set package 'team_rocket_nodes' build argument 'cmake_force_configure' from command line to 'False'
[4.856s] Level 5:colcon.colcon_core.verb:set package 'team_rocket_nodes' build argument 'ament_cmake_args' from command line to 'None'
[4.856s] Level 5:colcon.colcon_core.verb:set package 'team_rocket_nodes' build argument 'catkin_cmake_args' from command line to 'None'
[4.856s] Level 5:colcon.colcon_core.verb:set package 'team_rocket_nodes' build argument 'catkin_skip_building_tests' from command line to 'False'
[4.856s] DEBUG:colcon.colcon_core.verb:Building package 'team_rocket_nodes' with the following arguments: {'ament_cmake_args': None, 'build_base': '/home/burger/lab3/Intro-to-Robotics-Research-Labs/lab3_ws/build/team_rocket_nodes', 'catkin_cmake_args': None, 'catkin_skip_building_tests': False, 'cmake_args': None, 'cmake_clean_cache': False, 'cmake_clean_first': False, 'cmake_force_configure': False, 'cmake_target': None, 'cmake_target_skip_unavailable': False, 'install_base': '/home/burger/lab3/Intro-to-Robotics-Research-Labs/lab3_ws/install/team_rocket_nodes', 'merge_install': False, 'path': '/home/burger/lab3/Intro-to-Robotics-Research-Labs/lab3_ws/lab3_ws/src/team_rocket_nodes', 'symlink_install': False, 'test_result_base': None}
[4.908s] INFO:colcon.colcon_core.executor:Executing jobs using 'parallel' executor
[4.966s] DEBUG:colcon.colcon_parallel_executor.executor.parallel:run_until_complete
[4.967s] INFO:colcon.colcon_ros.task.ament_python.build:Building ROS package in '/home/burger/lab3/Intro-to-Robotics-Research-Labs/lab3_ws/lab3_ws/src/team_rocket_nodes' with build type 'ament_python'
[4.968s] Level 1:colcon.colcon_core.shell:create_environment_hook('team_rocket_nodes', 'ament_prefix_path')
[5.032s] INFO:colcon.colcon_core.plugin_system:Skipping extension 'colcon_core.shell.bat': Not used on non-Windows systems
[5.033s] INFO:colcon.colcon_core.shell:Creating environment hook '/home/burger/lab3/Intro-to-Robotics-Research-Labs/lab3_ws/install/team_rocket_nodes/share/team_rocket_nodes/hook/ament_prefix_path.ps1'
[5.035s] INFO:colcon.colcon_core.shell:Creating environment descriptor '/home/burger/lab3/Intro-to-Robotics-Research-Labs/lab3_ws/install/team_rocket_nodes/share/team_rocket_nodes/hook/ament_prefix_path.dsv'
[5.037s] INFO:colcon.colcon_core.shell:Creating environment hook '/home/burger/lab3/Intro-to-Robotics-Research-Labs/lab3_ws/install/team_rocket_nodes/share/team_rocket_nodes/hook/ament_prefix_path.sh'
[5.094s] INFO:colcon.colcon_core.shell:Skip shell extension 'powershell' for command environment: Not usable outside of PowerShell
[5.094s] DEBUG:colcon.colcon_core.shell:Skip shell extension 'dsv' for command environment
[6.106s] INFO:colcon.colcon_core.task.python.build:Building Python package in '/home/burger/lab3/Intro-to-Robotics-Research-Labs/lab3_ws/lab3_ws/src/team_rocket_nodes'
[6.161s] INFO:colcon.colcon_core.shell:Skip shell extension 'powershell' for command environment: Not usable outside of PowerShell
[6.161s] DEBUG:colcon.colcon_core.shell:Skip shell extension 'dsv' for command environment
[8.556s] DEBUG:colcon.colcon_core.event_handler.log_command:Invoking command in '/home/burger/lab3/Intro-to-Robotics-Research-Labs/lab3_ws/lab3_ws/src/team_rocket_nodes': PYTHONPATH=/home/burger/lab3/Intro-to-Robotics-Research-Labs/lab3_ws/build/team_rocket_nodes/prefix_override:/home/burger/lab3/Intro-to-Robotics-Research-Labs/lab3_ws/install/team_rocket_nodes/lib/python3.10/site-packages:${PYTHONPATH} /usr/bin/python3 setup.py egg_info --egg-base ../../../build/team_rocket_nodes build --build-base /home/burger/lab3/Intro-to-Robotics-Research-Labs/lab3_ws/build/team_rocket_nodes/build install --record /home/burger/lab3/Intro-to-Robotics-Research-Labs/lab3_ws/build/team_rocket_nodes/install.log --single-version-externally-managed
[10.574s] DEBUG:colcon.colcon_core.event_handler.log_command:Invoked command in '/home/burger/lab3/Intro-to-Robotics-Research-Labs/lab3_ws/lab3_ws/src/team_rocket_nodes' returned '0': PYTHONPATH=/home/burger/lab3/Intro-to-Robotics-Research-Labs/lab3_ws/build/team_rocket_nodes/prefix_override:/home/burger/lab3/Intro-to-Robotics-Research-Labs/lab3_ws/install/team_rocket_nodes/lib/python3.10/site-packages:${PYTHONPATH} /usr/bin/python3 setup.py egg_info --egg-base ../../../build/team_rocket_nodes build --build-base /home/burger/lab3/Intro-to-Robotics-Research-Labs/lab3_ws/build/team_rocket_nodes/build install --record /home/burger/lab3/Intro-to-Robotics-Research-Labs/lab3_ws/build/team_rocket_nodes/install.log --single-version-externally-managed
[10.639s] Level 1:colcon.colcon_core.environment:checking '/home/burger/lab3/Intro-to-Robotics-Research-Labs/lab3_ws/install/team_rocket_nodes' for CMake module files
[10.642s] Level 1:colcon.colcon_core.environment:checking '/home/burger/lab3/Intro-to-Robotics-Research-Labs/lab3_ws/install/team_rocket_nodes' for CMake config files
[10.645s] Level 1:colcon.colcon_core.environment:checking '/home/burger/lab3/Intro-to-Robotics-Research-Labs/lab3_ws/install/team_rocket_nodes/lib'
[10.646s] Level 1:colcon.colcon_core.environment:checking '/home/burger/lab3/Intro-to-Robotics-Research-Labs/lab3_ws/install/team_rocket_nodes/bin'
[10.646s] Level 1:colcon.colcon_core.environment:checking '/home/burger/lab3/Intro-to-Robotics-Research-Labs/lab3_ws/install/team_rocket_nodes/lib/pkgconfig/team_rocket_nodes.pc'
[10.647s] Level 1:colcon.colcon_core.environment:checking '/home/burger/lab3/Intro-to-Robotics-Research-Labs/lab3_ws/install/team_rocket_nodes/lib/python3.10/site-packages'
[10.648s] Level 1:colcon.colcon_core.shell:create_environment_hook('team_rocket_nodes', 'pythonpath')
[10.701s] INFO:colcon.colcon_core.shell:Creating environment hook '/home/burger/lab3/Intro-to-Robotics-Research-Labs/lab3_ws/install/team_rocket_nodes/share/team_rocket_nodes/hook/pythonpath.ps1'
[10.703s] INFO:colcon.colcon_core.shell:Creating environment descriptor '/home/burger/lab3/Intro-to-Robotics-Research-Labs/lab3_ws/install/team_rocket_nodes/share/team_rocket_nodes/hook/pythonpath.dsv'
[10.705s] INFO:colcon.colcon_core.shell:Creating environment hook '/home/burger/lab3/Intro-to-Robotics-Research-Labs/lab3_ws/install/team_rocket_nodes/share/team_rocket_nodes/hook/pythonpath.sh'
[10.708s] Level 1:colcon.colcon_core.environment:checking '/home/burger/lab3/Intro-to-Robotics-Research-Labs/lab3_ws/install/team_rocket_nodes/bin'
[10.708s] Level 1:colcon.colcon_core.environment:create_environment_scripts_only(team_rocket_nodes)
[10.767s] INFO:colcon.colcon_core.shell:Creating package script '/home/burger/lab3/Intro-to-Robotics-Research-Labs/lab3_ws/install/team_rocket_nodes/share/team_rocket_nodes/package.ps1'
[10.771s] INFO:colcon.colcon_core.shell:Creating package descriptor '/home/burger/lab3/Intro-to-Robotics-Research-Labs/lab3_ws/install/team_rocket_nodes/share/team_rocket_nodes/package.dsv'
[10.773s] INFO:colcon.colcon_core.shell:Creating package script '/home/burger/lab3/Intro-to-Robotics-Research-Labs/lab3_ws/install/team_rocket_nodes/share/team_rocket_nodes/package.sh'
[10.777s] INFO:colcon.colcon_core.shell:Creating package script '/home/burger/lab3/Intro-to-Robotics-Research-Labs/lab3_ws/install/team_rocket_nodes/share/team_rocket_nodes/package.bash'
[10.780s] INFO:colcon.colcon_core.shell:Creating package script '/home/burger/lab3/Intro-to-Robotics-Research-Labs/lab3_ws/install/team_rocket_nodes/share/team_rocket_nodes/package.zsh'
[10.782s] Level 1:colcon.colcon_core.environment:create_file_with_runtime_dependencies(/home/burger/lab3/Intro-to-Robotics-Research-Labs/lab3_ws/install/team_rocket_nodes/share/colcon-core/packages/team_rocket_nodes)
[10.783s] DEBUG:colcon.colcon_parallel_executor.executor.parallel:closing loop
[10.784s] DEBUG:colcon.colcon_parallel_executor.executor.parallel:loop closed
[10.785s] DEBUG:colcon.colcon_parallel_executor.executor.parallel:run_until_complete finished with '0'
[10.786s] DEBUG:colcon.colcon_core.event_reactor:joining thread
[10.861s] INFO:colcon.colcon_core.plugin_system:Skipping extension 'colcon_notification.desktop_notification.notify_send': Could not find 'notify-send'
[10.861s] INFO:colcon.colcon_core.plugin_system:Skipping extension 'colcon_notification.desktop_notification.terminal_notifier': Not used on non-Darwin systems
[10.862s] INFO:colcon.colcon_core.plugin_system:Skipping extension 'colcon_notification.desktop_notification.win32': Not used on non-Windows systems
[10.862s] INFO:colcon.colcon_notification.desktop_notification:Sending desktop notification using 'notify2'
[10.864s] DEBUG:colcon.colcon_notification.desktop_notification.notify2:Failed to initialize notify2: org.freedesktop.DBus.Error.ServiceUnknown: The name org.freedesktop.Notifications was not provided by any .service files
[10.865s] DEBUG:colcon.colcon_core.event_reactor:joined thread
[10.926s] INFO:colcon.colcon_core.shell:Creating prefix script '/home/burger/lab3/Intro-to-Robotics-Research-Labs/lab3_ws/install/local_setup.ps1'
[10.930s] INFO:colcon.colcon_core.shell:Creating prefix util module '/home/burger/lab3/Intro-to-Robotics-Research-Labs/lab3_ws/install/_local_setup_util_ps1.py'
[10.935s] INFO:colcon.colcon_core.shell:Creating prefix chain script '/home/burger/lab3/Intro-to-Robotics-Research-Labs/lab3_ws/install/setup.ps1'
[10.993s] INFO:colcon.colcon_core.shell:Creating prefix script '/home/burger/lab3/Intro-to-Robotics-Research-Labs/lab3_ws/install/local_setup.sh'
[10.995s] INFO:colcon.colcon_core.shell:Creating prefix util module '/home/burger/lab3/Intro-to-Robotics-Research-Labs/lab3_ws/install/_local_setup_util_sh.py'
[10.997s] INFO:colcon.colcon_core.shell:Creating prefix chain script '/home/burger/lab3/Intro-to-Robotics-Research-Labs/lab3_ws/install/setup.sh'
[11.056s] INFO:colcon.colcon_core.shell:Creating prefix script '/home/burger/lab3/Intro-to-Robotics-Research-Labs/lab3_ws/install/local_setup.bash'
[11.058s] INFO:colcon.colcon_core.shell:Creating prefix chain script '/home/burger/lab3/Intro-to-Robotics-Research-Labs/lab3_ws/install/setup.bash'
[11.122s] INFO:colcon.colcon_core.shell:Creating prefix script '/home/burger/lab3/Intro-to-Robotics-Research-Labs/lab3_ws/install/local_setup.zsh'
[11.124s] INFO:colcon.colcon_core.shell:Creating prefix chain script '/home/burger/lab3/Intro-to-Robotics-Research-Labs/lab3_ws/install/setup.zsh'
