[4.248s] Invoking command in '/home/burger/lab3/Intro-to-Robotics-Research-Labs/lab3_ws/lab3_ws/src/team_rocket_nodes': PYTHONPATH=/home/burger/lab3/Intro-to-Robotics-Research-Labs/lab3_ws/build/team_rocket_nodes/prefix_override:/home/burger/lab3/Intro-to-Robotics-Research-Labs/lab3_ws/install/team_rocket_nodes/lib/python3.10/site-packages:${PYTHONPATH} /usr/bin/python3 setup.py egg_info --egg-base ../../../build/team_rocket_nodes build --build-base /home/burger/lab3/Intro-to-Robotics-Research-Labs/lab3_ws/build/team_rocket_nodes/build install --record /home/burger/lab3/Intro-to-Robotics-Research-Labs/lab3_ws/build/team_rocket_nodes/install.log --single-version-externally-managed
[5.143s] running egg_info
[5.202s] writing ../../../build/team_rocket_nodes/team_rocket_nodes.egg-info/PKG-INFO
[5.204s] writing dependency_links to ../../../build/team_rocket_nodes/team_rocket_nodes.egg-info/dependency_links.txt
[5.206s] writing entry points to ../../../build/team_rocket_nodes/team_rocket_nodes.egg-info/entry_points.txt
[5.207s] writing requirements to ../../../build/team_rocket_nodes/team_rocket_nodes.egg-info/requires.txt
[5.207s] writing top-level names to ../../../build/team_rocket_nodes/team_rocket_nodes.egg-info/top_level.txt
[5.327s] reading manifest file '../../../build/team_rocket_nodes/team_rocket_nodes.egg-info/SOURCES.txt'
[5.333s] writing manifest file '../../../build/team_rocket_nodes/team_rocket_nodes.egg-info/SOURCES.txt'
[5.335s] running build
[5.335s] running build_py
[5.342s] running install
[5.346s] /usr/local/lib/python3.10/dist-packages/setuptools/_distutils/cmd.py:66: SetuptoolsDeprecationWarning: setup.py install is deprecated.
[5.346s] !!
[5.346s] 
[5.347s]         ********************************************************************************
[5.347s]         Please avoid running ``setup.py`` directly.
[5.348s]         Instead, use pypa/build, pypa/installer or other
[5.348s]         standards-based tools.
[5.348s] 
[5.349s]         See https://blog.ganssle.io/articles/2021/10/setup-py-deprecated.html for details.
[5.349s]         ********************************************************************************
[5.350s] 
[5.350s] !!
[5.350s]   self.initialize_options()
[5.370s] running install_lib
[5.431s] running install_data
[5.494s] running install_egg_info
[5.556s] removing '/home/burger/lab3/Intro-to-Robotics-Research-Labs/lab3_ws/install/team_rocket_nodes/lib/python3.10/site-packages/team_rocket_nodes-0.0.0-py3.10.egg-info' (and everything under it)
[5.558s] Copying ../../../build/team_rocket_nodes/team_rocket_nodes.egg-info to /home/burger/lab3/Intro-to-Robotics-Research-Labs/lab3_ws/install/team_rocket_nodes/lib/python3.10/site-packages/team_rocket_nodes-0.0.0-py3.10.egg-info
[5.565s] running install_scripts
[6.140s] Installing chase_object script to /home/burger/lab3/Intro-to-Robotics-Research-Labs/lab3_ws/install/team_rocket_nodes/lib/team_rocket_nodes
[6.142s] Installing detect_object script to /home/burger/lab3/Intro-to-Robotics-Research-Labs/lab3_ws/install/team_rocket_nodes/lib/team_rocket_nodes
[6.143s] Installing get_object_range script to /home/burger/lab3/Intro-to-Robotics-Research-Labs/lab3_ws/install/team_rocket_nodes/lib/team_rocket_nodes
[6.145s] writing list of installed files to '/home/burger/lab3/Intro-to-Robotics-Research-Labs/lab3_ws/build/team_rocket_nodes/install.log'
[6.280s] Invoked command in '/home/burger/lab3/Intro-to-Robotics-Research-Labs/lab3_ws/lab3_ws/src/team_rocket_nodes' returned '0': PYTHONPATH=/home/burger/lab3/Intro-to-Robotics-Research-Labs/lab3_ws/build/team_rocket_nodes/prefix_override:/home/burger/lab3/Intro-to-Robotics-Research-Labs/lab3_ws/install/team_rocket_nodes/lib/python3.10/site-packages:${PYTHONPATH} /usr/bin/python3 setup.py egg_info --egg-base ../../../build/team_rocket_nodes build --build-base /home/burger/lab3/Intro-to-Robotics-Research-Labs/lab3_ws/build/team_rocket_nodes/build install --record /home/burger/lab3/Intro-to-Robotics-Research-Labs/lab3_ws/build/team_rocket_nodes/install.log --single-version-externally-managed
