[0.049s] Invoking command in '/home/augustmenard/Intro-to-Robotics-Research-Labs/final_ws/build/dynamixel_sdk_examples': AMENT_PREFIX_PATH=/home/augustmenard/Intro-to-Robotics-Research-Labs/final_ws/install/dynamixel_sdk_custom_interfaces:/home/augustmenard/Intro-to-Robotics-Research-Labs/final_ws/install/dynamixel_sdk:${AMENT_PREFIX_PATH} CMAKE_PREFIX_PATH=/home/augustmenard/Intro-to-Robotics-Research-Labs/final_ws/install/dynamixel_sdk_custom_interfaces:/home/augustmenard/Intro-to-Robotics-Research-Labs/final_ws/install/dynamixel_sdk:/opt/ros/humble LD_LIBRARY_PATH=/home/augustmenard/Intro-to-Robotics-Research-Labs/final_ws/install/dynamixel_sdk_custom_interfaces/lib:/home/augustmenard/Intro-to-Robotics-Research-Labs/final_ws/install/dynamixel_sdk/lib:/opt/ros/humble/opt/rviz_ogre_vendor/lib:/opt/ros/humble/lib/x86_64-linux-gnu:/opt/ros/humble/lib:/usr/lib/x86_64-linux-gnu/gazebo-11/plugins PYTHONPATH=/home/augustmenard/Intro-to-Robotics-Research-Labs/final_ws/install/dynamixel_sdk_custom_interfaces/local/lib/python3.10/dist-packages:/home/augustmenard/Intro-to-Robotics-Research-Labs/final_ws/install/dynamixel_sdk/local/lib/python3.10/dist-packages:${PYTHONPATH} /usr/bin/cmake /home/augustmenard/Intro-to-Robotics-Research-Labs/final_ws/src/DynamixelSDK/ros/dynamixel_sdk_examples -DCMAKE_INSTALL_PREFIX=/home/augustmenard/Intro-to-Robotics-Research-Labs/final_ws/install/dynamixel_sdk_examples
[0.189s] -- The C compiler identification is GNU 11.4.0
[0.353s] -- The CXX compiler identification is GNU 11.4.0
[0.378s] -- Detecting C compiler ABI info
[0.568s] -- Detecting C compiler ABI info - done
[0.599s] -- Check for working C compiler: /usr/bin/cc - skipped
[0.599s] -- Detecting C compile features
[0.604s] -- Detecting C compile features - done
[0.611s] -- Detecting CXX compiler ABI info
[0.852s] -- Detecting CXX compiler ABI info - done
[0.884s] -- Check for working CXX compiler: /usr/bin/c++ - skipped
[0.885s] -- Detecting CXX compile features
[0.885s] -- Detecting CXX compile features - done
[0.892s] -- Found ament_cmake: 1.3.12 (/opt/ros/humble/share/ament_cmake/cmake)
[1.352s] -- Found Python3: /usr/bin/python3 (found version "3.10.12") found components: Interpreter 
[1.692s] -- Found dynamixel_sdk: 3.8.4 (/home/augustmenard/Intro-to-Robotics-Research-Labs/final_ws/install/dynamixel_sdk/share/dynamixel_sdk/cmake)
[1.698s] -- Found dynamixel_sdk_custom_interfaces: 3.8.4 (/home/augustmenard/Intro-to-Robotics-Research-Labs/final_ws/install/dynamixel_sdk_custom_interfaces/share/dynamixel_sdk_custom_interfaces/cmake)
[1.826s] -- Found rosidl_generator_c: 3.1.7 (/opt/ros/humble/share/rosidl_generator_c/cmake)
[1.849s] -- Found rosidl_adapter: 3.1.7 (/opt/ros/humble/share/rosidl_adapter/cmake)
[1.874s] -- Found rosidl_generator_cpp: 3.1.7 (/opt/ros/humble/share/rosidl_generator_cpp/cmake)
[1.929s] -- Using all available rosidl_typesupport_c: rosidl_typesupport_fastrtps_c;rosidl_typesupport_introspection_c
[1.996s] -- Using all available rosidl_typesupport_cpp: rosidl_typesupport_fastrtps_cpp;rosidl_typesupport_introspection_cpp
[2.069s] -- Found rclcpp: 16.0.14 (/opt/ros/humble/share/rclcpp/cmake)
[2.210s] -- Found rmw_implementation_cmake: 6.1.2 (/opt/ros/humble/share/rmw_implementation_cmake/cmake)
[2.217s] -- Found rmw_fastrtps_cpp: 6.2.8 (/opt/ros/humble/share/rmw_fastrtps_cpp/cmake)
[2.526s] -- Found OpenSSL: /usr/lib/x86_64-linux-gnu/libcrypto.so (found version "3.0.2")  
[2.639s] -- Found FastRTPS: /opt/ros/humble/include  
[2.743s] -- Using RMW implementation 'rmw_fastrtps_cpp' as default
[2.758s] -- Looking for pthread.h
[2.872s] -- Looking for pthread.h - found
[2.873s] -- Performing Test CMAKE_HAVE_LIBC_PTHREAD
[2.990s] -- Performing Test CMAKE_HAVE_LIBC_PTHREAD - Success
[2.996s] -- Found Threads: TRUE  
[3.115s] -- Found rclpy: 3.3.17 (/opt/ros/humble/share/rclpy/cmake)
[3.120s] -- Found ament_lint_auto: 0.12.14 (/opt/ros/humble/share/ament_lint_auto/cmake)
[3.370s] -- Added test 'copyright' to check source files copyright and LICENSE
[3.373s] -- Added test 'cppcheck' to perform static code analysis on C / C++ code
[3.373s] -- Configured cppcheck include dirs: /home/augustmenard/Intro-to-Robotics-Research-Labs/final_ws/src/DynamixelSDK/ros/dynamixel_sdk_examples/include
[3.373s] -- Configured cppcheck exclude dirs and/or files: 
[3.374s] -- Added test 'cpplint' to check C / C++ code against the Google style
[3.374s] -- Configured cpplint exclude dirs and/or files: 
[3.380s] -- Added test 'flake8' to check Python code syntax and style conventions
[3.380s] -- Added test 'lint_cmake' to check CMake code style
[3.385s] -- Added test 'pep257' to check Python code against some of the docstring style conventions in PEP 257
[3.387s] -- Added test 'uncrustify' to check C / C++ code style
[3.387s] -- Configured uncrustify additional arguments: 
[3.387s] -- Added test 'xmllint' to check XML markup files
[3.389s] -- Configuring done
[3.421s] -- Generating done
[3.437s] -- Build files have been written to: /home/augustmenard/Intro-to-Robotics-Research-Labs/final_ws/build/dynamixel_sdk_examples
[3.471s] Invoked command in '/home/augustmenard/Intro-to-Robotics-Research-Labs/final_ws/build/dynamixel_sdk_examples' returned '0': AMENT_PREFIX_PATH=/home/augustmenard/Intro-to-Robotics-Research-Labs/final_ws/install/dynamixel_sdk_custom_interfaces:/home/augustmenard/Intro-to-Robotics-Research-Labs/final_ws/install/dynamixel_sdk:${AMENT_PREFIX_PATH} CMAKE_PREFIX_PATH=/home/augustmenard/Intro-to-Robotics-Research-Labs/final_ws/install/dynamixel_sdk_custom_interfaces:/home/augustmenard/Intro-to-Robotics-Research-Labs/final_ws/install/dynamixel_sdk:/opt/ros/humble LD_LIBRARY_PATH=/home/augustmenard/Intro-to-Robotics-Research-Labs/final_ws/install/dynamixel_sdk_custom_interfaces/lib:/home/augustmenard/Intro-to-Robotics-Research-Labs/final_ws/install/dynamixel_sdk/lib:/opt/ros/humble/opt/rviz_ogre_vendor/lib:/opt/ros/humble/lib/x86_64-linux-gnu:/opt/ros/humble/lib:/usr/lib/x86_64-linux-gnu/gazebo-11/plugins PYTHONPATH=/home/augustmenard/Intro-to-Robotics-Research-Labs/final_ws/install/dynamixel_sdk_custom_interfaces/local/lib/python3.10/dist-packages:/home/augustmenard/Intro-to-Robotics-Research-Labs/final_ws/install/dynamixel_sdk/local/lib/python3.10/dist-packages:${PYTHONPATH} /usr/bin/cmake /home/augustmenard/Intro-to-Robotics-Research-Labs/final_ws/src/DynamixelSDK/ros/dynamixel_sdk_examples -DCMAKE_INSTALL_PREFIX=/home/augustmenard/Intro-to-Robotics-Research-Labs/final_ws/install/dynamixel_sdk_examples
[3.472s] Invoking command in '/home/augustmenard/Intro-to-Robotics-Research-Labs/final_ws/build/dynamixel_sdk_examples': AMENT_PREFIX_PATH=/home/augustmenard/Intro-to-Robotics-Research-Labs/final_ws/install/dynamixel_sdk_custom_interfaces:/home/augustmenard/Intro-to-Robotics-Research-Labs/final_ws/install/dynamixel_sdk:${AMENT_PREFIX_PATH} CMAKE_PREFIX_PATH=/home/augustmenard/Intro-to-Robotics-Research-Labs/final_ws/install/dynamixel_sdk_custom_interfaces:/home/augustmenard/Intro-to-Robotics-Research-Labs/final_ws/install/dynamixel_sdk:/opt/ros/humble LD_LIBRARY_PATH=/home/augustmenard/Intro-to-Robotics-Research-Labs/final_ws/install/dynamixel_sdk_custom_interfaces/lib:/home/augustmenard/Intro-to-Robotics-Research-Labs/final_ws/install/dynamixel_sdk/lib:/opt/ros/humble/opt/rviz_ogre_vendor/lib:/opt/ros/humble/lib/x86_64-linux-gnu:/opt/ros/humble/lib:/usr/lib/x86_64-linux-gnu/gazebo-11/plugins PYTHONPATH=/home/augustmenard/Intro-to-Robotics-Research-Labs/final_ws/install/dynamixel_sdk_custom_interfaces/local/lib/python3.10/dist-packages:/home/augustmenard/Intro-to-Robotics-Research-Labs/final_ws/install/dynamixel_sdk/local/lib/python3.10/dist-packages:${PYTHONPATH} /usr/bin/cmake --build /home/augustmenard/Intro-to-Robotics-Research-Labs/final_ws/build/dynamixel_sdk_examples -- -j8 -l8
[3.576s] [ 50%] [32mBuilding CXX object CMakeFiles/read_write_node.dir/src/read_write_node.cpp.o[0m
[27.915s] [100%] [32m[1mLinking CXX executable read_write_node[0m
[28.882s] [100%] Built target read_write_node
[28.902s] Invoked command in '/home/augustmenard/Intro-to-Robotics-Research-Labs/final_ws/build/dynamixel_sdk_examples' returned '0': AMENT_PREFIX_PATH=/home/augustmenard/Intro-to-Robotics-Research-Labs/final_ws/install/dynamixel_sdk_custom_interfaces:/home/augustmenard/Intro-to-Robotics-Research-Labs/final_ws/install/dynamixel_sdk:${AMENT_PREFIX_PATH} CMAKE_PREFIX_PATH=/home/augustmenard/Intro-to-Robotics-Research-Labs/final_ws/install/dynamixel_sdk_custom_interfaces:/home/augustmenard/Intro-to-Robotics-Research-Labs/final_ws/install/dynamixel_sdk:/opt/ros/humble LD_LIBRARY_PATH=/home/augustmenard/Intro-to-Robotics-Research-Labs/final_ws/install/dynamixel_sdk_custom_interfaces/lib:/home/augustmenard/Intro-to-Robotics-Research-Labs/final_ws/install/dynamixel_sdk/lib:/opt/ros/humble/opt/rviz_ogre_vendor/lib:/opt/ros/humble/lib/x86_64-linux-gnu:/opt/ros/humble/lib:/usr/lib/x86_64-linux-gnu/gazebo-11/plugins PYTHONPATH=/home/augustmenard/Intro-to-Robotics-Research-Labs/final_ws/install/dynamixel_sdk_custom_interfaces/local/lib/python3.10/dist-packages:/home/augustmenard/Intro-to-Robotics-Research-Labs/final_ws/install/dynamixel_sdk/local/lib/python3.10/dist-packages:${PYTHONPATH} /usr/bin/cmake --build /home/augustmenard/Intro-to-Robotics-Research-Labs/final_ws/build/dynamixel_sdk_examples -- -j8 -l8
[28.908s] Invoking command in '/home/augustmenard/Intro-to-Robotics-Research-Labs/final_ws/build/dynamixel_sdk_examples': AMENT_PREFIX_PATH=/home/augustmenard/Intro-to-Robotics-Research-Labs/final_ws/install/dynamixel_sdk_custom_interfaces:/home/augustmenard/Intro-to-Robotics-Research-Labs/final_ws/install/dynamixel_sdk:${AMENT_PREFIX_PATH} CMAKE_PREFIX_PATH=/home/augustmenard/Intro-to-Robotics-Research-Labs/final_ws/install/dynamixel_sdk_custom_interfaces:/home/augustmenard/Intro-to-Robotics-Research-Labs/final_ws/install/dynamixel_sdk:/opt/ros/humble LD_LIBRARY_PATH=/home/augustmenard/Intro-to-Robotics-Research-Labs/final_ws/install/dynamixel_sdk_custom_interfaces/lib:/home/augustmenard/Intro-to-Robotics-Research-Labs/final_ws/install/dynamixel_sdk/lib:/opt/ros/humble/opt/rviz_ogre_vendor/lib:/opt/ros/humble/lib/x86_64-linux-gnu:/opt/ros/humble/lib:/usr/lib/x86_64-linux-gnu/gazebo-11/plugins PYTHONPATH=/home/augustmenard/Intro-to-Robotics-Research-Labs/final_ws/install/dynamixel_sdk_custom_interfaces/local/lib/python3.10/dist-packages:/home/augustmenard/Intro-to-Robotics-Research-Labs/final_ws/install/dynamixel_sdk/local/lib/python3.10/dist-packages:${PYTHONPATH} /usr/bin/cmake --install /home/augustmenard/Intro-to-Robotics-Research-Labs/final_ws/build/dynamixel_sdk_examples
[28.932s] -- Install configuration: ""
[28.933s] -- Installing: /home/augustmenard/Intro-to-Robotics-Research-Labs/final_ws/install/dynamixel_sdk_examples/lib/dynamixel_sdk_examples/read_write_node
[28.944s] -- Set runtime path of "/home/augustmenard/Intro-to-Robotics-Research-Labs/final_ws/install/dynamixel_sdk_examples/lib/dynamixel_sdk_examples/read_write_node" to ""
[28.944s] -- Installing: /home/augustmenard/Intro-to-Robotics-Research-Labs/final_ws/install/dynamixel_sdk_examples/lib/dynamixel_sdk_examples/read_write_node.py
[28.948s] -- Installing: /home/augustmenard/Intro-to-Robotics-Research-Labs/final_ws/install/dynamixel_sdk_examples/share/ament_index/resource_index/package_run_dependencies/dynamixel_sdk_examples
[28.948s] -- Installing: /home/augustmenard/Intro-to-Robotics-Research-Labs/final_ws/install/dynamixel_sdk_examples/share/ament_index/resource_index/parent_prefix_path/dynamixel_sdk_examples
[28.948s] -- Installing: /home/augustmenard/Intro-to-Robotics-Research-Labs/final_ws/install/dynamixel_sdk_examples/share/dynamixel_sdk_examples/environment/ament_prefix_path.sh
[28.949s] -- Installing: /home/augustmenard/Intro-to-Robotics-Research-Labs/final_ws/install/dynamixel_sdk_examples/share/dynamixel_sdk_examples/environment/ament_prefix_path.dsv
[28.949s] -- Installing: /home/augustmenard/Intro-to-Robotics-Research-Labs/final_ws/install/dynamixel_sdk_examples/share/dynamixel_sdk_examples/environment/path.sh
[28.949s] -- Installing: /home/augustmenard/Intro-to-Robotics-Research-Labs/final_ws/install/dynamixel_sdk_examples/share/dynamixel_sdk_examples/environment/path.dsv
[28.949s] -- Installing: /home/augustmenard/Intro-to-Robotics-Research-Labs/final_ws/install/dynamixel_sdk_examples/share/dynamixel_sdk_examples/local_setup.bash
[28.949s] -- Installing: /home/augustmenard/Intro-to-Robotics-Research-Labs/final_ws/install/dynamixel_sdk_examples/share/dynamixel_sdk_examples/local_setup.sh
[28.949s] -- Installing: /home/augustmenard/Intro-to-Robotics-Research-Labs/final_ws/install/dynamixel_sdk_examples/share/dynamixel_sdk_examples/local_setup.zsh
[28.949s] -- Installing: /home/augustmenard/Intro-to-Robotics-Research-Labs/final_ws/install/dynamixel_sdk_examples/share/dynamixel_sdk_examples/local_setup.dsv
[28.949s] -- Installing: /home/augustmenard/Intro-to-Robotics-Research-Labs/final_ws/install/dynamixel_sdk_examples/share/dynamixel_sdk_examples/package.dsv
[28.949s] -- Installing: /home/augustmenard/Intro-to-Robotics-Research-Labs/final_ws/install/dynamixel_sdk_examples/share/ament_index/resource_index/packages/dynamixel_sdk_examples
[28.949s] -- Installing: /home/augustmenard/Intro-to-Robotics-Research-Labs/final_ws/install/dynamixel_sdk_examples/share/dynamixel_sdk_examples/cmake/dynamixel_sdk_examplesConfig.cmake
[28.950s] -- Installing: /home/augustmenard/Intro-to-Robotics-Research-Labs/final_ws/install/dynamixel_sdk_examples/share/dynamixel_sdk_examples/cmake/dynamixel_sdk_examplesConfig-version.cmake
[28.950s] -- Installing: /home/augustmenard/Intro-to-Robotics-Research-Labs/final_ws/install/dynamixel_sdk_examples/share/dynamixel_sdk_examples/package.xml
[28.953s] Invoked command in '/home/augustmenard/Intro-to-Robotics-Research-Labs/final_ws/build/dynamixel_sdk_examples' returned '0': AMENT_PREFIX_PATH=/home/augustmenard/Intro-to-Robotics-Research-Labs/final_ws/install/dynamixel_sdk_custom_interfaces:/home/augustmenard/Intro-to-Robotics-Research-Labs/final_ws/install/dynamixel_sdk:${AMENT_PREFIX_PATH} CMAKE_PREFIX_PATH=/home/augustmenard/Intro-to-Robotics-Research-Labs/final_ws/install/dynamixel_sdk_custom_interfaces:/home/augustmenard/Intro-to-Robotics-Research-Labs/final_ws/install/dynamixel_sdk:/opt/ros/humble LD_LIBRARY_PATH=/home/augustmenard/Intro-to-Robotics-Research-Labs/final_ws/install/dynamixel_sdk_custom_interfaces/lib:/home/augustmenard/Intro-to-Robotics-Research-Labs/final_ws/install/dynamixel_sdk/lib:/opt/ros/humble/opt/rviz_ogre_vendor/lib:/opt/ros/humble/lib/x86_64-linux-gnu:/opt/ros/humble/lib:/usr/lib/x86_64-linux-gnu/gazebo-11/plugins PYTHONPATH=/home/augustmenard/Intro-to-Robotics-Research-Labs/final_ws/install/dynamixel_sdk_custom_interfaces/local/lib/python3.10/dist-packages:/home/augustmenard/Intro-to-Robotics-Research-Labs/final_ws/install/dynamixel_sdk/local/lib/python3.10/dist-packages:${PYTHONPATH} /usr/bin/cmake --install /home/augustmenard/Intro-to-Robotics-Research-Labs/final_ws/build/dynamixel_sdk_examples
