[0.042s] Invoking command in '/home/augustmenard/Intro-to-Robotics-Research-Labs/lab5_ws/build/turtlebot3_node': AMENT_PREFIX_PATH=/home/augustmenard/Intro-to-Robotics-Research-Labs/lab5_ws/install/turtlebot3_msgs:/home/augustmenard/Intro-to-Robotics-Research-Labs/lab5_ws/install/dynamixel_sdk:${AMENT_PREFIX_PATH} CMAKE_PREFIX_PATH=/home/augustmenard/Intro-to-Robotics-Research-Labs/lab5_ws/install/turtlebot3_msgs:/home/augustmenard/Intro-to-Robotics-Research-Labs/lab5_ws/install/dynamixel_sdk:/home/augustmenard/turtlebot3_ws/install/turtlebot3:/home/augustmenard/turtlebot3_ws/install/turtlebot3_simulations:/home/augustmenard/turtlebot3_ws/install/turtlebot3_bringup:/home/augustmenard/turtlebot3_ws/install/turtlebot3_node:/home/augustmenard/turtlebot3_ws/install/turtlebot3_navigation2:/home/augustmenard/turtlebot3_ws/install/turtlebot3_fake_node:/home/augustmenard/turtlebot3_ws/install/turtlebot3_msgs:/home/augustmenard/turtlebot3_ws/install/turtlebot3_manipulation_gazebo:/home/augustmenard/turtlebot3_ws/install/turtlebot3_gazebo:/home/augustmenard/turtlebot3_ws/install/turtlebot3_description:/home/augustmenard/turtlebot3_ws/install/turtlebot3_cartographer:/home/augustmenard/turtlebot3_ws/install/dynamixel_sdk_examples:/home/augustmenard/turtlebot3_ws/install/dynamixel_sdk_custom_interfaces:/home/augustmenard/turtlebot3_ws/install/dynamixel_sdk:/home/augustmenard/turtlebot3_ws/install/turtlebot3_teleop:/home/augustmenard/turtlebot3_ws/install/turtlebot3_example:/opt/ros/humble LD_LIBRARY_PATH=/home/augustmenard/Intro-to-Robotics-Research-Labs/lab5_ws/install/turtlebot3_msgs/lib:/home/augustmenard/Intro-to-Robotics-Research-Labs/lab5_ws/install/dynamixel_sdk/lib:/home/augustmenard/turtlebot3_ws/install/turtlebot3_msgs/lib:/home/augustmenard/turtlebot3_ws/install/dynamixel_sdk_custom_interfaces/lib:/home/augustmenard/turtlebot3_ws/install/dynamixel_sdk/lib:/usr/lib/x86_64-linux-gnu/gazebo-11/plugins:/opt/ros/humble/opt/rviz_ogre_vendor/lib:/opt/ros/humble/lib/x86_64-linux-gnu:/opt/ros/humble/lib:/usr/lib/x86_64-linux-gnu/gazebo-11/plugins PYTHONPATH=/home/augustmenard/Intro-to-Robotics-Research-Labs/lab5_ws/install/turtlebot3_msgs/local/lib/python3.10/dist-packages:/home/augustmenard/Intro-to-Robotics-Research-Labs/lab5_ws/install/dynamixel_sdk/local/lib/python3.10/dist-packages:${PYTHONPATH} /usr/bin/cmake /home/augustmenard/Intro-to-Robotics-Research-Labs/lab5_ws/src/turtlebot3/turtlebot3_node -DCMAKE_INSTALL_PREFIX=/home/augustmenard/Intro-to-Robotics-Research-Labs/lab5_ws/install/turtlebot3_node
[0.688s] -- The C compiler identification is GNU 11.4.0
[0.688s] -- The CXX compiler identification is GNU 11.4.0
[0.688s] -- Detecting C compiler ABI info
[0.689s] -- Detecting C compiler ABI info - done
[0.689s] -- Check for working C compiler: /usr/bin/cc - skipped
[0.689s] -- Detecting C compile features
[0.689s] -- Detecting C compile features - done
[0.689s] -- Detecting CXX compiler ABI info
[0.783s] -- Detecting CXX compiler ABI info - done
[0.808s] -- Check for working CXX compiler: /usr/bin/c++ - skipped
[0.809s] -- Detecting CXX compile features
[0.810s] -- Detecting CXX compile features - done
[0.823s] -- Found ament_cmake: 1.3.12 (/opt/ros/humble/share/ament_cmake/cmake)
[1.303s] -- Found Python3: /usr/bin/python3 (found version "3.10.12") found components: Interpreter 
[1.514s] -- Found dynamixel_sdk: 3.8.4 (/home/augustmenard/Intro-to-Robotics-Research-Labs/lab5_ws/install/dynamixel_sdk/share/dynamixel_sdk/cmake)
[1.521s] -- Found geometry_msgs: 4.9.0 (/opt/ros/humble/share/geometry_msgs/cmake)
[1.614s] -- Found rosidl_generator_c: 3.1.7 (/opt/ros/humble/share/rosidl_generator_c/cmake)
[1.629s] -- Found rosidl_adapter: 3.1.7 (/opt/ros/humble/share/rosidl_adapter/cmake)
[1.649s] -- Found rosidl_generator_cpp: 3.1.7 (/opt/ros/humble/share/rosidl_generator_cpp/cmake)
[1.681s] -- Using all available rosidl_typesupport_c: rosidl_typesupport_fastrtps_c;rosidl_typesupport_introspection_c
[1.739s] -- Using all available rosidl_typesupport_cpp: rosidl_typesupport_fastrtps_cpp;rosidl_typesupport_introspection_cpp
[1.837s] -- Found message_filters: 4.3.8 (/opt/ros/humble/share/message_filters/cmake)
[2.001s] -- Found rmw_implementation_cmake: 6.1.2 (/opt/ros/humble/share/rmw_implementation_cmake/cmake)
[2.013s] -- Found rmw_fastrtps_cpp: 6.2.8 (/opt/ros/humble/share/rmw_fastrtps_cpp/cmake)
[2.228s] -- Found OpenSSL: /usr/lib/x86_64-linux-gnu/libcrypto.so (found version "3.0.2")  
[2.287s] -- Found FastRTPS: /opt/ros/humble/include  
[2.392s] -- Using RMW implementation 'rmw_fastrtps_cpp' as default
[2.414s] -- Looking for pthread.h
[2.608s] -- Looking for pthread.h - found
[2.608s] -- Performing Test CMAKE_HAVE_LIBC_PTHREAD
[2.839s] -- Performing Test CMAKE_HAVE_LIBC_PTHREAD - Success
[2.841s] -- Found Threads: TRUE  
[3.006s] -- Found nav_msgs: 4.9.0 (/opt/ros/humble/share/nav_msgs/cmake)
[3.047s] -- Found sensor_msgs: 4.9.0 (/opt/ros/humble/share/sensor_msgs/cmake)
[3.095s] -- Found std_srvs: 4.9.0 (/opt/ros/humble/share/std_srvs/cmake)
[3.142s] -- Found tf2: 0.25.16 (/opt/ros/humble/share/tf2/cmake)
[3.193s] -- Found tf2_ros: 0.25.16 (/opt/ros/humble/share/tf2_ros/cmake)
[3.485s] -- Found turtlebot3_msgs: 2.4.0 (/home/augustmenard/Intro-to-Robotics-Research-Labs/lab5_ws/install/turtlebot3_msgs/share/turtlebot3_msgs/cmake)
[3.695s] -- Configuring done
[3.776s] -- Generating done
[3.805s] -- Build files have been written to: /home/augustmenard/Intro-to-Robotics-Research-Labs/lab5_ws/build/turtlebot3_node
[3.840s] Invoked command in '/home/augustmenard/Intro-to-Robotics-Research-Labs/lab5_ws/build/turtlebot3_node' returned '0': AMENT_PREFIX_PATH=/home/augustmenard/Intro-to-Robotics-Research-Labs/lab5_ws/install/turtlebot3_msgs:/home/augustmenard/Intro-to-Robotics-Research-Labs/lab5_ws/install/dynamixel_sdk:${AMENT_PREFIX_PATH} CMAKE_PREFIX_PATH=/home/augustmenard/Intro-to-Robotics-Research-Labs/lab5_ws/install/turtlebot3_msgs:/home/augustmenard/Intro-to-Robotics-Research-Labs/lab5_ws/install/dynamixel_sdk:/home/augustmenard/turtlebot3_ws/install/turtlebot3:/home/augustmenard/turtlebot3_ws/install/turtlebot3_simulations:/home/augustmenard/turtlebot3_ws/install/turtlebot3_bringup:/home/augustmenard/turtlebot3_ws/install/turtlebot3_node:/home/augustmenard/turtlebot3_ws/install/turtlebot3_navigation2:/home/augustmenard/turtlebot3_ws/install/turtlebot3_fake_node:/home/augustmenard/turtlebot3_ws/install/turtlebot3_msgs:/home/augustmenard/turtlebot3_ws/install/turtlebot3_manipulation_gazebo:/home/augustmenard/turtlebot3_ws/install/turtlebot3_gazebo:/home/augustmenard/turtlebot3_ws/install/turtlebot3_description:/home/augustmenard/turtlebot3_ws/install/turtlebot3_cartographer:/home/augustmenard/turtlebot3_ws/install/dynamixel_sdk_examples:/home/augustmenard/turtlebot3_ws/install/dynamixel_sdk_custom_interfaces:/home/augustmenard/turtlebot3_ws/install/dynamixel_sdk:/home/augustmenard/turtlebot3_ws/install/turtlebot3_teleop:/home/augustmenard/turtlebot3_ws/install/turtlebot3_example:/opt/ros/humble LD_LIBRARY_PATH=/home/augustmenard/Intro-to-Robotics-Research-Labs/lab5_ws/install/turtlebot3_msgs/lib:/home/augustmenard/Intro-to-Robotics-Research-Labs/lab5_ws/install/dynamixel_sdk/lib:/home/augustmenard/turtlebot3_ws/install/turtlebot3_msgs/lib:/home/augustmenard/turtlebot3_ws/install/dynamixel_sdk_custom_interfaces/lib:/home/augustmenard/turtlebot3_ws/install/dynamixel_sdk/lib:/usr/lib/x86_64-linux-gnu/gazebo-11/plugins:/opt/ros/humble/opt/rviz_ogre_vendor/lib:/opt/ros/humble/lib/x86_64-linux-gnu:/opt/ros/humble/lib:/usr/lib/x86_64-linux-gnu/gazebo-11/plugins PYTHONPATH=/home/augustmenard/Intro-to-Robotics-Research-Labs/lab5_ws/install/turtlebot3_msgs/local/lib/python3.10/dist-packages:/home/augustmenard/Intro-to-Robotics-Research-Labs/lab5_ws/install/dynamixel_sdk/local/lib/python3.10/dist-packages:${PYTHONPATH} /usr/bin/cmake /home/augustmenard/Intro-to-Robotics-Research-Labs/lab5_ws/src/turtlebot3/turtlebot3_node -DCMAKE_INSTALL_PREFIX=/home/augustmenard/Intro-to-Robotics-Research-Labs/lab5_ws/install/turtlebot3_node
[3.846s] Invoking command in '/home/augustmenard/Intro-to-Robotics-Research-Labs/lab5_ws/build/turtlebot3_node': AMENT_PREFIX_PATH=/home/augustmenard/Intro-to-Robotics-Research-Labs/lab5_ws/install/turtlebot3_msgs:/home/augustmenard/Intro-to-Robotics-Research-Labs/lab5_ws/install/dynamixel_sdk:${AMENT_PREFIX_PATH} CMAKE_PREFIX_PATH=/home/augustmenard/Intro-to-Robotics-Research-Labs/lab5_ws/install/turtlebot3_msgs:/home/augustmenard/Intro-to-Robotics-Research-Labs/lab5_ws/install/dynamixel_sdk:/home/augustmenard/turtlebot3_ws/install/turtlebot3:/home/augustmenard/turtlebot3_ws/install/turtlebot3_simulations:/home/augustmenard/turtlebot3_ws/install/turtlebot3_bringup:/home/augustmenard/turtlebot3_ws/install/turtlebot3_node:/home/augustmenard/turtlebot3_ws/install/turtlebot3_navigation2:/home/augustmenard/turtlebot3_ws/install/turtlebot3_fake_node:/home/augustmenard/turtlebot3_ws/install/turtlebot3_msgs:/home/augustmenard/turtlebot3_ws/install/turtlebot3_manipulation_gazebo:/home/augustmenard/turtlebot3_ws/install/turtlebot3_gazebo:/home/augustmenard/turtlebot3_ws/install/turtlebot3_description:/home/augustmenard/turtlebot3_ws/install/turtlebot3_cartographer:/home/augustmenard/turtlebot3_ws/install/dynamixel_sdk_examples:/home/augustmenard/turtlebot3_ws/install/dynamixel_sdk_custom_interfaces:/home/augustmenard/turtlebot3_ws/install/dynamixel_sdk:/home/augustmenard/turtlebot3_ws/install/turtlebot3_teleop:/home/augustmenard/turtlebot3_ws/install/turtlebot3_example:/opt/ros/humble LD_LIBRARY_PATH=/home/augustmenard/Intro-to-Robotics-Research-Labs/lab5_ws/install/turtlebot3_msgs/lib:/home/augustmenard/Intro-to-Robotics-Research-Labs/lab5_ws/install/dynamixel_sdk/lib:/home/augustmenard/turtlebot3_ws/install/turtlebot3_msgs/lib:/home/augustmenard/turtlebot3_ws/install/dynamixel_sdk_custom_interfaces/lib:/home/augustmenard/turtlebot3_ws/install/dynamixel_sdk/lib:/usr/lib/x86_64-linux-gnu/gazebo-11/plugins:/opt/ros/humble/opt/rviz_ogre_vendor/lib:/opt/ros/humble/lib/x86_64-linux-gnu:/opt/ros/humble/lib:/usr/lib/x86_64-linux-gnu/gazebo-11/plugins PYTHONPATH=/home/augustmenard/Intro-to-Robotics-Research-Labs/lab5_ws/install/turtlebot3_msgs/local/lib/python3.10/dist-packages:/home/augustmenard/Intro-to-Robotics-Research-Labs/lab5_ws/install/dynamixel_sdk/local/lib/python3.10/dist-packages:${PYTHONPATH} /usr/bin/cmake --build /home/augustmenard/Intro-to-Robotics-Research-Labs/lab5_ws/build/turtlebot3_node -- -j8 -l8
[3.960s] [  7%] [32mBuilding CXX object CMakeFiles/turtlebot3_node_lib.dir/src/devices/motor_power.cpp.o[0m
[3.962s] [ 14%] [32mBuilding CXX object CMakeFiles/turtlebot3_node_lib.dir/src/devices/reset.cpp.o[0m
[3.964s] [ 21%] [32mBuilding CXX object CMakeFiles/turtlebot3_node_lib.dir/src/diff_drive_controller.cpp.o[0m
[3.964s] [ 28%] [32mBuilding CXX object CMakeFiles/turtlebot3_node_lib.dir/src/devices/sound.cpp.o[0m
[3.973s] [ 35%] [32mBuilding CXX object CMakeFiles/turtlebot3_node_lib.dir/src/odometry.cpp.o[0m
[3.976s] [ 42%] [32mBuilding CXX object CMakeFiles/turtlebot3_node_lib.dir/src/turtlebot3.cpp.o[0m
[3.977s] [ 50%] [32mBuilding CXX object CMakeFiles/turtlebot3_node_lib.dir/src/dynamixel_sdk_wrapper.cpp.o[0m
[3.987s] [ 57%] [32mBuilding CXX object CMakeFiles/turtlebot3_node_lib.dir/src/sensors/battery_state.cpp.o[0m
[5.619s] [ 64%] [32mBuilding CXX object CMakeFiles/turtlebot3_node_lib.dir/src/sensors/imu.cpp.o[0m
[11.287s] [ 71%] [32mBuilding CXX object CMakeFiles/turtlebot3_node_lib.dir/src/sensors/joint_state.cpp.o[0m
[15.217s] [ 78%] [32mBuilding CXX object CMakeFiles/turtlebot3_node_lib.dir/src/sensors/sensor_state.cpp.o[0m
[29.563s] [ 85%] [32m[1mLinking CXX static library libturtlebot3_node_lib.a[0m
[29.978s] [ 85%] Built target turtlebot3_node_lib
[29.994s] [ 92%] [32mBuilding CXX object CMakeFiles/turtlebot3_ros.dir/src/node_main.cpp.o[0m
[32.672s] [100%] [32m[1mLinking CXX executable turtlebot3_ros[0m
[34.358s] [100%] Built target turtlebot3_ros
[34.366s] Invoked command in '/home/augustmenard/Intro-to-Robotics-Research-Labs/lab5_ws/build/turtlebot3_node' returned '0': AMENT_PREFIX_PATH=/home/augustmenard/Intro-to-Robotics-Research-Labs/lab5_ws/install/turtlebot3_msgs:/home/augustmenard/Intro-to-Robotics-Research-Labs/lab5_ws/install/dynamixel_sdk:${AMENT_PREFIX_PATH} CMAKE_PREFIX_PATH=/home/augustmenard/Intro-to-Robotics-Research-Labs/lab5_ws/install/turtlebot3_msgs:/home/augustmenard/Intro-to-Robotics-Research-Labs/lab5_ws/install/dynamixel_sdk:/home/augustmenard/turtlebot3_ws/install/turtlebot3:/home/augustmenard/turtlebot3_ws/install/turtlebot3_simulations:/home/augustmenard/turtlebot3_ws/install/turtlebot3_bringup:/home/augustmenard/turtlebot3_ws/install/turtlebot3_node:/home/augustmenard/turtlebot3_ws/install/turtlebot3_navigation2:/home/augustmenard/turtlebot3_ws/install/turtlebot3_fake_node:/home/augustmenard/turtlebot3_ws/install/turtlebot3_msgs:/home/augustmenard/turtlebot3_ws/install/turtlebot3_manipulation_gazebo:/home/augustmenard/turtlebot3_ws/install/turtlebot3_gazebo:/home/augustmenard/turtlebot3_ws/install/turtlebot3_description:/home/augustmenard/turtlebot3_ws/install/turtlebot3_cartographer:/home/augustmenard/turtlebot3_ws/install/dynamixel_sdk_examples:/home/augustmenard/turtlebot3_ws/install/dynamixel_sdk_custom_interfaces:/home/augustmenard/turtlebot3_ws/install/dynamixel_sdk:/home/augustmenard/turtlebot3_ws/install/turtlebot3_teleop:/home/augustmenard/turtlebot3_ws/install/turtlebot3_example:/opt/ros/humble LD_LIBRARY_PATH=/home/augustmenard/Intro-to-Robotics-Research-Labs/lab5_ws/install/turtlebot3_msgs/lib:/home/augustmenard/Intro-to-Robotics-Research-Labs/lab5_ws/install/dynamixel_sdk/lib:/home/augustmenard/turtlebot3_ws/install/turtlebot3_msgs/lib:/home/augustmenard/turtlebot3_ws/install/dynamixel_sdk_custom_interfaces/lib:/home/augustmenard/turtlebot3_ws/install/dynamixel_sdk/lib:/usr/lib/x86_64-linux-gnu/gazebo-11/plugins:/opt/ros/humble/opt/rviz_ogre_vendor/lib:/opt/ros/humble/lib/x86_64-linux-gnu:/opt/ros/humble/lib:/usr/lib/x86_64-linux-gnu/gazebo-11/plugins PYTHONPATH=/home/augustmenard/Intro-to-Robotics-Research-Labs/lab5_ws/install/turtlebot3_msgs/local/lib/python3.10/dist-packages:/home/augustmenard/Intro-to-Robotics-Research-Labs/lab5_ws/install/dynamixel_sdk/local/lib/python3.10/dist-packages:${PYTHONPATH} /usr/bin/cmake --build /home/augustmenard/Intro-to-Robotics-Research-Labs/lab5_ws/build/turtlebot3_node -- -j8 -l8
[34.367s] Invoking command in '/home/augustmenard/Intro-to-Robotics-Research-Labs/lab5_ws/build/turtlebot3_node': AMENT_PREFIX_PATH=/home/augustmenard/Intro-to-Robotics-Research-Labs/lab5_ws/install/turtlebot3_msgs:/home/augustmenard/Intro-to-Robotics-Research-Labs/lab5_ws/install/dynamixel_sdk:${AMENT_PREFIX_PATH} CMAKE_PREFIX_PATH=/home/augustmenard/Intro-to-Robotics-Research-Labs/lab5_ws/install/turtlebot3_msgs:/home/augustmenard/Intro-to-Robotics-Research-Labs/lab5_ws/install/dynamixel_sdk:/home/augustmenard/turtlebot3_ws/install/turtlebot3:/home/augustmenard/turtlebot3_ws/install/turtlebot3_simulations:/home/augustmenard/turtlebot3_ws/install/turtlebot3_bringup:/home/augustmenard/turtlebot3_ws/install/turtlebot3_node:/home/augustmenard/turtlebot3_ws/install/turtlebot3_navigation2:/home/augustmenard/turtlebot3_ws/install/turtlebot3_fake_node:/home/augustmenard/turtlebot3_ws/install/turtlebot3_msgs:/home/augustmenard/turtlebot3_ws/install/turtlebot3_manipulation_gazebo:/home/augustmenard/turtlebot3_ws/install/turtlebot3_gazebo:/home/augustmenard/turtlebot3_ws/install/turtlebot3_description:/home/augustmenard/turtlebot3_ws/install/turtlebot3_cartographer:/home/augustmenard/turtlebot3_ws/install/dynamixel_sdk_examples:/home/augustmenard/turtlebot3_ws/install/dynamixel_sdk_custom_interfaces:/home/augustmenard/turtlebot3_ws/install/dynamixel_sdk:/home/augustmenard/turtlebot3_ws/install/turtlebot3_teleop:/home/augustmenard/turtlebot3_ws/install/turtlebot3_example:/opt/ros/humble LD_LIBRARY_PATH=/home/augustmenard/Intro-to-Robotics-Research-Labs/lab5_ws/install/turtlebot3_msgs/lib:/home/augustmenard/Intro-to-Robotics-Research-Labs/lab5_ws/install/dynamixel_sdk/lib:/home/augustmenard/turtlebot3_ws/install/turtlebot3_msgs/lib:/home/augustmenard/turtlebot3_ws/install/dynamixel_sdk_custom_interfaces/lib:/home/augustmenard/turtlebot3_ws/install/dynamixel_sdk/lib:/usr/lib/x86_64-linux-gnu/gazebo-11/plugins:/opt/ros/humble/opt/rviz_ogre_vendor/lib:/opt/ros/humble/lib/x86_64-linux-gnu:/opt/ros/humble/lib:/usr/lib/x86_64-linux-gnu/gazebo-11/plugins PYTHONPATH=/home/augustmenard/Intro-to-Robotics-Research-Labs/lab5_ws/install/turtlebot3_msgs/local/lib/python3.10/dist-packages:/home/augustmenard/Intro-to-Robotics-Research-Labs/lab5_ws/install/dynamixel_sdk/local/lib/python3.10/dist-packages:${PYTHONPATH} /usr/bin/cmake --install /home/augustmenard/Intro-to-Robotics-Research-Labs/lab5_ws/build/turtlebot3_node
[34.373s] -- Install configuration: ""
[34.373s] -- Installing: /home/augustmenard/Intro-to-Robotics-Research-Labs/lab5_ws/install/turtlebot3_node/share/turtlebot3_node/param
[34.373s] -- Installing: /home/augustmenard/Intro-to-Robotics-Research-Labs/lab5_ws/install/turtlebot3_node/share/turtlebot3_node/param/burger.yaml
[34.373s] -- Installing: /home/augustmenard/Intro-to-Robotics-Research-Labs/lab5_ws/install/turtlebot3_node/share/turtlebot3_node/param/waffle_pi.yaml
[34.373s] -- Installing: /home/augustmenard/Intro-to-Robotics-Research-Labs/lab5_ws/install/turtlebot3_node/share/turtlebot3_node/param/waffle.yaml
[34.373s] -- Installing: /home/augustmenard/Intro-to-Robotics-Research-Labs/lab5_ws/install/turtlebot3_node/lib/turtlebot3_node/turtlebot3_ros
[34.381s] -- Set runtime path of "/home/augustmenard/Intro-to-Robotics-Research-Labs/lab5_ws/install/turtlebot3_node/lib/turtlebot3_node/turtlebot3_ros" to ""
[34.381s] -- Installing: /home/augustmenard/Intro-to-Robotics-Research-Labs/lab5_ws/install/turtlebot3_node/share/ament_index/resource_index/package_run_dependencies/turtlebot3_node
[34.381s] -- Installing: /home/augustmenard/Intro-to-Robotics-Research-Labs/lab5_ws/install/turtlebot3_node/share/ament_index/resource_index/parent_prefix_path/turtlebot3_node
[34.381s] -- Installing: /home/augustmenard/Intro-to-Robotics-Research-Labs/lab5_ws/install/turtlebot3_node/share/turtlebot3_node/environment/ament_prefix_path.sh
[34.381s] -- Installing: /home/augustmenard/Intro-to-Robotics-Research-Labs/lab5_ws/install/turtlebot3_node/share/turtlebot3_node/environment/ament_prefix_path.dsv
[34.381s] -- Installing: /home/augustmenard/Intro-to-Robotics-Research-Labs/lab5_ws/install/turtlebot3_node/share/turtlebot3_node/environment/path.sh
[34.381s] -- Installing: /home/augustmenard/Intro-to-Robotics-Research-Labs/lab5_ws/install/turtlebot3_node/share/turtlebot3_node/environment/path.dsv
[34.381s] -- Installing: /home/augustmenard/Intro-to-Robotics-Research-Labs/lab5_ws/install/turtlebot3_node/share/turtlebot3_node/local_setup.bash
[34.381s] -- Installing: /home/augustmenard/Intro-to-Robotics-Research-Labs/lab5_ws/install/turtlebot3_node/share/turtlebot3_node/local_setup.sh
[34.381s] -- Installing: /home/augustmenard/Intro-to-Robotics-Research-Labs/lab5_ws/install/turtlebot3_node/share/turtlebot3_node/local_setup.zsh
[34.382s] -- Installing: /home/augustmenard/Intro-to-Robotics-Research-Labs/lab5_ws/install/turtlebot3_node/share/turtlebot3_node/local_setup.dsv
[34.382s] -- Installing: /home/augustmenard/Intro-to-Robotics-Research-Labs/lab5_ws/install/turtlebot3_node/share/turtlebot3_node/package.dsv
[34.382s] -- Installing: /home/augustmenard/Intro-to-Robotics-Research-Labs/lab5_ws/install/turtlebot3_node/share/ament_index/resource_index/packages/turtlebot3_node
[34.382s] -- Installing: /home/augustmenard/Intro-to-Robotics-Research-Labs/lab5_ws/install/turtlebot3_node/share/turtlebot3_node/cmake/ament_cmake_export_dependencies-extras.cmake
[34.382s] -- Installing: /home/augustmenard/Intro-to-Robotics-Research-Labs/lab5_ws/install/turtlebot3_node/share/turtlebot3_node/cmake/ament_cmake_export_include_directories-extras.cmake
[34.382s] -- Installing: /home/augustmenard/Intro-to-Robotics-Research-Labs/lab5_ws/install/turtlebot3_node/share/turtlebot3_node/cmake/turtlebot3_nodeConfig.cmake
[34.382s] -- Installing: /home/augustmenard/Intro-to-Robotics-Research-Labs/lab5_ws/install/turtlebot3_node/share/turtlebot3_node/cmake/turtlebot3_nodeConfig-version.cmake
[34.382s] -- Installing: /home/augustmenard/Intro-to-Robotics-Research-Labs/lab5_ws/install/turtlebot3_node/share/turtlebot3_node/package.xml
[34.383s] Invoked command in '/home/augustmenard/Intro-to-Robotics-Research-Labs/lab5_ws/build/turtlebot3_node' returned '0': AMENT_PREFIX_PATH=/home/augustmenard/Intro-to-Robotics-Research-Labs/lab5_ws/install/turtlebot3_msgs:/home/augustmenard/Intro-to-Robotics-Research-Labs/lab5_ws/install/dynamixel_sdk:${AMENT_PREFIX_PATH} CMAKE_PREFIX_PATH=/home/augustmenard/Intro-to-Robotics-Research-Labs/lab5_ws/install/turtlebot3_msgs:/home/augustmenard/Intro-to-Robotics-Research-Labs/lab5_ws/install/dynamixel_sdk:/home/augustmenard/turtlebot3_ws/install/turtlebot3:/home/augustmenard/turtlebot3_ws/install/turtlebot3_simulations:/home/augustmenard/turtlebot3_ws/install/turtlebot3_bringup:/home/augustmenard/turtlebot3_ws/install/turtlebot3_node:/home/augustmenard/turtlebot3_ws/install/turtlebot3_navigation2:/home/augustmenard/turtlebot3_ws/install/turtlebot3_fake_node:/home/augustmenard/turtlebot3_ws/install/turtlebot3_msgs:/home/augustmenard/turtlebot3_ws/install/turtlebot3_manipulation_gazebo:/home/augustmenard/turtlebot3_ws/install/turtlebot3_gazebo:/home/augustmenard/turtlebot3_ws/install/turtlebot3_description:/home/augustmenard/turtlebot3_ws/install/turtlebot3_cartographer:/home/augustmenard/turtlebot3_ws/install/dynamixel_sdk_examples:/home/augustmenard/turtlebot3_ws/install/dynamixel_sdk_custom_interfaces:/home/augustmenard/turtlebot3_ws/install/dynamixel_sdk:/home/augustmenard/turtlebot3_ws/install/turtlebot3_teleop:/home/augustmenard/turtlebot3_ws/install/turtlebot3_example:/opt/ros/humble LD_LIBRARY_PATH=/home/augustmenard/Intro-to-Robotics-Research-Labs/lab5_ws/install/turtlebot3_msgs/lib:/home/augustmenard/Intro-to-Robotics-Research-Labs/lab5_ws/install/dynamixel_sdk/lib:/home/augustmenard/turtlebot3_ws/install/turtlebot3_msgs/lib:/home/augustmenard/turtlebot3_ws/install/dynamixel_sdk_custom_interfaces/lib:/home/augustmenard/turtlebot3_ws/install/dynamixel_sdk/lib:/usr/lib/x86_64-linux-gnu/gazebo-11/plugins:/opt/ros/humble/opt/rviz_ogre_vendor/lib:/opt/ros/humble/lib/x86_64-linux-gnu:/opt/ros/humble/lib:/usr/lib/x86_64-linux-gnu/gazebo-11/plugins PYTHONPATH=/home/augustmenard/Intro-to-Robotics-Research-Labs/lab5_ws/install/turtlebot3_msgs/local/lib/python3.10/dist-packages:/home/augustmenard/Intro-to-Robotics-Research-Labs/lab5_ws/install/dynamixel_sdk/local/lib/python3.10/dist-packages:${PYTHONPATH} /usr/bin/cmake --install /home/augustmenard/Intro-to-Robotics-Research-Labs/lab5_ws/build/turtlebot3_node
