running egg_info
writing ../../build/team_rocket_final/team_rocket_final.egg-info/PKG-INFO
writing dependency_links to ../../build/team_rocket_final/team_rocket_final.egg-info/dependency_links.txt
writing entry points to ../../build/team_rocket_final/team_rocket_final.egg-info/entry_points.txt
writing requirements to ../../build/team_rocket_final/team_rocket_final.egg-info/requires.txt
writing top-level names to ../../build/team_rocket_final/team_rocket_final.egg-info/top_level.txt
reading manifest file '../../build/team_rocket_final/team_rocket_final.egg-info/SOURCES.txt'
adding license file 'LICENSE'
writing manifest file '../../build/team_rocket_final/team_rocket_final.egg-info/SOURCES.txt'
running build
running build_py
running install
running install_lib
running install_data
copying team_rocket_final/best_model_small.pth -> /home/burger/Intro-to-Robotics-Research-Labs/final_ws/install/team_rocket_final/share/team_rocket_final
creating /home/burger/Intro-to-Robotics-Research-Labs/final_ws/install/team_rocket_final/share/team_rocket_final/launch
copying launch/team_rocket_final_launch.py -> /home/burger/Intro-to-Robotics-Research-Labs/final_ws/install/team_rocket_final/share/team_rocket_final/launch
running install_egg_info
Copying ../../build/team_rocket_final/team_rocket_final.egg-info to /home/burger/Intro-to-Robotics-Research-Labs/final_ws/install/team_rocket_final/lib/python3.10/site-packages/team_rocket_final-0.0.0-py3.10.egg-info
running install_scripts
Installing getObjectRange script to /home/burger/Intro-to-Robotics-Research-Labs/final_ws/install/team_rocket_final/lib/team_rocket_final
Installing moveRobot script to /home/burger/Intro-to-Robotics-Research-Labs/final_ws/install/team_rocket_final/lib/team_rocket_final
Installing signDetector script to /home/burger/Intro-to-Robotics-Research-Labs/final_ws/install/team_rocket_final/lib/team_rocket_final
writing list of installed files to '/home/burger/Intro-to-Robotics-Research-Labs/final_ws/build/team_rocket_final/install.log'
