[0.018s] Invoking command in '/home/augustmenard/Intro-to-Robotics-Research-Labs/final_ws/build/turtlebot3_gazebo': CMAKE_PREFIX_PATH=${CMAKE_PREFIX_PATH}:/home/augustmenard/Intro-to-Robotics-Research-Labs/final_ws/install/turtlebot3_teleop:/home/augustmenard/Intro-to-Robotics-Research-Labs/final_ws/install/turtlebot3_example:/home/augustmenard/Intro-to-Robotics-Research-Labs/final_ws/install/team_rocket_final:/opt/ros/humble /usr/bin/cmake /home/augustmenard/Intro-to-Robotics-Research-Labs/final_ws/src/turtlebot3_simulations/turtlebot3_gazebo -DCMAKE_INSTALL_PREFIX=/home/augustmenard/Intro-to-Robotics-Research-Labs/final_ws/install/turtlebot3_gazebo
[0.139s] -- The C compiler identification is GNU 11.4.0
[0.236s] -- The CXX compiler identification is GNU 11.4.0
[0.245s] -- Detecting C compiler ABI info
[0.326s] -- Detecting C compiler ABI info - done
[0.336s] -- Check for working C compiler: /usr/bin/cc - skipped
[0.337s] -- Detecting C compile features
[0.337s] -- Detecting C compile features - done
[0.348s] -- Detecting CXX compiler ABI info
[0.442s] -- Detecting CXX compiler ABI info - done
[0.448s] -- Check for working CXX compiler: /usr/bin/c++ - skipped
[0.449s] -- Detecting CXX compile features
[0.449s] -- Detecting CXX compile features - done
[0.453s] -- Found ament_cmake: 1.3.12 (/opt/ros/humble/share/ament_cmake/cmake)
[0.637s] -- Found Python3: /usr/bin/python3 (found version "3.10.12") found components: Interpreter 
[0.771s] -- Found PkgConfig: /usr/bin/pkg-config (found version "0.29.2") 
[0.774s] [33mCMake Warning (dev) at /usr/share/cmake-3.22/Modules/FindPackageHandleStandardArgs.cmake:438 (message):
[0.774s]   The package name passed to `find_package_handle_standard_args` (PkgConfig)
[0.774s]   does not match the name of the calling package (gazebo).  This can lead to
[0.774s]   problems in calling code that expects `find_package` result variables
[0.774s]   (e.g., `_FOUND`) to follow a certain pattern.
[0.774s] Call Stack (most recent call first):
[0.774s]   /usr/share/cmake-3.22/Modules/FindPkgConfig.cmake:99 (find_package_handle_standard_args)
[0.774s]   /usr/lib/x86_64-linux-gnu/cmake/gazebo/gazebo-config.cmake:72 (include)
[0.774s]   CMakeLists.txt:23 (find_package)
[0.774s] This warning is for project developers.  Use -Wno-dev to suppress it.
[0.774s] [0m
[0.775s] -- Checking for module 'bullet>=2.82'
[0.791s] --   Found bullet, version 3.05
[0.916s] -- Found fcl: /usr/include (found suitable version "0.7.0", minimum required is "0.5.0") 
[0.969s] -- Found assimp: /usr/include (found version "5.2.0") 
[0.996s] -- Found DART: /usr/include (Required is at least version "6.6") found components: dart 
[1.395s] -- Found Boost: /usr/lib/x86_64-linux-gnu/cmake/Boost-1.74.0/BoostConfig.cmake (found suitable version "1.74.0", minimum required is "1.40.0") found components: thread system filesystem program_options regex iostreams date_time 
[1.459s] -- Found Protobuf: /usr/lib/x86_64-linux-gnu/libprotobuf.so (found version "3.12.4") 
[1.494s] -- Looking for ignition-math6 -- found version 6.15.1
[1.504s] -- Searching for dependencies of ignition-math6
[1.504s] -- Looking for OGRE...
[1.504s] -- OGRE_PREFIX_WATCH changed.
[1.505s] -- Checking for module 'OGRE'
[1.545s] --   Found OGRE, version 1.9.0
[1.640s] -- Found Ogre Ghadamon (1.9.0)
[1.667s] -- Found OGRE: optimized;/usr/lib/x86_64-linux-gnu/libOgreMain.so;debug;/usr/lib/x86_64-linux-gnu/libOgreMain.so
[1.676s] -- Looking for OGRE_Paging...
[1.694s] -- Found OGRE_Paging: optimized;/usr/lib/x86_64-linux-gnu/libOgrePaging.so;debug;/usr/lib/x86_64-linux-gnu/libOgrePaging.so
[1.695s] -- Looking for OGRE_Terrain...
[1.715s] -- Found OGRE_Terrain: optimized;/usr/lib/x86_64-linux-gnu/libOgreTerrain.so;debug;/usr/lib/x86_64-linux-gnu/libOgreTerrain.so
[1.715s] -- Looking for OGRE_Property...
[1.734s] -- Found OGRE_Property: optimized;/usr/lib/x86_64-linux-gnu/libOgreProperty.so;debug;/usr/lib/x86_64-linux-gnu/libOgreProperty.so
[1.735s] -- Looking for OGRE_RTShaderSystem...
[1.753s] -- Found OGRE_RTShaderSystem: optimized;/usr/lib/x86_64-linux-gnu/libOgreRTShaderSystem.so;debug;/usr/lib/x86_64-linux-gnu/libOgreRTShaderSystem.so
[1.753s] -- Looking for OGRE_Volume...
[1.776s] -- Found OGRE_Volume: optimized;/usr/lib/x86_64-linux-gnu/libOgreVolume.so;debug;/usr/lib/x86_64-linux-gnu/libOgreVolume.so
[1.776s] -- Looking for OGRE_Overlay...
[1.788s] -- Found OGRE_Overlay: optimized;/usr/lib/x86_64-linux-gnu/libOgreOverlay.so;debug;/usr/lib/x86_64-linux-gnu/libOgreOverlay.so
[2.036s] -- Looking for ignition-math6 -- found version 6.15.1
[2.039s] -- Looking for ignition-transport8 -- found version 8.2.1
[2.039s] -- Searching for dependencies of ignition-transport8
[2.061s] -- Found Protobuf: /usr/lib/x86_64-linux-gnu/libprotobuf.so (found suitable version "3.12.4", minimum required is "3") 
[2.075s] -- Config-file not installed for ZeroMQ -- checking for pkg-config
[2.081s] -- Checking for module 'libzmq >= 4'
[2.098s] --   Found libzmq , version 4.3.4
[2.131s] -- Found ZeroMQ: TRUE (Required is at least version "4") 
[2.136s] -- Checking for module 'uuid'
[2.148s] --   Found uuid, version 2.37.2
[2.175s] -- Found UUID: TRUE  
[2.178s] -- Looking for ignition-msgs5 -- found version 5.8.1
[2.179s] -- Searching for dependencies of ignition-msgs5
[2.202s] -- Looking for ignition-math6 -- found version 6.15.1
[2.209s] -- Checking for module 'tinyxml2'
[2.225s] --   Found tinyxml2, version 9.0.0
[2.255s] -- Looking for ignition-msgs5 -- found version 5.8.1
[2.259s] -- Looking for ignition-common3 -- found version 3.14.0
[2.260s] -- Searching for dependencies of ignition-common3
[2.260s] -- Looking for dlfcn.h - found
[2.262s] -- Looking for libdl - found
[2.264s] -- Found DL: TRUE  
[2.281s] -- Found tinyobjloader: /usr/lib/x86_64-linux-gnu/cmake/tinyobjloader/tinyobjloader-config.cmake (found version "2.0.0") 
[2.281s] -- Searching for <ignition-common3> component [graphics]
[2.285s] -- Looking for ignition-common3-graphics -- found version 3.14.0
[2.286s] -- Searching for dependencies of ignition-common3-graphics
[2.286s] -- Looking for ignition-math6 -- found version 6.15.1
[2.291s] -- Looking for ignition-fuel_tools4 -- found version 4.4.0
[2.291s] -- Searching for dependencies of ignition-fuel_tools4
[2.399s] -- Found CURL: /usr/lib/x86_64-linux-gnu/libcurl.so (found version "7.81.0")  
[2.411s] -- Checking for module 'jsoncpp'
[2.426s] --   Found jsoncpp, version 1.9.5
[2.464s] -- Found JSONCPP: TRUE  
[2.473s] -- Checking for module 'libzip'
[2.488s] --   Found libzip, version 1.7.3
[2.528s] -- Found ZIP: TRUE  
[2.528s] -- Looking for ignition-common3 -- found version 3.14.0
[2.529s] -- Looking for ignition-math6 -- found version 6.15.1
[2.529s] -- Looking for ignition-msgs5 -- found version 5.8.1
[2.537s] -- Found gazebo_ros_pkgs: 3.9.0 (/opt/ros/humble/share/gazebo_ros_pkgs/cmake)
[2.540s] -- Found geometry_msgs: 4.9.0 (/opt/ros/humble/share/geometry_msgs/cmake)
[2.586s] -- Found rosidl_generator_c: 3.1.7 (/opt/ros/humble/share/rosidl_generator_c/cmake)
[2.594s] -- Found rosidl_adapter: 3.1.7 (/opt/ros/humble/share/rosidl_adapter/cmake)
[2.606s] -- Found rosidl_generator_cpp: 3.1.7 (/opt/ros/humble/share/rosidl_generator_cpp/cmake)
[2.625s] -- Using all available rosidl_typesupport_c: rosidl_typesupport_fastrtps_c;rosidl_typesupport_introspection_c
[2.650s] -- Using all available rosidl_typesupport_cpp: rosidl_typesupport_fastrtps_cpp;rosidl_typesupport_introspection_cpp
[2.694s] -- Found nav_msgs: 4.9.0 (/opt/ros/humble/share/nav_msgs/cmake)
[2.711s] -- Found rclcpp: 16.0.14 (/opt/ros/humble/share/rclcpp/cmake)
[2.756s] -- Found rmw_implementation_cmake: 6.1.2 (/opt/ros/humble/share/rmw_implementation_cmake/cmake)
[2.760s] -- Found rmw_fastrtps_cpp: 6.2.8 (/opt/ros/humble/share/rmw_fastrtps_cpp/cmake)
[2.888s] -- Found OpenSSL: /usr/lib/x86_64-linux-gnu/libcrypto.so (found version "3.0.2")  
[2.932s] -- Found FastRTPS: /opt/ros/humble/include  
[2.995s] -- Using RMW implementation 'rmw_fastrtps_cpp' as default
[3.011s] -- Found Threads: TRUE  
[3.085s] -- Found sensor_msgs: 4.9.0 (/opt/ros/humble/share/sensor_msgs/cmake)
[3.134s] -- Found tf2: 0.25.16 (/opt/ros/humble/share/tf2/cmake)
[3.278s] -- Configuring done
[3.364s] -- Generating done
[3.377s] -- Build files have been written to: /home/augustmenard/Intro-to-Robotics-Research-Labs/final_ws/build/turtlebot3_gazebo
