[1.748s] Invoking command in '/home/augustmenard/Intro-to-Robotics-Research-Labs/final_ws/src/team_rocket_final': PYTHONPATH=/home/augustmenard/Intro-to-Robotics-Research-Labs/final_ws/build/team_rocket_final/prefix_override:/usr/lib/python3/dist-packages/colcon_core/task/python/colcon_distutils_commands:/home/augustmenard/Intro-to-Robotics-Research-Labs/final_ws/install/team_rocket_final/lib/python3.10/site-packages:${PYTHONPATH} /usr/bin/python3 -W ignore:setup.py install is deprecated -W ignore:easy_install command is deprecated setup.py egg_info --egg-base ../../build/team_rocket_final build --build-base /home/augustmenard/Intro-to-Robotics-Research-Labs/final_ws/build/team_rocket_final/build install --record /home/augustmenard/Intro-to-Robotics-Research-Labs/final_ws/build/team_rocket_final/install.log --single-version-externally-managed install_data
[2.246s] running egg_info
[2.247s] writing ../../build/team_rocket_final/team_rocket_final.egg-info/PKG-INFO
[2.248s] writing dependency_links to ../../build/team_rocket_final/team_rocket_final.egg-info/dependency_links.txt
[2.248s] writing entry points to ../../build/team_rocket_final/team_rocket_final.egg-info/entry_points.txt
[2.249s] writing requirements to ../../build/team_rocket_final/team_rocket_final.egg-info/requires.txt
[2.249s] writing top-level names to ../../build/team_rocket_final/team_rocket_final.egg-info/top_level.txt
[2.252s] reading manifest file '../../build/team_rocket_final/team_rocket_final.egg-info/SOURCES.txt'
[2.253s] adding license file 'LICENSE'
[2.255s] writing manifest file '../../build/team_rocket_final/team_rocket_final.egg-info/SOURCES.txt'
[2.257s] running build
[2.257s] running build_py
[2.261s] copying team_rocket_final/moveRobot.py -> /home/augustmenard/Intro-to-Robotics-Research-Labs/final_ws/build/team_rocket_final/build/lib/team_rocket_final
[2.261s] running install
[2.262s] running install_lib
[2.266s] copying /home/augustmenard/Intro-to-Robotics-Research-Labs/final_ws/build/team_rocket_final/build/lib/team_rocket_final/moveRobot.py -> /home/augustmenard/Intro-to-Robotics-Research-Labs/final_ws/install/team_rocket_final/lib/python3.10/site-packages/team_rocket_final
[2.266s] byte-compiling /home/augustmenard/Intro-to-Robotics-Research-Labs/final_ws/install/team_rocket_final/lib/python3.10/site-packages/team_rocket_final/moveRobot.py to moveRobot.cpython-310.pyc
[2.279s] running install_data
[2.279s] running install_egg_info
[2.284s] removing '/home/augustmenard/Intro-to-Robotics-Research-Labs/final_ws/install/team_rocket_final/lib/python3.10/site-packages/team_rocket_final-0.0.0-py3.10.egg-info' (and everything under it)
[2.285s] Copying ../../build/team_rocket_final/team_rocket_final.egg-info to /home/augustmenard/Intro-to-Robotics-Research-Labs/final_ws/install/team_rocket_final/lib/python3.10/site-packages/team_rocket_final-0.0.0-py3.10.egg-info
[2.289s] running install_scripts
[2.345s] Installing getObjectRange script to /home/augustmenard/Intro-to-Robotics-Research-Labs/final_ws/install/team_rocket_final/lib/team_rocket_final
[2.346s] Installing moveRobot script to /home/augustmenard/Intro-to-Robotics-Research-Labs/final_ws/install/team_rocket_final/lib/team_rocket_final
[2.346s] Installing signDetector script to /home/augustmenard/Intro-to-Robotics-Research-Labs/final_ws/install/team_rocket_final/lib/team_rocket_final
[2.346s] writing list of installed files to '/home/augustmenard/Intro-to-Robotics-Research-Labs/final_ws/build/team_rocket_final/install.log'
[2.422s] Invoked command in '/home/augustmenard/Intro-to-Robotics-Research-Labs/final_ws/src/team_rocket_final' returned '0': PYTHONPATH=/home/augustmenard/Intro-to-Robotics-Research-Labs/final_ws/build/team_rocket_final/prefix_override:/usr/lib/python3/dist-packages/colcon_core/task/python/colcon_distutils_commands:/home/augustmenard/Intro-to-Robotics-Research-Labs/final_ws/install/team_rocket_final/lib/python3.10/site-packages:${PYTHONPATH} /usr/bin/python3 -W ignore:setup.py install is deprecated -W ignore:easy_install command is deprecated setup.py egg_info --egg-base ../../build/team_rocket_final build --build-base /home/augustmenard/Intro-to-Robotics-Research-Labs/final_ws/build/team_rocket_final/build install --record /home/augustmenard/Intro-to-Robotics-Research-Labs/final_ws/build/team_rocket_final/install.log --single-version-externally-managed install_data
