[0.026s] Invoking command in '/home/augustmenard/Intro-to-Robotics-Research-Labs/final_ws/build/dynamixel_sdk': CMAKE_PREFIX_PATH=/opt/ros/humble /usr/bin/cmake /home/augustmenard/Intro-to-Robotics-Research-Labs/final_ws/src/DynamixelSDK/ros/dynamixel_sdk -DCMAKE_INSTALL_PREFIX=/home/augustmenard/Intro-to-Robotics-Research-Labs/final_ws/install/dynamixel_sdk
[0.148s] -- The C compiler identification is GNU 11.4.0
[0.233s] -- The CXX compiler identification is GNU 11.4.0
[0.248s] -- Detecting C compiler ABI info
[0.328s] -- Detecting C compiler ABI info - done
[0.340s] -- Check for working C compiler: /usr/bin/cc - skipped
[0.340s] -- Detecting C compile features
[0.342s] -- Detecting C compile features - done
[0.352s] -- Detecting CXX compiler ABI info
[0.456s] -- Detecting CXX compiler ABI info - done
[0.470s] -- Check for working CXX compiler: /usr/bin/c++ - skipped
[0.470s] -- Detecting CXX compile features
[0.470s] -- Detecting CXX compile features - done
[0.470s] -- Found ament_cmake: 1.3.12 (/opt/ros/humble/share/ament_cmake/cmake)
[0.673s] -- Found Python3: /usr/bin/python3 (found version "3.10.12") found components: Interpreter 
[0.981s] -- Configuring done
[0.985s] -- Generating done
[0.986s] -- Build files have been written to: /home/augustmenard/Intro-to-Robotics-Research-Labs/final_ws/build/dynamixel_sdk
[1.007s] Invoked command in '/home/augustmenard/Intro-to-Robotics-Research-Labs/final_ws/build/dynamixel_sdk' returned '0': CMAKE_PREFIX_PATH=/opt/ros/humble /usr/bin/cmake /home/augustmenard/Intro-to-Robotics-Research-Labs/final_ws/src/DynamixelSDK/ros/dynamixel_sdk -DCMAKE_INSTALL_PREFIX=/home/augustmenard/Intro-to-Robotics-Research-Labs/final_ws/install/dynamixel_sdk
[1.009s] Invoking command in '/home/augustmenard/Intro-to-Robotics-Research-Labs/final_ws/build/dynamixel_sdk': CMAKE_PREFIX_PATH=/opt/ros/humble /usr/bin/cmake --build /home/augustmenard/Intro-to-Robotics-Research-Labs/final_ws/build/dynamixel_sdk -- -j8 -l8
[1.069s] [  7%] [32mBuilding CXX object CMakeFiles/dynamixel_sdk.dir/src/dynamixel_sdk/packet_handler.cpp.o[0m
[1.069s] [ 15%] [32mBuilding CXX object CMakeFiles/dynamixel_sdk.dir/src/dynamixel_sdk/group_sync_read.cpp.o[0m
[1.070s] [ 23%] [32mBuilding CXX object CMakeFiles/dynamixel_sdk.dir/src/dynamixel_sdk/protocol1_packet_handler.cpp.o[0m
[1.070s] [ 30%] [32mBuilding CXX object CMakeFiles/dynamixel_sdk.dir/src/dynamixel_sdk/group_bulk_read.cpp.o[0m
[1.070s] [ 38%] [32mBuilding CXX object CMakeFiles/dynamixel_sdk.dir/src/dynamixel_sdk/protocol2_packet_handler.cpp.o[0m
[1.072s] [ 46%] [32mBuilding CXX object CMakeFiles/dynamixel_sdk.dir/src/dynamixel_sdk/group_sync_write.cpp.o[0m
[1.080s] [ 53%] [32mBuilding CXX object CMakeFiles/dynamixel_sdk.dir/src/dynamixel_sdk/group_bulk_write.cpp.o[0m
[1.080s] [ 53%] Built target ament_cmake_python_copy_dynamixel_sdk
[1.330s] [ 61%] [32mBuilding CXX object CMakeFiles/dynamixel_sdk.dir/src/dynamixel_sdk/group_fast_bulk_read.cpp.o[0m
[1.460s] running egg_info
[1.461s] creating dynamixel_sdk.egg-info
[1.462s] writing dynamixel_sdk.egg-info/PKG-INFO
[1.463s] writing dependency_links to dynamixel_sdk.egg-info/dependency_links.txt
[1.464s] writing top-level names to dynamixel_sdk.egg-info/top_level.txt
[1.464s] writing manifest file 'dynamixel_sdk.egg-info/SOURCES.txt'
[1.467s] reading manifest file 'dynamixel_sdk.egg-info/SOURCES.txt'
[1.467s] writing manifest file 'dynamixel_sdk.egg-info/SOURCES.txt'
[1.486s] [ 69%] [32mBuilding CXX object CMakeFiles/dynamixel_sdk.dir/src/dynamixel_sdk/group_fast_sync_read.cpp.o[0m
[1.518s] [ 69%] Built target ament_cmake_python_build_dynamixel_sdk_egg
[1.547s] [ 76%] [32mBuilding CXX object CMakeFiles/dynamixel_sdk.dir/src/dynamixel_sdk/group_handler.cpp.o[0m
[1.597s] [ 84%] [32mBuilding CXX object CMakeFiles/dynamixel_sdk.dir/src/dynamixel_sdk/port_handler.cpp.o[0m
[1.649s] [ 92%] [32mBuilding CXX object CMakeFiles/dynamixel_sdk.dir/src/dynamixel_sdk/port_handler_linux.cpp.o[0m
[2.021s] [100%] [32m[1mLinking CXX shared library libdynamixel_sdk.so[0m
[2.145s] [100%] Built target dynamixel_sdk
[2.158s] Invoked command in '/home/augustmenard/Intro-to-Robotics-Research-Labs/final_ws/build/dynamixel_sdk' returned '0': CMAKE_PREFIX_PATH=/opt/ros/humble /usr/bin/cmake --build /home/augustmenard/Intro-to-Robotics-Research-Labs/final_ws/build/dynamixel_sdk -- -j8 -l8
[2.160s] Invoking command in '/home/augustmenard/Intro-to-Robotics-Research-Labs/final_ws/build/dynamixel_sdk': CMAKE_PREFIX_PATH=/opt/ros/humble /usr/bin/cmake --install /home/augustmenard/Intro-to-Robotics-Research-Labs/final_ws/build/dynamixel_sdk
[2.167s] -- Install configuration: ""
[2.167s] -- Installing: /home/augustmenard/Intro-to-Robotics-Research-Labs/final_ws/install/dynamixel_sdk/include/
[2.167s] -- Installing: /home/augustmenard/Intro-to-Robotics-Research-Labs/final_ws/install/dynamixel_sdk/include//dynamixel_sdk
[2.167s] -- Installing: /home/augustmenard/Intro-to-Robotics-Research-Labs/final_ws/install/dynamixel_sdk/include//dynamixel_sdk/port_handler_linux.h
[2.167s] -- Installing: /home/augustmenard/Intro-to-Robotics-Research-Labs/final_ws/install/dynamixel_sdk/include//dynamixel_sdk/packet_handler.h
[2.168s] -- Installing: /home/augustmenard/Intro-to-Robotics-Research-Labs/final_ws/install/dynamixel_sdk/include//dynamixel_sdk/group_sync_write.h
[2.168s] -- Installing: /home/augustmenard/Intro-to-Robotics-Research-Labs/final_ws/install/dynamixel_sdk/include//dynamixel_sdk/port_handler.h
[2.168s] -- Installing: /home/augustmenard/Intro-to-Robotics-Research-Labs/final_ws/install/dynamixel_sdk/include//dynamixel_sdk/group_fast_bulk_read.h
[2.168s] -- Installing: /home/augustmenard/Intro-to-Robotics-Research-Labs/final_ws/install/dynamixel_sdk/include//dynamixel_sdk/group_bulk_read.h
[2.168s] -- Installing: /home/augustmenard/Intro-to-Robotics-Research-Labs/final_ws/install/dynamixel_sdk/include//dynamixel_sdk/group_fast_sync_read.h
[2.168s] -- Installing: /home/augustmenard/Intro-to-Robotics-Research-Labs/final_ws/install/dynamixel_sdk/include//dynamixel_sdk/port_handler_mac.h
[2.168s] -- Installing: /home/augustmenard/Intro-to-Robotics-Research-Labs/final_ws/install/dynamixel_sdk/include//dynamixel_sdk/group_bulk_write.h
[2.168s] -- Installing: /home/augustmenard/Intro-to-Robotics-Research-Labs/final_ws/install/dynamixel_sdk/include//dynamixel_sdk/dynamixel_sdk.h
[2.168s] -- Installing: /home/augustmenard/Intro-to-Robotics-Research-Labs/final_ws/install/dynamixel_sdk/include//dynamixel_sdk/protocol2_packet_handler.h
[2.169s] -- Installing: /home/augustmenard/Intro-to-Robotics-Research-Labs/final_ws/install/dynamixel_sdk/include//dynamixel_sdk/port_handler_windows.h
[2.169s] -- Installing: /home/augustmenard/Intro-to-Robotics-Research-Labs/final_ws/install/dynamixel_sdk/include//dynamixel_sdk/protocol1_packet_handler.h
[2.169s] -- Installing: /home/augustmenard/Intro-to-Robotics-Research-Labs/final_ws/install/dynamixel_sdk/include//dynamixel_sdk/group_sync_read.h
[2.169s] -- Installing: /home/augustmenard/Intro-to-Robotics-Research-Labs/final_ws/install/dynamixel_sdk/include//dynamixel_sdk/port_handler_arduino.h
[2.169s] -- Installing: /home/augustmenard/Intro-to-Robotics-Research-Labs/final_ws/install/dynamixel_sdk/include//dynamixel_sdk/group_handler.h
[2.169s] -- Installing: /home/augustmenard/Intro-to-Robotics-Research-Labs/final_ws/install/dynamixel_sdk/lib/libdynamixel_sdk.so
[2.170s] -- Installing: /home/augustmenard/Intro-to-Robotics-Research-Labs/final_ws/install/dynamixel_sdk/share/dynamixel_sdk/environment/pythonpath.sh
[2.170s] -- Installing: /home/augustmenard/Intro-to-Robotics-Research-Labs/final_ws/install/dynamixel_sdk/share/dynamixel_sdk/environment/pythonpath.dsv
[2.170s] -- Installing: /home/augustmenard/Intro-to-Robotics-Research-Labs/final_ws/install/dynamixel_sdk/local/lib/python3.10/dist-packages/dynamixel_sdk-3.8.4-py3.10.egg-info
[2.170s] -- Installing: /home/augustmenard/Intro-to-Robotics-Research-Labs/final_ws/install/dynamixel_sdk/local/lib/python3.10/dist-packages/dynamixel_sdk-3.8.4-py3.10.egg-info/PKG-INFO
[2.170s] -- Installing: /home/augustmenard/Intro-to-Robotics-Research-Labs/final_ws/install/dynamixel_sdk/local/lib/python3.10/dist-packages/dynamixel_sdk-3.8.4-py3.10.egg-info/top_level.txt
[2.170s] -- Installing: /home/augustmenard/Intro-to-Robotics-Research-Labs/final_ws/install/dynamixel_sdk/local/lib/python3.10/dist-packages/dynamixel_sdk-3.8.4-py3.10.egg-info/SOURCES.txt
[2.170s] -- Installing: /home/augustmenard/Intro-to-Robotics-Research-Labs/final_ws/install/dynamixel_sdk/local/lib/python3.10/dist-packages/dynamixel_sdk-3.8.4-py3.10.egg-info/dependency_links.txt
[2.171s] -- Installing: /home/augustmenard/Intro-to-Robotics-Research-Labs/final_ws/install/dynamixel_sdk/local/lib/python3.10/dist-packages/dynamixel_sdk
[2.172s] -- Installing: /home/augustmenard/Intro-to-Robotics-Research-Labs/final_ws/install/dynamixel_sdk/local/lib/python3.10/dist-packages/dynamixel_sdk/protocol1_packet_handler.py
[2.172s] -- Installing: /home/augustmenard/Intro-to-Robotics-Research-Labs/final_ws/install/dynamixel_sdk/local/lib/python3.10/dist-packages/dynamixel_sdk/__init__.py
[2.172s] -- Installing: /home/augustmenard/Intro-to-Robotics-Research-Labs/final_ws/install/dynamixel_sdk/local/lib/python3.10/dist-packages/dynamixel_sdk/port_handler_windows.cpp
[2.172s] -- Installing: /home/augustmenard/Intro-to-Robotics-Research-Labs/final_ws/install/dynamixel_sdk/local/lib/python3.10/dist-packages/dynamixel_sdk/packet_handler.py
[2.172s] -- Installing: /home/augustmenard/Intro-to-Robotics-Research-Labs/final_ws/install/dynamixel_sdk/local/lib/python3.10/dist-packages/dynamixel_sdk/protocol2_packet_handler.py
[2.172s] -- Installing: /home/augustmenard/Intro-to-Robotics-Research-Labs/final_ws/install/dynamixel_sdk/local/lib/python3.10/dist-packages/dynamixel_sdk/group_handler.cpp
[2.172s] -- Installing: /home/augustmenard/Intro-to-Robotics-Research-Labs/final_ws/install/dynamixel_sdk/local/lib/python3.10/dist-packages/dynamixel_sdk/group_bulk_write.py
[2.172s] -- Installing: /home/augustmenard/Intro-to-Robotics-Research-Labs/final_ws/install/dynamixel_sdk/local/lib/python3.10/dist-packages/dynamixel_sdk/group_bulk_write.cpp
[2.172s] -- Installing: /home/augustmenard/Intro-to-Robotics-Research-Labs/final_ws/install/dynamixel_sdk/local/lib/python3.10/dist-packages/dynamixel_sdk/robotis_def.py
[2.173s] -- Installing: /home/augustmenard/Intro-to-Robotics-Research-Labs/final_ws/install/dynamixel_sdk/local/lib/python3.10/dist-packages/dynamixel_sdk/group_bulk_read.py
[2.173s] -- Installing: /home/augustmenard/Intro-to-Robotics-Research-Labs/final_ws/install/dynamixel_sdk/local/lib/python3.10/dist-packages/dynamixel_sdk/port_handler.py
[2.173s] -- Installing: /home/augustmenard/Intro-to-Robotics-Research-Labs/final_ws/install/dynamixel_sdk/local/lib/python3.10/dist-packages/dynamixel_sdk/port_handler_arduino.cpp
[2.173s] -- Installing: /home/augustmenard/Intro-to-Robotics-Research-Labs/final_ws/install/dynamixel_sdk/local/lib/python3.10/dist-packages/dynamixel_sdk/group_fast_sync_read.cpp
[2.173s] -- Installing: /home/augustmenard/Intro-to-Robotics-Research-Labs/final_ws/install/dynamixel_sdk/local/lib/python3.10/dist-packages/dynamixel_sdk/group_sync_read.py
[2.173s] -- Installing: /home/augustmenard/Intro-to-Robotics-Research-Labs/final_ws/install/dynamixel_sdk/local/lib/python3.10/dist-packages/dynamixel_sdk/group_sync_write.cpp
[2.173s] -- Installing: /home/augustmenard/Intro-to-Robotics-Research-Labs/final_ws/install/dynamixel_sdk/local/lib/python3.10/dist-packages/dynamixel_sdk/group_sync_write.py
[2.173s] -- Installing: /home/augustmenard/Intro-to-Robotics-Research-Labs/final_ws/install/dynamixel_sdk/local/lib/python3.10/dist-packages/dynamixel_sdk/group_sync_read.cpp
[2.173s] -- Installing: /home/augustmenard/Intro-to-Robotics-Research-Labs/final_ws/install/dynamixel_sdk/local/lib/python3.10/dist-packages/dynamixel_sdk/port_handler.cpp
[2.173s] -- Installing: /home/augustmenard/Intro-to-Robotics-Research-Labs/final_ws/install/dynamixel_sdk/local/lib/python3.10/dist-packages/dynamixel_sdk/group_fast_bulk_read.cpp
[2.173s] -- Installing: /home/augustmenard/Intro-to-Robotics-Research-Labs/final_ws/install/dynamixel_sdk/local/lib/python3.10/dist-packages/dynamixel_sdk/group_bulk_read.cpp
[2.173s] -- Installing: /home/augustmenard/Intro-to-Robotics-Research-Labs/final_ws/install/dynamixel_sdk/local/lib/python3.10/dist-packages/dynamixel_sdk/port_handler_mac.cpp
[2.174s] -- Installing: /home/augustmenard/Intro-to-Robotics-Research-Labs/final_ws/install/dynamixel_sdk/local/lib/python3.10/dist-packages/dynamixel_sdk/protocol1_packet_handler.cpp
[2.174s] -- Installing: /home/augustmenard/Intro-to-Robotics-Research-Labs/final_ws/install/dynamixel_sdk/local/lib/python3.10/dist-packages/dynamixel_sdk/packet_handler.cpp
[2.174s] -- Installing: /home/augustmenard/Intro-to-Robotics-Research-Labs/final_ws/install/dynamixel_sdk/local/lib/python3.10/dist-packages/dynamixel_sdk/protocol2_packet_handler.cpp
[2.174s] -- Installing: /home/augustmenard/Intro-to-Robotics-Research-Labs/final_ws/install/dynamixel_sdk/local/lib/python3.10/dist-packages/dynamixel_sdk/port_handler_linux.cpp
[2.231s] Listing '/home/augustmenard/Intro-to-Robotics-Research-Labs/final_ws/install/dynamixel_sdk/local/lib/python3.10/dist-packages/dynamixel_sdk'...
[2.231s] Compiling '/home/augustmenard/Intro-to-Robotics-Research-Labs/final_ws/install/dynamixel_sdk/local/lib/python3.10/dist-packages/dynamixel_sdk/__init__.py'...
[2.232s] Compiling '/home/augustmenard/Intro-to-Robotics-Research-Labs/final_ws/install/dynamixel_sdk/local/lib/python3.10/dist-packages/dynamixel_sdk/group_bulk_read.py'...
[2.232s] Compiling '/home/augustmenard/Intro-to-Robotics-Research-Labs/final_ws/install/dynamixel_sdk/local/lib/python3.10/dist-packages/dynamixel_sdk/group_bulk_write.py'...
[2.232s] Compiling '/home/augustmenard/Intro-to-Robotics-Research-Labs/final_ws/install/dynamixel_sdk/local/lib/python3.10/dist-packages/dynamixel_sdk/group_sync_read.py'...
[2.232s] Compiling '/home/augustmenard/Intro-to-Robotics-Research-Labs/final_ws/install/dynamixel_sdk/local/lib/python3.10/dist-packages/dynamixel_sdk/group_sync_write.py'...
[2.232s] Compiling '/home/augustmenard/Intro-to-Robotics-Research-Labs/final_ws/install/dynamixel_sdk/local/lib/python3.10/dist-packages/dynamixel_sdk/packet_handler.py'...
[2.232s] Compiling '/home/augustmenard/Intro-to-Robotics-Research-Labs/final_ws/install/dynamixel_sdk/local/lib/python3.10/dist-packages/dynamixel_sdk/port_handler.py'...
[2.232s] Compiling '/home/augustmenard/Intro-to-Robotics-Research-Labs/final_ws/install/dynamixel_sdk/local/lib/python3.10/dist-packages/dynamixel_sdk/protocol1_packet_handler.py'...
[2.232s] Compiling '/home/augustmenard/Intro-to-Robotics-Research-Labs/final_ws/install/dynamixel_sdk/local/lib/python3.10/dist-packages/dynamixel_sdk/protocol2_packet_handler.py'...
[2.232s] Compiling '/home/augustmenard/Intro-to-Robotics-Research-Labs/final_ws/install/dynamixel_sdk/local/lib/python3.10/dist-packages/dynamixel_sdk/robotis_def.py'...
[2.236s] -- Installing: /home/augustmenard/Intro-to-Robotics-Research-Labs/final_ws/install/dynamixel_sdk/share/dynamixel_sdk/environment/library_path.sh
[2.236s] -- Installing: /home/augustmenard/Intro-to-Robotics-Research-Labs/final_ws/install/dynamixel_sdk/share/dynamixel_sdk/environment/library_path.dsv
[2.237s] -- Installing: /home/augustmenard/Intro-to-Robotics-Research-Labs/final_ws/install/dynamixel_sdk/share/ament_index/resource_index/package_run_dependencies/dynamixel_sdk
[2.237s] -- Installing: /home/augustmenard/Intro-to-Robotics-Research-Labs/final_ws/install/dynamixel_sdk/share/ament_index/resource_index/parent_prefix_path/dynamixel_sdk
[2.237s] -- Installing: /home/augustmenard/Intro-to-Robotics-Research-Labs/final_ws/install/dynamixel_sdk/share/dynamixel_sdk/environment/ament_prefix_path.sh
[2.237s] -- Installing: /home/augustmenard/Intro-to-Robotics-Research-Labs/final_ws/install/dynamixel_sdk/share/dynamixel_sdk/environment/ament_prefix_path.dsv
[2.237s] -- Installing: /home/augustmenard/Intro-to-Robotics-Research-Labs/final_ws/install/dynamixel_sdk/share/dynamixel_sdk/environment/path.sh
[2.237s] -- Installing: /home/augustmenard/Intro-to-Robotics-Research-Labs/final_ws/install/dynamixel_sdk/share/dynamixel_sdk/environment/path.dsv
[2.237s] -- Installing: /home/augustmenard/Intro-to-Robotics-Research-Labs/final_ws/install/dynamixel_sdk/share/dynamixel_sdk/local_setup.bash
[2.237s] -- Installing: /home/augustmenard/Intro-to-Robotics-Research-Labs/final_ws/install/dynamixel_sdk/share/dynamixel_sdk/local_setup.sh
[2.238s] -- Installing: /home/augustmenard/Intro-to-Robotics-Research-Labs/final_ws/install/dynamixel_sdk/share/dynamixel_sdk/local_setup.zsh
[2.238s] -- Installing: /home/augustmenard/Intro-to-Robotics-Research-Labs/final_ws/install/dynamixel_sdk/share/dynamixel_sdk/local_setup.dsv
[2.238s] -- Installing: /home/augustmenard/Intro-to-Robotics-Research-Labs/final_ws/install/dynamixel_sdk/share/dynamixel_sdk/package.dsv
[2.238s] -- Installing: /home/augustmenard/Intro-to-Robotics-Research-Labs/final_ws/install/dynamixel_sdk/share/ament_index/resource_index/packages/dynamixel_sdk
[2.238s] -- Installing: /home/augustmenard/Intro-to-Robotics-Research-Labs/final_ws/install/dynamixel_sdk/share/dynamixel_sdk/cmake/dynamixel_sdkExport.cmake
[2.238s] -- Installing: /home/augustmenard/Intro-to-Robotics-Research-Labs/final_ws/install/dynamixel_sdk/share/dynamixel_sdk/cmake/dynamixel_sdkExport-noconfig.cmake
[2.239s] -- Installing: /home/augustmenard/Intro-to-Robotics-Research-Labs/final_ws/install/dynamixel_sdk/share/dynamixel_sdk/cmake/ament_cmake_export_targets-extras.cmake
[2.239s] -- Installing: /home/augustmenard/Intro-to-Robotics-Research-Labs/final_ws/install/dynamixel_sdk/share/dynamixel_sdk/cmake/ament_cmake_export_include_directories-extras.cmake
[2.239s] -- Installing: /home/augustmenard/Intro-to-Robotics-Research-Labs/final_ws/install/dynamixel_sdk/share/dynamixel_sdk/cmake/ament_cmake_export_libraries-extras.cmake
[2.239s] -- Installing: /home/augustmenard/Intro-to-Robotics-Research-Labs/final_ws/install/dynamixel_sdk/share/dynamixel_sdk/cmake/dynamixel_sdkConfig.cmake
[2.239s] -- Installing: /home/augustmenard/Intro-to-Robotics-Research-Labs/final_ws/install/dynamixel_sdk/share/dynamixel_sdk/cmake/dynamixel_sdkConfig-version.cmake
[2.239s] -- Installing: /home/augustmenard/Intro-to-Robotics-Research-Labs/final_ws/install/dynamixel_sdk/share/dynamixel_sdk/package.xml
[2.242s] Invoked command in '/home/augustmenard/Intro-to-Robotics-Research-Labs/final_ws/build/dynamixel_sdk' returned '0': CMAKE_PREFIX_PATH=/opt/ros/humble /usr/bin/cmake --install /home/augustmenard/Intro-to-Robotics-Research-Labs/final_ws/build/dynamixel_sdk
