[0.666s] Invoking command in '/home/augustmenard/Intro-to-Robotics-Research-Labs/final_ws/build/turtlebot3_fake_node': AMENT_PREFIX_PATH=/home/augustmenard/Intro-to-Robotics-Research-Labs/final_ws/install/turtlebot3_msgs:${AMENT_PREFIX_PATH} CMAKE_PREFIX_PATH=/home/augustmenard/Intro-to-Robotics-Research-Labs/final_ws/install/turtlebot3_msgs:/opt/ros/humble LD_LIBRARY_PATH=/home/augustmenard/Intro-to-Robotics-Research-Labs/final_ws/install/turtlebot3_msgs/lib:/opt/ros/humble/opt/rviz_ogre_vendor/lib:/opt/ros/humble/lib/x86_64-linux-gnu:/opt/ros/humble/lib:/usr/lib/x86_64-linux-gnu/gazebo-11/plugins PYTHONPATH=/home/augustmenard/Intro-to-Robotics-Research-Labs/final_ws/install/turtlebot3_msgs/local/lib/python3.10/dist-packages:${PYTHONPATH} /usr/bin/cmake /home/augustmenard/Intro-to-Robotics-Research-Labs/final_ws/src/turtlebot3_simulations/turtlebot3_fake_node -DCMAKE_INSTALL_PREFIX=/home/augustmenard/Intro-to-Robotics-Research-Labs/final_ws/install/turtlebot3_fake_node
[0.832s] -- The C compiler identification is GNU 11.4.0
[1.004s] -- The CXX compiler identification is GNU 11.4.0
[1.033s] -- Detecting C compiler ABI info
[1.248s] -- Detecting C compiler ABI info - done
[1.276s] -- Check for working C compiler: /usr/bin/cc - skipped
[1.276s] -- Detecting C compile features
[1.277s] -- Detecting C compile features - done
[1.293s] -- Detecting CXX compiler ABI info
[1.570s] -- Detecting CXX compiler ABI info - done
[1.601s] -- Check for working CXX compiler: /usr/bin/c++ - skipped
[1.601s] -- Detecting CXX compile features
[1.602s] -- Detecting CXX compile features - done
[1.614s] -- Found ament_cmake: 1.3.12 (/opt/ros/humble/share/ament_cmake/cmake)
[2.164s] -- Found Python3: /usr/bin/python3 (found version "3.10.12") found components: Interpreter 
[2.399s] -- Found geometry_msgs: 4.9.0 (/opt/ros/humble/share/geometry_msgs/cmake)
[2.483s] -- Found rosidl_generator_c: 3.1.7 (/opt/ros/humble/share/rosidl_generator_c/cmake)
[2.494s] -- Found rosidl_adapter: 3.1.7 (/opt/ros/humble/share/rosidl_adapter/cmake)
[2.512s] -- Found rosidl_generator_cpp: 3.1.7 (/opt/ros/humble/share/rosidl_generator_cpp/cmake)
[2.543s] -- Using all available rosidl_typesupport_c: rosidl_typesupport_fastrtps_c;rosidl_typesupport_introspection_c
[2.577s] -- Using all available rosidl_typesupport_cpp: rosidl_typesupport_fastrtps_cpp;rosidl_typesupport_introspection_cpp
[2.679s] -- Found nav_msgs: 4.9.0 (/opt/ros/humble/share/nav_msgs/cmake)
[2.729s] -- Found rclcpp: 16.0.14 (/opt/ros/humble/share/rclcpp/cmake)
[2.857s] -- Found rmw_implementation_cmake: 6.1.2 (/opt/ros/humble/share/rmw_implementation_cmake/cmake)
[2.862s] -- Found rmw_fastrtps_cpp: 6.2.8 (/opt/ros/humble/share/rmw_fastrtps_cpp/cmake)
[3.090s] -- Found OpenSSL: /usr/lib/x86_64-linux-gnu/libcrypto.so (found version "3.0.2")  
[3.159s] -- Found FastRTPS: /opt/ros/humble/include  
[3.257s] -- Using RMW implementation 'rmw_fastrtps_cpp' as default
[3.271s] -- Looking for pthread.h
[3.462s] -- Looking for pthread.h - found
[3.462s] -- Performing Test CMAKE_HAVE_LIBC_PTHREAD
[3.611s] -- Performing Test CMAKE_HAVE_LIBC_PTHREAD - Success
[3.613s] -- Found Threads: TRUE  
[3.710s] -- Found sensor_msgs: 4.9.0 (/opt/ros/humble/share/sensor_msgs/cmake)
[3.756s] -- Found tf2: 0.25.16 (/opt/ros/humble/share/tf2/cmake)
[3.786s] -- Found tf2_msgs: 0.25.16 (/opt/ros/humble/share/tf2_msgs/cmake)
[3.928s] -- Found turtlebot3_msgs: 2.4.0 (/home/augustmenard/Intro-to-Robotics-Research-Labs/final_ws/install/turtlebot3_msgs/share/turtlebot3_msgs/cmake)
[4.151s] -- Configuring done
[4.173s] -- Generating done
[4.183s] -- Build files have been written to: /home/augustmenard/Intro-to-Robotics-Research-Labs/final_ws/build/turtlebot3_fake_node
[4.202s] Invoked command in '/home/augustmenard/Intro-to-Robotics-Research-Labs/final_ws/build/turtlebot3_fake_node' returned '0': AMENT_PREFIX_PATH=/home/augustmenard/Intro-to-Robotics-Research-Labs/final_ws/install/turtlebot3_msgs:${AMENT_PREFIX_PATH} CMAKE_PREFIX_PATH=/home/augustmenard/Intro-to-Robotics-Research-Labs/final_ws/install/turtlebot3_msgs:/opt/ros/humble LD_LIBRARY_PATH=/home/augustmenard/Intro-to-Robotics-Research-Labs/final_ws/install/turtlebot3_msgs/lib:/opt/ros/humble/opt/rviz_ogre_vendor/lib:/opt/ros/humble/lib/x86_64-linux-gnu:/opt/ros/humble/lib:/usr/lib/x86_64-linux-gnu/gazebo-11/plugins PYTHONPATH=/home/augustmenard/Intro-to-Robotics-Research-Labs/final_ws/install/turtlebot3_msgs/local/lib/python3.10/dist-packages:${PYTHONPATH} /usr/bin/cmake /home/augustmenard/Intro-to-Robotics-Research-Labs/final_ws/src/turtlebot3_simulations/turtlebot3_fake_node -DCMAKE_INSTALL_PREFIX=/home/augustmenard/Intro-to-Robotics-Research-Labs/final_ws/install/turtlebot3_fake_node
[4.207s] Invoking command in '/home/augustmenard/Intro-to-Robotics-Research-Labs/final_ws/build/turtlebot3_fake_node': AMENT_PREFIX_PATH=/home/augustmenard/Intro-to-Robotics-Research-Labs/final_ws/install/turtlebot3_msgs:${AMENT_PREFIX_PATH} CMAKE_PREFIX_PATH=/home/augustmenard/Intro-to-Robotics-Research-Labs/final_ws/install/turtlebot3_msgs:/opt/ros/humble LD_LIBRARY_PATH=/home/augustmenard/Intro-to-Robotics-Research-Labs/final_ws/install/turtlebot3_msgs/lib:/opt/ros/humble/opt/rviz_ogre_vendor/lib:/opt/ros/humble/lib/x86_64-linux-gnu:/opt/ros/humble/lib:/usr/lib/x86_64-linux-gnu/gazebo-11/plugins PYTHONPATH=/home/augustmenard/Intro-to-Robotics-Research-Labs/final_ws/install/turtlebot3_msgs/local/lib/python3.10/dist-packages:${PYTHONPATH} /usr/bin/cmake --build /home/augustmenard/Intro-to-Robotics-Research-Labs/final_ws/build/turtlebot3_fake_node -- -j8 -l8
[4.288s] [ 50%] [32mBuilding CXX object CMakeFiles/turtlebot3_fake_node.dir/src/turtlebot3_fake_node.cpp.o[0m
[27.945s] [100%] [32m[1mLinking CXX executable turtlebot3_fake_node[0m
[28.576s] [100%] Built target turtlebot3_fake_node
[28.588s] Invoked command in '/home/augustmenard/Intro-to-Robotics-Research-Labs/final_ws/build/turtlebot3_fake_node' returned '0': AMENT_PREFIX_PATH=/home/augustmenard/Intro-to-Robotics-Research-Labs/final_ws/install/turtlebot3_msgs:${AMENT_PREFIX_PATH} CMAKE_PREFIX_PATH=/home/augustmenard/Intro-to-Robotics-Research-Labs/final_ws/install/turtlebot3_msgs:/opt/ros/humble LD_LIBRARY_PATH=/home/augustmenard/Intro-to-Robotics-Research-Labs/final_ws/install/turtlebot3_msgs/lib:/opt/ros/humble/opt/rviz_ogre_vendor/lib:/opt/ros/humble/lib/x86_64-linux-gnu:/opt/ros/humble/lib:/usr/lib/x86_64-linux-gnu/gazebo-11/plugins PYTHONPATH=/home/augustmenard/Intro-to-Robotics-Research-Labs/final_ws/install/turtlebot3_msgs/local/lib/python3.10/dist-packages:${PYTHONPATH} /usr/bin/cmake --build /home/augustmenard/Intro-to-Robotics-Research-Labs/final_ws/build/turtlebot3_fake_node -- -j8 -l8
[28.590s] Invoking command in '/home/augustmenard/Intro-to-Robotics-Research-Labs/final_ws/build/turtlebot3_fake_node': AMENT_PREFIX_PATH=/home/augustmenard/Intro-to-Robotics-Research-Labs/final_ws/install/turtlebot3_msgs:${AMENT_PREFIX_PATH} CMAKE_PREFIX_PATH=/home/augustmenard/Intro-to-Robotics-Research-Labs/final_ws/install/turtlebot3_msgs:/opt/ros/humble LD_LIBRARY_PATH=/home/augustmenard/Intro-to-Robotics-Research-Labs/final_ws/install/turtlebot3_msgs/lib:/opt/ros/humble/opt/rviz_ogre_vendor/lib:/opt/ros/humble/lib/x86_64-linux-gnu:/opt/ros/humble/lib:/usr/lib/x86_64-linux-gnu/gazebo-11/plugins PYTHONPATH=/home/augustmenard/Intro-to-Robotics-Research-Labs/final_ws/install/turtlebot3_msgs/local/lib/python3.10/dist-packages:${PYTHONPATH} /usr/bin/cmake --install /home/augustmenard/Intro-to-Robotics-Research-Labs/final_ws/build/turtlebot3_fake_node
[28.598s] -- Install configuration: ""
[28.598s] -- Installing: /home/augustmenard/Intro-to-Robotics-Research-Labs/final_ws/install/turtlebot3_fake_node/lib/turtlebot3_fake_node/turtlebot3_fake_node
[28.601s] -- Set runtime path of "/home/augustmenard/Intro-to-Robotics-Research-Labs/final_ws/install/turtlebot3_fake_node/lib/turtlebot3_fake_node/turtlebot3_fake_node" to ""
[28.601s] -- Installing: /home/augustmenard/Intro-to-Robotics-Research-Labs/final_ws/install/turtlebot3_fake_node/share/turtlebot3_fake_node/launch
[28.601s] -- Installing: /home/augustmenard/Intro-to-Robotics-Research-Labs/final_ws/install/turtlebot3_fake_node/share/turtlebot3_fake_node/launch/turtlebot3_fake_node.launch.py
[28.601s] -- Installing: /home/augustmenard/Intro-to-Robotics-Research-Labs/final_ws/install/turtlebot3_fake_node/share/turtlebot3_fake_node/launch/rviz2.launch.py
[28.602s] -- Installing: /home/augustmenard/Intro-to-Robotics-Research-Labs/final_ws/install/turtlebot3_fake_node/share/turtlebot3_fake_node/param
[28.602s] -- Installing: /home/augustmenard/Intro-to-Robotics-Research-Labs/final_ws/install/turtlebot3_fake_node/share/turtlebot3_fake_node/param/burger.yaml
[28.602s] -- Installing: /home/augustmenard/Intro-to-Robotics-Research-Labs/final_ws/install/turtlebot3_fake_node/share/turtlebot3_fake_node/param/waffle_pi.yaml
[28.602s] -- Installing: /home/augustmenard/Intro-to-Robotics-Research-Labs/final_ws/install/turtlebot3_fake_node/share/turtlebot3_fake_node/param/waffle.yaml
[28.602s] -- Installing: /home/augustmenard/Intro-to-Robotics-Research-Labs/final_ws/install/turtlebot3_fake_node/include/
[28.602s] -- Installing: /home/augustmenard/Intro-to-Robotics-Research-Labs/final_ws/install/turtlebot3_fake_node/include//turtlebot3_fake_node
[28.602s] -- Installing: /home/augustmenard/Intro-to-Robotics-Research-Labs/final_ws/install/turtlebot3_fake_node/include//turtlebot3_fake_node/turtlebot3_fake_node.hpp
[28.602s] -- Installing: /home/augustmenard/Intro-to-Robotics-Research-Labs/final_ws/install/turtlebot3_fake_node/share/ament_index/resource_index/package_run_dependencies/turtlebot3_fake_node
[28.602s] -- Installing: /home/augustmenard/Intro-to-Robotics-Research-Labs/final_ws/install/turtlebot3_fake_node/share/ament_index/resource_index/parent_prefix_path/turtlebot3_fake_node
[28.602s] -- Installing: /home/augustmenard/Intro-to-Robotics-Research-Labs/final_ws/install/turtlebot3_fake_node/share/turtlebot3_fake_node/environment/ament_prefix_path.sh
[28.603s] -- Installing: /home/augustmenard/Intro-to-Robotics-Research-Labs/final_ws/install/turtlebot3_fake_node/share/turtlebot3_fake_node/environment/ament_prefix_path.dsv
[28.603s] -- Installing: /home/augustmenard/Intro-to-Robotics-Research-Labs/final_ws/install/turtlebot3_fake_node/share/turtlebot3_fake_node/environment/path.sh
[28.603s] -- Installing: /home/augustmenard/Intro-to-Robotics-Research-Labs/final_ws/install/turtlebot3_fake_node/share/turtlebot3_fake_node/environment/path.dsv
[28.603s] -- Installing: /home/augustmenard/Intro-to-Robotics-Research-Labs/final_ws/install/turtlebot3_fake_node/share/turtlebot3_fake_node/local_setup.bash
[28.603s] -- Installing: /home/augustmenard/Intro-to-Robotics-Research-Labs/final_ws/install/turtlebot3_fake_node/share/turtlebot3_fake_node/local_setup.sh
[28.603s] -- Installing: /home/augustmenard/Intro-to-Robotics-Research-Labs/final_ws/install/turtlebot3_fake_node/share/turtlebot3_fake_node/local_setup.zsh
[28.603s] -- Installing: /home/augustmenard/Intro-to-Robotics-Research-Labs/final_ws/install/turtlebot3_fake_node/share/turtlebot3_fake_node/local_setup.dsv
[28.603s] -- Installing: /home/augustmenard/Intro-to-Robotics-Research-Labs/final_ws/install/turtlebot3_fake_node/share/turtlebot3_fake_node/package.dsv
[28.603s] -- Installing: /home/augustmenard/Intro-to-Robotics-Research-Labs/final_ws/install/turtlebot3_fake_node/share/ament_index/resource_index/packages/turtlebot3_fake_node
[28.603s] -- Installing: /home/augustmenard/Intro-to-Robotics-Research-Labs/final_ws/install/turtlebot3_fake_node/share/turtlebot3_fake_node/cmake/ament_cmake_export_include_directories-extras.cmake
[28.604s] -- Installing: /home/augustmenard/Intro-to-Robotics-Research-Labs/final_ws/install/turtlebot3_fake_node/share/turtlebot3_fake_node/cmake/ament_cmake_export_dependencies-extras.cmake
[28.604s] -- Installing: /home/augustmenard/Intro-to-Robotics-Research-Labs/final_ws/install/turtlebot3_fake_node/share/turtlebot3_fake_node/cmake/turtlebot3_fake_nodeConfig.cmake
[28.604s] -- Installing: /home/augustmenard/Intro-to-Robotics-Research-Labs/final_ws/install/turtlebot3_fake_node/share/turtlebot3_fake_node/cmake/turtlebot3_fake_nodeConfig-version.cmake
[28.604s] -- Installing: /home/augustmenard/Intro-to-Robotics-Research-Labs/final_ws/install/turtlebot3_fake_node/share/turtlebot3_fake_node/package.xml
[28.607s] Invoked command in '/home/augustmenard/Intro-to-Robotics-Research-Labs/final_ws/build/turtlebot3_fake_node' returned '0': AMENT_PREFIX_PATH=/home/augustmenard/Intro-to-Robotics-Research-Labs/final_ws/install/turtlebot3_msgs:${AMENT_PREFIX_PATH} CMAKE_PREFIX_PATH=/home/augustmenard/Intro-to-Robotics-Research-Labs/final_ws/install/turtlebot3_msgs:/opt/ros/humble LD_LIBRARY_PATH=/home/augustmenard/Intro-to-Robotics-Research-Labs/final_ws/install/turtlebot3_msgs/lib:/opt/ros/humble/opt/rviz_ogre_vendor/lib:/opt/ros/humble/lib/x86_64-linux-gnu:/opt/ros/humble/lib:/usr/lib/x86_64-linux-gnu/gazebo-11/plugins PYTHONPATH=/home/augustmenard/Intro-to-Robotics-Research-Labs/final_ws/install/turtlebot3_msgs/local/lib/python3.10/dist-packages:${PYTHONPATH} /usr/bin/cmake --install /home/augustmenard/Intro-to-Robotics-Research-Labs/final_ws/build/turtlebot3_fake_node
