[0.023s] Invoking command in '/home/augustmenard/Intro-to-Robotics-Research-Labs/lab5_ws/build/turtlebot3_gazebo': CMAKE_PREFIX_PATH=${CMAKE_PREFIX_PATH}:/home/augustmenard/turtlebot3_ws/install/turtlebot3_teleop:/home/augustmenard/turtlebot3_ws/install/turtlebot3_example:/opt/ros/humble /usr/bin/cmake /home/augustmenard/Intro-to-Robotics-Research-Labs/lab5_ws/src/turtlebot3_simulations/turtlebot3_gazebo -DCMAKE_INSTALL_PREFIX=/home/augustmenard/Intro-to-Robotics-Research-Labs/lab5_ws/install/turtlebot3_gazebo
[0.122s] -- The C compiler identification is GNU 11.4.0
[0.220s] -- The CXX compiler identification is GNU 11.4.0
[0.229s] -- Detecting C compiler ABI info
[0.316s] -- Detecting C compiler ABI info - done
[0.327s] -- Check for working C compiler: /usr/bin/cc - skipped
[0.328s] -- Detecting C compile features
[0.328s] -- Detecting C compile features - done
[0.331s] -- Detecting CXX compiler ABI info
[0.425s] -- Detecting CXX compiler ABI info - done
[0.437s] -- Check for working CXX compiler: /usr/bin/c++ - skipped
[0.437s] -- Detecting CXX compile features
[0.438s] -- Detecting CXX compile features - done
[0.445s] -- Found ament_cmake: 1.3.12 (/opt/ros/humble/share/ament_cmake/cmake)
[0.655s] -- Found Python3: /usr/bin/python3 (found version "3.10.12") found components: Interpreter 
[0.818s] -- Found PkgConfig: /usr/bin/pkg-config (found version "0.29.2") 
[0.818s] [33mCMake Warning (dev) at /usr/share/cmake-3.22/Modules/FindPackageHandleStandardArgs.cmake:438 (message):
[0.818s]   The package name passed to `find_package_handle_standard_args` (PkgConfig)
[0.818s]   does not match the name of the calling package (gazebo).  This can lead to
[0.818s]   problems in calling code that expects `find_package` result variables
[0.818s]   (e.g., `_FOUND`) to follow a certain pattern.
[0.818s] Call Stack (most recent call first):
[0.818s]   /usr/share/cmake-3.22/Modules/FindPkgConfig.cmake:99 (find_package_handle_standard_args)
[0.818s]   /usr/lib/x86_64-linux-gnu/cmake/gazebo/gazebo-config.cmake:72 (include)
[0.819s]   CMakeLists.txt:23 (find_package)
[0.819s] This warning is for project developers.  Use -Wno-dev to suppress it.
[0.819s] [0m
[0.824s] -- Checking for module 'bullet>=2.82'
[0.842s] --   Found bullet, version 3.05
[0.985s] -- Found fcl: /usr/include (found suitable version "0.7.0", minimum required is "0.5.0") 
[1.034s] -- Found assimp: /usr/include (found version "5.2.0") 
[1.062s] -- Found DART: /usr/include (Required is at least version "6.6") found components: dart 
[1.490s] -- Found Boost: /usr/lib/x86_64-linux-gnu/cmake/Boost-1.74.0/BoostConfig.cmake (found suitable version "1.74.0", minimum required is "1.40.0") found components: thread system filesystem program_options regex iostreams date_time 
[1.568s] -- Found Protobuf: /usr/lib/x86_64-linux-gnu/libprotobuf.so (found version "3.12.4") 
[1.596s] -- Looking for ignition-math6 -- found version 6.15.1
[1.614s] -- Searching for dependencies of ignition-math6
[1.615s] -- Looking for OGRE...
[1.615s] -- OGRE_PREFIX_WATCH changed.
[1.623s] -- Checking for module 'OGRE'
[1.654s] --   Found OGRE, version 1.9.0
[1.741s] -- Found Ogre Ghadamon (1.9.0)
[1.786s] -- Found OGRE: optimized;/usr/lib/x86_64-linux-gnu/libOgreMain.so;debug;/usr/lib/x86_64-linux-gnu/libOgreMain.so
[1.813s] -- Looking for OGRE_Paging...
[1.830s] -- Found OGRE_Paging: optimized;/usr/lib/x86_64-linux-gnu/libOgrePaging.so;debug;/usr/lib/x86_64-linux-gnu/libOgrePaging.so
[1.831s] -- Looking for OGRE_Terrain...
[1.848s] -- Found OGRE_Terrain: optimized;/usr/lib/x86_64-linux-gnu/libOgreTerrain.so;debug;/usr/lib/x86_64-linux-gnu/libOgreTerrain.so
[1.848s] -- Looking for OGRE_Property...
[1.864s] -- Found OGRE_Property: optimized;/usr/lib/x86_64-linux-gnu/libOgreProperty.so;debug;/usr/lib/x86_64-linux-gnu/libOgreProperty.so
[1.865s] -- Looking for OGRE_RTShaderSystem...
[1.879s] -- Found OGRE_RTShaderSystem: optimized;/usr/lib/x86_64-linux-gnu/libOgreRTShaderSystem.so;debug;/usr/lib/x86_64-linux-gnu/libOgreRTShaderSystem.so
[1.879s] -- Looking for OGRE_Volume...
[1.895s] -- Found OGRE_Volume: optimized;/usr/lib/x86_64-linux-gnu/libOgreVolume.so;debug;/usr/lib/x86_64-linux-gnu/libOgreVolume.so
[1.895s] -- Looking for OGRE_Overlay...
[1.912s] -- Found OGRE_Overlay: optimized;/usr/lib/x86_64-linux-gnu/libOgreOverlay.so;debug;/usr/lib/x86_64-linux-gnu/libOgreOverlay.so
[2.111s] -- Looking for ignition-math6 -- found version 6.15.1
[2.114s] -- Looking for ignition-transport8 -- found version 8.2.1
[2.115s] -- Searching for dependencies of ignition-transport8
[2.132s] -- Found Protobuf: /usr/lib/x86_64-linux-gnu/libprotobuf.so (found suitable version "3.12.4", minimum required is "3") 
[2.142s] -- Config-file not installed for ZeroMQ -- checking for pkg-config
[2.146s] -- Checking for module 'libzmq >= 4'
[2.160s] --   Found libzmq , version 4.3.4
[2.195s] -- Found ZeroMQ: TRUE (Required is at least version "4") 
[2.201s] -- Checking for module 'uuid'
[2.212s] --   Found uuid, version 2.37.2
[2.240s] -- Found UUID: TRUE  
[2.243s] -- Looking for ignition-msgs5 -- found version 5.8.1
[2.243s] -- Searching for dependencies of ignition-msgs5
[2.261s] -- Looking for ignition-math6 -- found version 6.15.1
[2.266s] -- Checking for module 'tinyxml2'
[2.276s] --   Found tinyxml2, version 9.0.0
[2.301s] -- Looking for ignition-msgs5 -- found version 5.8.1
[2.304s] -- Looking for ignition-common3 -- found version 3.14.0
[2.304s] -- Searching for dependencies of ignition-common3
[2.305s] -- Looking for dlfcn.h - found
[2.305s] -- Looking for libdl - found
[2.307s] -- Found DL: TRUE  
[2.318s] -- Found tinyobjloader: /usr/lib/x86_64-linux-gnu/cmake/tinyobjloader/tinyobjloader-config.cmake (found version "2.0.0") 
[2.318s] -- Searching for <ignition-common3> component [graphics]
[2.321s] -- Looking for ignition-common3-graphics -- found version 3.14.0
[2.323s] -- Searching for dependencies of ignition-common3-graphics
[2.323s] -- Looking for ignition-math6 -- found version 6.15.1
[2.325s] -- Looking for ignition-fuel_tools4 -- found version 4.4.0
[2.326s] -- Searching for dependencies of ignition-fuel_tools4
[2.398s] -- Found CURL: /usr/lib/x86_64-linux-gnu/libcurl.so (found version "7.81.0")  
[2.412s] -- Checking for module 'jsoncpp'
[2.432s] --   Found jsoncpp, version 1.9.5
[2.469s] -- Found JSONCPP: TRUE  
[2.478s] -- Checking for module 'libzip'
[2.492s] --   Found libzip, version 1.7.3
[2.521s] -- Found ZIP: TRUE  
[2.521s] -- Looking for ignition-common3 -- found version 3.14.0
[2.522s] -- Looking for ignition-math6 -- found version 6.15.1
[2.522s] -- Looking for ignition-msgs5 -- found version 5.8.1
[2.532s] -- Found gazebo_ros_pkgs: 3.9.0 (/opt/ros/humble/share/gazebo_ros_pkgs/cmake)
[2.536s] -- Found geometry_msgs: 4.9.0 (/opt/ros/humble/share/geometry_msgs/cmake)
[2.595s] -- Found rosidl_generator_c: 3.1.7 (/opt/ros/humble/share/rosidl_generator_c/cmake)
[2.605s] -- Found rosidl_adapter: 3.1.7 (/opt/ros/humble/share/rosidl_adapter/cmake)
[2.621s] -- Found rosidl_generator_cpp: 3.1.7 (/opt/ros/humble/share/rosidl_generator_cpp/cmake)
[2.642s] -- Using all available rosidl_typesupport_c: rosidl_typesupport_fastrtps_c;rosidl_typesupport_introspection_c
[2.672s] -- Using all available rosidl_typesupport_cpp: rosidl_typesupport_fastrtps_cpp;rosidl_typesupport_introspection_cpp
[2.729s] -- Found nav_msgs: 4.9.0 (/opt/ros/humble/share/nav_msgs/cmake)
[2.756s] -- Found rclcpp: 16.0.14 (/opt/ros/humble/share/rclcpp/cmake)
[2.815s] -- Found rmw_implementation_cmake: 6.1.2 (/opt/ros/humble/share/rmw_implementation_cmake/cmake)
[2.821s] -- Found rmw_fastrtps_cpp: 6.2.8 (/opt/ros/humble/share/rmw_fastrtps_cpp/cmake)
[3.084s] -- Found OpenSSL: /usr/lib/x86_64-linux-gnu/libcrypto.so (found version "3.0.2")  
[3.163s] -- Found FastRTPS: /opt/ros/humble/include  
[3.288s] -- Using RMW implementation 'rmw_fastrtps_cpp' as default
[3.327s] -- Found Threads: TRUE  
[3.473s] -- Found sensor_msgs: 4.9.0 (/opt/ros/humble/share/sensor_msgs/cmake)
[3.550s] -- Found tf2: 0.25.16 (/opt/ros/humble/share/tf2/cmake)
[3.749s] -- Configuring done
[3.887s] -- Generating done
[3.903s] -- Build files have been written to: /home/augustmenard/Intro-to-Robotics-Research-Labs/lab5_ws/build/turtlebot3_gazebo
[3.934s] Invoked command in '/home/augustmenard/Intro-to-Robotics-Research-Labs/lab5_ws/build/turtlebot3_gazebo' returned '0': CMAKE_PREFIX_PATH=${CMAKE_PREFIX_PATH}:/home/augustmenard/turtlebot3_ws/install/turtlebot3_teleop:/home/augustmenard/turtlebot3_ws/install/turtlebot3_example:/opt/ros/humble /usr/bin/cmake /home/augustmenard/Intro-to-Robotics-Research-Labs/lab5_ws/src/turtlebot3_simulations/turtlebot3_gazebo -DCMAKE_INSTALL_PREFIX=/home/augustmenard/Intro-to-Robotics-Research-Labs/lab5_ws/install/turtlebot3_gazebo
[3.935s] Invoking command in '/home/augustmenard/Intro-to-Robotics-Research-Labs/lab5_ws/build/turtlebot3_gazebo': CMAKE_PREFIX_PATH=${CMAKE_PREFIX_PATH}:/home/augustmenard/turtlebot3_ws/install/turtlebot3_teleop:/home/augustmenard/turtlebot3_ws/install/turtlebot3_example:/opt/ros/humble /usr/bin/cmake --build /home/augustmenard/Intro-to-Robotics-Research-Labs/lab5_ws/build/turtlebot3_gazebo -- -j8 -l8
[4.078s] [  8%] [32mBuilding CXX object CMakeFiles/traffic_bar_plugin.dir/src/traffic_bar_plugin.cpp.o[0m
[4.079s] [ 16%] [32mBuilding CXX object CMakeFiles/turtlebot3_drive.dir/src/turtlebot3_drive.cpp.o[0m
[4.083s] [ 25%] [32mBuilding CXX object CMakeFiles/obstacle1.dir/src/obstacle1.cpp.o[0m
[4.087s] [ 33%] [32mBuilding CXX object CMakeFiles/obstacles.dir/src/obstacles.cpp.o[0m
[4.091s] [ 41%] [32mBuilding CXX object CMakeFiles/traffic_light_plugin.dir/src/traffic_light_plugin.cpp.o[0m
[4.095s] [ 50%] [32mBuilding CXX object CMakeFiles/obstacle2.dir/src/obstacle2.cpp.o[0m
[24.136s] [ 58%] [32m[1mLinking CXX executable turtlebot3_drive[0m
[27.058s] [ 58%] Built target turtlebot3_drive
[30.169s] [ 66%] [32m[1mLinking CXX shared library libobstacle2.so[0m
[31.067s] [ 75%] [32m[1mLinking CXX shared library libobstacles.so[0m
[31.145s] [ 75%] Built target obstacle2
[31.546s] [ 75%] Built target obstacles
[33.668s] [ 83%] [32m[1mLinking CXX shared library libtraffic_light_plugin.so[0m
[34.192s] [ 91%] [32m[1mLinking CXX shared library libobstacle1.so[0m
[34.608s] [ 91%] Built target traffic_light_plugin
[34.885s] [ 91%] Built target obstacle1
[35.521s] [100%] [32m[1mLinking CXX shared library libtraffic_bar_plugin.so[0m
[36.041s] [100%] Built target traffic_bar_plugin
[36.061s] Invoked command in '/home/augustmenard/Intro-to-Robotics-Research-Labs/lab5_ws/build/turtlebot3_gazebo' returned '0': CMAKE_PREFIX_PATH=${CMAKE_PREFIX_PATH}:/home/augustmenard/turtlebot3_ws/install/turtlebot3_teleop:/home/augustmenard/turtlebot3_ws/install/turtlebot3_example:/opt/ros/humble /usr/bin/cmake --build /home/augustmenard/Intro-to-Robotics-Research-Labs/lab5_ws/build/turtlebot3_gazebo -- -j8 -l8
[36.066s] Invoking command in '/home/augustmenard/Intro-to-Robotics-Research-Labs/lab5_ws/build/turtlebot3_gazebo': CMAKE_PREFIX_PATH=${CMAKE_PREFIX_PATH}:/home/augustmenard/turtlebot3_ws/install/turtlebot3_teleop:/home/augustmenard/turtlebot3_ws/install/turtlebot3_example:/opt/ros/humble /usr/bin/cmake --install /home/augustmenard/Intro-to-Robotics-Research-Labs/lab5_ws/build/turtlebot3_gazebo
[36.093s] -- Install configuration: ""
[36.095s] -- Installing: /home/augustmenard/Intro-to-Robotics-Research-Labs/lab5_ws/install/turtlebot3_gazebo/lib/turtlebot3_gazebo/turtlebot3_drive
[36.108s] -- Set runtime path of "/home/augustmenard/Intro-to-Robotics-Research-Labs/lab5_ws/install/turtlebot3_gazebo/lib/turtlebot3_gazebo/turtlebot3_drive" to ""
[36.108s] -- Installing: /home/augustmenard/Intro-to-Robotics-Research-Labs/lab5_ws/install/turtlebot3_gazebo/share/turtlebot3_gazebo//launch
[36.109s] -- Installing: /home/augustmenard/Intro-to-Robotics-Research-Labs/lab5_ws/install/turtlebot3_gazebo/share/turtlebot3_gazebo//launch/spawn_turtlebot3.launch.py
[36.110s] -- Installing: /home/augustmenard/Intro-to-Robotics-Research-Labs/lab5_ws/install/turtlebot3_gazebo/share/turtlebot3_gazebo//launch/robot_state_publisher.launch.py
[36.110s] -- Installing: /home/augustmenard/Intro-to-Robotics-Research-Labs/lab5_ws/install/turtlebot3_gazebo/share/turtlebot3_gazebo//launch/7785_maze.launch.py
[36.110s] -- Installing: /home/augustmenard/Intro-to-Robotics-Research-Labs/lab5_ws/install/turtlebot3_gazebo/share/turtlebot3_gazebo//launch/empty_world.launch.py
[36.110s] -- Installing: /home/augustmenard/Intro-to-Robotics-Research-Labs/lab5_ws/install/turtlebot3_gazebo/share/turtlebot3_gazebo//launch/turtlebot3_autorace_2020.launch.py
[36.110s] -- Installing: /home/augustmenard/Intro-to-Robotics-Research-Labs/lab5_ws/install/turtlebot3_gazebo/share/turtlebot3_gazebo//launch/multi_spawn_turtlebot3.launch.py
[36.111s] -- Installing: /home/augustmenard/Intro-to-Robotics-Research-Labs/lab5_ws/install/turtlebot3_gazebo/share/turtlebot3_gazebo//launch/turtlebot3_house.launch.py
[36.111s] -- Installing: /home/augustmenard/Intro-to-Robotics-Research-Labs/lab5_ws/install/turtlebot3_gazebo/share/turtlebot3_gazebo//launch/turtlebot3_dqn_stage4.launch.py
[36.111s] -- Installing: /home/augustmenard/Intro-to-Robotics-Research-Labs/lab5_ws/install/turtlebot3_gazebo/share/turtlebot3_gazebo//launch/turtlebot3_dqn_stage2.launch.py
[36.111s] -- Installing: /home/augustmenard/Intro-to-Robotics-Research-Labs/lab5_ws/install/turtlebot3_gazebo/share/turtlebot3_gazebo//launch/turtlebot3_world.launch.py
[36.113s] -- Installing: /home/augustmenard/Intro-to-Robotics-Research-Labs/lab5_ws/install/turtlebot3_gazebo/share/turtlebot3_gazebo//launch/multi_robot.launch.py
[36.113s] -- Installing: /home/augustmenard/Intro-to-Robotics-Research-Labs/lab5_ws/install/turtlebot3_gazebo/share/turtlebot3_gazebo//launch/turtlebot3_dqn_stage1.launch.py
[36.113s] -- Installing: /home/augustmenard/Intro-to-Robotics-Research-Labs/lab5_ws/install/turtlebot3_gazebo/share/turtlebot3_gazebo//launch/turtlebot3_dqn_stage3.launch.py
[36.114s] -- Installing: /home/augustmenard/Intro-to-Robotics-Research-Labs/lab5_ws/install/turtlebot3_gazebo/share/turtlebot3_gazebo//models
[36.114s] -- Installing: /home/augustmenard/Intro-to-Robotics-Research-Labs/lab5_ws/install/turtlebot3_gazebo/share/turtlebot3_gazebo//models/turtlebot3_waffle
[36.114s] -- Installing: /home/augustmenard/Intro-to-Robotics-Research-Labs/lab5_ws/install/turtlebot3_gazebo/share/turtlebot3_gazebo//models/turtlebot3_waffle/model.sdf
[36.114s] -- Installing: /home/augustmenard/Intro-to-Robotics-Research-Labs/lab5_ws/install/turtlebot3_gazebo/share/turtlebot3_gazebo//models/turtlebot3_waffle/model-1_4.sdf
[36.114s] -- Installing: /home/augustmenard/Intro-to-Robotics-Research-Labs/lab5_ws/install/turtlebot3_gazebo/share/turtlebot3_gazebo//models/turtlebot3_waffle/model.config
[36.114s] -- Installing: /home/augustmenard/Intro-to-Robotics-Research-Labs/lab5_ws/install/turtlebot3_gazebo/share/turtlebot3_gazebo//models/turtlebot3_burger_cam
[36.114s] -- Installing: /home/augustmenard/Intro-to-Robotics-Research-Labs/lab5_ws/install/turtlebot3_gazebo/share/turtlebot3_gazebo//models/turtlebot3_burger_cam/model.sdf
[36.114s] -- Installing: /home/augustmenard/Intro-to-Robotics-Research-Labs/lab5_ws/install/turtlebot3_gazebo/share/turtlebot3_gazebo//models/turtlebot3_burger_cam/model-1_4.sdf
[36.114s] -- Installing: /home/augustmenard/Intro-to-Robotics-Research-Labs/lab5_ws/install/turtlebot3_gazebo/share/turtlebot3_gazebo//models/turtlebot3_burger_cam/model.config
[36.114s] -- Installing: /home/augustmenard/Intro-to-Robotics-Research-Labs/lab5_ws/install/turtlebot3_gazebo/share/turtlebot3_gazebo//models/turtlebot3_waffle_pi
[36.115s] -- Installing: /home/augustmenard/Intro-to-Robotics-Research-Labs/lab5_ws/install/turtlebot3_gazebo/share/turtlebot3_gazebo//models/turtlebot3_waffle_pi/model.sdf
[36.115s] -- Installing: /home/augustmenard/Intro-to-Robotics-Research-Labs/lab5_ws/install/turtlebot3_gazebo/share/turtlebot3_gazebo//models/turtlebot3_waffle_pi/model.config
[36.115s] -- Installing: /home/augustmenard/Intro-to-Robotics-Research-Labs/lab5_ws/install/turtlebot3_gazebo/share/turtlebot3_gazebo//models/turtlebot3_waffle_pi/model-1_4_.sdf
[36.115s] -- Installing: /home/augustmenard/Intro-to-Robotics-Research-Labs/lab5_ws/install/turtlebot3_gazebo/share/turtlebot3_gazebo//models/turtlebot3_world
[36.115s] -- Installing: /home/augustmenard/Intro-to-Robotics-Research-Labs/lab5_ws/install/turtlebot3_gazebo/share/turtlebot3_gazebo//models/turtlebot3_world/model.sdf
[36.115s] -- Installing: /home/augustmenard/Intro-to-Robotics-Research-Labs/lab5_ws/install/turtlebot3_gazebo/share/turtlebot3_gazebo//models/turtlebot3_world/model-1_4.sdf
[36.115s] -- Installing: /home/augustmenard/Intro-to-Robotics-Research-Labs/lab5_ws/install/turtlebot3_gazebo/share/turtlebot3_gazebo//models/turtlebot3_world/model.config
[36.115s] -- Installing: /home/augustmenard/Intro-to-Robotics-Research-Labs/lab5_ws/install/turtlebot3_gazebo/share/turtlebot3_gazebo//models/turtlebot3_world/meshes
[36.115s] -- Installing: /home/augustmenard/Intro-to-Robotics-Research-Labs/lab5_ws/install/turtlebot3_gazebo/share/turtlebot3_gazebo//models/turtlebot3_world/meshes/wall.dae
[36.116s] -- Installing: /home/augustmenard/Intro-to-Robotics-Research-Labs/lab5_ws/install/turtlebot3_gazebo/share/turtlebot3_gazebo//models/turtlebot3_world/meshes/hexagon.dae
[36.116s] -- Installing: /home/augustmenard/Intro-to-Robotics-Research-Labs/lab5_ws/install/turtlebot3_gazebo/share/turtlebot3_gazebo//models/turtlebot3_autorace_2020
[36.116s] -- Installing: /home/augustmenard/Intro-to-Robotics-Research-Labs/lab5_ws/install/turtlebot3_gazebo/share/turtlebot3_gazebo//models/turtlebot3_autorace_2020/traffic_light
[36.116s] -- Installing: /home/augustmenard/Intro-to-Robotics-Research-Labs/lab5_ws/install/turtlebot3_gazebo/share/turtlebot3_gazebo//models/turtlebot3_autorace_2020/traffic_light/model.sdf
[36.116s] -- Installing: /home/augustmenard/Intro-to-Robotics-Research-Labs/lab5_ws/install/turtlebot3_gazebo/share/turtlebot3_gazebo//models/turtlebot3_autorace_2020/traffic_light/model.config
[36.116s] -- Installing: /home/augustmenard/Intro-to-Robotics-Research-Labs/lab5_ws/install/turtlebot3_gazebo/share/turtlebot3_gazebo//models/turtlebot3_autorace_2020/traffic_light/materials
[36.116s] -- Installing: /home/augustmenard/Intro-to-Robotics-Research-Labs/lab5_ws/install/turtlebot3_gazebo/share/turtlebot3_gazebo//models/turtlebot3_autorace_2020/traffic_light/materials/scripts
[36.120s] -- Installing: /home/augustmenard/Intro-to-Robotics-Research-Labs/lab5_ws/install/turtlebot3_gazebo/share/turtlebot3_gazebo//models/turtlebot3_autorace_2020/traffic_light/materials/scripts/traffic_light.material
[36.120s] -- Installing: /home/augustmenard/Intro-to-Robotics-Research-Labs/lab5_ws/install/turtlebot3_gazebo/share/turtlebot3_gazebo//models/turtlebot3_autorace_2020/traffic_light/materials/textures
[36.120s] -- Installing: /home/augustmenard/Intro-to-Robotics-Research-Labs/lab5_ws/install/turtlebot3_gazebo/share/turtlebot3_gazebo//models/turtlebot3_autorace_2020/traffic_light/materials/textures/traffic_light.png
[36.121s] -- Installing: /home/augustmenard/Intro-to-Robotics-Research-Labs/lab5_ws/install/turtlebot3_gazebo/share/turtlebot3_gazebo//models/turtlebot3_autorace_2020/traffic_light/materials/textures/traffic_light_red.png
[36.121s] -- Installing: /home/augustmenard/Intro-to-Robotics-Research-Labs/lab5_ws/install/turtlebot3_gazebo/share/turtlebot3_gazebo//models/turtlebot3_autorace_2020/traffic_light/materials/textures/traffic_light_green.png
[36.121s] -- Installing: /home/augustmenard/Intro-to-Robotics-Research-Labs/lab5_ws/install/turtlebot3_gazebo/share/turtlebot3_gazebo//models/turtlebot3_autorace_2020/traffic_light/materials/textures/traffic_light_yellow.png
[36.121s] -- Installing: /home/augustmenard/Intro-to-Robotics-Research-Labs/lab5_ws/install/turtlebot3_gazebo/share/turtlebot3_gazebo//models/turtlebot3_autorace_2020/traffic_noentry
[36.121s] -- Installing: /home/augustmenard/Intro-to-Robotics-Research-Labs/lab5_ws/install/turtlebot3_gazebo/share/turtlebot3_gazebo//models/turtlebot3_autorace_2020/traffic_noentry/model.sdf
[36.121s] -- Installing: /home/augustmenard/Intro-to-Robotics-Research-Labs/lab5_ws/install/turtlebot3_gazebo/share/turtlebot3_gazebo//models/turtlebot3_autorace_2020/traffic_noentry/model.config
[36.121s] -- Installing: /home/augustmenard/Intro-to-Robotics-Research-Labs/lab5_ws/install/turtlebot3_gazebo/share/turtlebot3_gazebo//models/turtlebot3_autorace_2020/traffic_noentry/materials
[36.121s] -- Installing: /home/augustmenard/Intro-to-Robotics-Research-Labs/lab5_ws/install/turtlebot3_gazebo/share/turtlebot3_gazebo//models/turtlebot3_autorace_2020/traffic_noentry/materials/scripts
[36.121s] -- Installing: /home/augustmenard/Intro-to-Robotics-Research-Labs/lab5_ws/install/turtlebot3_gazebo/share/turtlebot3_gazebo//models/turtlebot3_autorace_2020/traffic_noentry/materials/scripts/traffic_noentry.material
[36.121s] -- Installing: /home/augustmenard/Intro-to-Robotics-Research-Labs/lab5_ws/install/turtlebot3_gazebo/share/turtlebot3_gazebo//models/turtlebot3_autorace_2020/traffic_noentry/materials/textures
[36.122s] -- Installing: /home/augustmenard/Intro-to-Robotics-Research-Labs/lab5_ws/install/turtlebot3_gazebo/share/turtlebot3_gazebo//models/turtlebot3_autorace_2020/traffic_noentry/materials/textures/traffic_noentry.png
[36.122s] -- Installing: /home/augustmenard/Intro-to-Robotics-Research-Labs/lab5_ws/install/turtlebot3_gazebo/share/turtlebot3_gazebo//models/turtlebot3_autorace_2020/traffic_tunnel
[36.122s] -- Installing: /home/augustmenard/Intro-to-Robotics-Research-Labs/lab5_ws/install/turtlebot3_gazebo/share/turtlebot3_gazebo//models/turtlebot3_autorace_2020/traffic_tunnel/model.sdf
[36.122s] -- Installing: /home/augustmenard/Intro-to-Robotics-Research-Labs/lab5_ws/install/turtlebot3_gazebo/share/turtlebot3_gazebo//models/turtlebot3_autorace_2020/traffic_tunnel/model.config
[36.122s] -- Installing: /home/augustmenard/Intro-to-Robotics-Research-Labs/lab5_ws/install/turtlebot3_gazebo/share/turtlebot3_gazebo//models/turtlebot3_autorace_2020/traffic_tunnel/materials
[36.122s] -- Installing: /home/augustmenard/Intro-to-Robotics-Research-Labs/lab5_ws/install/turtlebot3_gazebo/share/turtlebot3_gazebo//models/turtlebot3_autorace_2020/traffic_tunnel/materials/scripts
[36.122s] -- Installing: /home/augustmenard/Intro-to-Robotics-Research-Labs/lab5_ws/install/turtlebot3_gazebo/share/turtlebot3_gazebo//models/turtlebot3_autorace_2020/traffic_tunnel/materials/scripts/tunnel.material
[36.123s] -- Installing: /home/augustmenard/Intro-to-Robotics-Research-Labs/lab5_ws/install/turtlebot3_gazebo/share/turtlebot3_gazebo//models/turtlebot3_autorace_2020/traffic_tunnel/materials/textures
[36.123s] -- Installing: /home/augustmenard/Intro-to-Robotics-Research-Labs/lab5_ws/install/turtlebot3_gazebo/share/turtlebot3_gazebo//models/turtlebot3_autorace_2020/traffic_tunnel/materials/textures/tunnel.png
[36.126s] -- Installing: /home/augustmenard/Intro-to-Robotics-Research-Labs/lab5_ws/install/turtlebot3_gazebo/share/turtlebot3_gazebo//models/turtlebot3_autorace_2020/traffic_construction
[36.126s] -- Installing: /home/augustmenard/Intro-to-Robotics-Research-Labs/lab5_ws/install/turtlebot3_gazebo/share/turtlebot3_gazebo//models/turtlebot3_autorace_2020/traffic_construction/model.sdf
[36.126s] -- Installing: /home/augustmenard/Intro-to-Robotics-Research-Labs/lab5_ws/install/turtlebot3_gazebo/share/turtlebot3_gazebo//models/turtlebot3_autorace_2020/traffic_construction/model.config
[36.126s] -- Installing: /home/augustmenard/Intro-to-Robotics-Research-Labs/lab5_ws/install/turtlebot3_gazebo/share/turtlebot3_gazebo//models/turtlebot3_autorace_2020/traffic_construction/materials
[36.127s] -- Installing: /home/augustmenard/Intro-to-Robotics-Research-Labs/lab5_ws/install/turtlebot3_gazebo/share/turtlebot3_gazebo//models/turtlebot3_autorace_2020/traffic_construction/materials/scripts
[36.127s] -- Installing: /home/augustmenard/Intro-to-Robotics-Research-Labs/lab5_ws/install/turtlebot3_gazebo/share/turtlebot3_gazebo//models/turtlebot3_autorace_2020/traffic_construction/materials/scripts/traffic_construction.material
[36.127s] -- Installing: /home/augustmenard/Intro-to-Robotics-Research-Labs/lab5_ws/install/turtlebot3_gazebo/share/turtlebot3_gazebo//models/turtlebot3_autorace_2020/traffic_construction/materials/textures
[36.127s] -- Installing: /home/augustmenard/Intro-to-Robotics-Research-Labs/lab5_ws/install/turtlebot3_gazebo/share/turtlebot3_gazebo//models/turtlebot3_autorace_2020/traffic_construction/materials/textures/traffic_construction.png
[36.127s] -- Installing: /home/augustmenard/Intro-to-Robotics-Research-Labs/lab5_ws/install/turtlebot3_gazebo/share/turtlebot3_gazebo//models/turtlebot3_autorace_2020/traffic_bar
[36.127s] -- Installing: /home/augustmenard/Intro-to-Robotics-Research-Labs/lab5_ws/install/turtlebot3_gazebo/share/turtlebot3_gazebo//models/turtlebot3_autorace_2020/traffic_bar/model.sdf
[36.127s] -- Installing: /home/augustmenard/Intro-to-Robotics-Research-Labs/lab5_ws/install/turtlebot3_gazebo/share/turtlebot3_gazebo//models/turtlebot3_autorace_2020/traffic_bar/model.config
[36.127s] -- Installing: /home/augustmenard/Intro-to-Robotics-Research-Labs/lab5_ws/install/turtlebot3_gazebo/share/turtlebot3_gazebo//models/turtlebot3_autorace_2020/traffic_bar/materials
[36.127s] -- Installing: /home/augustmenard/Intro-to-Robotics-Research-Labs/lab5_ws/install/turtlebot3_gazebo/share/turtlebot3_gazebo//models/turtlebot3_autorace_2020/traffic_bar/materials/scripts
[36.127s] -- Installing: /home/augustmenard/Intro-to-Robotics-Research-Labs/lab5_ws/install/turtlebot3_gazebo/share/turtlebot3_gazebo//models/turtlebot3_autorace_2020/traffic_bar/materials/scripts/traffic_bar.material
[36.128s] -- Installing: /home/augustmenard/Intro-to-Robotics-Research-Labs/lab5_ws/install/turtlebot3_gazebo/share/turtlebot3_gazebo//models/turtlebot3_autorace_2020/traffic_bar/materials/textures
[36.128s] -- Installing: /home/augustmenard/Intro-to-Robotics-Research-Labs/lab5_ws/install/turtlebot3_gazebo/share/turtlebot3_gazebo//models/turtlebot3_autorace_2020/traffic_bar/materials/textures/traffic_bar.png
[36.129s] -- Installing: /home/augustmenard/Intro-to-Robotics-Research-Labs/lab5_ws/install/turtlebot3_gazebo/share/turtlebot3_gazebo//models/turtlebot3_autorace_2020/traffic_right
[36.129s] -- Installing: /home/augustmenard/Intro-to-Robotics-Research-Labs/lab5_ws/install/turtlebot3_gazebo/share/turtlebot3_gazebo//models/turtlebot3_autorace_2020/traffic_right/model.sdf
[36.129s] -- Installing: /home/augustmenard/Intro-to-Robotics-Research-Labs/lab5_ws/install/turtlebot3_gazebo/share/turtlebot3_gazebo//models/turtlebot3_autorace_2020/traffic_right/model.config
[36.129s] -- Installing: /home/augustmenard/Intro-to-Robotics-Research-Labs/lab5_ws/install/turtlebot3_gazebo/share/turtlebot3_gazebo//models/turtlebot3_autorace_2020/traffic_right/materials
[36.129s] -- Installing: /home/augustmenard/Intro-to-Robotics-Research-Labs/lab5_ws/install/turtlebot3_gazebo/share/turtlebot3_gazebo//models/turtlebot3_autorace_2020/traffic_right/materials/scripts
[36.129s] -- Installing: /home/augustmenard/Intro-to-Robotics-Research-Labs/lab5_ws/install/turtlebot3_gazebo/share/turtlebot3_gazebo//models/turtlebot3_autorace_2020/traffic_right/materials/scripts/traffic_right.material
[36.133s] -- Installing: /home/augustmenard/Intro-to-Robotics-Research-Labs/lab5_ws/install/turtlebot3_gazebo/share/turtlebot3_gazebo//models/turtlebot3_autorace_2020/traffic_right/materials/textures
[36.133s] -- Installing: /home/augustmenard/Intro-to-Robotics-Research-Labs/lab5_ws/install/turtlebot3_gazebo/share/turtlebot3_gazebo//models/turtlebot3_autorace_2020/traffic_right/materials/textures/traffic_right.png
[36.134s] -- Installing: /home/augustmenard/Intro-to-Robotics-Research-Labs/lab5_ws/install/turtlebot3_gazebo/share/turtlebot3_gazebo//models/turtlebot3_autorace_2020/traffic_pl_left
[36.136s] -- Installing: /home/augustmenard/Intro-to-Robotics-Research-Labs/lab5_ws/install/turtlebot3_gazebo/share/turtlebot3_gazebo//models/turtlebot3_autorace_2020/traffic_pl_left/model.sdf
[36.136s] -- Installing: /home/augustmenard/Intro-to-Robotics-Research-Labs/lab5_ws/install/turtlebot3_gazebo/share/turtlebot3_gazebo//models/turtlebot3_autorace_2020/traffic_pl_left/model.config
[36.136s] -- Installing: /home/augustmenard/Intro-to-Robotics-Research-Labs/lab5_ws/install/turtlebot3_gazebo/share/turtlebot3_gazebo//models/turtlebot3_autorace_2020/traffic_pl_left/materials
[36.136s] -- Installing: /home/augustmenard/Intro-to-Robotics-Research-Labs/lab5_ws/install/turtlebot3_gazebo/share/turtlebot3_gazebo//models/turtlebot3_autorace_2020/traffic_pl_left/materials/scripts
[36.137s] -- Installing: /home/augustmenard/Intro-to-Robotics-Research-Labs/lab5_ws/install/turtlebot3_gazebo/share/turtlebot3_gazebo//models/turtlebot3_autorace_2020/traffic_pl_left/materials/scripts/traffic_pl_left.material
[36.137s] -- Installing: /home/augustmenard/Intro-to-Robotics-Research-Labs/lab5_ws/install/turtlebot3_gazebo/share/turtlebot3_gazebo//models/turtlebot3_autorace_2020/traffic_pl_left/materials/textures
[36.137s] -- Installing: /home/augustmenard/Intro-to-Robotics-Research-Labs/lab5_ws/install/turtlebot3_gazebo/share/turtlebot3_gazebo//models/turtlebot3_autorace_2020/traffic_pl_left/materials/textures/traffic_pl_left.png
[36.137s] -- Installing: /home/augustmenard/Intro-to-Robotics-Research-Labs/lab5_ws/install/turtlebot3_gazebo/share/turtlebot3_gazebo//models/turtlebot3_autorace_2020/checker
[36.137s] -- Installing: /home/augustmenard/Intro-to-Robotics-Research-Labs/lab5_ws/install/turtlebot3_gazebo/share/turtlebot3_gazebo//models/turtlebot3_autorace_2020/checker/model.sdf
[36.137s] -- Installing: /home/augustmenard/Intro-to-Robotics-Research-Labs/lab5_ws/install/turtlebot3_gazebo/share/turtlebot3_gazebo//models/turtlebot3_autorace_2020/checker/model.config
[36.137s] -- Installing: /home/augustmenard/Intro-to-Robotics-Research-Labs/lab5_ws/install/turtlebot3_gazebo/share/turtlebot3_gazebo//models/turtlebot3_autorace_2020/checker/materials
[36.137s] -- Installing: /home/augustmenard/Intro-to-Robotics-Research-Labs/lab5_ws/install/turtlebot3_gazebo/share/turtlebot3_gazebo//models/turtlebot3_autorace_2020/checker/materials/checker.png
[36.137s] -- Installing: /home/augustmenard/Intro-to-Robotics-Research-Labs/lab5_ws/install/turtlebot3_gazebo/share/turtlebot3_gazebo//models/turtlebot3_autorace_2020/checker/materials/scripts
[36.137s] -- Installing: /home/augustmenard/Intro-to-Robotics-Research-Labs/lab5_ws/install/turtlebot3_gazebo/share/turtlebot3_gazebo//models/turtlebot3_autorace_2020/checker/materials/scripts/checker.material
[36.138s] -- Installing: /home/augustmenard/Intro-to-Robotics-Research-Labs/lab5_ws/install/turtlebot3_gazebo/share/turtlebot3_gazebo//models/turtlebot3_autorace_2020/checker/materials/textures
[36.138s] -- Installing: /home/augustmenard/Intro-to-Robotics-Research-Labs/lab5_ws/install/turtlebot3_gazebo/share/turtlebot3_gazebo//models/turtlebot3_autorace_2020/checker/materials/textures/checker.png
[36.138s] -- Installing: /home/augustmenard/Intro-to-Robotics-Research-Labs/lab5_ws/install/turtlebot3_gazebo/share/turtlebot3_gazebo//models/turtlebot3_autorace_2020/course
[36.138s] -- Installing: /home/augustmenard/Intro-to-Robotics-Research-Labs/lab5_ws/install/turtlebot3_gazebo/share/turtlebot3_gazebo//models/turtlebot3_autorace_2020/course/model.sdf
[36.138s] -- Installing: /home/augustmenard/Intro-to-Robotics-Research-Labs/lab5_ws/install/turtlebot3_gazebo/share/turtlebot3_gazebo//models/turtlebot3_autorace_2020/course/model.config
[36.138s] -- Installing: /home/augustmenard/Intro-to-Robotics-Research-Labs/lab5_ws/install/turtlebot3_gazebo/share/turtlebot3_gazebo//models/turtlebot3_autorace_2020/course/materials
[36.138s] -- Installing: /home/augustmenard/Intro-to-Robotics-Research-Labs/lab5_ws/install/turtlebot3_gazebo/share/turtlebot3_gazebo//models/turtlebot3_autorace_2020/course/materials/scripts
[36.138s] -- Installing: /home/augustmenard/Intro-to-Robotics-Research-Labs/lab5_ws/install/turtlebot3_gazebo/share/turtlebot3_gazebo//models/turtlebot3_autorace_2020/course/materials/scripts/course.material
[36.138s] -- Installing: /home/augustmenard/Intro-to-Robotics-Research-Labs/lab5_ws/install/turtlebot3_gazebo/share/turtlebot3_gazebo//models/turtlebot3_autorace_2020/course/materials/textures
[36.139s] -- Installing: /home/augustmenard/Intro-to-Robotics-Research-Labs/lab5_ws/install/turtlebot3_gazebo/share/turtlebot3_gazebo//models/turtlebot3_autorace_2020/course/materials/textures/course.png
[36.142s] -- Installing: /home/augustmenard/Intro-to-Robotics-Research-Labs/lab5_ws/install/turtlebot3_gazebo/share/turtlebot3_gazebo//models/turtlebot3_autorace_2020/traffic_stop
[36.142s] -- Installing: /home/augustmenard/Intro-to-Robotics-Research-Labs/lab5_ws/install/turtlebot3_gazebo/share/turtlebot3_gazebo//models/turtlebot3_autorace_2020/traffic_stop/model.sdf
[36.143s] -- Installing: /home/augustmenard/Intro-to-Robotics-Research-Labs/lab5_ws/install/turtlebot3_gazebo/share/turtlebot3_gazebo//models/turtlebot3_autorace_2020/traffic_stop/model.config
[36.143s] -- Installing: /home/augustmenard/Intro-to-Robotics-Research-Labs/lab5_ws/install/turtlebot3_gazebo/share/turtlebot3_gazebo//models/turtlebot3_autorace_2020/traffic_stop/materials
[36.143s] -- Installing: /home/augustmenard/Intro-to-Robotics-Research-Labs/lab5_ws/install/turtlebot3_gazebo/share/turtlebot3_gazebo//models/turtlebot3_autorace_2020/traffic_stop/materials/scripts
[36.143s] -- Installing: /home/augustmenard/Intro-to-Robotics-Research-Labs/lab5_ws/install/turtlebot3_gazebo/share/turtlebot3_gazebo//models/turtlebot3_autorace_2020/traffic_stop/materials/scripts/traffic_stop.material
[36.143s] -- Installing: /home/augustmenard/Intro-to-Robotics-Research-Labs/lab5_ws/install/turtlebot3_gazebo/share/turtlebot3_gazebo//models/turtlebot3_autorace_2020/traffic_stop/materials/textures
[36.143s] -- Installing: /home/augustmenard/Intro-to-Robotics-Research-Labs/lab5_ws/install/turtlebot3_gazebo/share/turtlebot3_gazebo//models/turtlebot3_autorace_2020/traffic_stop/materials/textures/traffic_stop.png
[36.143s] -- Installing: /home/augustmenard/Intro-to-Robotics-Research-Labs/lab5_ws/install/turtlebot3_gazebo/share/turtlebot3_gazebo//models/turtlebot3_autorace_2020/traffic_left
[36.143s] -- Installing: /home/augustmenard/Intro-to-Robotics-Research-Labs/lab5_ws/install/turtlebot3_gazebo/share/turtlebot3_gazebo//models/turtlebot3_autorace_2020/traffic_left/model.sdf
[36.144s] -- Installing: /home/augustmenard/Intro-to-Robotics-Research-Labs/lab5_ws/install/turtlebot3_gazebo/share/turtlebot3_gazebo//models/turtlebot3_autorace_2020/traffic_left/model.config
[36.144s] -- Installing: /home/augustmenard/Intro-to-Robotics-Research-Labs/lab5_ws/install/turtlebot3_gazebo/share/turtlebot3_gazebo//models/turtlebot3_autorace_2020/traffic_left/materials
[36.144s] -- Installing: /home/augustmenard/Intro-to-Robotics-Research-Labs/lab5_ws/install/turtlebot3_gazebo/share/turtlebot3_gazebo//models/turtlebot3_autorace_2020/traffic_left/materials/scripts
[36.144s] -- Installing: /home/augustmenard/Intro-to-Robotics-Research-Labs/lab5_ws/install/turtlebot3_gazebo/share/turtlebot3_gazebo//models/turtlebot3_autorace_2020/traffic_left/materials/scripts/traffic_is_left.material
[36.144s] -- Installing: /home/augustmenard/Intro-to-Robotics-Research-Labs/lab5_ws/install/turtlebot3_gazebo/share/turtlebot3_gazebo//models/turtlebot3_autorace_2020/traffic_left/materials/textures
[36.144s] -- Installing: /home/augustmenard/Intro-to-Robotics-Research-Labs/lab5_ws/install/turtlebot3_gazebo/share/turtlebot3_gazebo//models/turtlebot3_autorace_2020/traffic_left/materials/textures/traffic_left.png
[36.144s] -- Installing: /home/augustmenard/Intro-to-Robotics-Research-Labs/lab5_ws/install/turtlebot3_gazebo/share/turtlebot3_gazebo//models/turtlebot3_autorace_2020/traffic_intersection
[36.144s] -- Installing: /home/augustmenard/Intro-to-Robotics-Research-Labs/lab5_ws/install/turtlebot3_gazebo/share/turtlebot3_gazebo//models/turtlebot3_autorace_2020/traffic_intersection/model.sdf
[36.144s] -- Installing: /home/augustmenard/Intro-to-Robotics-Research-Labs/lab5_ws/install/turtlebot3_gazebo/share/turtlebot3_gazebo//models/turtlebot3_autorace_2020/traffic_intersection/model.config
[36.145s] -- Installing: /home/augustmenard/Intro-to-Robotics-Research-Labs/lab5_ws/install/turtlebot3_gazebo/share/turtlebot3_gazebo//models/turtlebot3_autorace_2020/traffic_intersection/materials
[36.145s] -- Installing: /home/augustmenard/Intro-to-Robotics-Research-Labs/lab5_ws/install/turtlebot3_gazebo/share/turtlebot3_gazebo//models/turtlebot3_autorace_2020/traffic_intersection/materials/scripts
[36.145s] -- Installing: /home/augustmenard/Intro-to-Robotics-Research-Labs/lab5_ws/install/turtlebot3_gazebo/share/turtlebot3_gazebo//models/turtlebot3_autorace_2020/traffic_intersection/materials/scripts/traffic_intersection.material
[36.145s] -- Installing: /home/augustmenard/Intro-to-Robotics-Research-Labs/lab5_ws/install/turtlebot3_gazebo/share/turtlebot3_gazebo//models/turtlebot3_autorace_2020/traffic_intersection/materials/textures
[36.145s] -- Installing: /home/augustmenard/Intro-to-Robotics-Research-Labs/lab5_ws/install/turtlebot3_gazebo/share/turtlebot3_gazebo//models/turtlebot3_autorace_2020/traffic_intersection/materials/textures/traffic_intersection.png
[36.145s] -- Installing: /home/augustmenard/Intro-to-Robotics-Research-Labs/lab5_ws/install/turtlebot3_gazebo/share/turtlebot3_gazebo//models/turtlebot3_autorace_2020/traffic_parking
[36.145s] -- Installing: /home/augustmenard/Intro-to-Robotics-Research-Labs/lab5_ws/install/turtlebot3_gazebo/share/turtlebot3_gazebo//models/turtlebot3_autorace_2020/traffic_parking/model.sdf
[36.145s] -- Installing: /home/augustmenard/Intro-to-Robotics-Research-Labs/lab5_ws/install/turtlebot3_gazebo/share/turtlebot3_gazebo//models/turtlebot3_autorace_2020/traffic_parking/model.config
[36.145s] -- Installing: /home/augustmenard/Intro-to-Robotics-Research-Labs/lab5_ws/install/turtlebot3_gazebo/share/turtlebot3_gazebo//models/turtlebot3_autorace_2020/traffic_parking/materials
[36.146s] -- Installing: /home/augustmenard/Intro-to-Robotics-Research-Labs/lab5_ws/install/turtlebot3_gazebo/share/turtlebot3_gazebo//models/turtlebot3_autorace_2020/traffic_parking/materials/scripts
[36.146s] -- Installing: /home/augustmenard/Intro-to-Robotics-Research-Labs/lab5_ws/install/turtlebot3_gazebo/share/turtlebot3_gazebo//models/turtlebot3_autorace_2020/traffic_parking/materials/scripts/traffic_parking.material
[36.146s] -- Installing: /home/augustmenard/Intro-to-Robotics-Research-Labs/lab5_ws/install/turtlebot3_gazebo/share/turtlebot3_gazebo//models/turtlebot3_autorace_2020/traffic_parking/materials/textures
[36.146s] -- Installing: /home/augustmenard/Intro-to-Robotics-Research-Labs/lab5_ws/install/turtlebot3_gazebo/share/turtlebot3_gazebo//models/turtlebot3_autorace_2020/traffic_parking/materials/textures/traffic_parking.png
[36.146s] -- Installing: /home/augustmenard/Intro-to-Robotics-Research-Labs/lab5_ws/install/turtlebot3_gazebo/share/turtlebot3_gazebo//models/turtlebot3_house
[36.149s] -- Installing: /home/augustmenard/Intro-to-Robotics-Research-Labs/lab5_ws/install/turtlebot3_gazebo/share/turtlebot3_gazebo//models/turtlebot3_house/model.sdf
[36.149s] -- Installing: /home/augustmenard/Intro-to-Robotics-Research-Labs/lab5_ws/install/turtlebot3_gazebo/share/turtlebot3_gazebo//models/turtlebot3_house/model.config
[36.149s] -- Installing: /home/augustmenard/Intro-to-Robotics-Research-Labs/lab5_ws/install/turtlebot3_gazebo/share/turtlebot3_gazebo//models/7785_maze
[36.150s] -- Installing: /home/augustmenard/Intro-to-Robotics-Research-Labs/lab5_ws/install/turtlebot3_gazebo/share/turtlebot3_gazebo//models/7785_maze/model.sdf
[36.150s] -- Installing: /home/augustmenard/Intro-to-Robotics-Research-Labs/lab5_ws/install/turtlebot3_gazebo/share/turtlebot3_gazebo//models/7785_maze/model.config
[36.150s] -- Installing: /home/augustmenard/Intro-to-Robotics-Research-Labs/lab5_ws/install/turtlebot3_gazebo/share/turtlebot3_gazebo//models/7785_maze/meshes
[36.150s] -- Installing: /home/augustmenard/Intro-to-Robotics-Research-Labs/lab5_ws/install/turtlebot3_gazebo/share/turtlebot3_gazebo//models/7785_maze/meshes/8508388149468536489_diffuseColor.png
[36.150s] -- Installing: /home/augustmenard/Intro-to-Robotics-Research-Labs/lab5_ws/install/turtlebot3_gazebo/share/turtlebot3_gazebo//models/7785_maze/meshes/FLOOR1.png
[36.150s] -- Installing: /home/augustmenard/Intro-to-Robotics-Research-Labs/lab5_ws/install/turtlebot3_gazebo/share/turtlebot3_gazebo//models/7785_maze/meshes/15110686115335782429_diffuseColor.png
[36.150s] -- Installing: /home/augustmenard/Intro-to-Robotics-Research-Labs/lab5_ws/install/turtlebot3_gazebo/share/turtlebot3_gazebo//models/7785_maze/meshes/white_brick_wall1.jpg
[36.151s] -- Installing: /home/augustmenard/Intro-to-Robotics-Research-Labs/lab5_ws/install/turtlebot3_gazebo/share/turtlebot3_gazebo//models/7785_maze/meshes/7785_maze.dae
[36.151s] -- Installing: /home/augustmenard/Intro-to-Robotics-Research-Labs/lab5_ws/install/turtlebot3_gazebo/share/turtlebot3_gazebo//models/7785_maze/meshes/drywall.jpg
[36.151s] -- Installing: /home/augustmenard/Intro-to-Robotics-Research-Labs/lab5_ws/install/turtlebot3_gazebo/share/turtlebot3_gazebo//models/turtlebot3_dqn_world
[36.151s] -- Installing: /home/augustmenard/Intro-to-Robotics-Research-Labs/lab5_ws/install/turtlebot3_gazebo/share/turtlebot3_gazebo//models/turtlebot3_dqn_world/model.sdf
[36.151s] -- Installing: /home/augustmenard/Intro-to-Robotics-Research-Labs/lab5_ws/install/turtlebot3_gazebo/share/turtlebot3_gazebo//models/turtlebot3_dqn_world/goal_box
[36.151s] -- Installing: /home/augustmenard/Intro-to-Robotics-Research-Labs/lab5_ws/install/turtlebot3_gazebo/share/turtlebot3_gazebo//models/turtlebot3_dqn_world/goal_box/model.sdf
[36.151s] -- Installing: /home/augustmenard/Intro-to-Robotics-Research-Labs/lab5_ws/install/turtlebot3_gazebo/share/turtlebot3_gazebo//models/turtlebot3_dqn_world/goal_box/model.config
[36.152s] -- Installing: /home/augustmenard/Intro-to-Robotics-Research-Labs/lab5_ws/install/turtlebot3_gazebo/share/turtlebot3_gazebo//models/turtlebot3_dqn_world/obstacles
[36.155s] -- Installing: /home/augustmenard/Intro-to-Robotics-Research-Labs/lab5_ws/install/turtlebot3_gazebo/share/turtlebot3_gazebo//models/turtlebot3_dqn_world/obstacles/model.sdf
[36.155s] -- Installing: /home/augustmenard/Intro-to-Robotics-Research-Labs/lab5_ws/install/turtlebot3_gazebo/share/turtlebot3_gazebo//models/turtlebot3_dqn_world/obstacles/model.config
[36.155s] -- Installing: /home/augustmenard/Intro-to-Robotics-Research-Labs/lab5_ws/install/turtlebot3_gazebo/share/turtlebot3_gazebo//models/turtlebot3_dqn_world/model.config
[36.156s] -- Installing: /home/augustmenard/Intro-to-Robotics-Research-Labs/lab5_ws/install/turtlebot3_gazebo/share/turtlebot3_gazebo//models/turtlebot3_dqn_world/inner_walls
[36.156s] -- Installing: /home/augustmenard/Intro-to-Robotics-Research-Labs/lab5_ws/install/turtlebot3_gazebo/share/turtlebot3_gazebo//models/turtlebot3_dqn_world/inner_walls/model.sdf
[36.156s] -- Installing: /home/augustmenard/Intro-to-Robotics-Research-Labs/lab5_ws/install/turtlebot3_gazebo/share/turtlebot3_gazebo//models/turtlebot3_dqn_world/inner_walls/model.config
[36.156s] -- Installing: /home/augustmenard/Intro-to-Robotics-Research-Labs/lab5_ws/install/turtlebot3_gazebo/share/turtlebot3_gazebo//models/turtlebot3_dqn_world/obstacle1
[36.156s] -- Installing: /home/augustmenard/Intro-to-Robotics-Research-Labs/lab5_ws/install/turtlebot3_gazebo/share/turtlebot3_gazebo//models/turtlebot3_dqn_world/obstacle1/model.sdf
[36.156s] -- Installing: /home/augustmenard/Intro-to-Robotics-Research-Labs/lab5_ws/install/turtlebot3_gazebo/share/turtlebot3_gazebo//models/turtlebot3_dqn_world/obstacle1/model.config
[36.156s] -- Installing: /home/augustmenard/Intro-to-Robotics-Research-Labs/lab5_ws/install/turtlebot3_gazebo/share/turtlebot3_gazebo//models/turtlebot3_dqn_world/obstacle2
[36.156s] -- Installing: /home/augustmenard/Intro-to-Robotics-Research-Labs/lab5_ws/install/turtlebot3_gazebo/share/turtlebot3_gazebo//models/turtlebot3_dqn_world/obstacle2/model.sdf
[36.156s] -- Installing: /home/augustmenard/Intro-to-Robotics-Research-Labs/lab5_ws/install/turtlebot3_gazebo/share/turtlebot3_gazebo//models/turtlebot3_dqn_world/obstacle2/model.config
[36.157s] -- Installing: /home/augustmenard/Intro-to-Robotics-Research-Labs/lab5_ws/install/turtlebot3_gazebo/share/turtlebot3_gazebo//models/turtlebot3_common
[36.157s] -- Installing: /home/augustmenard/Intro-to-Robotics-Research-Labs/lab5_ws/install/turtlebot3_gazebo/share/turtlebot3_gazebo//models/turtlebot3_common/model.config
[36.157s] -- Installing: /home/augustmenard/Intro-to-Robotics-Research-Labs/lab5_ws/install/turtlebot3_gazebo/share/turtlebot3_gazebo//models/turtlebot3_common/meshes
[36.157s] -- Installing: /home/augustmenard/Intro-to-Robotics-Research-Labs/lab5_ws/install/turtlebot3_gazebo/share/turtlebot3_gazebo//models/turtlebot3_common/meshes/wheels
[36.157s] -- Installing: /home/augustmenard/Intro-to-Robotics-Research-Labs/lab5_ws/install/turtlebot3_gazebo/share/turtlebot3_gazebo//models/turtlebot3_common/meshes/wheels/left_tire.stl
[36.157s] -- Installing: /home/augustmenard/Intro-to-Robotics-Research-Labs/lab5_ws/install/turtlebot3_gazebo/share/turtlebot3_gazebo//models/turtlebot3_common/meshes/wheels/right_tire.stl
[36.157s] -- Installing: /home/augustmenard/Intro-to-Robotics-Research-Labs/lab5_ws/install/turtlebot3_gazebo/share/turtlebot3_gazebo//models/turtlebot3_common/meshes/burger_base.dae
[36.157s] -- Installing: /home/augustmenard/Intro-to-Robotics-Research-Labs/lab5_ws/install/turtlebot3_gazebo/share/turtlebot3_gazebo//models/turtlebot3_common/meshes/lds.dae
[36.158s] -- Installing: /home/augustmenard/Intro-to-Robotics-Research-Labs/lab5_ws/install/turtlebot3_gazebo/share/turtlebot3_gazebo//models/turtlebot3_common/meshes/tire.dae
[36.158s] -- Installing: /home/augustmenard/Intro-to-Robotics-Research-Labs/lab5_ws/install/turtlebot3_gazebo/share/turtlebot3_gazebo//models/turtlebot3_common/meshes/waffle_base.dae
[36.158s] -- Installing: /home/augustmenard/Intro-to-Robotics-Research-Labs/lab5_ws/install/turtlebot3_gazebo/share/turtlebot3_gazebo//models/turtlebot3_common/meshes/bases
[36.158s] -- Installing: /home/augustmenard/Intro-to-Robotics-Research-Labs/lab5_ws/install/turtlebot3_gazebo/share/turtlebot3_gazebo//models/turtlebot3_common/meshes/bases/waffle_base.stl
[36.192s] -- Installing: /home/augustmenard/Intro-to-Robotics-Research-Labs/lab5_ws/install/turtlebot3_gazebo/share/turtlebot3_gazebo//models/turtlebot3_common/meshes/bases/waffle_pi_base.stl
[36.211s] -- Installing: /home/augustmenard/Intro-to-Robotics-Research-Labs/lab5_ws/install/turtlebot3_gazebo/share/turtlebot3_gazebo//models/turtlebot3_common/meshes/bases/burger_base.stl
[36.222s] -- Installing: /home/augustmenard/Intro-to-Robotics-Research-Labs/lab5_ws/install/turtlebot3_gazebo/share/turtlebot3_gazebo//models/turtlebot3_common/meshes/sensors
[36.222s] -- Installing: /home/augustmenard/Intro-to-Robotics-Research-Labs/lab5_ws/install/turtlebot3_gazebo/share/turtlebot3_gazebo//models/turtlebot3_common/meshes/sensors/r200.jpg
[36.222s] -- Installing: /home/augustmenard/Intro-to-Robotics-Research-Labs/lab5_ws/install/turtlebot3_gazebo/share/turtlebot3_gazebo//models/turtlebot3_common/meshes/sensors/astra.jpg
[36.222s] -- Installing: /home/augustmenard/Intro-to-Robotics-Research-Labs/lab5_ws/install/turtlebot3_gazebo/share/turtlebot3_gazebo//models/turtlebot3_common/meshes/sensors/astra.dae
[36.242s] -- Installing: /home/augustmenard/Intro-to-Robotics-Research-Labs/lab5_ws/install/turtlebot3_gazebo/share/turtlebot3_gazebo//models/turtlebot3_common/meshes/sensors/lds.stl
[36.243s] -- Installing: /home/augustmenard/Intro-to-Robotics-Research-Labs/lab5_ws/install/turtlebot3_gazebo/share/turtlebot3_gazebo//models/turtlebot3_common/meshes/sensors/r200.dae
[36.243s] -- Installing: /home/augustmenard/Intro-to-Robotics-Research-Labs/lab5_ws/install/turtlebot3_gazebo/share/turtlebot3_gazebo//models/turtlebot3_common/meshes/waffle_pi_base.dae
[36.243s] -- Installing: /home/augustmenard/Intro-to-Robotics-Research-Labs/lab5_ws/install/turtlebot3_gazebo/share/turtlebot3_gazebo//models/turtlebot3_common/meshes/r200.dae
[36.243s] -- Installing: /home/augustmenard/Intro-to-Robotics-Research-Labs/lab5_ws/install/turtlebot3_gazebo/share/turtlebot3_gazebo//models/turtlebot3_burger
[36.244s] -- Installing: /home/augustmenard/Intro-to-Robotics-Research-Labs/lab5_ws/install/turtlebot3_gazebo/share/turtlebot3_gazebo//models/turtlebot3_burger/model.sdf
[36.245s] -- Installing: /home/augustmenard/Intro-to-Robotics-Research-Labs/lab5_ws/install/turtlebot3_gazebo/share/turtlebot3_gazebo//models/turtlebot3_burger/model-1_4.sdf
[36.245s] -- Installing: /home/augustmenard/Intro-to-Robotics-Research-Labs/lab5_ws/install/turtlebot3_gazebo/share/turtlebot3_gazebo//models/turtlebot3_burger/model.config
[36.245s] -- Installing: /home/augustmenard/Intro-to-Robotics-Research-Labs/lab5_ws/install/turtlebot3_gazebo/share/turtlebot3_gazebo//rviz
[36.245s] -- Installing: /home/augustmenard/Intro-to-Robotics-Research-Labs/lab5_ws/install/turtlebot3_gazebo/share/turtlebot3_gazebo//rviz/tb3_gazebo.rviz
[36.246s] -- Installing: /home/augustmenard/Intro-to-Robotics-Research-Labs/lab5_ws/install/turtlebot3_gazebo/share/turtlebot3_gazebo//urdf
[36.246s] -- Installing: /home/augustmenard/Intro-to-Robotics-Research-Labs/lab5_ws/install/turtlebot3_gazebo/share/turtlebot3_gazebo//urdf/turtlebot3_waffle_pi.urdf
[36.246s] -- Installing: /home/augustmenard/Intro-to-Robotics-Research-Labs/lab5_ws/install/turtlebot3_gazebo/share/turtlebot3_gazebo//urdf/turtlebot3_burger.urdf
[36.246s] -- Installing: /home/augustmenard/Intro-to-Robotics-Research-Labs/lab5_ws/install/turtlebot3_gazebo/share/turtlebot3_gazebo//urdf/common_properties.urdf
[36.246s] -- Installing: /home/augustmenard/Intro-to-Robotics-Research-Labs/lab5_ws/install/turtlebot3_gazebo/share/turtlebot3_gazebo//urdf/turtlebot3_burger_cam.urdf
[36.246s] -- Installing: /home/augustmenard/Intro-to-Robotics-Research-Labs/lab5_ws/install/turtlebot3_gazebo/share/turtlebot3_gazebo//urdf/turtlebot3_waffle.urdf
[36.246s] -- Installing: /home/augustmenard/Intro-to-Robotics-Research-Labs/lab5_ws/install/turtlebot3_gazebo/share/turtlebot3_gazebo//worlds
[36.246s] -- Installing: /home/augustmenard/Intro-to-Robotics-Research-Labs/lab5_ws/install/turtlebot3_gazebo/share/turtlebot3_gazebo//worlds/turtlebot3_dqn_stage3.world
[36.253s] -- Installing: /home/augustmenard/Intro-to-Robotics-Research-Labs/lab5_ws/install/turtlebot3_gazebo/share/turtlebot3_gazebo//worlds/7785_maze.world
[36.253s] -- Installing: /home/augustmenard/Intro-to-Robotics-Research-Labs/lab5_ws/install/turtlebot3_gazebo/share/turtlebot3_gazebo//worlds/turtlebot3_dqn_stage4.world
[36.253s] -- Installing: /home/augustmenard/Intro-to-Robotics-Research-Labs/lab5_ws/install/turtlebot3_gazebo/share/turtlebot3_gazebo//worlds/turtlebot3_autorace_2020.world
[36.254s] -- Installing: /home/augustmenard/Intro-to-Robotics-Research-Labs/lab5_ws/install/turtlebot3_gazebo/share/turtlebot3_gazebo//worlds/turtlebot3_house.world
[36.254s] -- Installing: /home/augustmenard/Intro-to-Robotics-Research-Labs/lab5_ws/install/turtlebot3_gazebo/share/turtlebot3_gazebo//worlds/turtlebot3_world.world
[36.254s] -- Installing: /home/augustmenard/Intro-to-Robotics-Research-Labs/lab5_ws/install/turtlebot3_gazebo/share/turtlebot3_gazebo//worlds/empty_world.world
[36.254s] -- Installing: /home/augustmenard/Intro-to-Robotics-Research-Labs/lab5_ws/install/turtlebot3_gazebo/share/turtlebot3_gazebo//worlds/turtlebot3_dqn_stage1.world
[36.254s] -- Installing: /home/augustmenard/Intro-to-Robotics-Research-Labs/lab5_ws/install/turtlebot3_gazebo/share/turtlebot3_gazebo//worlds/turtlebot3_dqn_stage2.world
[36.254s] -- Installing: /home/augustmenard/Intro-to-Robotics-Research-Labs/lab5_ws/install/turtlebot3_gazebo/include/
[36.254s] -- Installing: /home/augustmenard/Intro-to-Robotics-Research-Labs/lab5_ws/install/turtlebot3_gazebo/include//turtlebot3_gazebo
[36.254s] -- Installing: /home/augustmenard/Intro-to-Robotics-Research-Labs/lab5_ws/install/turtlebot3_gazebo/include//turtlebot3_gazebo/obstacles.hpp
[36.254s] -- Installing: /home/augustmenard/Intro-to-Robotics-Research-Labs/lab5_ws/install/turtlebot3_gazebo/include//turtlebot3_gazebo/traffic_bar_plugin.hpp
[36.254s] -- Installing: /home/augustmenard/Intro-to-Robotics-Research-Labs/lab5_ws/install/turtlebot3_gazebo/include//turtlebot3_gazebo/traffic_light_plugin.hpp
[36.254s] -- Installing: /home/augustmenard/Intro-to-Robotics-Research-Labs/lab5_ws/install/turtlebot3_gazebo/include//turtlebot3_gazebo/turtlebot3_drive.hpp
[36.255s] -- Installing: /home/augustmenard/Intro-to-Robotics-Research-Labs/lab5_ws/install/turtlebot3_gazebo/include//turtlebot3_gazebo/obstacle1.hpp
[36.255s] -- Installing: /home/augustmenard/Intro-to-Robotics-Research-Labs/lab5_ws/install/turtlebot3_gazebo/include//turtlebot3_gazebo/obstacle2.hpp
[36.255s] -- Installing: /home/augustmenard/Intro-to-Robotics-Research-Labs/lab5_ws/install/turtlebot3_gazebo/share/ament_index/resource_index/package_run_dependencies/turtlebot3_gazebo
[36.255s] -- Installing: /home/augustmenard/Intro-to-Robotics-Research-Labs/lab5_ws/install/turtlebot3_gazebo/share/ament_index/resource_index/parent_prefix_path/turtlebot3_gazebo
[36.255s] -- Installing: /home/augustmenard/Intro-to-Robotics-Research-Labs/lab5_ws/install/turtlebot3_gazebo/share/turtlebot3_gazebo/environment/ament_prefix_path.sh
[36.255s] -- Installing: /home/augustmenard/Intro-to-Robotics-Research-Labs/lab5_ws/install/turtlebot3_gazebo/share/turtlebot3_gazebo/environment/ament_prefix_path.dsv
[36.255s] -- Installing: /home/augustmenard/Intro-to-Robotics-Research-Labs/lab5_ws/install/turtlebot3_gazebo/share/turtlebot3_gazebo/environment/path.sh
[36.255s] -- Installing: /home/augustmenard/Intro-to-Robotics-Research-Labs/lab5_ws/install/turtlebot3_gazebo/share/turtlebot3_gazebo/environment/path.dsv
[36.255s] -- Installing: /home/augustmenard/Intro-to-Robotics-Research-Labs/lab5_ws/install/turtlebot3_gazebo/share/turtlebot3_gazebo/local_setup.bash
[36.258s] -- Installing: /home/augustmenard/Intro-to-Robotics-Research-Labs/lab5_ws/install/turtlebot3_gazebo/share/turtlebot3_gazebo/local_setup.sh
[36.258s] -- Installing: /home/augustmenard/Intro-to-Robotics-Research-Labs/lab5_ws/install/turtlebot3_gazebo/share/turtlebot3_gazebo/local_setup.zsh
[36.258s] -- Installing: /home/augustmenard/Intro-to-Robotics-Research-Labs/lab5_ws/install/turtlebot3_gazebo/share/turtlebot3_gazebo/local_setup.dsv
[36.258s] -- Installing: /home/augustmenard/Intro-to-Robotics-Research-Labs/lab5_ws/install/turtlebot3_gazebo/share/turtlebot3_gazebo/package.dsv
[36.258s] -- Installing: /home/augustmenard/Intro-to-Robotics-Research-Labs/lab5_ws/install/turtlebot3_gazebo/share/ament_index/resource_index/packages/turtlebot3_gazebo
[36.258s] -- Installing: /home/augustmenard/Intro-to-Robotics-Research-Labs/lab5_ws/install/turtlebot3_gazebo/share/turtlebot3_gazebo/cmake/ament_cmake_export_include_directories-extras.cmake
[36.259s] -- Installing: /home/augustmenard/Intro-to-Robotics-Research-Labs/lab5_ws/install/turtlebot3_gazebo/share/turtlebot3_gazebo/cmake/ament_cmake_export_dependencies-extras.cmake
[36.259s] -- Installing: /home/augustmenard/Intro-to-Robotics-Research-Labs/lab5_ws/install/turtlebot3_gazebo/share/turtlebot3_gazebo/cmake/turtlebot3_gazeboConfig.cmake
[36.259s] -- Installing: /home/augustmenard/Intro-to-Robotics-Research-Labs/lab5_ws/install/turtlebot3_gazebo/share/turtlebot3_gazebo/cmake/turtlebot3_gazeboConfig-version.cmake
[36.259s] -- Installing: /home/augustmenard/Intro-to-Robotics-Research-Labs/lab5_ws/install/turtlebot3_gazebo/share/turtlebot3_gazebo/package.xml
[36.278s] Invoked command in '/home/augustmenard/Intro-to-Robotics-Research-Labs/lab5_ws/build/turtlebot3_gazebo' returned '0': CMAKE_PREFIX_PATH=${CMAKE_PREFIX_PATH}:/home/augustmenard/turtlebot3_ws/install/turtlebot3_teleop:/home/augustmenard/turtlebot3_ws/install/turtlebot3_example:/opt/ros/humble /usr/bin/cmake --install /home/augustmenard/Intro-to-Robotics-Research-Labs/lab5_ws/build/turtlebot3_gazebo
