running egg_info
writing ../../build/team_rocket_final/team_rocket_final.egg-info/PKG-INFO
writing dependency_links to ../../build/team_rocket_final/team_rocket_final.egg-info/dependency_links.txt
writing entry points to ../../build/team_rocket_final/team_rocket_final.egg-info/entry_points.txt
writing requirements to ../../build/team_rocket_final/team_rocket_final.egg-info/requires.txt
writing top-level names to ../../build/team_rocket_final/team_rocket_final.egg-info/top_level.txt
reading manifest file '../../build/team_rocket_final/team_rocket_final.egg-info/SOURCES.txt'
adding license file 'LICENSE'
writing manifest file '../../build/team_rocket_final/team_rocket_final.egg-info/SOURCES.txt'
running build
running build_py
running install
/usr/local/lib/python3.10/dist-packages/setuptools/_distutils/cmd.py:66: SetuptoolsDeprecationWarning: setup.py install is deprecated.
!!

        ********************************************************************************
        Please avoid running ``setup.py`` directly.
        Instead, use pypa/build, pypa/installer or other
        standards-based tools.

        See https://blog.ganssle.io/articles/2021/10/setup-py-deprecated.html for details.
        ********************************************************************************

!!
  self.initialize_options()
running install_lib
running install_data
error: can't copy 'team_rocket_final/best_model_small.pth': doesn't exist or not a regular file
