[0.042s] Invoking command in '/home/augustmenard/Intro-to-Robotics-Research-Labs/lab5_ws/build/turtlebot3_gazebo': CMAKE_PREFIX_PATH=${CMAKE_PREFIX_PATH}:/home/augustmenard/Intro-to-Robotics-Research-Labs/lab5_ws/install/team_rocket_action_server_client:/home/augustmenard/Intro-to-Robotics-Research-Labs/lab5_ws/install/turtlebot3_teleop:/home/augustmenard/Intro-to-Robotics-Research-Labs/lab5_ws/install/turtlebot3_example:/opt/ros/humble /usr/bin/cmake --build /home/augustmenard/Intro-to-Robotics-Research-Labs/lab5_ws/build/turtlebot3_gazebo -- -j8 -l8
[0.353s] [ 16%] Built target turtlebot3_drive
[0.405s] [ 33%] Built target obstacle2
[0.405s] [ 50%] Built target traffic_bar_plugin
[0.420s] [ 66%] Built target obstacle1
[0.422s] [ 83%] Built target obstacles
[0.432s] [100%] Built target traffic_light_plugin
[1.052s] Invoked command in '/home/augustmenard/Intro-to-Robotics-Research-Labs/lab5_ws/build/turtlebot3_gazebo' returned '0': CMAKE_PREFIX_PATH=${CMAKE_PREFIX_PATH}:/home/augustmenard/Intro-to-Robotics-Research-Labs/lab5_ws/install/team_rocket_action_server_client:/home/augustmenard/Intro-to-Robotics-Research-Labs/lab5_ws/install/turtlebot3_teleop:/home/augustmenard/Intro-to-Robotics-Research-Labs/lab5_ws/install/turtlebot3_example:/opt/ros/humble /usr/bin/cmake --build /home/augustmenard/Intro-to-Robotics-Research-Labs/lab5_ws/build/turtlebot3_gazebo -- -j8 -l8
[1.054s] Invoking command in '/home/augustmenard/Intro-to-Robotics-Research-Labs/lab5_ws/build/turtlebot3_gazebo': CMAKE_PREFIX_PATH=${CMAKE_PREFIX_PATH}:/home/augustmenard/Intro-to-Robotics-Research-Labs/lab5_ws/install/team_rocket_action_server_client:/home/augustmenard/Intro-to-Robotics-Research-Labs/lab5_ws/install/turtlebot3_teleop:/home/augustmenard/Intro-to-Robotics-Research-Labs/lab5_ws/install/turtlebot3_example:/opt/ros/humble /usr/bin/cmake --install /home/augustmenard/Intro-to-Robotics-Research-Labs/lab5_ws/build/turtlebot3_gazebo
[1.061s] -- Install configuration: ""
[1.062s] -- Up-to-date: /home/augustmenard/Intro-to-Robotics-Research-Labs/lab5_ws/install/turtlebot3_gazebo/lib/turtlebot3_gazebo/turtlebot3_drive
[1.062s] -- Up-to-date: /home/augustmenard/Intro-to-Robotics-Research-Labs/lab5_ws/install/turtlebot3_gazebo/share/turtlebot3_gazebo//launch
[1.062s] -- Up-to-date: /home/augustmenard/Intro-to-Robotics-Research-Labs/lab5_ws/install/turtlebot3_gazebo/share/turtlebot3_gazebo//launch/spawn_turtlebot3.launch.py
[1.062s] -- Up-to-date: /home/augustmenard/Intro-to-Robotics-Research-Labs/lab5_ws/install/turtlebot3_gazebo/share/turtlebot3_gazebo//launch/robot_state_publisher.launch.py
[1.062s] -- Up-to-date: /home/augustmenard/Intro-to-Robotics-Research-Labs/lab5_ws/install/turtlebot3_gazebo/share/turtlebot3_gazebo//launch/7785_maze.launch.py
[1.062s] -- Up-to-date: /home/augustmenard/Intro-to-Robotics-Research-Labs/lab5_ws/install/turtlebot3_gazebo/share/turtlebot3_gazebo//launch/empty_world.launch.py
[1.062s] -- Up-to-date: /home/augustmenard/Intro-to-Robotics-Research-Labs/lab5_ws/install/turtlebot3_gazebo/share/turtlebot3_gazebo//launch/turtlebot3_autorace_2020.launch.py
[1.062s] -- Up-to-date: /home/augustmenard/Intro-to-Robotics-Research-Labs/lab5_ws/install/turtlebot3_gazebo/share/turtlebot3_gazebo//launch/multi_spawn_turtlebot3.launch.py
[1.062s] -- Up-to-date: /home/augustmenard/Intro-to-Robotics-Research-Labs/lab5_ws/install/turtlebot3_gazebo/share/turtlebot3_gazebo//launch/turtlebot3_house.launch.py
[1.062s] -- Up-to-date: /home/augustmenard/Intro-to-Robotics-Research-Labs/lab5_ws/install/turtlebot3_gazebo/share/turtlebot3_gazebo//launch/turtlebot3_dqn_stage4.launch.py
[1.062s] -- Up-to-date: /home/augustmenard/Intro-to-Robotics-Research-Labs/lab5_ws/install/turtlebot3_gazebo/share/turtlebot3_gazebo//launch/turtlebot3_dqn_stage2.launch.py
[1.062s] -- Up-to-date: /home/augustmenard/Intro-to-Robotics-Research-Labs/lab5_ws/install/turtlebot3_gazebo/share/turtlebot3_gazebo//launch/turtlebot3_world.launch.py
[1.062s] -- Up-to-date: /home/augustmenard/Intro-to-Robotics-Research-Labs/lab5_ws/install/turtlebot3_gazebo/share/turtlebot3_gazebo//launch/multi_robot.launch.py
[1.063s] -- Up-to-date: /home/augustmenard/Intro-to-Robotics-Research-Labs/lab5_ws/install/turtlebot3_gazebo/share/turtlebot3_gazebo//launch/turtlebot3_dqn_stage1.launch.py
[1.063s] -- Up-to-date: /home/augustmenard/Intro-to-Robotics-Research-Labs/lab5_ws/install/turtlebot3_gazebo/share/turtlebot3_gazebo//launch/turtlebot3_dqn_stage3.launch.py
[1.063s] -- Up-to-date: /home/augustmenard/Intro-to-Robotics-Research-Labs/lab5_ws/install/turtlebot3_gazebo/share/turtlebot3_gazebo//models
[1.063s] -- Up-to-date: /home/augustmenard/Intro-to-Robotics-Research-Labs/lab5_ws/install/turtlebot3_gazebo/share/turtlebot3_gazebo//models/turtlebot3_waffle
[1.063s] -- Up-to-date: /home/augustmenard/Intro-to-Robotics-Research-Labs/lab5_ws/install/turtlebot3_gazebo/share/turtlebot3_gazebo//models/turtlebot3_waffle/model.sdf
[1.063s] -- Up-to-date: /home/augustmenard/Intro-to-Robotics-Research-Labs/lab5_ws/install/turtlebot3_gazebo/share/turtlebot3_gazebo//models/turtlebot3_waffle/model-1_4.sdf
[1.063s] -- Up-to-date: /home/augustmenard/Intro-to-Robotics-Research-Labs/lab5_ws/install/turtlebot3_gazebo/share/turtlebot3_gazebo//models/turtlebot3_waffle/model.config
[1.063s] -- Up-to-date: /home/augustmenard/Intro-to-Robotics-Research-Labs/lab5_ws/install/turtlebot3_gazebo/share/turtlebot3_gazebo//models/turtlebot3_burger_cam
[1.063s] -- Up-to-date: /home/augustmenard/Intro-to-Robotics-Research-Labs/lab5_ws/install/turtlebot3_gazebo/share/turtlebot3_gazebo//models/turtlebot3_burger_cam/model.sdf
[1.063s] -- Up-to-date: /home/augustmenard/Intro-to-Robotics-Research-Labs/lab5_ws/install/turtlebot3_gazebo/share/turtlebot3_gazebo//models/turtlebot3_burger_cam/model-1_4.sdf
[1.063s] -- Up-to-date: /home/augustmenard/Intro-to-Robotics-Research-Labs/lab5_ws/install/turtlebot3_gazebo/share/turtlebot3_gazebo//models/turtlebot3_burger_cam/model.config
[1.063s] -- Up-to-date: /home/augustmenard/Intro-to-Robotics-Research-Labs/lab5_ws/install/turtlebot3_gazebo/share/turtlebot3_gazebo//models/turtlebot3_waffle_pi
[1.063s] -- Up-to-date: /home/augustmenard/Intro-to-Robotics-Research-Labs/lab5_ws/install/turtlebot3_gazebo/share/turtlebot3_gazebo//models/turtlebot3_waffle_pi/model.sdf
[1.064s] -- Up-to-date: /home/augustmenard/Intro-to-Robotics-Research-Labs/lab5_ws/install/turtlebot3_gazebo/share/turtlebot3_gazebo//models/turtlebot3_waffle_pi/model.config
[1.064s] -- Up-to-date: /home/augustmenard/Intro-to-Robotics-Research-Labs/lab5_ws/install/turtlebot3_gazebo/share/turtlebot3_gazebo//models/turtlebot3_waffle_pi/model-1_4_.sdf
[1.064s] -- Up-to-date: /home/augustmenard/Intro-to-Robotics-Research-Labs/lab5_ws/install/turtlebot3_gazebo/share/turtlebot3_gazebo//models/turtlebot3_world
[1.064s] -- Up-to-date: /home/augustmenard/Intro-to-Robotics-Research-Labs/lab5_ws/install/turtlebot3_gazebo/share/turtlebot3_gazebo//models/turtlebot3_world/model.sdf
[1.064s] -- Up-to-date: /home/augustmenard/Intro-to-Robotics-Research-Labs/lab5_ws/install/turtlebot3_gazebo/share/turtlebot3_gazebo//models/turtlebot3_world/model-1_4.sdf
[1.064s] -- Up-to-date: /home/augustmenard/Intro-to-Robotics-Research-Labs/lab5_ws/install/turtlebot3_gazebo/share/turtlebot3_gazebo//models/turtlebot3_world/model.config
[1.064s] -- Up-to-date: /home/augustmenard/Intro-to-Robotics-Research-Labs/lab5_ws/install/turtlebot3_gazebo/share/turtlebot3_gazebo//models/turtlebot3_world/meshes
[1.064s] -- Up-to-date: /home/augustmenard/Intro-to-Robotics-Research-Labs/lab5_ws/install/turtlebot3_gazebo/share/turtlebot3_gazebo//models/turtlebot3_world/meshes/wall.dae
[1.064s] -- Up-to-date: /home/augustmenard/Intro-to-Robotics-Research-Labs/lab5_ws/install/turtlebot3_gazebo/share/turtlebot3_gazebo//models/turtlebot3_world/meshes/hexagon.dae
[1.064s] -- Up-to-date: /home/augustmenard/Intro-to-Robotics-Research-Labs/lab5_ws/install/turtlebot3_gazebo/share/turtlebot3_gazebo//models/turtlebot3_autorace_2020
[1.064s] -- Up-to-date: /home/augustmenard/Intro-to-Robotics-Research-Labs/lab5_ws/install/turtlebot3_gazebo/share/turtlebot3_gazebo//models/turtlebot3_autorace_2020/traffic_light
[1.065s] -- Up-to-date: /home/augustmenard/Intro-to-Robotics-Research-Labs/lab5_ws/install/turtlebot3_gazebo/share/turtlebot3_gazebo//models/turtlebot3_autorace_2020/traffic_light/model.sdf
[1.065s] -- Up-to-date: /home/augustmenard/Intro-to-Robotics-Research-Labs/lab5_ws/install/turtlebot3_gazebo/share/turtlebot3_gazebo//models/turtlebot3_autorace_2020/traffic_light/model.config
[1.065s] -- Up-to-date: /home/augustmenard/Intro-to-Robotics-Research-Labs/lab5_ws/install/turtlebot3_gazebo/share/turtlebot3_gazebo//models/turtlebot3_autorace_2020/traffic_light/materials
[1.065s] -- Up-to-date: /home/augustmenard/Intro-to-Robotics-Research-Labs/lab5_ws/install/turtlebot3_gazebo/share/turtlebot3_gazebo//models/turtlebot3_autorace_2020/traffic_light/materials/scripts
[1.065s] -- Up-to-date: /home/augustmenard/Intro-to-Robotics-Research-Labs/lab5_ws/install/turtlebot3_gazebo/share/turtlebot3_gazebo//models/turtlebot3_autorace_2020/traffic_light/materials/scripts/traffic_light.material
[1.065s] -- Up-to-date: /home/augustmenard/Intro-to-Robotics-Research-Labs/lab5_ws/install/turtlebot3_gazebo/share/turtlebot3_gazebo//models/turtlebot3_autorace_2020/traffic_light/materials/textures
[1.065s] -- Up-to-date: /home/augustmenard/Intro-to-Robotics-Research-Labs/lab5_ws/install/turtlebot3_gazebo/share/turtlebot3_gazebo//models/turtlebot3_autorace_2020/traffic_light/materials/textures/traffic_light.png
[1.065s] -- Up-to-date: /home/augustmenard/Intro-to-Robotics-Research-Labs/lab5_ws/install/turtlebot3_gazebo/share/turtlebot3_gazebo//models/turtlebot3_autorace_2020/traffic_light/materials/textures/traffic_light_red.png
[1.065s] -- Up-to-date: /home/augustmenard/Intro-to-Robotics-Research-Labs/lab5_ws/install/turtlebot3_gazebo/share/turtlebot3_gazebo//models/turtlebot3_autorace_2020/traffic_light/materials/textures/traffic_light_green.png
[1.065s] -- Up-to-date: /home/augustmenard/Intro-to-Robotics-Research-Labs/lab5_ws/install/turtlebot3_gazebo/share/turtlebot3_gazebo//models/turtlebot3_autorace_2020/traffic_light/materials/textures/traffic_light_yellow.png
[1.065s] -- Up-to-date: /home/augustmenard/Intro-to-Robotics-Research-Labs/lab5_ws/install/turtlebot3_gazebo/share/turtlebot3_gazebo//models/turtlebot3_autorace_2020/traffic_noentry
[1.066s] -- Up-to-date: /home/augustmenard/Intro-to-Robotics-Research-Labs/lab5_ws/install/turtlebot3_gazebo/share/turtlebot3_gazebo//models/turtlebot3_autorace_2020/traffic_noentry/model.sdf
[1.066s] -- Up-to-date: /home/augustmenard/Intro-to-Robotics-Research-Labs/lab5_ws/install/turtlebot3_gazebo/share/turtlebot3_gazebo//models/turtlebot3_autorace_2020/traffic_noentry/model.config
[1.066s] -- Up-to-date: /home/augustmenard/Intro-to-Robotics-Research-Labs/lab5_ws/install/turtlebot3_gazebo/share/turtlebot3_gazebo//models/turtlebot3_autorace_2020/traffic_noentry/materials
[1.066s] -- Up-to-date: /home/augustmenard/Intro-to-Robotics-Research-Labs/lab5_ws/install/turtlebot3_gazebo/share/turtlebot3_gazebo//models/turtlebot3_autorace_2020/traffic_noentry/materials/scripts
[1.066s] -- Up-to-date: /home/augustmenard/Intro-to-Robotics-Research-Labs/lab5_ws/install/turtlebot3_gazebo/share/turtlebot3_gazebo//models/turtlebot3_autorace_2020/traffic_noentry/materials/scripts/traffic_noentry.material
[1.066s] -- Up-to-date: /home/augustmenard/Intro-to-Robotics-Research-Labs/lab5_ws/install/turtlebot3_gazebo/share/turtlebot3_gazebo//models/turtlebot3_autorace_2020/traffic_noentry/materials/textures
[1.066s] -- Up-to-date: /home/augustmenard/Intro-to-Robotics-Research-Labs/lab5_ws/install/turtlebot3_gazebo/share/turtlebot3_gazebo//models/turtlebot3_autorace_2020/traffic_noentry/materials/textures/traffic_noentry.png
[1.066s] -- Up-to-date: /home/augustmenard/Intro-to-Robotics-Research-Labs/lab5_ws/install/turtlebot3_gazebo/share/turtlebot3_gazebo//models/turtlebot3_autorace_2020/traffic_tunnel
[1.066s] -- Up-to-date: /home/augustmenard/Intro-to-Robotics-Research-Labs/lab5_ws/install/turtlebot3_gazebo/share/turtlebot3_gazebo//models/turtlebot3_autorace_2020/traffic_tunnel/model.sdf
[1.066s] -- Up-to-date: /home/augustmenard/Intro-to-Robotics-Research-Labs/lab5_ws/install/turtlebot3_gazebo/share/turtlebot3_gazebo//models/turtlebot3_autorace_2020/traffic_tunnel/model.config
[1.066s] -- Up-to-date: /home/augustmenard/Intro-to-Robotics-Research-Labs/lab5_ws/install/turtlebot3_gazebo/share/turtlebot3_gazebo//models/turtlebot3_autorace_2020/traffic_tunnel/materials
[1.066s] -- Up-to-date: /home/augustmenard/Intro-to-Robotics-Research-Labs/lab5_ws/install/turtlebot3_gazebo/share/turtlebot3_gazebo//models/turtlebot3_autorace_2020/traffic_tunnel/materials/scripts
[1.067s] -- Up-to-date: /home/augustmenard/Intro-to-Robotics-Research-Labs/lab5_ws/install/turtlebot3_gazebo/share/turtlebot3_gazebo//models/turtlebot3_autorace_2020/traffic_tunnel/materials/scripts/tunnel.material
[1.067s] -- Up-to-date: /home/augustmenard/Intro-to-Robotics-Research-Labs/lab5_ws/install/turtlebot3_gazebo/share/turtlebot3_gazebo//models/turtlebot3_autorace_2020/traffic_tunnel/materials/textures
[1.067s] -- Up-to-date: /home/augustmenard/Intro-to-Robotics-Research-Labs/lab5_ws/install/turtlebot3_gazebo/share/turtlebot3_gazebo//models/turtlebot3_autorace_2020/traffic_tunnel/materials/textures/tunnel.png
[1.067s] -- Up-to-date: /home/augustmenard/Intro-to-Robotics-Research-Labs/lab5_ws/install/turtlebot3_gazebo/share/turtlebot3_gazebo//models/turtlebot3_autorace_2020/traffic_construction
[1.067s] -- Up-to-date: /home/augustmenard/Intro-to-Robotics-Research-Labs/lab5_ws/install/turtlebot3_gazebo/share/turtlebot3_gazebo//models/turtlebot3_autorace_2020/traffic_construction/model.sdf
[1.067s] -- Up-to-date: /home/augustmenard/Intro-to-Robotics-Research-Labs/lab5_ws/install/turtlebot3_gazebo/share/turtlebot3_gazebo//models/turtlebot3_autorace_2020/traffic_construction/model.config
[1.067s] -- Up-to-date: /home/augustmenard/Intro-to-Robotics-Research-Labs/lab5_ws/install/turtlebot3_gazebo/share/turtlebot3_gazebo//models/turtlebot3_autorace_2020/traffic_construction/materials
[1.067s] -- Up-to-date: /home/augustmenard/Intro-to-Robotics-Research-Labs/lab5_ws/install/turtlebot3_gazebo/share/turtlebot3_gazebo//models/turtlebot3_autorace_2020/traffic_construction/materials/scripts
[1.067s] -- Up-to-date: /home/augustmenard/Intro-to-Robotics-Research-Labs/lab5_ws/install/turtlebot3_gazebo/share/turtlebot3_gazebo//models/turtlebot3_autorace_2020/traffic_construction/materials/scripts/traffic_construction.material
[1.067s] -- Up-to-date: /home/augustmenard/Intro-to-Robotics-Research-Labs/lab5_ws/install/turtlebot3_gazebo/share/turtlebot3_gazebo//models/turtlebot3_autorace_2020/traffic_construction/materials/textures
[1.067s] -- Up-to-date: /home/augustmenard/Intro-to-Robotics-Research-Labs/lab5_ws/install/turtlebot3_gazebo/share/turtlebot3_gazebo//models/turtlebot3_autorace_2020/traffic_construction/materials/textures/traffic_construction.png
[1.067s] -- Up-to-date: /home/augustmenard/Intro-to-Robotics-Research-Labs/lab5_ws/install/turtlebot3_gazebo/share/turtlebot3_gazebo//models/turtlebot3_autorace_2020/traffic_bar
[1.067s] -- Up-to-date: /home/augustmenard/Intro-to-Robotics-Research-Labs/lab5_ws/install/turtlebot3_gazebo/share/turtlebot3_gazebo//models/turtlebot3_autorace_2020/traffic_bar/model.sdf
[1.067s] -- Up-to-date: /home/augustmenard/Intro-to-Robotics-Research-Labs/lab5_ws/install/turtlebot3_gazebo/share/turtlebot3_gazebo//models/turtlebot3_autorace_2020/traffic_bar/model.config
[1.067s] -- Up-to-date: /home/augustmenard/Intro-to-Robotics-Research-Labs/lab5_ws/install/turtlebot3_gazebo/share/turtlebot3_gazebo//models/turtlebot3_autorace_2020/traffic_bar/materials
[1.068s] -- Up-to-date: /home/augustmenard/Intro-to-Robotics-Research-Labs/lab5_ws/install/turtlebot3_gazebo/share/turtlebot3_gazebo//models/turtlebot3_autorace_2020/traffic_bar/materials/scripts
[1.068s] -- Up-to-date: /home/augustmenard/Intro-to-Robotics-Research-Labs/lab5_ws/install/turtlebot3_gazebo/share/turtlebot3_gazebo//models/turtlebot3_autorace_2020/traffic_bar/materials/scripts/traffic_bar.material
[1.068s] -- Up-to-date: /home/augustmenard/Intro-to-Robotics-Research-Labs/lab5_ws/install/turtlebot3_gazebo/share/turtlebot3_gazebo//models/turtlebot3_autorace_2020/traffic_bar/materials/textures
[1.068s] -- Up-to-date: /home/augustmenard/Intro-to-Robotics-Research-Labs/lab5_ws/install/turtlebot3_gazebo/share/turtlebot3_gazebo//models/turtlebot3_autorace_2020/traffic_bar/materials/textures/traffic_bar.png
[1.068s] -- Up-to-date: /home/augustmenard/Intro-to-Robotics-Research-Labs/lab5_ws/install/turtlebot3_gazebo/share/turtlebot3_gazebo//models/turtlebot3_autorace_2020/traffic_right
[1.068s] -- Up-to-date: /home/augustmenard/Intro-to-Robotics-Research-Labs/lab5_ws/install/turtlebot3_gazebo/share/turtlebot3_gazebo//models/turtlebot3_autorace_2020/traffic_right/model.sdf
[1.068s] -- Up-to-date: /home/augustmenard/Intro-to-Robotics-Research-Labs/lab5_ws/install/turtlebot3_gazebo/share/turtlebot3_gazebo//models/turtlebot3_autorace_2020/traffic_right/model.config
[1.068s] -- Up-to-date: /home/augustmenard/Intro-to-Robotics-Research-Labs/lab5_ws/install/turtlebot3_gazebo/share/turtlebot3_gazebo//models/turtlebot3_autorace_2020/traffic_right/materials
[1.068s] -- Up-to-date: /home/augustmenard/Intro-to-Robotics-Research-Labs/lab5_ws/install/turtlebot3_gazebo/share/turtlebot3_gazebo//models/turtlebot3_autorace_2020/traffic_right/materials/scripts
[1.068s] -- Up-to-date: /home/augustmenard/Intro-to-Robotics-Research-Labs/lab5_ws/install/turtlebot3_gazebo/share/turtlebot3_gazebo//models/turtlebot3_autorace_2020/traffic_right/materials/scripts/traffic_right.material
[1.068s] -- Up-to-date: /home/augustmenard/Intro-to-Robotics-Research-Labs/lab5_ws/install/turtlebot3_gazebo/share/turtlebot3_gazebo//models/turtlebot3_autorace_2020/traffic_right/materials/textures
[1.068s] -- Up-to-date: /home/augustmenard/Intro-to-Robotics-Research-Labs/lab5_ws/install/turtlebot3_gazebo/share/turtlebot3_gazebo//models/turtlebot3_autorace_2020/traffic_right/materials/textures/traffic_right.png
[1.068s] -- Up-to-date: /home/augustmenard/Intro-to-Robotics-Research-Labs/lab5_ws/install/turtlebot3_gazebo/share/turtlebot3_gazebo//models/turtlebot3_autorace_2020/traffic_pl_left
[1.068s] -- Up-to-date: /home/augustmenard/Intro-to-Robotics-Research-Labs/lab5_ws/install/turtlebot3_gazebo/share/turtlebot3_gazebo//models/turtlebot3_autorace_2020/traffic_pl_left/model.sdf
[1.068s] -- Up-to-date: /home/augustmenard/Intro-to-Robotics-Research-Labs/lab5_ws/install/turtlebot3_gazebo/share/turtlebot3_gazebo//models/turtlebot3_autorace_2020/traffic_pl_left/model.config
[1.069s] -- Up-to-date: /home/augustmenard/Intro-to-Robotics-Research-Labs/lab5_ws/install/turtlebot3_gazebo/share/turtlebot3_gazebo//models/turtlebot3_autorace_2020/traffic_pl_left/materials
[1.069s] -- Up-to-date: /home/augustmenard/Intro-to-Robotics-Research-Labs/lab5_ws/install/turtlebot3_gazebo/share/turtlebot3_gazebo//models/turtlebot3_autorace_2020/traffic_pl_left/materials/scripts
[1.069s] -- Up-to-date: /home/augustmenard/Intro-to-Robotics-Research-Labs/lab5_ws/install/turtlebot3_gazebo/share/turtlebot3_gazebo//models/turtlebot3_autorace_2020/traffic_pl_left/materials/scripts/traffic_pl_left.material
[1.069s] -- Up-to-date: /home/augustmenard/Intro-to-Robotics-Research-Labs/lab5_ws/install/turtlebot3_gazebo/share/turtlebot3_gazebo//models/turtlebot3_autorace_2020/traffic_pl_left/materials/textures
[1.069s] -- Up-to-date: /home/augustmenard/Intro-to-Robotics-Research-Labs/lab5_ws/install/turtlebot3_gazebo/share/turtlebot3_gazebo//models/turtlebot3_autorace_2020/traffic_pl_left/materials/textures/traffic_pl_left.png
[1.069s] -- Up-to-date: /home/augustmenard/Intro-to-Robotics-Research-Labs/lab5_ws/install/turtlebot3_gazebo/share/turtlebot3_gazebo//models/turtlebot3_autorace_2020/checker
[1.069s] -- Up-to-date: /home/augustmenard/Intro-to-Robotics-Research-Labs/lab5_ws/install/turtlebot3_gazebo/share/turtlebot3_gazebo//models/turtlebot3_autorace_2020/checker/model.sdf
[1.069s] -- Up-to-date: /home/augustmenard/Intro-to-Robotics-Research-Labs/lab5_ws/install/turtlebot3_gazebo/share/turtlebot3_gazebo//models/turtlebot3_autorace_2020/checker/model.config
[1.069s] -- Up-to-date: /home/augustmenard/Intro-to-Robotics-Research-Labs/lab5_ws/install/turtlebot3_gazebo/share/turtlebot3_gazebo//models/turtlebot3_autorace_2020/checker/materials
[1.069s] -- Up-to-date: /home/augustmenard/Intro-to-Robotics-Research-Labs/lab5_ws/install/turtlebot3_gazebo/share/turtlebot3_gazebo//models/turtlebot3_autorace_2020/checker/materials/checker.png
[1.069s] -- Up-to-date: /home/augustmenard/Intro-to-Robotics-Research-Labs/lab5_ws/install/turtlebot3_gazebo/share/turtlebot3_gazebo//models/turtlebot3_autorace_2020/checker/materials/scripts
[1.069s] -- Up-to-date: /home/augustmenard/Intro-to-Robotics-Research-Labs/lab5_ws/install/turtlebot3_gazebo/share/turtlebot3_gazebo//models/turtlebot3_autorace_2020/checker/materials/scripts/checker.material
[1.069s] -- Up-to-date: /home/augustmenard/Intro-to-Robotics-Research-Labs/lab5_ws/install/turtlebot3_gazebo/share/turtlebot3_gazebo//models/turtlebot3_autorace_2020/checker/materials/textures
[1.069s] -- Up-to-date: /home/augustmenard/Intro-to-Robotics-Research-Labs/lab5_ws/install/turtlebot3_gazebo/share/turtlebot3_gazebo//models/turtlebot3_autorace_2020/checker/materials/textures/checker.png
[1.069s] -- Up-to-date: /home/augustmenard/Intro-to-Robotics-Research-Labs/lab5_ws/install/turtlebot3_gazebo/share/turtlebot3_gazebo//models/turtlebot3_autorace_2020/course
[1.070s] -- Up-to-date: /home/augustmenard/Intro-to-Robotics-Research-Labs/lab5_ws/install/turtlebot3_gazebo/share/turtlebot3_gazebo//models/turtlebot3_autorace_2020/course/model.sdf
[1.070s] -- Up-to-date: /home/augustmenard/Intro-to-Robotics-Research-Labs/lab5_ws/install/turtlebot3_gazebo/share/turtlebot3_gazebo//models/turtlebot3_autorace_2020/course/model.config
[1.070s] -- Up-to-date: /home/augustmenard/Intro-to-Robotics-Research-Labs/lab5_ws/install/turtlebot3_gazebo/share/turtlebot3_gazebo//models/turtlebot3_autorace_2020/course/materials
[1.070s] -- Up-to-date: /home/augustmenard/Intro-to-Robotics-Research-Labs/lab5_ws/install/turtlebot3_gazebo/share/turtlebot3_gazebo//models/turtlebot3_autorace_2020/course/materials/scripts
[1.070s] -- Up-to-date: /home/augustmenard/Intro-to-Robotics-Research-Labs/lab5_ws/install/turtlebot3_gazebo/share/turtlebot3_gazebo//models/turtlebot3_autorace_2020/course/materials/scripts/course.material
[1.070s] -- Up-to-date: /home/augustmenard/Intro-to-Robotics-Research-Labs/lab5_ws/install/turtlebot3_gazebo/share/turtlebot3_gazebo//models/turtlebot3_autorace_2020/course/materials/textures
[1.070s] -- Up-to-date: /home/augustmenard/Intro-to-Robotics-Research-Labs/lab5_ws/install/turtlebot3_gazebo/share/turtlebot3_gazebo//models/turtlebot3_autorace_2020/course/materials/textures/course.png
[1.070s] -- Up-to-date: /home/augustmenard/Intro-to-Robotics-Research-Labs/lab5_ws/install/turtlebot3_gazebo/share/turtlebot3_gazebo//models/turtlebot3_autorace_2020/traffic_stop
[1.070s] -- Up-to-date: /home/augustmenard/Intro-to-Robotics-Research-Labs/lab5_ws/install/turtlebot3_gazebo/share/turtlebot3_gazebo//models/turtlebot3_autorace_2020/traffic_stop/model.sdf
[1.070s] -- Up-to-date: /home/augustmenard/Intro-to-Robotics-Research-Labs/lab5_ws/install/turtlebot3_gazebo/share/turtlebot3_gazebo//models/turtlebot3_autorace_2020/traffic_stop/model.config
[1.070s] -- Up-to-date: /home/augustmenard/Intro-to-Robotics-Research-Labs/lab5_ws/install/turtlebot3_gazebo/share/turtlebot3_gazebo//models/turtlebot3_autorace_2020/traffic_stop/materials
[1.070s] -- Up-to-date: /home/augustmenard/Intro-to-Robotics-Research-Labs/lab5_ws/install/turtlebot3_gazebo/share/turtlebot3_gazebo//models/turtlebot3_autorace_2020/traffic_stop/materials/scripts
[1.070s] -- Up-to-date: /home/augustmenard/Intro-to-Robotics-Research-Labs/lab5_ws/install/turtlebot3_gazebo/share/turtlebot3_gazebo//models/turtlebot3_autorace_2020/traffic_stop/materials/scripts/traffic_stop.material
[1.070s] -- Up-to-date: /home/augustmenard/Intro-to-Robotics-Research-Labs/lab5_ws/install/turtlebot3_gazebo/share/turtlebot3_gazebo//models/turtlebot3_autorace_2020/traffic_stop/materials/textures
[1.070s] -- Up-to-date: /home/augustmenard/Intro-to-Robotics-Research-Labs/lab5_ws/install/turtlebot3_gazebo/share/turtlebot3_gazebo//models/turtlebot3_autorace_2020/traffic_stop/materials/textures/traffic_stop.png
[1.070s] -- Up-to-date: /home/augustmenard/Intro-to-Robotics-Research-Labs/lab5_ws/install/turtlebot3_gazebo/share/turtlebot3_gazebo//models/turtlebot3_autorace_2020/traffic_left
[1.071s] -- Up-to-date: /home/augustmenard/Intro-to-Robotics-Research-Labs/lab5_ws/install/turtlebot3_gazebo/share/turtlebot3_gazebo//models/turtlebot3_autorace_2020/traffic_left/model.sdf
[1.071s] -- Up-to-date: /home/augustmenard/Intro-to-Robotics-Research-Labs/lab5_ws/install/turtlebot3_gazebo/share/turtlebot3_gazebo//models/turtlebot3_autorace_2020/traffic_left/model.config
[1.071s] -- Up-to-date: /home/augustmenard/Intro-to-Robotics-Research-Labs/lab5_ws/install/turtlebot3_gazebo/share/turtlebot3_gazebo//models/turtlebot3_autorace_2020/traffic_left/materials
[1.071s] -- Up-to-date: /home/augustmenard/Intro-to-Robotics-Research-Labs/lab5_ws/install/turtlebot3_gazebo/share/turtlebot3_gazebo//models/turtlebot3_autorace_2020/traffic_left/materials/scripts
[1.071s] -- Up-to-date: /home/augustmenard/Intro-to-Robotics-Research-Labs/lab5_ws/install/turtlebot3_gazebo/share/turtlebot3_gazebo//models/turtlebot3_autorace_2020/traffic_left/materials/scripts/traffic_is_left.material
[1.071s] -- Up-to-date: /home/augustmenard/Intro-to-Robotics-Research-Labs/lab5_ws/install/turtlebot3_gazebo/share/turtlebot3_gazebo//models/turtlebot3_autorace_2020/traffic_left/materials/textures
[1.071s] -- Up-to-date: /home/augustmenard/Intro-to-Robotics-Research-Labs/lab5_ws/install/turtlebot3_gazebo/share/turtlebot3_gazebo//models/turtlebot3_autorace_2020/traffic_left/materials/textures/traffic_left.png
[1.071s] -- Up-to-date: /home/augustmenard/Intro-to-Robotics-Research-Labs/lab5_ws/install/turtlebot3_gazebo/share/turtlebot3_gazebo//models/turtlebot3_autorace_2020/traffic_intersection
[1.071s] -- Up-to-date: /home/augustmenard/Intro-to-Robotics-Research-Labs/lab5_ws/install/turtlebot3_gazebo/share/turtlebot3_gazebo//models/turtlebot3_autorace_2020/traffic_intersection/model.sdf
[1.071s] -- Up-to-date: /home/augustmenard/Intro-to-Robotics-Research-Labs/lab5_ws/install/turtlebot3_gazebo/share/turtlebot3_gazebo//models/turtlebot3_autorace_2020/traffic_intersection/model.config
[1.071s] -- Up-to-date: /home/augustmenard/Intro-to-Robotics-Research-Labs/lab5_ws/install/turtlebot3_gazebo/share/turtlebot3_gazebo//models/turtlebot3_autorace_2020/traffic_intersection/materials
[1.071s] -- Up-to-date: /home/augustmenard/Intro-to-Robotics-Research-Labs/lab5_ws/install/turtlebot3_gazebo/share/turtlebot3_gazebo//models/turtlebot3_autorace_2020/traffic_intersection/materials/scripts
[1.071s] -- Up-to-date: /home/augustmenard/Intro-to-Robotics-Research-Labs/lab5_ws/install/turtlebot3_gazebo/share/turtlebot3_gazebo//models/turtlebot3_autorace_2020/traffic_intersection/materials/scripts/traffic_intersection.material
[1.071s] -- Up-to-date: /home/augustmenard/Intro-to-Robotics-Research-Labs/lab5_ws/install/turtlebot3_gazebo/share/turtlebot3_gazebo//models/turtlebot3_autorace_2020/traffic_intersection/materials/textures
[1.071s] -- Up-to-date: /home/augustmenard/Intro-to-Robotics-Research-Labs/lab5_ws/install/turtlebot3_gazebo/share/turtlebot3_gazebo//models/turtlebot3_autorace_2020/traffic_intersection/materials/textures/traffic_intersection.png
[1.072s] -- Up-to-date: /home/augustmenard/Intro-to-Robotics-Research-Labs/lab5_ws/install/turtlebot3_gazebo/share/turtlebot3_gazebo//models/turtlebot3_autorace_2020/traffic_parking
[1.072s] -- Up-to-date: /home/augustmenard/Intro-to-Robotics-Research-Labs/lab5_ws/install/turtlebot3_gazebo/share/turtlebot3_gazebo//models/turtlebot3_autorace_2020/traffic_parking/model.sdf
[1.072s] -- Up-to-date: /home/augustmenard/Intro-to-Robotics-Research-Labs/lab5_ws/install/turtlebot3_gazebo/share/turtlebot3_gazebo//models/turtlebot3_autorace_2020/traffic_parking/model.config
[1.072s] -- Up-to-date: /home/augustmenard/Intro-to-Robotics-Research-Labs/lab5_ws/install/turtlebot3_gazebo/share/turtlebot3_gazebo//models/turtlebot3_autorace_2020/traffic_parking/materials
[1.072s] -- Up-to-date: /home/augustmenard/Intro-to-Robotics-Research-Labs/lab5_ws/install/turtlebot3_gazebo/share/turtlebot3_gazebo//models/turtlebot3_autorace_2020/traffic_parking/materials/scripts
[1.072s] -- Up-to-date: /home/augustmenard/Intro-to-Robotics-Research-Labs/lab5_ws/install/turtlebot3_gazebo/share/turtlebot3_gazebo//models/turtlebot3_autorace_2020/traffic_parking/materials/scripts/traffic_parking.material
[1.072s] -- Up-to-date: /home/augustmenard/Intro-to-Robotics-Research-Labs/lab5_ws/install/turtlebot3_gazebo/share/turtlebot3_gazebo//models/turtlebot3_autorace_2020/traffic_parking/materials/textures
[1.072s] -- Up-to-date: /home/augustmenard/Intro-to-Robotics-Research-Labs/lab5_ws/install/turtlebot3_gazebo/share/turtlebot3_gazebo//models/turtlebot3_autorace_2020/traffic_parking/materials/textures/traffic_parking.png
[1.072s] -- Up-to-date: /home/augustmenard/Intro-to-Robotics-Research-Labs/lab5_ws/install/turtlebot3_gazebo/share/turtlebot3_gazebo//models/turtlebot3_house
[1.072s] -- Up-to-date: /home/augustmenard/Intro-to-Robotics-Research-Labs/lab5_ws/install/turtlebot3_gazebo/share/turtlebot3_gazebo//models/turtlebot3_house/model.sdf
[1.072s] -- Up-to-date: /home/augustmenard/Intro-to-Robotics-Research-Labs/lab5_ws/install/turtlebot3_gazebo/share/turtlebot3_gazebo//models/turtlebot3_house/model.config
[1.072s] -- Up-to-date: /home/augustmenard/Intro-to-Robotics-Research-Labs/lab5_ws/install/turtlebot3_gazebo/share/turtlebot3_gazebo//models/7785_maze
[1.072s] -- Up-to-date: /home/augustmenard/Intro-to-Robotics-Research-Labs/lab5_ws/install/turtlebot3_gazebo/share/turtlebot3_gazebo//models/7785_maze/model.sdf
[1.072s] -- Up-to-date: /home/augustmenard/Intro-to-Robotics-Research-Labs/lab5_ws/install/turtlebot3_gazebo/share/turtlebot3_gazebo//models/7785_maze/model.config
[1.072s] -- Up-to-date: /home/augustmenard/Intro-to-Robotics-Research-Labs/lab5_ws/install/turtlebot3_gazebo/share/turtlebot3_gazebo//models/7785_maze/meshes
[1.072s] -- Up-to-date: /home/augustmenard/Intro-to-Robotics-Research-Labs/lab5_ws/install/turtlebot3_gazebo/share/turtlebot3_gazebo//models/7785_maze/meshes/8508388149468536489_diffuseColor.png
[1.073s] -- Up-to-date: /home/augustmenard/Intro-to-Robotics-Research-Labs/lab5_ws/install/turtlebot3_gazebo/share/turtlebot3_gazebo//models/7785_maze/meshes/FLOOR1.png
[1.073s] -- Up-to-date: /home/augustmenard/Intro-to-Robotics-Research-Labs/lab5_ws/install/turtlebot3_gazebo/share/turtlebot3_gazebo//models/7785_maze/meshes/15110686115335782429_diffuseColor.png
[1.073s] -- Up-to-date: /home/augustmenard/Intro-to-Robotics-Research-Labs/lab5_ws/install/turtlebot3_gazebo/share/turtlebot3_gazebo//models/7785_maze/meshes/white_brick_wall1.jpg
[1.073s] -- Up-to-date: /home/augustmenard/Intro-to-Robotics-Research-Labs/lab5_ws/install/turtlebot3_gazebo/share/turtlebot3_gazebo//models/7785_maze/meshes/7785_maze.dae
[1.073s] -- Up-to-date: /home/augustmenard/Intro-to-Robotics-Research-Labs/lab5_ws/install/turtlebot3_gazebo/share/turtlebot3_gazebo//models/7785_maze/meshes/drywall.jpg
[1.073s] -- Up-to-date: /home/augustmenard/Intro-to-Robotics-Research-Labs/lab5_ws/install/turtlebot3_gazebo/share/turtlebot3_gazebo//models/turtlebot3_dqn_world
[1.073s] -- Up-to-date: /home/augustmenard/Intro-to-Robotics-Research-Labs/lab5_ws/install/turtlebot3_gazebo/share/turtlebot3_gazebo//models/turtlebot3_dqn_world/model.sdf
[1.073s] -- Up-to-date: /home/augustmenard/Intro-to-Robotics-Research-Labs/lab5_ws/install/turtlebot3_gazebo/share/turtlebot3_gazebo//models/turtlebot3_dqn_world/goal_box
[1.073s] -- Up-to-date: /home/augustmenard/Intro-to-Robotics-Research-Labs/lab5_ws/install/turtlebot3_gazebo/share/turtlebot3_gazebo//models/turtlebot3_dqn_world/goal_box/model.sdf
[1.073s] -- Up-to-date: /home/augustmenard/Intro-to-Robotics-Research-Labs/lab5_ws/install/turtlebot3_gazebo/share/turtlebot3_gazebo//models/turtlebot3_dqn_world/goal_box/model.config
[1.073s] -- Up-to-date: /home/augustmenard/Intro-to-Robotics-Research-Labs/lab5_ws/install/turtlebot3_gazebo/share/turtlebot3_gazebo//models/turtlebot3_dqn_world/obstacles
[1.073s] -- Up-to-date: /home/augustmenard/Intro-to-Robotics-Research-Labs/lab5_ws/install/turtlebot3_gazebo/share/turtlebot3_gazebo//models/turtlebot3_dqn_world/obstacles/model.sdf
[1.073s] -- Up-to-date: /home/augustmenard/Intro-to-Robotics-Research-Labs/lab5_ws/install/turtlebot3_gazebo/share/turtlebot3_gazebo//models/turtlebot3_dqn_world/obstacles/model.config
[1.073s] -- Up-to-date: /home/augustmenard/Intro-to-Robotics-Research-Labs/lab5_ws/install/turtlebot3_gazebo/share/turtlebot3_gazebo//models/turtlebot3_dqn_world/model.config
[1.073s] -- Up-to-date: /home/augustmenard/Intro-to-Robotics-Research-Labs/lab5_ws/install/turtlebot3_gazebo/share/turtlebot3_gazebo//models/turtlebot3_dqn_world/inner_walls
[1.073s] -- Up-to-date: /home/augustmenard/Intro-to-Robotics-Research-Labs/lab5_ws/install/turtlebot3_gazebo/share/turtlebot3_gazebo//models/turtlebot3_dqn_world/inner_walls/model.sdf
[1.073s] -- Up-to-date: /home/augustmenard/Intro-to-Robotics-Research-Labs/lab5_ws/install/turtlebot3_gazebo/share/turtlebot3_gazebo//models/turtlebot3_dqn_world/inner_walls/model.config
[1.074s] -- Up-to-date: /home/augustmenard/Intro-to-Robotics-Research-Labs/lab5_ws/install/turtlebot3_gazebo/share/turtlebot3_gazebo//models/turtlebot3_dqn_world/obstacle1
[1.074s] -- Up-to-date: /home/augustmenard/Intro-to-Robotics-Research-Labs/lab5_ws/install/turtlebot3_gazebo/share/turtlebot3_gazebo//models/turtlebot3_dqn_world/obstacle1/model.sdf
[1.074s] -- Up-to-date: /home/augustmenard/Intro-to-Robotics-Research-Labs/lab5_ws/install/turtlebot3_gazebo/share/turtlebot3_gazebo//models/turtlebot3_dqn_world/obstacle1/model.config
[1.074s] -- Up-to-date: /home/augustmenard/Intro-to-Robotics-Research-Labs/lab5_ws/install/turtlebot3_gazebo/share/turtlebot3_gazebo//models/turtlebot3_dqn_world/obstacle2
[1.074s] -- Up-to-date: /home/augustmenard/Intro-to-Robotics-Research-Labs/lab5_ws/install/turtlebot3_gazebo/share/turtlebot3_gazebo//models/turtlebot3_dqn_world/obstacle2/model.sdf
[1.074s] -- Up-to-date: /home/augustmenard/Intro-to-Robotics-Research-Labs/lab5_ws/install/turtlebot3_gazebo/share/turtlebot3_gazebo//models/turtlebot3_dqn_world/obstacle2/model.config
[1.074s] -- Up-to-date: /home/augustmenard/Intro-to-Robotics-Research-Labs/lab5_ws/install/turtlebot3_gazebo/share/turtlebot3_gazebo//models/turtlebot3_common
[1.074s] -- Up-to-date: /home/augustmenard/Intro-to-Robotics-Research-Labs/lab5_ws/install/turtlebot3_gazebo/share/turtlebot3_gazebo//models/turtlebot3_common/model.config
[1.074s] -- Up-to-date: /home/augustmenard/Intro-to-Robotics-Research-Labs/lab5_ws/install/turtlebot3_gazebo/share/turtlebot3_gazebo//models/turtlebot3_common/meshes
[1.074s] -- Up-to-date: /home/augustmenard/Intro-to-Robotics-Research-Labs/lab5_ws/install/turtlebot3_gazebo/share/turtlebot3_gazebo//models/turtlebot3_common/meshes/wheels
[1.074s] -- Up-to-date: /home/augustmenard/Intro-to-Robotics-Research-Labs/lab5_ws/install/turtlebot3_gazebo/share/turtlebot3_gazebo//models/turtlebot3_common/meshes/wheels/left_tire.stl
[1.074s] -- Up-to-date: /home/augustmenard/Intro-to-Robotics-Research-Labs/lab5_ws/install/turtlebot3_gazebo/share/turtlebot3_gazebo//models/turtlebot3_common/meshes/wheels/right_tire.stl
[1.074s] -- Up-to-date: /home/augustmenard/Intro-to-Robotics-Research-Labs/lab5_ws/install/turtlebot3_gazebo/share/turtlebot3_gazebo//models/turtlebot3_common/meshes/burger_base.dae
[1.074s] -- Up-to-date: /home/augustmenard/Intro-to-Robotics-Research-Labs/lab5_ws/install/turtlebot3_gazebo/share/turtlebot3_gazebo//models/turtlebot3_common/meshes/lds.dae
[1.074s] -- Up-to-date: /home/augustmenard/Intro-to-Robotics-Research-Labs/lab5_ws/install/turtlebot3_gazebo/share/turtlebot3_gazebo//models/turtlebot3_common/meshes/tire.dae
[1.074s] -- Up-to-date: /home/augustmenard/Intro-to-Robotics-Research-Labs/lab5_ws/install/turtlebot3_gazebo/share/turtlebot3_gazebo//models/turtlebot3_common/meshes/waffle_base.dae
[1.075s] -- Up-to-date: /home/augustmenard/Intro-to-Robotics-Research-Labs/lab5_ws/install/turtlebot3_gazebo/share/turtlebot3_gazebo//models/turtlebot3_common/meshes/bases
[1.075s] -- Up-to-date: /home/augustmenard/Intro-to-Robotics-Research-Labs/lab5_ws/install/turtlebot3_gazebo/share/turtlebot3_gazebo//models/turtlebot3_common/meshes/bases/waffle_base.stl
[1.075s] -- Up-to-date: /home/augustmenard/Intro-to-Robotics-Research-Labs/lab5_ws/install/turtlebot3_gazebo/share/turtlebot3_gazebo//models/turtlebot3_common/meshes/bases/waffle_pi_base.stl
[1.075s] -- Up-to-date: /home/augustmenard/Intro-to-Robotics-Research-Labs/lab5_ws/install/turtlebot3_gazebo/share/turtlebot3_gazebo//models/turtlebot3_common/meshes/bases/burger_base.stl
[1.075s] -- Up-to-date: /home/augustmenard/Intro-to-Robotics-Research-Labs/lab5_ws/install/turtlebot3_gazebo/share/turtlebot3_gazebo//models/turtlebot3_common/meshes/sensors
[1.075s] -- Up-to-date: /home/augustmenard/Intro-to-Robotics-Research-Labs/lab5_ws/install/turtlebot3_gazebo/share/turtlebot3_gazebo//models/turtlebot3_common/meshes/sensors/r200.jpg
[1.075s] -- Up-to-date: /home/augustmenard/Intro-to-Robotics-Research-Labs/lab5_ws/install/turtlebot3_gazebo/share/turtlebot3_gazebo//models/turtlebot3_common/meshes/sensors/astra.jpg
[1.075s] -- Up-to-date: /home/augustmenard/Intro-to-Robotics-Research-Labs/lab5_ws/install/turtlebot3_gazebo/share/turtlebot3_gazebo//models/turtlebot3_common/meshes/sensors/astra.dae
[1.075s] -- Up-to-date: /home/augustmenard/Intro-to-Robotics-Research-Labs/lab5_ws/install/turtlebot3_gazebo/share/turtlebot3_gazebo//models/turtlebot3_common/meshes/sensors/lds.stl
[1.075s] -- Up-to-date: /home/augustmenard/Intro-to-Robotics-Research-Labs/lab5_ws/install/turtlebot3_gazebo/share/turtlebot3_gazebo//models/turtlebot3_common/meshes/sensors/r200.dae
[1.075s] -- Up-to-date: /home/augustmenard/Intro-to-Robotics-Research-Labs/lab5_ws/install/turtlebot3_gazebo/share/turtlebot3_gazebo//models/turtlebot3_common/meshes/waffle_pi_base.dae
[1.075s] -- Up-to-date: /home/augustmenard/Intro-to-Robotics-Research-Labs/lab5_ws/install/turtlebot3_gazebo/share/turtlebot3_gazebo//models/turtlebot3_common/meshes/r200.dae
[1.075s] -- Up-to-date: /home/augustmenard/Intro-to-Robotics-Research-Labs/lab5_ws/install/turtlebot3_gazebo/share/turtlebot3_gazebo//models/turtlebot3_burger
[1.075s] -- Up-to-date: /home/augustmenard/Intro-to-Robotics-Research-Labs/lab5_ws/install/turtlebot3_gazebo/share/turtlebot3_gazebo//models/turtlebot3_burger/model.sdf
[1.075s] -- Up-to-date: /home/augustmenard/Intro-to-Robotics-Research-Labs/lab5_ws/install/turtlebot3_gazebo/share/turtlebot3_gazebo//models/turtlebot3_burger/model-1_4.sdf
[1.075s] -- Up-to-date: /home/augustmenard/Intro-to-Robotics-Research-Labs/lab5_ws/install/turtlebot3_gazebo/share/turtlebot3_gazebo//models/turtlebot3_burger/model.config
[1.075s] -- Up-to-date: /home/augustmenard/Intro-to-Robotics-Research-Labs/lab5_ws/install/turtlebot3_gazebo/share/turtlebot3_gazebo//rviz
[1.076s] -- Up-to-date: /home/augustmenard/Intro-to-Robotics-Research-Labs/lab5_ws/install/turtlebot3_gazebo/share/turtlebot3_gazebo//rviz/tb3_gazebo.rviz
[1.076s] -- Up-to-date: /home/augustmenard/Intro-to-Robotics-Research-Labs/lab5_ws/install/turtlebot3_gazebo/share/turtlebot3_gazebo//urdf
[1.076s] -- Up-to-date: /home/augustmenard/Intro-to-Robotics-Research-Labs/lab5_ws/install/turtlebot3_gazebo/share/turtlebot3_gazebo//urdf/turtlebot3_waffle_pi.urdf
[1.076s] -- Up-to-date: /home/augustmenard/Intro-to-Robotics-Research-Labs/lab5_ws/install/turtlebot3_gazebo/share/turtlebot3_gazebo//urdf/turtlebot3_burger.urdf
[1.076s] -- Up-to-date: /home/augustmenard/Intro-to-Robotics-Research-Labs/lab5_ws/install/turtlebot3_gazebo/share/turtlebot3_gazebo//urdf/common_properties.urdf
[1.076s] -- Up-to-date: /home/augustmenard/Intro-to-Robotics-Research-Labs/lab5_ws/install/turtlebot3_gazebo/share/turtlebot3_gazebo//urdf/turtlebot3_burger_cam.urdf
[1.076s] -- Up-to-date: /home/augustmenard/Intro-to-Robotics-Research-Labs/lab5_ws/install/turtlebot3_gazebo/share/turtlebot3_gazebo//urdf/turtlebot3_waffle.urdf
[1.076s] -- Up-to-date: /home/augustmenard/Intro-to-Robotics-Research-Labs/lab5_ws/install/turtlebot3_gazebo/share/turtlebot3_gazebo//worlds
[1.076s] -- Up-to-date: /home/augustmenard/Intro-to-Robotics-Research-Labs/lab5_ws/install/turtlebot3_gazebo/share/turtlebot3_gazebo//worlds/turtlebot3_dqn_stage3.world
[1.076s] -- Up-to-date: /home/augustmenard/Intro-to-Robotics-Research-Labs/lab5_ws/install/turtlebot3_gazebo/share/turtlebot3_gazebo//worlds/7785_maze.world
[1.076s] -- Up-to-date: /home/augustmenard/Intro-to-Robotics-Research-Labs/lab5_ws/install/turtlebot3_gazebo/share/turtlebot3_gazebo//worlds/turtlebot3_dqn_stage4.world
[1.076s] -- Up-to-date: /home/augustmenard/Intro-to-Robotics-Research-Labs/lab5_ws/install/turtlebot3_gazebo/share/turtlebot3_gazebo//worlds/turtlebot3_autorace_2020.world
[1.076s] -- Up-to-date: /home/augustmenard/Intro-to-Robotics-Research-Labs/lab5_ws/install/turtlebot3_gazebo/share/turtlebot3_gazebo//worlds/turtlebot3_house.world
[1.076s] -- Up-to-date: /home/augustmenard/Intro-to-Robotics-Research-Labs/lab5_ws/install/turtlebot3_gazebo/share/turtlebot3_gazebo//worlds/turtlebot3_world.world
[1.076s] -- Up-to-date: /home/augustmenard/Intro-to-Robotics-Research-Labs/lab5_ws/install/turtlebot3_gazebo/share/turtlebot3_gazebo//worlds/empty_world.world
[1.076s] -- Up-to-date: /home/augustmenard/Intro-to-Robotics-Research-Labs/lab5_ws/install/turtlebot3_gazebo/share/turtlebot3_gazebo//worlds/turtlebot3_dqn_stage1.world
[1.077s] -- Up-to-date: /home/augustmenard/Intro-to-Robotics-Research-Labs/lab5_ws/install/turtlebot3_gazebo/share/turtlebot3_gazebo//worlds/turtlebot3_dqn_stage2.world
[1.077s] -- Up-to-date: /home/augustmenard/Intro-to-Robotics-Research-Labs/lab5_ws/install/turtlebot3_gazebo/include/
[1.077s] -- Up-to-date: /home/augustmenard/Intro-to-Robotics-Research-Labs/lab5_ws/install/turtlebot3_gazebo/include//turtlebot3_gazebo
[1.077s] -- Up-to-date: /home/augustmenard/Intro-to-Robotics-Research-Labs/lab5_ws/install/turtlebot3_gazebo/include//turtlebot3_gazebo/obstacles.hpp
[1.077s] -- Up-to-date: /home/augustmenard/Intro-to-Robotics-Research-Labs/lab5_ws/install/turtlebot3_gazebo/include//turtlebot3_gazebo/traffic_bar_plugin.hpp
[1.077s] -- Up-to-date: /home/augustmenard/Intro-to-Robotics-Research-Labs/lab5_ws/install/turtlebot3_gazebo/include//turtlebot3_gazebo/traffic_light_plugin.hpp
[1.077s] -- Up-to-date: /home/augustmenard/Intro-to-Robotics-Research-Labs/lab5_ws/install/turtlebot3_gazebo/include//turtlebot3_gazebo/turtlebot3_drive.hpp
[1.077s] -- Up-to-date: /home/augustmenard/Intro-to-Robotics-Research-Labs/lab5_ws/install/turtlebot3_gazebo/include//turtlebot3_gazebo/obstacle1.hpp
[1.077s] -- Up-to-date: /home/augustmenard/Intro-to-Robotics-Research-Labs/lab5_ws/install/turtlebot3_gazebo/include//turtlebot3_gazebo/obstacle2.hpp
[1.077s] -- Up-to-date: /home/augustmenard/Intro-to-Robotics-Research-Labs/lab5_ws/install/turtlebot3_gazebo/share/ament_index/resource_index/package_run_dependencies/turtlebot3_gazebo
[1.077s] -- Up-to-date: /home/augustmenard/Intro-to-Robotics-Research-Labs/lab5_ws/install/turtlebot3_gazebo/share/ament_index/resource_index/parent_prefix_path/turtlebot3_gazebo
[1.077s] -- Up-to-date: /home/augustmenard/Intro-to-Robotics-Research-Labs/lab5_ws/install/turtlebot3_gazebo/share/turtlebot3_gazebo/environment/ament_prefix_path.sh
[1.077s] -- Up-to-date: /home/augustmenard/Intro-to-Robotics-Research-Labs/lab5_ws/install/turtlebot3_gazebo/share/turtlebot3_gazebo/environment/ament_prefix_path.dsv
[1.077s] -- Up-to-date: /home/augustmenard/Intro-to-Robotics-Research-Labs/lab5_ws/install/turtlebot3_gazebo/share/turtlebot3_gazebo/environment/path.sh
[1.077s] -- Up-to-date: /home/augustmenard/Intro-to-Robotics-Research-Labs/lab5_ws/install/turtlebot3_gazebo/share/turtlebot3_gazebo/environment/path.dsv
[1.078s] -- Up-to-date: /home/augustmenard/Intro-to-Robotics-Research-Labs/lab5_ws/install/turtlebot3_gazebo/share/turtlebot3_gazebo/local_setup.bash
[1.078s] -- Up-to-date: /home/augustmenard/Intro-to-Robotics-Research-Labs/lab5_ws/install/turtlebot3_gazebo/share/turtlebot3_gazebo/local_setup.sh
[1.078s] -- Up-to-date: /home/augustmenard/Intro-to-Robotics-Research-Labs/lab5_ws/install/turtlebot3_gazebo/share/turtlebot3_gazebo/local_setup.zsh
[1.078s] -- Up-to-date: /home/augustmenard/Intro-to-Robotics-Research-Labs/lab5_ws/install/turtlebot3_gazebo/share/turtlebot3_gazebo/local_setup.dsv
[1.078s] -- Installing: /home/augustmenard/Intro-to-Robotics-Research-Labs/lab5_ws/install/turtlebot3_gazebo/share/turtlebot3_gazebo/package.dsv
[1.078s] -- Up-to-date: /home/augustmenard/Intro-to-Robotics-Research-Labs/lab5_ws/install/turtlebot3_gazebo/share/ament_index/resource_index/packages/turtlebot3_gazebo
[1.078s] -- Up-to-date: /home/augustmenard/Intro-to-Robotics-Research-Labs/lab5_ws/install/turtlebot3_gazebo/share/turtlebot3_gazebo/cmake/ament_cmake_export_include_directories-extras.cmake
[1.078s] -- Up-to-date: /home/augustmenard/Intro-to-Robotics-Research-Labs/lab5_ws/install/turtlebot3_gazebo/share/turtlebot3_gazebo/cmake/ament_cmake_export_dependencies-extras.cmake
[1.078s] -- Up-to-date: /home/augustmenard/Intro-to-Robotics-Research-Labs/lab5_ws/install/turtlebot3_gazebo/share/turtlebot3_gazebo/cmake/turtlebot3_gazeboConfig.cmake
[1.078s] -- Up-to-date: /home/augustmenard/Intro-to-Robotics-Research-Labs/lab5_ws/install/turtlebot3_gazebo/share/turtlebot3_gazebo/cmake/turtlebot3_gazeboConfig-version.cmake
[1.078s] -- Up-to-date: /home/augustmenard/Intro-to-Robotics-Research-Labs/lab5_ws/install/turtlebot3_gazebo/share/turtlebot3_gazebo/package.xml
[1.358s] Invoked command in '/home/augustmenard/Intro-to-Robotics-Research-Labs/lab5_ws/build/turtlebot3_gazebo' returned '0': CMAKE_PREFIX_PATH=${CMAKE_PREFIX_PATH}:/home/augustmenard/Intro-to-Robotics-Research-Labs/lab5_ws/install/team_rocket_action_server_client:/home/augustmenard/Intro-to-Robotics-Research-Labs/lab5_ws/install/turtlebot3_teleop:/home/augustmenard/Intro-to-Robotics-Research-Labs/lab5_ws/install/turtlebot3_example:/opt/ros/humble /usr/bin/cmake --install /home/augustmenard/Intro-to-Robotics-Research-Labs/lab5_ws/build/turtlebot3_gazebo
