[0.545s] Invoking command in '/home/augustmenard/Intro-to-Robotics-Research-Labs/final_ws/src/turtlebot3/turtlebot3_example': AMENT_PREFIX_PATH=/home/augustmenard/Intro-to-Robotics-Research-Labs/final_ws/install/turtlebot3_msgs:${AMENT_PREFIX_PATH} CMAKE_PREFIX_PATH=/home/augustmenard/Intro-to-Robotics-Research-Labs/final_ws/install/turtlebot3_msgs:${CMAKE_PREFIX_PATH} LD_LIBRARY_PATH=/home/augustmenard/Intro-to-Robotics-Research-Labs/final_ws/install/turtlebot3_msgs/lib:/home/augustmenard/Intro-to-Robotics-Research-Labs/lab2_ws/install/turtlesim/lib:/opt/ros/humble/opt/rviz_ogre_vendor/lib:/opt/ros/humble/lib/x86_64-linux-gnu:/opt/ros/humble/lib:/usr/lib/x86_64-linux-gnu/gazebo-11/plugins PYTHONPATH=/home/augustmenard/Intro-to-Robotics-Research-Labs/final_ws/build/turtlebot3_example/prefix_override:/usr/lib/python3/dist-packages/colcon_core/task/python/colcon_distutils_commands:/home/augustmenard/Intro-to-Robotics-Research-Labs/final_ws/install/turtlebot3_example/lib/python3.10/site-packages:/home/augustmenard/Intro-to-Robotics-Research-Labs/final_ws/install/turtlebot3_msgs/local/lib/python3.10/dist-packages:${PYTHONPATH} /usr/bin/python3 -W ignore:setup.py install is deprecated -W ignore:easy_install command is deprecated setup.py egg_info --egg-base ../../../build/turtlebot3_example build --build-base /home/augustmenard/Intro-to-Robotics-Research-Labs/final_ws/build/turtlebot3_example/build install --record /home/augustmenard/Intro-to-Robotics-Research-Labs/final_ws/build/turtlebot3_example/install.log --single-version-externally-managed install_data
[0.720s] running egg_info
[0.720s] writing ../../../build/turtlebot3_example/turtlebot3_example.egg-info/PKG-INFO
[0.720s] writing dependency_links to ../../../build/turtlebot3_example/turtlebot3_example.egg-info/dependency_links.txt
[0.721s] writing entry points to ../../../build/turtlebot3_example/turtlebot3_example.egg-info/entry_points.txt
[0.721s] writing requirements to ../../../build/turtlebot3_example/turtlebot3_example.egg-info/requires.txt
[0.721s] writing top-level names to ../../../build/turtlebot3_example/turtlebot3_example.egg-info/top_level.txt
[0.722s] reading manifest file '../../../build/turtlebot3_example/turtlebot3_example.egg-info/SOURCES.txt'
[0.723s] writing manifest file '../../../build/turtlebot3_example/turtlebot3_example.egg-info/SOURCES.txt'
[0.723s] running build
[0.723s] running build_py
[0.724s] running install
[0.724s] running install_lib
[0.725s] running install_data
[0.725s] running install_egg_info
[0.727s] removing '/home/augustmenard/Intro-to-Robotics-Research-Labs/final_ws/install/turtlebot3_example/lib/python3.10/site-packages/turtlebot3_example-2.3.3-py3.10.egg-info' (and everything under it)
[0.727s] Copying ../../../build/turtlebot3_example/turtlebot3_example.egg-info to /home/augustmenard/Intro-to-Robotics-Research-Labs/final_ws/install/turtlebot3_example/lib/python3.10/site-packages/turtlebot3_example-2.3.3-py3.10.egg-info
[0.727s] running install_scripts
[0.742s] Installing turtlebot3_absolute_move script to /home/augustmenard/Intro-to-Robotics-Research-Labs/final_ws/install/turtlebot3_example/lib/turtlebot3_example
[0.743s] Installing turtlebot3_interactive_marker script to /home/augustmenard/Intro-to-Robotics-Research-Labs/final_ws/install/turtlebot3_example/lib/turtlebot3_example
[0.743s] Installing turtlebot3_obstacle_detection script to /home/augustmenard/Intro-to-Robotics-Research-Labs/final_ws/install/turtlebot3_example/lib/turtlebot3_example
[0.743s] Installing turtlebot3_patrol_client script to /home/augustmenard/Intro-to-Robotics-Research-Labs/final_ws/install/turtlebot3_example/lib/turtlebot3_example
[0.743s] Installing turtlebot3_patrol_server script to /home/augustmenard/Intro-to-Robotics-Research-Labs/final_ws/install/turtlebot3_example/lib/turtlebot3_example
[0.743s] Installing turtlebot3_relative_move script to /home/augustmenard/Intro-to-Robotics-Research-Labs/final_ws/install/turtlebot3_example/lib/turtlebot3_example
[0.743s] writing list of installed files to '/home/augustmenard/Intro-to-Robotics-Research-Labs/final_ws/build/turtlebot3_example/install.log'
[0.761s] Invoked command in '/home/augustmenard/Intro-to-Robotics-Research-Labs/final_ws/src/turtlebot3/turtlebot3_example' returned '0': AMENT_PREFIX_PATH=/home/augustmenard/Intro-to-Robotics-Research-Labs/final_ws/install/turtlebot3_msgs:${AMENT_PREFIX_PATH} CMAKE_PREFIX_PATH=/home/augustmenard/Intro-to-Robotics-Research-Labs/final_ws/install/turtlebot3_msgs:${CMAKE_PREFIX_PATH} LD_LIBRARY_PATH=/home/augustmenard/Intro-to-Robotics-Research-Labs/final_ws/install/turtlebot3_msgs/lib:/home/augustmenard/Intro-to-Robotics-Research-Labs/lab2_ws/install/turtlesim/lib:/opt/ros/humble/opt/rviz_ogre_vendor/lib:/opt/ros/humble/lib/x86_64-linux-gnu:/opt/ros/humble/lib:/usr/lib/x86_64-linux-gnu/gazebo-11/plugins PYTHONPATH=/home/augustmenard/Intro-to-Robotics-Research-Labs/final_ws/build/turtlebot3_example/prefix_override:/usr/lib/python3/dist-packages/colcon_core/task/python/colcon_distutils_commands:/home/augustmenard/Intro-to-Robotics-Research-Labs/final_ws/install/turtlebot3_example/lib/python3.10/site-packages:/home/augustmenard/Intro-to-Robotics-Research-Labs/final_ws/install/turtlebot3_msgs/local/lib/python3.10/dist-packages:${PYTHONPATH} /usr/bin/python3 -W ignore:setup.py install is deprecated -W ignore:easy_install command is deprecated setup.py egg_info --egg-base ../../../build/turtlebot3_example build --build-base /home/augustmenard/Intro-to-Robotics-Research-Labs/final_ws/build/turtlebot3_example/build install --record /home/augustmenard/Intro-to-Robotics-Research-Labs/final_ws/build/turtlebot3_example/install.log --single-version-externally-managed install_data
