[0.050s] Invoking command in '/home/augustmenard/Intro-to-Robotics-Research-Labs/lab5_ws/build/dynamixel_sdk_custom_interfaces': CMAKE_PREFIX_PATH=${CMAKE_PREFIX_PATH}:/home/augustmenard/Intro-to-Robotics-Research-Labs/lab5_ws/install/team_rocket_action_server_client:/home/augustmenard/Intro-to-Robotics-Research-Labs/lab5_ws/install/turtlebot3_teleop:/home/augustmenard/Intro-to-Robotics-Research-Labs/lab5_ws/install/turtlebot3_example:/opt/ros/humble /usr/bin/cmake --build /home/augustmenard/Intro-to-Robotics-Research-Labs/lab5_ws/build/dynamixel_sdk_custom_interfaces -- -j8 -l8
[0.214s] [  7%] Built target dynamixel_sdk_custom_interfaces__cpp
[0.214s] [ 12%] Built target dynamixel_sdk_custom_interfaces__rosidl_generator_c
[0.293s] [ 12%] Built target ament_cmake_python_copy_dynamixel_sdk_custom_interfaces
[0.303s] [ 23%] Built target dynamixel_sdk_custom_interfaces__rosidl_typesupport_cpp
[0.329s] [ 33%] Built target dynamixel_sdk_custom_interfaces__rosidl_typesupport_fastrtps_cpp
[0.371s] [ 43%] Built target dynamixel_sdk_custom_interfaces__rosidl_typesupport_introspection_cpp
[0.389s] [ 53%] Built target dynamixel_sdk_custom_interfaces__rosidl_typesupport_introspection_c
[0.393s] [ 64%] Built target dynamixel_sdk_custom_interfaces__rosidl_typesupport_c
[0.395s] [ 74%] Built target dynamixel_sdk_custom_interfaces__rosidl_typesupport_fastrtps_c
[0.444s] [ 74%] Built target dynamixel_sdk_custom_interfaces
[0.486s] [ 76%] Built target dynamixel_sdk_custom_interfaces__py
[0.541s] [ 84%] Built target dynamixel_sdk_custom_interfaces__rosidl_generator_py
[0.613s] [ 89%] Built target dynamixel_sdk_custom_interfaces__rosidl_typesupport_fastrtps_c__pyext
[0.617s] [ 94%] Built target dynamixel_sdk_custom_interfaces__rosidl_typesupport_introspection_c__pyext
[0.622s] [100%] Built target dynamixel_sdk_custom_interfaces__rosidl_typesupport_c__pyext
[0.891s] running egg_info
[0.892s] writing dynamixel_sdk_custom_interfaces.egg-info/PKG-INFO
[0.893s] writing dependency_links to dynamixel_sdk_custom_interfaces.egg-info/dependency_links.txt
[0.893s] writing top-level names to dynamixel_sdk_custom_interfaces.egg-info/top_level.txt
[0.897s] reading manifest file 'dynamixel_sdk_custom_interfaces.egg-info/SOURCES.txt'
[0.899s] writing manifest file 'dynamixel_sdk_custom_interfaces.egg-info/SOURCES.txt'
[0.950s] [100%] Built target ament_cmake_python_build_dynamixel_sdk_custom_interfaces_egg
[1.305s] Invoked command in '/home/augustmenard/Intro-to-Robotics-Research-Labs/lab5_ws/build/dynamixel_sdk_custom_interfaces' returned '0': CMAKE_PREFIX_PATH=${CMAKE_PREFIX_PATH}:/home/augustmenard/Intro-to-Robotics-Research-Labs/lab5_ws/install/team_rocket_action_server_client:/home/augustmenard/Intro-to-Robotics-Research-Labs/lab5_ws/install/turtlebot3_teleop:/home/augustmenard/Intro-to-Robotics-Research-Labs/lab5_ws/install/turtlebot3_example:/opt/ros/humble /usr/bin/cmake --build /home/augustmenard/Intro-to-Robotics-Research-Labs/lab5_ws/build/dynamixel_sdk_custom_interfaces -- -j8 -l8
[1.342s] Invoking command in '/home/augustmenard/Intro-to-Robotics-Research-Labs/lab5_ws/build/dynamixel_sdk_custom_interfaces': CMAKE_PREFIX_PATH=${CMAKE_PREFIX_PATH}:/home/augustmenard/Intro-to-Robotics-Research-Labs/lab5_ws/install/team_rocket_action_server_client:/home/augustmenard/Intro-to-Robotics-Research-Labs/lab5_ws/install/turtlebot3_teleop:/home/augustmenard/Intro-to-Robotics-Research-Labs/lab5_ws/install/turtlebot3_example:/opt/ros/humble /usr/bin/cmake --install /home/augustmenard/Intro-to-Robotics-Research-Labs/lab5_ws/build/dynamixel_sdk_custom_interfaces
[1.361s] -- Install configuration: ""
[1.361s] -- Up-to-date: /home/augustmenard/Intro-to-Robotics-Research-Labs/lab5_ws/install/dynamixel_sdk_custom_interfaces/share/ament_index/resource_index/rosidl_interfaces/dynamixel_sdk_custom_interfaces
[1.361s] -- Up-to-date: /home/augustmenard/Intro-to-Robotics-Research-Labs/lab5_ws/install/dynamixel_sdk_custom_interfaces/include/dynamixel_sdk_custom_interfaces/dynamixel_sdk_custom_interfaces
[1.361s] -- Up-to-date: /home/augustmenard/Intro-to-Robotics-Research-Labs/lab5_ws/install/dynamixel_sdk_custom_interfaces/include/dynamixel_sdk_custom_interfaces/dynamixel_sdk_custom_interfaces/srv
[1.361s] -- Up-to-date: /home/augustmenard/Intro-to-Robotics-Research-Labs/lab5_ws/install/dynamixel_sdk_custom_interfaces/include/dynamixel_sdk_custom_interfaces/dynamixel_sdk_custom_interfaces/srv/get_position.h
[1.361s] -- Up-to-date: /home/augustmenard/Intro-to-Robotics-Research-Labs/lab5_ws/install/dynamixel_sdk_custom_interfaces/include/dynamixel_sdk_custom_interfaces/dynamixel_sdk_custom_interfaces/srv/detail
[1.361s] -- Up-to-date: /home/augustmenard/Intro-to-Robotics-Research-Labs/lab5_ws/install/dynamixel_sdk_custom_interfaces/include/dynamixel_sdk_custom_interfaces/dynamixel_sdk_custom_interfaces/srv/detail/get_position__type_support.h
[1.362s] -- Up-to-date: /home/augustmenard/Intro-to-Robotics-Research-Labs/lab5_ws/install/dynamixel_sdk_custom_interfaces/include/dynamixel_sdk_custom_interfaces/dynamixel_sdk_custom_interfaces/srv/detail/get_position__functions.c
[1.363s] -- Up-to-date: /home/augustmenard/Intro-to-Robotics-Research-Labs/lab5_ws/install/dynamixel_sdk_custom_interfaces/include/dynamixel_sdk_custom_interfaces/dynamixel_sdk_custom_interfaces/srv/detail/get_position__functions.h
[1.363s] -- Up-to-date: /home/augustmenard/Intro-to-Robotics-Research-Labs/lab5_ws/install/dynamixel_sdk_custom_interfaces/include/dynamixel_sdk_custom_interfaces/dynamixel_sdk_custom_interfaces/srv/detail/get_position__struct.h
[1.363s] -- Up-to-date: /home/augustmenard/Intro-to-Robotics-Research-Labs/lab5_ws/install/dynamixel_sdk_custom_interfaces/include/dynamixel_sdk_custom_interfaces/dynamixel_sdk_custom_interfaces/msg
[1.363s] -- Up-to-date: /home/augustmenard/Intro-to-Robotics-Research-Labs/lab5_ws/install/dynamixel_sdk_custom_interfaces/include/dynamixel_sdk_custom_interfaces/dynamixel_sdk_custom_interfaces/msg/rosidl_generator_c__visibility_control.h
[1.363s] -- Up-to-date: /home/augustmenard/Intro-to-Robotics-Research-Labs/lab5_ws/install/dynamixel_sdk_custom_interfaces/include/dynamixel_sdk_custom_interfaces/dynamixel_sdk_custom_interfaces/msg/detail
[1.363s] -- Up-to-date: /home/augustmenard/Intro-to-Robotics-Research-Labs/lab5_ws/install/dynamixel_sdk_custom_interfaces/include/dynamixel_sdk_custom_interfaces/dynamixel_sdk_custom_interfaces/msg/detail/set_position__type_support.h
[1.364s] -- Up-to-date: /home/augustmenard/Intro-to-Robotics-Research-Labs/lab5_ws/install/dynamixel_sdk_custom_interfaces/include/dynamixel_sdk_custom_interfaces/dynamixel_sdk_custom_interfaces/msg/detail/set_position__struct.h
[1.364s] -- Up-to-date: /home/augustmenard/Intro-to-Robotics-Research-Labs/lab5_ws/install/dynamixel_sdk_custom_interfaces/include/dynamixel_sdk_custom_interfaces/dynamixel_sdk_custom_interfaces/msg/detail/set_position__functions.h
[1.364s] -- Up-to-date: /home/augustmenard/Intro-to-Robotics-Research-Labs/lab5_ws/install/dynamixel_sdk_custom_interfaces/include/dynamixel_sdk_custom_interfaces/dynamixel_sdk_custom_interfaces/msg/detail/set_position__functions.c
[1.364s] -- Up-to-date: /home/augustmenard/Intro-to-Robotics-Research-Labs/lab5_ws/install/dynamixel_sdk_custom_interfaces/include/dynamixel_sdk_custom_interfaces/dynamixel_sdk_custom_interfaces/msg/set_position.h
[1.364s] -- Up-to-date: /home/augustmenard/Intro-to-Robotics-Research-Labs/lab5_ws/install/dynamixel_sdk_custom_interfaces/share/dynamixel_sdk_custom_interfaces/environment/library_path.sh
[1.365s] -- Up-to-date: /home/augustmenard/Intro-to-Robotics-Research-Labs/lab5_ws/install/dynamixel_sdk_custom_interfaces/share/dynamixel_sdk_custom_interfaces/environment/library_path.dsv
[1.365s] -- Up-to-date: /home/augustmenard/Intro-to-Robotics-Research-Labs/lab5_ws/install/dynamixel_sdk_custom_interfaces/lib/libdynamixel_sdk_custom_interfaces__rosidl_generator_c.so
[1.365s] -- Up-to-date: /home/augustmenard/Intro-to-Robotics-Research-Labs/lab5_ws/install/dynamixel_sdk_custom_interfaces/include/dynamixel_sdk_custom_interfaces/dynamixel_sdk_custom_interfaces
[1.365s] -- Up-to-date: /home/augustmenard/Intro-to-Robotics-Research-Labs/lab5_ws/install/dynamixel_sdk_custom_interfaces/include/dynamixel_sdk_custom_interfaces/dynamixel_sdk_custom_interfaces/srv
[1.365s] -- Up-to-date: /home/augustmenard/Intro-to-Robotics-Research-Labs/lab5_ws/install/dynamixel_sdk_custom_interfaces/include/dynamixel_sdk_custom_interfaces/dynamixel_sdk_custom_interfaces/srv/detail
[1.365s] -- Up-to-date: /home/augustmenard/Intro-to-Robotics-Research-Labs/lab5_ws/install/dynamixel_sdk_custom_interfaces/include/dynamixel_sdk_custom_interfaces/dynamixel_sdk_custom_interfaces/srv/detail/get_position__rosidl_typesupport_fastrtps_c.h
[1.368s] -- Up-to-date: /home/augustmenard/Intro-to-Robotics-Research-Labs/lab5_ws/install/dynamixel_sdk_custom_interfaces/include/dynamixel_sdk_custom_interfaces/dynamixel_sdk_custom_interfaces/msg
[1.368s] -- Up-to-date: /home/augustmenard/Intro-to-Robotics-Research-Labs/lab5_ws/install/dynamixel_sdk_custom_interfaces/include/dynamixel_sdk_custom_interfaces/dynamixel_sdk_custom_interfaces/msg/detail
[1.368s] -- Up-to-date: /home/augustmenard/Intro-to-Robotics-Research-Labs/lab5_ws/install/dynamixel_sdk_custom_interfaces/include/dynamixel_sdk_custom_interfaces/dynamixel_sdk_custom_interfaces/msg/detail/set_position__rosidl_typesupport_fastrtps_c.h
[1.368s] -- Up-to-date: /home/augustmenard/Intro-to-Robotics-Research-Labs/lab5_ws/install/dynamixel_sdk_custom_interfaces/include/dynamixel_sdk_custom_interfaces/dynamixel_sdk_custom_interfaces/msg/rosidl_typesupport_fastrtps_c__visibility_control.h
[1.368s] -- Up-to-date: /home/augustmenard/Intro-to-Robotics-Research-Labs/lab5_ws/install/dynamixel_sdk_custom_interfaces/lib/libdynamixel_sdk_custom_interfaces__rosidl_typesupport_fastrtps_c.so
[1.368s] -- Up-to-date: /home/augustmenard/Intro-to-Robotics-Research-Labs/lab5_ws/install/dynamixel_sdk_custom_interfaces/include/dynamixel_sdk_custom_interfaces/dynamixel_sdk_custom_interfaces
[1.369s] -- Up-to-date: /home/augustmenard/Intro-to-Robotics-Research-Labs/lab5_ws/install/dynamixel_sdk_custom_interfaces/include/dynamixel_sdk_custom_interfaces/dynamixel_sdk_custom_interfaces/srv
[1.369s] -- Up-to-date: /home/augustmenard/Intro-to-Robotics-Research-Labs/lab5_ws/install/dynamixel_sdk_custom_interfaces/include/dynamixel_sdk_custom_interfaces/dynamixel_sdk_custom_interfaces/srv/get_position.hpp
[1.369s] -- Up-to-date: /home/augustmenard/Intro-to-Robotics-Research-Labs/lab5_ws/install/dynamixel_sdk_custom_interfaces/include/dynamixel_sdk_custom_interfaces/dynamixel_sdk_custom_interfaces/srv/detail
[1.369s] -- Up-to-date: /home/augustmenard/Intro-to-Robotics-Research-Labs/lab5_ws/install/dynamixel_sdk_custom_interfaces/include/dynamixel_sdk_custom_interfaces/dynamixel_sdk_custom_interfaces/srv/detail/get_position__type_support.hpp
[1.369s] -- Up-to-date: /home/augustmenard/Intro-to-Robotics-Research-Labs/lab5_ws/install/dynamixel_sdk_custom_interfaces/include/dynamixel_sdk_custom_interfaces/dynamixel_sdk_custom_interfaces/srv/detail/get_position__struct.hpp
[1.369s] -- Up-to-date: /home/augustmenard/Intro-to-Robotics-Research-Labs/lab5_ws/install/dynamixel_sdk_custom_interfaces/include/dynamixel_sdk_custom_interfaces/dynamixel_sdk_custom_interfaces/srv/detail/get_position__traits.hpp
[1.370s] -- Up-to-date: /home/augustmenard/Intro-to-Robotics-Research-Labs/lab5_ws/install/dynamixel_sdk_custom_interfaces/include/dynamixel_sdk_custom_interfaces/dynamixel_sdk_custom_interfaces/srv/detail/get_position__builder.hpp
[1.370s] -- Up-to-date: /home/augustmenard/Intro-to-Robotics-Research-Labs/lab5_ws/install/dynamixel_sdk_custom_interfaces/include/dynamixel_sdk_custom_interfaces/dynamixel_sdk_custom_interfaces/msg
[1.370s] -- Up-to-date: /home/augustmenard/Intro-to-Robotics-Research-Labs/lab5_ws/install/dynamixel_sdk_custom_interfaces/include/dynamixel_sdk_custom_interfaces/dynamixel_sdk_custom_interfaces/msg/rosidl_generator_cpp__visibility_control.hpp
[1.371s] -- Up-to-date: /home/augustmenard/Intro-to-Robotics-Research-Labs/lab5_ws/install/dynamixel_sdk_custom_interfaces/include/dynamixel_sdk_custom_interfaces/dynamixel_sdk_custom_interfaces/msg/detail
[1.372s] -- Up-to-date: /home/augustmenard/Intro-to-Robotics-Research-Labs/lab5_ws/install/dynamixel_sdk_custom_interfaces/include/dynamixel_sdk_custom_interfaces/dynamixel_sdk_custom_interfaces/msg/detail/set_position__type_support.hpp
[1.372s] -- Up-to-date: /home/augustmenard/Intro-to-Robotics-Research-Labs/lab5_ws/install/dynamixel_sdk_custom_interfaces/include/dynamixel_sdk_custom_interfaces/dynamixel_sdk_custom_interfaces/msg/detail/set_position__builder.hpp
[1.372s] -- Up-to-date: /home/augustmenard/Intro-to-Robotics-Research-Labs/lab5_ws/install/dynamixel_sdk_custom_interfaces/include/dynamixel_sdk_custom_interfaces/dynamixel_sdk_custom_interfaces/msg/detail/set_position__struct.hpp
[1.372s] -- Up-to-date: /home/augustmenard/Intro-to-Robotics-Research-Labs/lab5_ws/install/dynamixel_sdk_custom_interfaces/include/dynamixel_sdk_custom_interfaces/dynamixel_sdk_custom_interfaces/msg/detail/set_position__traits.hpp
[1.372s] -- Up-to-date: /home/augustmenard/Intro-to-Robotics-Research-Labs/lab5_ws/install/dynamixel_sdk_custom_interfaces/include/dynamixel_sdk_custom_interfaces/dynamixel_sdk_custom_interfaces/msg/set_position.hpp
[1.372s] -- Up-to-date: /home/augustmenard/Intro-to-Robotics-Research-Labs/lab5_ws/install/dynamixel_sdk_custom_interfaces/include/dynamixel_sdk_custom_interfaces/dynamixel_sdk_custom_interfaces
[1.372s] -- Up-to-date: /home/augustmenard/Intro-to-Robotics-Research-Labs/lab5_ws/install/dynamixel_sdk_custom_interfaces/include/dynamixel_sdk_custom_interfaces/dynamixel_sdk_custom_interfaces/srv
[1.372s] -- Up-to-date: /home/augustmenard/Intro-to-Robotics-Research-Labs/lab5_ws/install/dynamixel_sdk_custom_interfaces/include/dynamixel_sdk_custom_interfaces/dynamixel_sdk_custom_interfaces/srv/detail
[1.373s] -- Up-to-date: /home/augustmenard/Intro-to-Robotics-Research-Labs/lab5_ws/install/dynamixel_sdk_custom_interfaces/include/dynamixel_sdk_custom_interfaces/dynamixel_sdk_custom_interfaces/srv/detail/dds_fastrtps
[1.373s] -- Up-to-date: /home/augustmenard/Intro-to-Robotics-Research-Labs/lab5_ws/install/dynamixel_sdk_custom_interfaces/include/dynamixel_sdk_custom_interfaces/dynamixel_sdk_custom_interfaces/srv/detail/get_position__rosidl_typesupport_fastrtps_cpp.hpp
[1.373s] -- Up-to-date: /home/augustmenard/Intro-to-Robotics-Research-Labs/lab5_ws/install/dynamixel_sdk_custom_interfaces/include/dynamixel_sdk_custom_interfaces/dynamixel_sdk_custom_interfaces/msg
[1.373s] -- Up-to-date: /home/augustmenard/Intro-to-Robotics-Research-Labs/lab5_ws/install/dynamixel_sdk_custom_interfaces/include/dynamixel_sdk_custom_interfaces/dynamixel_sdk_custom_interfaces/msg/detail
[1.373s] -- Up-to-date: /home/augustmenard/Intro-to-Robotics-Research-Labs/lab5_ws/install/dynamixel_sdk_custom_interfaces/include/dynamixel_sdk_custom_interfaces/dynamixel_sdk_custom_interfaces/msg/detail/set_position__rosidl_typesupport_fastrtps_cpp.hpp
[1.373s] -- Up-to-date: /home/augustmenard/Intro-to-Robotics-Research-Labs/lab5_ws/install/dynamixel_sdk_custom_interfaces/include/dynamixel_sdk_custom_interfaces/dynamixel_sdk_custom_interfaces/msg/detail/dds_fastrtps
[1.374s] -- Up-to-date: /home/augustmenard/Intro-to-Robotics-Research-Labs/lab5_ws/install/dynamixel_sdk_custom_interfaces/include/dynamixel_sdk_custom_interfaces/dynamixel_sdk_custom_interfaces/msg/rosidl_typesupport_fastrtps_cpp__visibility_control.h
[1.374s] -- Up-to-date: /home/augustmenard/Intro-to-Robotics-Research-Labs/lab5_ws/install/dynamixel_sdk_custom_interfaces/lib/libdynamixel_sdk_custom_interfaces__rosidl_typesupport_fastrtps_cpp.so
[1.374s] -- Up-to-date: /home/augustmenard/Intro-to-Robotics-Research-Labs/lab5_ws/install/dynamixel_sdk_custom_interfaces/include/dynamixel_sdk_custom_interfaces/dynamixel_sdk_custom_interfaces
[1.374s] -- Up-to-date: /home/augustmenard/Intro-to-Robotics-Research-Labs/lab5_ws/install/dynamixel_sdk_custom_interfaces/include/dynamixel_sdk_custom_interfaces/dynamixel_sdk_custom_interfaces/srv
[1.374s] -- Up-to-date: /home/augustmenard/Intro-to-Robotics-Research-Labs/lab5_ws/install/dynamixel_sdk_custom_interfaces/include/dynamixel_sdk_custom_interfaces/dynamixel_sdk_custom_interfaces/srv/detail
[1.374s] -- Up-to-date: /home/augustmenard/Intro-to-Robotics-Research-Labs/lab5_ws/install/dynamixel_sdk_custom_interfaces/include/dynamixel_sdk_custom_interfaces/dynamixel_sdk_custom_interfaces/srv/detail/get_position__rosidl_typesupport_introspection_c.h
[1.374s] -- Up-to-date: /home/augustmenard/Intro-to-Robotics-Research-Labs/lab5_ws/install/dynamixel_sdk_custom_interfaces/include/dynamixel_sdk_custom_interfaces/dynamixel_sdk_custom_interfaces/srv/detail/get_position__type_support.c
[1.375s] -- Up-to-date: /home/augustmenard/Intro-to-Robotics-Research-Labs/lab5_ws/install/dynamixel_sdk_custom_interfaces/include/dynamixel_sdk_custom_interfaces/dynamixel_sdk_custom_interfaces/msg
[1.375s] -- Up-to-date: /home/augustmenard/Intro-to-Robotics-Research-Labs/lab5_ws/install/dynamixel_sdk_custom_interfaces/include/dynamixel_sdk_custom_interfaces/dynamixel_sdk_custom_interfaces/msg/detail
[1.375s] -- Up-to-date: /home/augustmenard/Intro-to-Robotics-Research-Labs/lab5_ws/install/dynamixel_sdk_custom_interfaces/include/dynamixel_sdk_custom_interfaces/dynamixel_sdk_custom_interfaces/msg/detail/set_position__rosidl_typesupport_introspection_c.h
[1.375s] -- Up-to-date: /home/augustmenard/Intro-to-Robotics-Research-Labs/lab5_ws/install/dynamixel_sdk_custom_interfaces/include/dynamixel_sdk_custom_interfaces/dynamixel_sdk_custom_interfaces/msg/detail/set_position__type_support.c
[1.375s] -- Up-to-date: /home/augustmenard/Intro-to-Robotics-Research-Labs/lab5_ws/install/dynamixel_sdk_custom_interfaces/include/dynamixel_sdk_custom_interfaces/dynamixel_sdk_custom_interfaces/msg/rosidl_typesupport_introspection_c__visibility_control.h
[1.375s] -- Up-to-date: /home/augustmenard/Intro-to-Robotics-Research-Labs/lab5_ws/install/dynamixel_sdk_custom_interfaces/lib/libdynamixel_sdk_custom_interfaces__rosidl_typesupport_introspection_c.so
[1.375s] -- Up-to-date: /home/augustmenard/Intro-to-Robotics-Research-Labs/lab5_ws/install/dynamixel_sdk_custom_interfaces/lib/libdynamixel_sdk_custom_interfaces__rosidl_typesupport_c.so
[1.375s] -- Up-to-date: /home/augustmenard/Intro-to-Robotics-Research-Labs/lab5_ws/install/dynamixel_sdk_custom_interfaces/include/dynamixel_sdk_custom_interfaces/dynamixel_sdk_custom_interfaces
[1.376s] -- Up-to-date: /home/augustmenard/Intro-to-Robotics-Research-Labs/lab5_ws/install/dynamixel_sdk_custom_interfaces/include/dynamixel_sdk_custom_interfaces/dynamixel_sdk_custom_interfaces/srv
[1.376s] -- Up-to-date: /home/augustmenard/Intro-to-Robotics-Research-Labs/lab5_ws/install/dynamixel_sdk_custom_interfaces/include/dynamixel_sdk_custom_interfaces/dynamixel_sdk_custom_interfaces/srv/detail
[1.376s] -- Up-to-date: /home/augustmenard/Intro-to-Robotics-Research-Labs/lab5_ws/install/dynamixel_sdk_custom_interfaces/include/dynamixel_sdk_custom_interfaces/dynamixel_sdk_custom_interfaces/srv/detail/get_position__type_support.cpp
[1.376s] -- Up-to-date: /home/augustmenard/Intro-to-Robotics-Research-Labs/lab5_ws/install/dynamixel_sdk_custom_interfaces/include/dynamixel_sdk_custom_interfaces/dynamixel_sdk_custom_interfaces/srv/detail/get_position__rosidl_typesupport_introspection_cpp.hpp
[1.376s] -- Up-to-date: /home/augustmenard/Intro-to-Robotics-Research-Labs/lab5_ws/install/dynamixel_sdk_custom_interfaces/include/dynamixel_sdk_custom_interfaces/dynamixel_sdk_custom_interfaces/msg
[1.376s] -- Up-to-date: /home/augustmenard/Intro-to-Robotics-Research-Labs/lab5_ws/install/dynamixel_sdk_custom_interfaces/include/dynamixel_sdk_custom_interfaces/dynamixel_sdk_custom_interfaces/msg/detail
[1.376s] -- Up-to-date: /home/augustmenard/Intro-to-Robotics-Research-Labs/lab5_ws/install/dynamixel_sdk_custom_interfaces/include/dynamixel_sdk_custom_interfaces/dynamixel_sdk_custom_interfaces/msg/detail/set_position__rosidl_typesupport_introspection_cpp.hpp
[1.376s] -- Up-to-date: /home/augustmenard/Intro-to-Robotics-Research-Labs/lab5_ws/install/dynamixel_sdk_custom_interfaces/include/dynamixel_sdk_custom_interfaces/dynamixel_sdk_custom_interfaces/msg/detail/set_position__type_support.cpp
[1.397s] -- Up-to-date: /home/augustmenard/Intro-to-Robotics-Research-Labs/lab5_ws/install/dynamixel_sdk_custom_interfaces/lib/libdynamixel_sdk_custom_interfaces__rosidl_typesupport_introspection_cpp.so
[1.398s] -- Up-to-date: /home/augustmenard/Intro-to-Robotics-Research-Labs/lab5_ws/install/dynamixel_sdk_custom_interfaces/lib/libdynamixel_sdk_custom_interfaces__rosidl_typesupport_cpp.so
[1.399s] -- Up-to-date: /home/augustmenard/Intro-to-Robotics-Research-Labs/lab5_ws/install/dynamixel_sdk_custom_interfaces/share/dynamixel_sdk_custom_interfaces/environment/pythonpath.sh
[1.399s] -- Up-to-date: /home/augustmenard/Intro-to-Robotics-Research-Labs/lab5_ws/install/dynamixel_sdk_custom_interfaces/share/dynamixel_sdk_custom_interfaces/environment/pythonpath.dsv
[1.399s] -- Up-to-date: /home/augustmenard/Intro-to-Robotics-Research-Labs/lab5_ws/install/dynamixel_sdk_custom_interfaces/local/lib/python3.10/dist-packages/dynamixel_sdk_custom_interfaces-3.8.4-py3.10.egg-info
[1.399s] -- Installing: /home/augustmenard/Intro-to-Robotics-Research-Labs/lab5_ws/install/dynamixel_sdk_custom_interfaces/local/lib/python3.10/dist-packages/dynamixel_sdk_custom_interfaces-3.8.4-py3.10.egg-info/PKG-INFO
[1.400s] -- Installing: /home/augustmenard/Intro-to-Robotics-Research-Labs/lab5_ws/install/dynamixel_sdk_custom_interfaces/local/lib/python3.10/dist-packages/dynamixel_sdk_custom_interfaces-3.8.4-py3.10.egg-info/top_level.txt
[1.400s] -- Installing: /home/augustmenard/Intro-to-Robotics-Research-Labs/lab5_ws/install/dynamixel_sdk_custom_interfaces/local/lib/python3.10/dist-packages/dynamixel_sdk_custom_interfaces-3.8.4-py3.10.egg-info/SOURCES.txt
[1.400s] -- Installing: /home/augustmenard/Intro-to-Robotics-Research-Labs/lab5_ws/install/dynamixel_sdk_custom_interfaces/local/lib/python3.10/dist-packages/dynamixel_sdk_custom_interfaces-3.8.4-py3.10.egg-info/dependency_links.txt
[1.400s] -- Up-to-date: /home/augustmenard/Intro-to-Robotics-Research-Labs/lab5_ws/install/dynamixel_sdk_custom_interfaces/local/lib/python3.10/dist-packages/dynamixel_sdk_custom_interfaces
[1.400s] -- Up-to-date: /home/augustmenard/Intro-to-Robotics-Research-Labs/lab5_ws/install/dynamixel_sdk_custom_interfaces/local/lib/python3.10/dist-packages/dynamixel_sdk_custom_interfaces/__init__.py
[1.400s] -- Up-to-date: /home/augustmenard/Intro-to-Robotics-Research-Labs/lab5_ws/install/dynamixel_sdk_custom_interfaces/local/lib/python3.10/dist-packages/dynamixel_sdk_custom_interfaces/srv
[1.401s] -- Up-to-date: /home/augustmenard/Intro-to-Robotics-Research-Labs/lab5_ws/install/dynamixel_sdk_custom_interfaces/local/lib/python3.10/dist-packages/dynamixel_sdk_custom_interfaces/srv/_get_position.py
[1.402s] -- Up-to-date: /home/augustmenard/Intro-to-Robotics-Research-Labs/lab5_ws/install/dynamixel_sdk_custom_interfaces/local/lib/python3.10/dist-packages/dynamixel_sdk_custom_interfaces/srv/__init__.py
[1.402s] -- Up-to-date: /home/augustmenard/Intro-to-Robotics-Research-Labs/lab5_ws/install/dynamixel_sdk_custom_interfaces/local/lib/python3.10/dist-packages/dynamixel_sdk_custom_interfaces/srv/_get_position_s.c
[1.402s] -- Up-to-date: /home/augustmenard/Intro-to-Robotics-Research-Labs/lab5_ws/install/dynamixel_sdk_custom_interfaces/local/lib/python3.10/dist-packages/dynamixel_sdk_custom_interfaces/dynamixel_sdk_custom_interfaces_s__rosidl_typesupport_fastrtps_c.cpython-310-x86_64-linux-gnu.so
[1.402s] -- Up-to-date: /home/augustmenard/Intro-to-Robotics-Research-Labs/lab5_ws/install/dynamixel_sdk_custom_interfaces/local/lib/python3.10/dist-packages/dynamixel_sdk_custom_interfaces/msg
[1.402s] -- Up-to-date: /home/augustmenard/Intro-to-Robotics-Research-Labs/lab5_ws/install/dynamixel_sdk_custom_interfaces/local/lib/python3.10/dist-packages/dynamixel_sdk_custom_interfaces/msg/__init__.py
[1.402s] -- Up-to-date: /home/augustmenard/Intro-to-Robotics-Research-Labs/lab5_ws/install/dynamixel_sdk_custom_interfaces/local/lib/python3.10/dist-packages/dynamixel_sdk_custom_interfaces/msg/_set_position.py
[1.402s] -- Up-to-date: /home/augustmenard/Intro-to-Robotics-Research-Labs/lab5_ws/install/dynamixel_sdk_custom_interfaces/local/lib/python3.10/dist-packages/dynamixel_sdk_custom_interfaces/msg/_set_position_s.c
[1.403s] -- Up-to-date: /home/augustmenard/Intro-to-Robotics-Research-Labs/lab5_ws/install/dynamixel_sdk_custom_interfaces/local/lib/python3.10/dist-packages/dynamixel_sdk_custom_interfaces/dynamixel_sdk_custom_interfaces_s__rosidl_typesupport_introspection_c.cpython-310-x86_64-linux-gnu.so
[1.403s] -- Up-to-date: /home/augustmenard/Intro-to-Robotics-Research-Labs/lab5_ws/install/dynamixel_sdk_custom_interfaces/local/lib/python3.10/dist-packages/dynamixel_sdk_custom_interfaces/libdynamixel_sdk_custom_interfaces__rosidl_generator_py.so
[1.403s] -- Up-to-date: /home/augustmenard/Intro-to-Robotics-Research-Labs/lab5_ws/install/dynamixel_sdk_custom_interfaces/local/lib/python3.10/dist-packages/dynamixel_sdk_custom_interfaces/_dynamixel_sdk_custom_interfaces_s.ep.rosidl_typesupport_fastrtps_c.c
[1.403s] -- Up-to-date: /home/augustmenard/Intro-to-Robotics-Research-Labs/lab5_ws/install/dynamixel_sdk_custom_interfaces/local/lib/python3.10/dist-packages/dynamixel_sdk_custom_interfaces/dynamixel_sdk_custom_interfaces_s__rosidl_typesupport_c.cpython-310-x86_64-linux-gnu.so
[1.403s] -- Up-to-date: /home/augustmenard/Intro-to-Robotics-Research-Labs/lab5_ws/install/dynamixel_sdk_custom_interfaces/local/lib/python3.10/dist-packages/dynamixel_sdk_custom_interfaces/_dynamixel_sdk_custom_interfaces_s.ep.rosidl_typesupport_introspection_c.c
[1.403s] -- Up-to-date: /home/augustmenard/Intro-to-Robotics-Research-Labs/lab5_ws/install/dynamixel_sdk_custom_interfaces/local/lib/python3.10/dist-packages/dynamixel_sdk_custom_interfaces/_dynamixel_sdk_custom_interfaces_s.ep.rosidl_typesupport_c.c
[1.424s] Listing '/home/augustmenard/Intro-to-Robotics-Research-Labs/lab5_ws/install/dynamixel_sdk_custom_interfaces/local/lib/python3.10/dist-packages/dynamixel_sdk_custom_interfaces'...
[1.424s] Listing '/home/augustmenard/Intro-to-Robotics-Research-Labs/lab5_ws/install/dynamixel_sdk_custom_interfaces/local/lib/python3.10/dist-packages/dynamixel_sdk_custom_interfaces/msg'...
[1.424s] Listing '/home/augustmenard/Intro-to-Robotics-Research-Labs/lab5_ws/install/dynamixel_sdk_custom_interfaces/local/lib/python3.10/dist-packages/dynamixel_sdk_custom_interfaces/srv'...
[1.424s] -- Up-to-date: /home/augustmenard/Intro-to-Robotics-Research-Labs/lab5_ws/install/dynamixel_sdk_custom_interfaces/local/lib/python3.10/dist-packages/dynamixel_sdk_custom_interfaces/dynamixel_sdk_custom_interfaces_s__rosidl_typesupport_fastrtps_c.cpython-310-x86_64-linux-gnu.so
[1.424s] -- Up-to-date: /home/augustmenard/Intro-to-Robotics-Research-Labs/lab5_ws/install/dynamixel_sdk_custom_interfaces/local/lib/python3.10/dist-packages/dynamixel_sdk_custom_interfaces/dynamixel_sdk_custom_interfaces_s__rosidl_typesupport_introspection_c.cpython-310-x86_64-linux-gnu.so
[1.424s] -- Up-to-date: /home/augustmenard/Intro-to-Robotics-Research-Labs/lab5_ws/install/dynamixel_sdk_custom_interfaces/local/lib/python3.10/dist-packages/dynamixel_sdk_custom_interfaces/dynamixel_sdk_custom_interfaces_s__rosidl_typesupport_c.cpython-310-x86_64-linux-gnu.so
[1.424s] -- Up-to-date: /home/augustmenard/Intro-to-Robotics-Research-Labs/lab5_ws/install/dynamixel_sdk_custom_interfaces/lib/libdynamixel_sdk_custom_interfaces__rosidl_generator_py.so
[1.424s] -- Up-to-date: /home/augustmenard/Intro-to-Robotics-Research-Labs/lab5_ws/install/dynamixel_sdk_custom_interfaces/share/dynamixel_sdk_custom_interfaces/msg/SetPosition.idl
[1.424s] -- Up-to-date: /home/augustmenard/Intro-to-Robotics-Research-Labs/lab5_ws/install/dynamixel_sdk_custom_interfaces/share/dynamixel_sdk_custom_interfaces/srv/GetPosition.idl
[1.424s] -- Up-to-date: /home/augustmenard/Intro-to-Robotics-Research-Labs/lab5_ws/install/dynamixel_sdk_custom_interfaces/share/dynamixel_sdk_custom_interfaces/msg/SetPosition.msg
[1.425s] -- Up-to-date: /home/augustmenard/Intro-to-Robotics-Research-Labs/lab5_ws/install/dynamixel_sdk_custom_interfaces/share/dynamixel_sdk_custom_interfaces/srv/GetPosition.srv
[1.425s] -- Up-to-date: /home/augustmenard/Intro-to-Robotics-Research-Labs/lab5_ws/install/dynamixel_sdk_custom_interfaces/share/dynamixel_sdk_custom_interfaces/srv/GetPosition_Request.msg
[1.425s] -- Up-to-date: /home/augustmenard/Intro-to-Robotics-Research-Labs/lab5_ws/install/dynamixel_sdk_custom_interfaces/share/dynamixel_sdk_custom_interfaces/srv/GetPosition_Response.msg
[1.425s] -- Up-to-date: /home/augustmenard/Intro-to-Robotics-Research-Labs/lab5_ws/install/dynamixel_sdk_custom_interfaces/share/ament_index/resource_index/package_run_dependencies/dynamixel_sdk_custom_interfaces
[1.425s] -- Up-to-date: /home/augustmenard/Intro-to-Robotics-Research-Labs/lab5_ws/install/dynamixel_sdk_custom_interfaces/share/ament_index/resource_index/parent_prefix_path/dynamixel_sdk_custom_interfaces
[1.425s] -- Up-to-date: /home/augustmenard/Intro-to-Robotics-Research-Labs/lab5_ws/install/dynamixel_sdk_custom_interfaces/share/dynamixel_sdk_custom_interfaces/environment/ament_prefix_path.sh
[1.425s] -- Up-to-date: /home/augustmenard/Intro-to-Robotics-Research-Labs/lab5_ws/install/dynamixel_sdk_custom_interfaces/share/dynamixel_sdk_custom_interfaces/environment/ament_prefix_path.dsv
[1.425s] -- Up-to-date: /home/augustmenard/Intro-to-Robotics-Research-Labs/lab5_ws/install/dynamixel_sdk_custom_interfaces/share/dynamixel_sdk_custom_interfaces/environment/path.sh
[1.425s] -- Up-to-date: /home/augustmenard/Intro-to-Robotics-Research-Labs/lab5_ws/install/dynamixel_sdk_custom_interfaces/share/dynamixel_sdk_custom_interfaces/environment/path.dsv
[1.425s] -- Up-to-date: /home/augustmenard/Intro-to-Robotics-Research-Labs/lab5_ws/install/dynamixel_sdk_custom_interfaces/share/dynamixel_sdk_custom_interfaces/local_setup.bash
[1.425s] -- Up-to-date: /home/augustmenard/Intro-to-Robotics-Research-Labs/lab5_ws/install/dynamixel_sdk_custom_interfaces/share/dynamixel_sdk_custom_interfaces/local_setup.sh
[1.425s] -- Up-to-date: /home/augustmenard/Intro-to-Robotics-Research-Labs/lab5_ws/install/dynamixel_sdk_custom_interfaces/share/dynamixel_sdk_custom_interfaces/local_setup.zsh
[1.426s] -- Up-to-date: /home/augustmenard/Intro-to-Robotics-Research-Labs/lab5_ws/install/dynamixel_sdk_custom_interfaces/share/dynamixel_sdk_custom_interfaces/local_setup.dsv
[1.426s] -- Installing: /home/augustmenard/Intro-to-Robotics-Research-Labs/lab5_ws/install/dynamixel_sdk_custom_interfaces/share/dynamixel_sdk_custom_interfaces/package.dsv
[1.426s] -- Up-to-date: /home/augustmenard/Intro-to-Robotics-Research-Labs/lab5_ws/install/dynamixel_sdk_custom_interfaces/share/ament_index/resource_index/packages/dynamixel_sdk_custom_interfaces
[1.426s] -- Up-to-date: /home/augustmenard/Intro-to-Robotics-Research-Labs/lab5_ws/install/dynamixel_sdk_custom_interfaces/share/dynamixel_sdk_custom_interfaces/cmake/export_dynamixel_sdk_custom_interfaces__rosidl_generator_cExport.cmake
[1.426s] -- Up-to-date: /home/augustmenard/Intro-to-Robotics-Research-Labs/lab5_ws/install/dynamixel_sdk_custom_interfaces/share/dynamixel_sdk_custom_interfaces/cmake/export_dynamixel_sdk_custom_interfaces__rosidl_generator_cExport-noconfig.cmake
[1.426s] -- Up-to-date: /home/augustmenard/Intro-to-Robotics-Research-Labs/lab5_ws/install/dynamixel_sdk_custom_interfaces/share/dynamixel_sdk_custom_interfaces/cmake/export_dynamixel_sdk_custom_interfaces__rosidl_typesupport_fastrtps_cExport.cmake
[1.426s] -- Up-to-date: /home/augustmenard/Intro-to-Robotics-Research-Labs/lab5_ws/install/dynamixel_sdk_custom_interfaces/share/dynamixel_sdk_custom_interfaces/cmake/export_dynamixel_sdk_custom_interfaces__rosidl_typesupport_fastrtps_cExport-noconfig.cmake
[1.426s] -- Up-to-date: /home/augustmenard/Intro-to-Robotics-Research-Labs/lab5_ws/install/dynamixel_sdk_custom_interfaces/share/dynamixel_sdk_custom_interfaces/cmake/export_dynamixel_sdk_custom_interfaces__rosidl_generator_cppExport.cmake
[1.426s] -- Up-to-date: /home/augustmenard/Intro-to-Robotics-Research-Labs/lab5_ws/install/dynamixel_sdk_custom_interfaces/share/dynamixel_sdk_custom_interfaces/cmake/export_dynamixel_sdk_custom_interfaces__rosidl_typesupport_fastrtps_cppExport.cmake
[1.427s] -- Up-to-date: /home/augustmenard/Intro-to-Robotics-Research-Labs/lab5_ws/install/dynamixel_sdk_custom_interfaces/share/dynamixel_sdk_custom_interfaces/cmake/export_dynamixel_sdk_custom_interfaces__rosidl_typesupport_fastrtps_cppExport-noconfig.cmake
[1.427s] -- Up-to-date: /home/augustmenard/Intro-to-Robotics-Research-Labs/lab5_ws/install/dynamixel_sdk_custom_interfaces/share/dynamixel_sdk_custom_interfaces/cmake/dynamixel_sdk_custom_interfaces__rosidl_typesupport_introspection_cExport.cmake
[1.427s] -- Up-to-date: /home/augustmenard/Intro-to-Robotics-Research-Labs/lab5_ws/install/dynamixel_sdk_custom_interfaces/share/dynamixel_sdk_custom_interfaces/cmake/dynamixel_sdk_custom_interfaces__rosidl_typesupport_introspection_cExport-noconfig.cmake
[1.427s] -- Up-to-date: /home/augustmenard/Intro-to-Robotics-Research-Labs/lab5_ws/install/dynamixel_sdk_custom_interfaces/share/dynamixel_sdk_custom_interfaces/cmake/dynamixel_sdk_custom_interfaces__rosidl_typesupport_cExport.cmake
[1.427s] -- Up-to-date: /home/augustmenard/Intro-to-Robotics-Research-Labs/lab5_ws/install/dynamixel_sdk_custom_interfaces/share/dynamixel_sdk_custom_interfaces/cmake/dynamixel_sdk_custom_interfaces__rosidl_typesupport_cExport-noconfig.cmake
[1.427s] -- Up-to-date: /home/augustmenard/Intro-to-Robotics-Research-Labs/lab5_ws/install/dynamixel_sdk_custom_interfaces/share/dynamixel_sdk_custom_interfaces/cmake/dynamixel_sdk_custom_interfaces__rosidl_typesupport_introspection_cppExport.cmake
[1.427s] -- Up-to-date: /home/augustmenard/Intro-to-Robotics-Research-Labs/lab5_ws/install/dynamixel_sdk_custom_interfaces/share/dynamixel_sdk_custom_interfaces/cmake/dynamixel_sdk_custom_interfaces__rosidl_typesupport_introspection_cppExport-noconfig.cmake
[1.427s] -- Up-to-date: /home/augustmenard/Intro-to-Robotics-Research-Labs/lab5_ws/install/dynamixel_sdk_custom_interfaces/share/dynamixel_sdk_custom_interfaces/cmake/dynamixel_sdk_custom_interfaces__rosidl_typesupport_cppExport.cmake
[1.428s] -- Up-to-date: /home/augustmenard/Intro-to-Robotics-Research-Labs/lab5_ws/install/dynamixel_sdk_custom_interfaces/share/dynamixel_sdk_custom_interfaces/cmake/dynamixel_sdk_custom_interfaces__rosidl_typesupport_cppExport-noconfig.cmake
[1.428s] -- Up-to-date: /home/augustmenard/Intro-to-Robotics-Research-Labs/lab5_ws/install/dynamixel_sdk_custom_interfaces/share/dynamixel_sdk_custom_interfaces/cmake/export_dynamixel_sdk_custom_interfaces__rosidl_generator_pyExport.cmake
[1.428s] -- Up-to-date: /home/augustmenard/Intro-to-Robotics-Research-Labs/lab5_ws/install/dynamixel_sdk_custom_interfaces/share/dynamixel_sdk_custom_interfaces/cmake/export_dynamixel_sdk_custom_interfaces__rosidl_generator_pyExport-noconfig.cmake
[1.428s] -- Up-to-date: /home/augustmenard/Intro-to-Robotics-Research-Labs/lab5_ws/install/dynamixel_sdk_custom_interfaces/share/dynamixel_sdk_custom_interfaces/cmake/rosidl_cmake-extras.cmake
[1.428s] -- Up-to-date: /home/augustmenard/Intro-to-Robotics-Research-Labs/lab5_ws/install/dynamixel_sdk_custom_interfaces/share/dynamixel_sdk_custom_interfaces/cmake/ament_cmake_export_dependencies-extras.cmake
[1.428s] -- Up-to-date: /home/augustmenard/Intro-to-Robotics-Research-Labs/lab5_ws/install/dynamixel_sdk_custom_interfaces/share/dynamixel_sdk_custom_interfaces/cmake/ament_cmake_export_include_directories-extras.cmake
[1.428s] -- Up-to-date: /home/augustmenard/Intro-to-Robotics-Research-Labs/lab5_ws/install/dynamixel_sdk_custom_interfaces/share/dynamixel_sdk_custom_interfaces/cmake/ament_cmake_export_libraries-extras.cmake
[1.429s] -- Up-to-date: /home/augustmenard/Intro-to-Robotics-Research-Labs/lab5_ws/install/dynamixel_sdk_custom_interfaces/share/dynamixel_sdk_custom_interfaces/cmake/ament_cmake_export_targets-extras.cmake
[1.429s] -- Up-to-date: /home/augustmenard/Intro-to-Robotics-Research-Labs/lab5_ws/install/dynamixel_sdk_custom_interfaces/share/dynamixel_sdk_custom_interfaces/cmake/rosidl_cmake_export_typesupport_targets-extras.cmake
[1.430s] -- Up-to-date: /home/augustmenard/Intro-to-Robotics-Research-Labs/lab5_ws/install/dynamixel_sdk_custom_interfaces/share/dynamixel_sdk_custom_interfaces/cmake/rosidl_cmake_export_typesupport_libraries-extras.cmake
[1.430s] -- Up-to-date: /home/augustmenard/Intro-to-Robotics-Research-Labs/lab5_ws/install/dynamixel_sdk_custom_interfaces/share/dynamixel_sdk_custom_interfaces/cmake/dynamixel_sdk_custom_interfacesConfig.cmake
[1.430s] -- Up-to-date: /home/augustmenard/Intro-to-Robotics-Research-Labs/lab5_ws/install/dynamixel_sdk_custom_interfaces/share/dynamixel_sdk_custom_interfaces/cmake/dynamixel_sdk_custom_interfacesConfig-version.cmake
[1.430s] -- Up-to-date: /home/augustmenard/Intro-to-Robotics-Research-Labs/lab5_ws/install/dynamixel_sdk_custom_interfaces/share/dynamixel_sdk_custom_interfaces/package.xml
[1.468s] Invoked command in '/home/augustmenard/Intro-to-Robotics-Research-Labs/lab5_ws/build/dynamixel_sdk_custom_interfaces' returned '0': CMAKE_PREFIX_PATH=${CMAKE_PREFIX_PATH}:/home/augustmenard/Intro-to-Robotics-Research-Labs/lab5_ws/install/team_rocket_action_server_client:/home/augustmenard/Intro-to-Robotics-Research-Labs/lab5_ws/install/turtlebot3_teleop:/home/augustmenard/Intro-to-Robotics-Research-Labs/lab5_ws/install/turtlebot3_example:/opt/ros/humble /usr/bin/cmake --install /home/augustmenard/Intro-to-Robotics-Research-Labs/lab5_ws/build/dynamixel_sdk_custom_interfaces
