[0.740s] Invoking command in '/home/augustmenard/Intro-to-Robotics-Research-Labs/lab2_ws/src/TeamRocket_object_follower': PYTHONPATH=/home/augustmenard/Intro-to-Robotics-Research-Labs/lab2_ws/build/TeamRocket_object_follower/prefix_override:/usr/lib/python3/dist-packages/colcon_core/task/python/colcon_distutils_commands:/home/augustmenard/Intro-to-Robotics-Research-Labs/lab2_ws/install/TeamRocket_object_follower/lib/python3.10/site-packages:${PYTHONPATH} /usr/bin/python3 -W ignore:setup.py install is deprecated -W ignore:easy_install command is deprecated setup.py egg_info --egg-base ../../build/TeamRocket_object_follower build --build-base /home/augustmenard/Intro-to-Robotics-Research-Labs/lab2_ws/build/TeamRocket_object_follower/build install --record /home/augustmenard/Intro-to-Robotics-Research-Labs/lab2_ws/build/TeamRocket_object_follower/install.log --single-version-externally-managed install_data
[0.908s] running egg_info
[0.909s] creating ../../build/TeamRocket_object_follower/TeamRocket_object_follower.egg-info
[0.909s] writing ../../build/TeamRocket_object_follower/TeamRocket_object_follower.egg-info/PKG-INFO
[0.910s] writing dependency_links to ../../build/TeamRocket_object_follower/TeamRocket_object_follower.egg-info/dependency_links.txt
[0.910s] writing entry points to ../../build/TeamRocket_object_follower/TeamRocket_object_follower.egg-info/entry_points.txt
[0.910s] writing requirements to ../../build/TeamRocket_object_follower/TeamRocket_object_follower.egg-info/requires.txt
[0.910s] writing top-level names to ../../build/TeamRocket_object_follower/TeamRocket_object_follower.egg-info/top_level.txt
[0.910s] writing manifest file '../../build/TeamRocket_object_follower/TeamRocket_object_follower.egg-info/SOURCES.txt'
[0.911s] reading manifest file '../../build/TeamRocket_object_follower/TeamRocket_object_follower.egg-info/SOURCES.txt'
[0.911s] adding license file 'LICENSE'
[0.912s] writing manifest file '../../build/TeamRocket_object_follower/TeamRocket_object_follower.egg-info/SOURCES.txt'
[0.912s] running build
[0.912s] running build_py
[0.912s] creating /home/augustmenard/Intro-to-Robotics-Research-Labs/lab2_ws/build/TeamRocket_object_follower/build
[0.912s] creating /home/augustmenard/Intro-to-Robotics-Research-Labs/lab2_ws/build/TeamRocket_object_follower/build/lib
[0.912s] creating /home/augustmenard/Intro-to-Robotics-Research-Labs/lab2_ws/build/TeamRocket_object_follower/build/lib/TeamRocket_object_follower
[0.912s] copying TeamRocket_object_follower/__init__.py -> /home/augustmenard/Intro-to-Robotics-Research-Labs/lab2_ws/build/TeamRocket_object_follower/build/lib/TeamRocket_object_follower
[0.912s] copying TeamRocket_object_follower/rotate_robot.py -> /home/augustmenard/Intro-to-Robotics-Research-Labs/lab2_ws/build/TeamRocket_object_follower/build/lib/TeamRocket_object_follower
[0.912s] copying TeamRocket_object_follower/find_object.py -> /home/augustmenard/Intro-to-Robotics-Research-Labs/lab2_ws/build/TeamRocket_object_follower/build/lib/TeamRocket_object_follower
[0.912s] running install
[0.912s] running install_lib
[0.913s] creating /home/augustmenard/Intro-to-Robotics-Research-Labs/lab2_ws/install/TeamRocket_object_follower/lib/python3.10/site-packages/TeamRocket_object_follower
[0.913s] copying /home/augustmenard/Intro-to-Robotics-Research-Labs/lab2_ws/build/TeamRocket_object_follower/build/lib/TeamRocket_object_follower/__init__.py -> /home/augustmenard/Intro-to-Robotics-Research-Labs/lab2_ws/install/TeamRocket_object_follower/lib/python3.10/site-packages/TeamRocket_object_follower
[0.913s] copying /home/augustmenard/Intro-to-Robotics-Research-Labs/lab2_ws/build/TeamRocket_object_follower/build/lib/TeamRocket_object_follower/rotate_robot.py -> /home/augustmenard/Intro-to-Robotics-Research-Labs/lab2_ws/install/TeamRocket_object_follower/lib/python3.10/site-packages/TeamRocket_object_follower
[0.913s] copying /home/augustmenard/Intro-to-Robotics-Research-Labs/lab2_ws/build/TeamRocket_object_follower/build/lib/TeamRocket_object_follower/find_object.py -> /home/augustmenard/Intro-to-Robotics-Research-Labs/lab2_ws/install/TeamRocket_object_follower/lib/python3.10/site-packages/TeamRocket_object_follower
[0.914s] byte-compiling /home/augustmenard/Intro-to-Robotics-Research-Labs/lab2_ws/install/TeamRocket_object_follower/lib/python3.10/site-packages/TeamRocket_object_follower/__init__.py to __init__.cpython-310.pyc
[0.914s] byte-compiling /home/augustmenard/Intro-to-Robotics-Research-Labs/lab2_ws/install/TeamRocket_object_follower/lib/python3.10/site-packages/TeamRocket_object_follower/rotate_robot.py to rotate_robot.cpython-310.pyc
[0.914s]   File "/home/augustmenard/Intro-to-Robotics-Research-Labs/lab2_ws/install/TeamRocket_object_follower/lib/python3.10/site-packages/TeamRocket_object_follower/rotate_robot.py", line 12
[0.914s]     self.coordinate_callback
[0.914s]     ^^^^^^^^^^^
[0.914s] SyntaxError: invalid syntax. Perhaps you forgot a comma?
[0.914s] 
[0.914s] byte-compiling /home/augustmenard/Intro-to-Robotics-Research-Labs/lab2_ws/install/TeamRocket_object_follower/lib/python3.10/site-packages/TeamRocket_object_follower/find_object.py to find_object.cpython-310.pyc
[0.915s] running install_data
[0.915s] creating /home/augustmenard/Intro-to-Robotics-Research-Labs/lab2_ws/install/TeamRocket_object_follower/share/ament_index
[0.915s] creating /home/augustmenard/Intro-to-Robotics-Research-Labs/lab2_ws/install/TeamRocket_object_follower/share/ament_index/resource_index
[0.915s] creating /home/augustmenard/Intro-to-Robotics-Research-Labs/lab2_ws/install/TeamRocket_object_follower/share/ament_index/resource_index/packages
[0.915s] copying resource/TeamRocket_object_follower -> /home/augustmenard/Intro-to-Robotics-Research-Labs/lab2_ws/install/TeamRocket_object_follower/share/ament_index/resource_index/packages
[0.915s] copying package.xml -> /home/augustmenard/Intro-to-Robotics-Research-Labs/lab2_ws/install/TeamRocket_object_follower/share/TeamRocket_object_follower
[0.915s] running install_egg_info
[0.916s] Copying ../../build/TeamRocket_object_follower/TeamRocket_object_follower.egg-info to /home/augustmenard/Intro-to-Robotics-Research-Labs/lab2_ws/install/TeamRocket_object_follower/lib/python3.10/site-packages/TeamRocket_object_follower-0.0.0-py3.10.egg-info
[0.917s] running install_scripts
[0.932s] writing list of installed files to '/home/augustmenard/Intro-to-Robotics-Research-Labs/lab2_ws/build/TeamRocket_object_follower/install.log'
[0.954s] Invoked command in '/home/augustmenard/Intro-to-Robotics-Research-Labs/lab2_ws/src/TeamRocket_object_follower' returned '0': PYTHONPATH=/home/augustmenard/Intro-to-Robotics-Research-Labs/lab2_ws/build/TeamRocket_object_follower/prefix_override:/usr/lib/python3/dist-packages/colcon_core/task/python/colcon_distutils_commands:/home/augustmenard/Intro-to-Robotics-Research-Labs/lab2_ws/install/TeamRocket_object_follower/lib/python3.10/site-packages:${PYTHONPATH} /usr/bin/python3 -W ignore:setup.py install is deprecated -W ignore:easy_install command is deprecated setup.py egg_info --egg-base ../../build/TeamRocket_object_follower build --build-base /home/augustmenard/Intro-to-Robotics-Research-Labs/lab2_ws/build/TeamRocket_object_follower/build install --record /home/augustmenard/Intro-to-Robotics-Research-Labs/lab2_ws/build/TeamRocket_object_follower/install.log --single-version-externally-managed install_data
