[0.026s] Invoking command in '/home/augustmenard/Intro-to-Robotics-Research-Labs/lab5_ws/build/turtlebot3_manipulation_gazebo': CMAKE_PREFIX_PATH=${CMAKE_PREFIX_PATH}:/home/augustmenard/Intro-to-Robotics-Research-Labs/lab5_ws/install/turtlebot3_teleop:/home/augustmenard/Intro-to-Robotics-Research-Labs/lab5_ws/install/turtlebot3_example:/opt/ros/humble /usr/bin/cmake --build /home/augustmenard/Intro-to-Robotics-Research-Labs/lab5_ws/build/turtlebot3_manipulation_gazebo -- -j8 -l8
[0.148s] Invoked command in '/home/augustmenard/Intro-to-Robotics-Research-Labs/lab5_ws/build/turtlebot3_manipulation_gazebo' returned '0': CMAKE_PREFIX_PATH=${CMAKE_PREFIX_PATH}:/home/augustmenard/Intro-to-Robotics-Research-Labs/lab5_ws/install/turtlebot3_teleop:/home/augustmenard/Intro-to-Robotics-Research-Labs/lab5_ws/install/turtlebot3_example:/opt/ros/humble /usr/bin/cmake --build /home/augustmenard/Intro-to-Robotics-Research-Labs/lab5_ws/build/turtlebot3_manipulation_gazebo -- -j8 -l8
[0.149s] Invoking command in '/home/augustmenard/Intro-to-Robotics-Research-Labs/lab5_ws/build/turtlebot3_manipulation_gazebo': CMAKE_PREFIX_PATH=${CMAKE_PREFIX_PATH}:/home/augustmenard/Intro-to-Robotics-Research-Labs/lab5_ws/install/turtlebot3_teleop:/home/augustmenard/Intro-to-Robotics-Research-Labs/lab5_ws/install/turtlebot3_example:/opt/ros/humble /usr/bin/cmake --install /home/augustmenard/Intro-to-Robotics-Research-Labs/lab5_ws/build/turtlebot3_manipulation_gazebo
[0.170s] -- Install configuration: ""
[0.171s] -- Up-to-date: /home/augustmenard/Intro-to-Robotics-Research-Labs/lab5_ws/install/turtlebot3_manipulation_gazebo/share/turtlebot3_manipulation_gazebo/config
[0.176s] -- Up-to-date: /home/augustmenard/Intro-to-Robotics-Research-Labs/lab5_ws/install/turtlebot3_manipulation_gazebo/share/turtlebot3_manipulation_gazebo/config/hardware_controller_manager.yaml
[0.176s] -- Up-to-date: /home/augustmenard/Intro-to-Robotics-Research-Labs/lab5_ws/install/turtlebot3_manipulation_gazebo/share/turtlebot3_manipulation_gazebo/config/gazebo_controller_manager.yaml
[0.177s] -- Up-to-date: /home/augustmenard/Intro-to-Robotics-Research-Labs/lab5_ws/install/turtlebot3_manipulation_gazebo/share/turtlebot3_manipulation_gazebo/gazebo
[0.177s] -- Up-to-date: /home/augustmenard/Intro-to-Robotics-Research-Labs/lab5_ws/install/turtlebot3_manipulation_gazebo/share/turtlebot3_manipulation_gazebo/gazebo/open_manipulator_x.gazebo.xacro
[0.177s] -- Up-to-date: /home/augustmenard/Intro-to-Robotics-Research-Labs/lab5_ws/install/turtlebot3_manipulation_gazebo/share/turtlebot3_manipulation_gazebo/gazebo/materials.xacro
[0.177s] -- Up-to-date: /home/augustmenard/Intro-to-Robotics-Research-Labs/lab5_ws/install/turtlebot3_manipulation_gazebo/share/turtlebot3_manipulation_gazebo/gazebo/turtlebot3_waffle_pi.gazebo.xacro
[0.177s] -- Up-to-date: /home/augustmenard/Intro-to-Robotics-Research-Labs/lab5_ws/install/turtlebot3_manipulation_gazebo/share/turtlebot3_manipulation_gazebo/launch
[0.177s] -- Up-to-date: /home/augustmenard/Intro-to-Robotics-Research-Labs/lab5_ws/install/turtlebot3_manipulation_gazebo/share/turtlebot3_manipulation_gazebo/launch/gazebo.launch.py
[0.177s] -- Up-to-date: /home/augustmenard/Intro-to-Robotics-Research-Labs/lab5_ws/install/turtlebot3_manipulation_gazebo/share/turtlebot3_manipulation_gazebo/launch/base.launch.py
[0.177s] -- Up-to-date: /home/augustmenard/Intro-to-Robotics-Research-Labs/lab5_ws/install/turtlebot3_manipulation_gazebo/share/turtlebot3_manipulation_gazebo/launch/fake.launch.py
[0.178s] -- Up-to-date: /home/augustmenard/Intro-to-Robotics-Research-Labs/lab5_ws/install/turtlebot3_manipulation_gazebo/share/turtlebot3_manipulation_gazebo/launch/turtlebot3_home_service_challenge.launch.py
[0.178s] -- Up-to-date: /home/augustmenard/Intro-to-Robotics-Research-Labs/lab5_ws/install/turtlebot3_manipulation_gazebo/share/turtlebot3_manipulation_gazebo/ros2_control
[0.178s] -- Up-to-date: /home/augustmenard/Intro-to-Robotics-Research-Labs/lab5_ws/install/turtlebot3_manipulation_gazebo/share/turtlebot3_manipulation_gazebo/ros2_control/turtlebot3_manipulation_system.ros2_control.xacro
[0.178s] -- Up-to-date: /home/augustmenard/Intro-to-Robotics-Research-Labs/lab5_ws/install/turtlebot3_manipulation_gazebo/share/turtlebot3_manipulation_gazebo/rviz
[0.178s] -- Up-to-date: /home/augustmenard/Intro-to-Robotics-Research-Labs/lab5_ws/install/turtlebot3_manipulation_gazebo/share/turtlebot3_manipulation_gazebo/rviz/turtlebot3_manipulation.rviz
[0.182s] -- Up-to-date: /home/augustmenard/Intro-to-Robotics-Research-Labs/lab5_ws/install/turtlebot3_manipulation_gazebo/share/turtlebot3_manipulation_gazebo/urdf
[0.184s] -- Up-to-date: /home/augustmenard/Intro-to-Robotics-Research-Labs/lab5_ws/install/turtlebot3_manipulation_gazebo/share/turtlebot3_manipulation_gazebo/urdf/turtlebot3_manipulation.urdf.xacro
[0.184s] -- Up-to-date: /home/augustmenard/Intro-to-Robotics-Research-Labs/lab5_ws/install/turtlebot3_manipulation_gazebo/share/turtlebot3_manipulation_gazebo/urdf/open_manipulator_x.urdf.xacro
[0.184s] -- Up-to-date: /home/augustmenard/Intro-to-Robotics-Research-Labs/lab5_ws/install/turtlebot3_manipulation_gazebo/share/turtlebot3_manipulation_gazebo/urdf/turtlebot3_waffle_pi.urdf.xacro
[0.185s] -- Up-to-date: /home/augustmenard/Intro-to-Robotics-Research-Labs/lab5_ws/install/turtlebot3_manipulation_gazebo/share/turtlebot3_manipulation_gazebo/worlds
[0.186s] -- Up-to-date: /home/augustmenard/Intro-to-Robotics-Research-Labs/lab5_ws/install/turtlebot3_manipulation_gazebo/share/turtlebot3_manipulation_gazebo/worlds/turtlebot3_home_service_challenge.world
[0.186s] -- Up-to-date: /home/augustmenard/Intro-to-Robotics-Research-Labs/lab5_ws/install/turtlebot3_manipulation_gazebo/share/turtlebot3_manipulation_gazebo/models
[0.186s] -- Up-to-date: /home/augustmenard/Intro-to-Robotics-Research-Labs/lab5_ws/install/turtlebot3_manipulation_gazebo/share/turtlebot3_manipulation_gazebo/models/turtlebot3_home_service_challenge
[0.186s] -- Up-to-date: /home/augustmenard/Intro-to-Robotics-Research-Labs/lab5_ws/install/turtlebot3_manipulation_gazebo/share/turtlebot3_manipulation_gazebo/models/turtlebot3_home_service_challenge/marker5
[0.186s] -- Up-to-date: /home/augustmenard/Intro-to-Robotics-Research-Labs/lab5_ws/install/turtlebot3_manipulation_gazebo/share/turtlebot3_manipulation_gazebo/models/turtlebot3_home_service_challenge/marker5/model.sdf
[0.187s] -- Up-to-date: /home/augustmenard/Intro-to-Robotics-Research-Labs/lab5_ws/install/turtlebot3_manipulation_gazebo/share/turtlebot3_manipulation_gazebo/models/turtlebot3_home_service_challenge/marker5/model-1_4.sdf
[0.187s] -- Up-to-date: /home/augustmenard/Intro-to-Robotics-Research-Labs/lab5_ws/install/turtlebot3_manipulation_gazebo/share/turtlebot3_manipulation_gazebo/models/turtlebot3_home_service_challenge/marker5/model.config
[0.189s] -- Up-to-date: /home/augustmenard/Intro-to-Robotics-Research-Labs/lab5_ws/install/turtlebot3_manipulation_gazebo/share/turtlebot3_manipulation_gazebo/models/turtlebot3_home_service_challenge/marker5/model-1_5.sdf
[0.189s] -- Up-to-date: /home/augustmenard/Intro-to-Robotics-Research-Labs/lab5_ws/install/turtlebot3_manipulation_gazebo/share/turtlebot3_manipulation_gazebo/models/turtlebot3_home_service_challenge/marker5/materials
[0.190s] -- Up-to-date: /home/augustmenard/Intro-to-Robotics-Research-Labs/lab5_ws/install/turtlebot3_manipulation_gazebo/share/turtlebot3_manipulation_gazebo/models/turtlebot3_home_service_challenge/marker5/materials/textures
[0.190s] -- Up-to-date: /home/augustmenard/Intro-to-Robotics-Research-Labs/lab5_ws/install/turtlebot3_manipulation_gazebo/share/turtlebot3_manipulation_gazebo/models/turtlebot3_home_service_challenge/marker5/materials/textures/Marker5.png
[0.190s] -- Up-to-date: /home/augustmenard/Intro-to-Robotics-Research-Labs/lab5_ws/install/turtlebot3_manipulation_gazebo/share/turtlebot3_manipulation_gazebo/models/turtlebot3_home_service_challenge/marker5/meshes
[0.190s] -- Up-to-date: /home/augustmenard/Intro-to-Robotics-Research-Labs/lab5_ws/install/turtlebot3_manipulation_gazebo/share/turtlebot3_manipulation_gazebo/models/turtlebot3_home_service_challenge/marker5/meshes/Marker5.dae
[0.190s] -- Up-to-date: /home/augustmenard/Intro-to-Robotics-Research-Labs/lab5_ws/install/turtlebot3_manipulation_gazebo/share/turtlebot3_manipulation_gazebo/models/turtlebot3_home_service_challenge/marker8
[0.190s] -- Up-to-date: /home/augustmenard/Intro-to-Robotics-Research-Labs/lab5_ws/install/turtlebot3_manipulation_gazebo/share/turtlebot3_manipulation_gazebo/models/turtlebot3_home_service_challenge/marker8/model.sdf
[0.190s] -- Up-to-date: /home/augustmenard/Intro-to-Robotics-Research-Labs/lab5_ws/install/turtlebot3_manipulation_gazebo/share/turtlebot3_manipulation_gazebo/models/turtlebot3_home_service_challenge/marker8/model-1_4.sdf
[0.190s] -- Up-to-date: /home/augustmenard/Intro-to-Robotics-Research-Labs/lab5_ws/install/turtlebot3_manipulation_gazebo/share/turtlebot3_manipulation_gazebo/models/turtlebot3_home_service_challenge/marker8/model.config
[0.190s] -- Up-to-date: /home/augustmenard/Intro-to-Robotics-Research-Labs/lab5_ws/install/turtlebot3_manipulation_gazebo/share/turtlebot3_manipulation_gazebo/models/turtlebot3_home_service_challenge/marker8/model-1_5.sdf
[0.190s] -- Up-to-date: /home/augustmenard/Intro-to-Robotics-Research-Labs/lab5_ws/install/turtlebot3_manipulation_gazebo/share/turtlebot3_manipulation_gazebo/models/turtlebot3_home_service_challenge/marker8/materials
[0.190s] -- Up-to-date: /home/augustmenard/Intro-to-Robotics-Research-Labs/lab5_ws/install/turtlebot3_manipulation_gazebo/share/turtlebot3_manipulation_gazebo/models/turtlebot3_home_service_challenge/marker8/materials/textures
[0.190s] -- Up-to-date: /home/augustmenard/Intro-to-Robotics-Research-Labs/lab5_ws/install/turtlebot3_manipulation_gazebo/share/turtlebot3_manipulation_gazebo/models/turtlebot3_home_service_challenge/marker8/materials/textures/Marker8.png
[0.190s] -- Up-to-date: /home/augustmenard/Intro-to-Robotics-Research-Labs/lab5_ws/install/turtlebot3_manipulation_gazebo/share/turtlebot3_manipulation_gazebo/models/turtlebot3_home_service_challenge/marker8/meshes
[0.191s] -- Up-to-date: /home/augustmenard/Intro-to-Robotics-Research-Labs/lab5_ws/install/turtlebot3_manipulation_gazebo/share/turtlebot3_manipulation_gazebo/models/turtlebot3_home_service_challenge/marker8/meshes/Marker8.dae
[0.191s] -- Up-to-date: /home/augustmenard/Intro-to-Robotics-Research-Labs/lab5_ws/install/turtlebot3_manipulation_gazebo/share/turtlebot3_manipulation_gazebo/models/turtlebot3_home_service_challenge/marker7
[0.191s] -- Up-to-date: /home/augustmenard/Intro-to-Robotics-Research-Labs/lab5_ws/install/turtlebot3_manipulation_gazebo/share/turtlebot3_manipulation_gazebo/models/turtlebot3_home_service_challenge/marker7/model.sdf
[0.191s] -- Up-to-date: /home/augustmenard/Intro-to-Robotics-Research-Labs/lab5_ws/install/turtlebot3_manipulation_gazebo/share/turtlebot3_manipulation_gazebo/models/turtlebot3_home_service_challenge/marker7/model-1_4.sdf
[0.191s] -- Up-to-date: /home/augustmenard/Intro-to-Robotics-Research-Labs/lab5_ws/install/turtlebot3_manipulation_gazebo/share/turtlebot3_manipulation_gazebo/models/turtlebot3_home_service_challenge/marker7/model.config
[0.191s] -- Up-to-date: /home/augustmenard/Intro-to-Robotics-Research-Labs/lab5_ws/install/turtlebot3_manipulation_gazebo/share/turtlebot3_manipulation_gazebo/models/turtlebot3_home_service_challenge/marker7/model-1_5.sdf
[0.191s] -- Up-to-date: /home/augustmenard/Intro-to-Robotics-Research-Labs/lab5_ws/install/turtlebot3_manipulation_gazebo/share/turtlebot3_manipulation_gazebo/models/turtlebot3_home_service_challenge/marker7/materials
[0.191s] -- Up-to-date: /home/augustmenard/Intro-to-Robotics-Research-Labs/lab5_ws/install/turtlebot3_manipulation_gazebo/share/turtlebot3_manipulation_gazebo/models/turtlebot3_home_service_challenge/marker7/materials/textures
[0.191s] -- Up-to-date: /home/augustmenard/Intro-to-Robotics-Research-Labs/lab5_ws/install/turtlebot3_manipulation_gazebo/share/turtlebot3_manipulation_gazebo/models/turtlebot3_home_service_challenge/marker7/materials/textures/Marker7.png
[0.191s] -- Up-to-date: /home/augustmenard/Intro-to-Robotics-Research-Labs/lab5_ws/install/turtlebot3_manipulation_gazebo/share/turtlebot3_manipulation_gazebo/models/turtlebot3_home_service_challenge/marker7/meshes
[0.191s] -- Up-to-date: /home/augustmenard/Intro-to-Robotics-Research-Labs/lab5_ws/install/turtlebot3_manipulation_gazebo/share/turtlebot3_manipulation_gazebo/models/turtlebot3_home_service_challenge/marker7/meshes/Marker7.dae
[0.191s] -- Up-to-date: /home/augustmenard/Intro-to-Robotics-Research-Labs/lab5_ws/install/turtlebot3_manipulation_gazebo/share/turtlebot3_manipulation_gazebo/models/turtlebot3_home_service_challenge/marker9
[0.191s] -- Up-to-date: /home/augustmenard/Intro-to-Robotics-Research-Labs/lab5_ws/install/turtlebot3_manipulation_gazebo/share/turtlebot3_manipulation_gazebo/models/turtlebot3_home_service_challenge/marker9/model.sdf
[0.192s] -- Up-to-date: /home/augustmenard/Intro-to-Robotics-Research-Labs/lab5_ws/install/turtlebot3_manipulation_gazebo/share/turtlebot3_manipulation_gazebo/models/turtlebot3_home_service_challenge/marker9/model-1_4.sdf
[0.192s] -- Up-to-date: /home/augustmenard/Intro-to-Robotics-Research-Labs/lab5_ws/install/turtlebot3_manipulation_gazebo/share/turtlebot3_manipulation_gazebo/models/turtlebot3_home_service_challenge/marker9/model.config
[0.192s] -- Up-to-date: /home/augustmenard/Intro-to-Robotics-Research-Labs/lab5_ws/install/turtlebot3_manipulation_gazebo/share/turtlebot3_manipulation_gazebo/models/turtlebot3_home_service_challenge/marker9/model-1_5.sdf
[0.192s] -- Up-to-date: /home/augustmenard/Intro-to-Robotics-Research-Labs/lab5_ws/install/turtlebot3_manipulation_gazebo/share/turtlebot3_manipulation_gazebo/models/turtlebot3_home_service_challenge/marker9/materials
[0.192s] -- Up-to-date: /home/augustmenard/Intro-to-Robotics-Research-Labs/lab5_ws/install/turtlebot3_manipulation_gazebo/share/turtlebot3_manipulation_gazebo/models/turtlebot3_home_service_challenge/marker9/materials/textures
[0.192s] -- Up-to-date: /home/augustmenard/Intro-to-Robotics-Research-Labs/lab5_ws/install/turtlebot3_manipulation_gazebo/share/turtlebot3_manipulation_gazebo/models/turtlebot3_home_service_challenge/marker9/materials/textures/Marker9.png
[0.192s] -- Up-to-date: /home/augustmenard/Intro-to-Robotics-Research-Labs/lab5_ws/install/turtlebot3_manipulation_gazebo/share/turtlebot3_manipulation_gazebo/models/turtlebot3_home_service_challenge/marker9/meshes
[0.192s] -- Up-to-date: /home/augustmenard/Intro-to-Robotics-Research-Labs/lab5_ws/install/turtlebot3_manipulation_gazebo/share/turtlebot3_manipulation_gazebo/models/turtlebot3_home_service_challenge/marker9/meshes/Marker9.dae
[0.192s] -- Up-to-date: /home/augustmenard/Intro-to-Robotics-Research-Labs/lab5_ws/install/turtlebot3_manipulation_gazebo/share/turtlebot3_manipulation_gazebo/models/turtlebot3_home_service_challenge/marker1
[0.192s] -- Up-to-date: /home/augustmenard/Intro-to-Robotics-Research-Labs/lab5_ws/install/turtlebot3_manipulation_gazebo/share/turtlebot3_manipulation_gazebo/models/turtlebot3_home_service_challenge/marker1/model.sdf
[0.192s] -- Up-to-date: /home/augustmenard/Intro-to-Robotics-Research-Labs/lab5_ws/install/turtlebot3_manipulation_gazebo/share/turtlebot3_manipulation_gazebo/models/turtlebot3_home_service_challenge/marker1/model-1_4.sdf
[0.192s] -- Up-to-date: /home/augustmenard/Intro-to-Robotics-Research-Labs/lab5_ws/install/turtlebot3_manipulation_gazebo/share/turtlebot3_manipulation_gazebo/models/turtlebot3_home_service_challenge/marker1/model.config
[0.192s] -- Up-to-date: /home/augustmenard/Intro-to-Robotics-Research-Labs/lab5_ws/install/turtlebot3_manipulation_gazebo/share/turtlebot3_manipulation_gazebo/models/turtlebot3_home_service_challenge/marker1/model-1_5.sdf
[0.192s] -- Up-to-date: /home/augustmenard/Intro-to-Robotics-Research-Labs/lab5_ws/install/turtlebot3_manipulation_gazebo/share/turtlebot3_manipulation_gazebo/models/turtlebot3_home_service_challenge/marker1/materials
[0.193s] -- Up-to-date: /home/augustmenard/Intro-to-Robotics-Research-Labs/lab5_ws/install/turtlebot3_manipulation_gazebo/share/turtlebot3_manipulation_gazebo/models/turtlebot3_home_service_challenge/marker1/materials/textures
[0.193s] -- Up-to-date: /home/augustmenard/Intro-to-Robotics-Research-Labs/lab5_ws/install/turtlebot3_manipulation_gazebo/share/turtlebot3_manipulation_gazebo/models/turtlebot3_home_service_challenge/marker1/materials/textures/Marker1.png
[0.193s] -- Up-to-date: /home/augustmenard/Intro-to-Robotics-Research-Labs/lab5_ws/install/turtlebot3_manipulation_gazebo/share/turtlebot3_manipulation_gazebo/models/turtlebot3_home_service_challenge/marker1/meshes
[0.193s] -- Up-to-date: /home/augustmenard/Intro-to-Robotics-Research-Labs/lab5_ws/install/turtlebot3_manipulation_gazebo/share/turtlebot3_manipulation_gazebo/models/turtlebot3_home_service_challenge/marker1/meshes/Marker1.dae
[0.193s] -- Up-to-date: /home/augustmenard/Intro-to-Robotics-Research-Labs/lab5_ws/install/turtlebot3_manipulation_gazebo/share/turtlebot3_manipulation_gazebo/models/turtlebot3_home_service_challenge/marker6
[0.193s] -- Up-to-date: /home/augustmenard/Intro-to-Robotics-Research-Labs/lab5_ws/install/turtlebot3_manipulation_gazebo/share/turtlebot3_manipulation_gazebo/models/turtlebot3_home_service_challenge/marker6/model.sdf
[0.195s] -- Up-to-date: /home/augustmenard/Intro-to-Robotics-Research-Labs/lab5_ws/install/turtlebot3_manipulation_gazebo/share/turtlebot3_manipulation_gazebo/models/turtlebot3_home_service_challenge/marker6/model-1_4.sdf
[0.195s] -- Up-to-date: /home/augustmenard/Intro-to-Robotics-Research-Labs/lab5_ws/install/turtlebot3_manipulation_gazebo/share/turtlebot3_manipulation_gazebo/models/turtlebot3_home_service_challenge/marker6/model.config
[0.196s] -- Up-to-date: /home/augustmenard/Intro-to-Robotics-Research-Labs/lab5_ws/install/turtlebot3_manipulation_gazebo/share/turtlebot3_manipulation_gazebo/models/turtlebot3_home_service_challenge/marker6/model-1_5.sdf
[0.196s] -- Up-to-date: /home/augustmenard/Intro-to-Robotics-Research-Labs/lab5_ws/install/turtlebot3_manipulation_gazebo/share/turtlebot3_manipulation_gazebo/models/turtlebot3_home_service_challenge/marker6/materials
[0.196s] -- Up-to-date: /home/augustmenard/Intro-to-Robotics-Research-Labs/lab5_ws/install/turtlebot3_manipulation_gazebo/share/turtlebot3_manipulation_gazebo/models/turtlebot3_home_service_challenge/marker6/materials/textures
[0.196s] -- Up-to-date: /home/augustmenard/Intro-to-Robotics-Research-Labs/lab5_ws/install/turtlebot3_manipulation_gazebo/share/turtlebot3_manipulation_gazebo/models/turtlebot3_home_service_challenge/marker6/materials/textures/Marker6.png
[0.196s] -- Up-to-date: /home/augustmenard/Intro-to-Robotics-Research-Labs/lab5_ws/install/turtlebot3_manipulation_gazebo/share/turtlebot3_manipulation_gazebo/models/turtlebot3_home_service_challenge/marker6/meshes
[0.196s] -- Up-to-date: /home/augustmenard/Intro-to-Robotics-Research-Labs/lab5_ws/install/turtlebot3_manipulation_gazebo/share/turtlebot3_manipulation_gazebo/models/turtlebot3_home_service_challenge/marker6/meshes/Marker6.dae
[0.196s] -- Up-to-date: /home/augustmenard/Intro-to-Robotics-Research-Labs/lab5_ws/install/turtlebot3_manipulation_gazebo/share/turtlebot3_manipulation_gazebo/models/turtlebot3_home_service_challenge/marker3
[0.197s] -- Up-to-date: /home/augustmenard/Intro-to-Robotics-Research-Labs/lab5_ws/install/turtlebot3_manipulation_gazebo/share/turtlebot3_manipulation_gazebo/models/turtlebot3_home_service_challenge/marker3/model.sdf
[0.198s] -- Up-to-date: /home/augustmenard/Intro-to-Robotics-Research-Labs/lab5_ws/install/turtlebot3_manipulation_gazebo/share/turtlebot3_manipulation_gazebo/models/turtlebot3_home_service_challenge/marker3/model-1_4.sdf
[0.200s] -- Up-to-date: /home/augustmenard/Intro-to-Robotics-Research-Labs/lab5_ws/install/turtlebot3_manipulation_gazebo/share/turtlebot3_manipulation_gazebo/models/turtlebot3_home_service_challenge/marker3/model.config
[0.200s] -- Up-to-date: /home/augustmenard/Intro-to-Robotics-Research-Labs/lab5_ws/install/turtlebot3_manipulation_gazebo/share/turtlebot3_manipulation_gazebo/models/turtlebot3_home_service_challenge/marker3/model-1_5.sdf
[0.200s] -- Up-to-date: /home/augustmenard/Intro-to-Robotics-Research-Labs/lab5_ws/install/turtlebot3_manipulation_gazebo/share/turtlebot3_manipulation_gazebo/models/turtlebot3_home_service_challenge/marker3/materials
[0.200s] -- Up-to-date: /home/augustmenard/Intro-to-Robotics-Research-Labs/lab5_ws/install/turtlebot3_manipulation_gazebo/share/turtlebot3_manipulation_gazebo/models/turtlebot3_home_service_challenge/marker3/materials/textures
[0.200s] -- Up-to-date: /home/augustmenard/Intro-to-Robotics-Research-Labs/lab5_ws/install/turtlebot3_manipulation_gazebo/share/turtlebot3_manipulation_gazebo/models/turtlebot3_home_service_challenge/marker3/materials/textures/Marker3.png
[0.200s] -- Up-to-date: /home/augustmenard/Intro-to-Robotics-Research-Labs/lab5_ws/install/turtlebot3_manipulation_gazebo/share/turtlebot3_manipulation_gazebo/models/turtlebot3_home_service_challenge/marker3/meshes
[0.200s] -- Up-to-date: /home/augustmenard/Intro-to-Robotics-Research-Labs/lab5_ws/install/turtlebot3_manipulation_gazebo/share/turtlebot3_manipulation_gazebo/models/turtlebot3_home_service_challenge/marker3/meshes/Marker3.dae
[0.200s] -- Up-to-date: /home/augustmenard/Intro-to-Robotics-Research-Labs/lab5_ws/install/turtlebot3_manipulation_gazebo/share/turtlebot3_manipulation_gazebo/models/turtlebot3_home_service_challenge/marker2
[0.201s] -- Up-to-date: /home/augustmenard/Intro-to-Robotics-Research-Labs/lab5_ws/install/turtlebot3_manipulation_gazebo/share/turtlebot3_manipulation_gazebo/models/turtlebot3_home_service_challenge/marker2/model.sdf
[0.201s] -- Up-to-date: /home/augustmenard/Intro-to-Robotics-Research-Labs/lab5_ws/install/turtlebot3_manipulation_gazebo/share/turtlebot3_manipulation_gazebo/models/turtlebot3_home_service_challenge/marker2/model-1_4.sdf
[0.202s] -- Up-to-date: /home/augustmenard/Intro-to-Robotics-Research-Labs/lab5_ws/install/turtlebot3_manipulation_gazebo/share/turtlebot3_manipulation_gazebo/models/turtlebot3_home_service_challenge/marker2/model.config
[0.202s] -- Up-to-date: /home/augustmenard/Intro-to-Robotics-Research-Labs/lab5_ws/install/turtlebot3_manipulation_gazebo/share/turtlebot3_manipulation_gazebo/models/turtlebot3_home_service_challenge/marker2/model-1_5.sdf
[0.202s] -- Up-to-date: /home/augustmenard/Intro-to-Robotics-Research-Labs/lab5_ws/install/turtlebot3_manipulation_gazebo/share/turtlebot3_manipulation_gazebo/models/turtlebot3_home_service_challenge/marker2/materials
[0.202s] -- Up-to-date: /home/augustmenard/Intro-to-Robotics-Research-Labs/lab5_ws/install/turtlebot3_manipulation_gazebo/share/turtlebot3_manipulation_gazebo/models/turtlebot3_home_service_challenge/marker2/materials/textures
[0.202s] -- Up-to-date: /home/augustmenard/Intro-to-Robotics-Research-Labs/lab5_ws/install/turtlebot3_manipulation_gazebo/share/turtlebot3_manipulation_gazebo/models/turtlebot3_home_service_challenge/marker2/materials/textures/Marker2.png
[0.202s] -- Up-to-date: /home/augustmenard/Intro-to-Robotics-Research-Labs/lab5_ws/install/turtlebot3_manipulation_gazebo/share/turtlebot3_manipulation_gazebo/models/turtlebot3_home_service_challenge/marker2/meshes
[0.203s] -- Up-to-date: /home/augustmenard/Intro-to-Robotics-Research-Labs/lab5_ws/install/turtlebot3_manipulation_gazebo/share/turtlebot3_manipulation_gazebo/models/turtlebot3_home_service_challenge/marker2/meshes/Marker2.dae
[0.203s] -- Up-to-date: /home/augustmenard/Intro-to-Robotics-Research-Labs/lab5_ws/install/turtlebot3_manipulation_gazebo/share/turtlebot3_manipulation_gazebo/models/turtlebot3_home_service_challenge/marker0
[0.203s] -- Up-to-date: /home/augustmenard/Intro-to-Robotics-Research-Labs/lab5_ws/install/turtlebot3_manipulation_gazebo/share/turtlebot3_manipulation_gazebo/models/turtlebot3_home_service_challenge/marker0/model.sdf
[0.203s] -- Up-to-date: /home/augustmenard/Intro-to-Robotics-Research-Labs/lab5_ws/install/turtlebot3_manipulation_gazebo/share/turtlebot3_manipulation_gazebo/models/turtlebot3_home_service_challenge/marker0/model-1_4.sdf
[0.203s] -- Up-to-date: /home/augustmenard/Intro-to-Robotics-Research-Labs/lab5_ws/install/turtlebot3_manipulation_gazebo/share/turtlebot3_manipulation_gazebo/models/turtlebot3_home_service_challenge/marker0/model.config
[0.203s] -- Up-to-date: /home/augustmenard/Intro-to-Robotics-Research-Labs/lab5_ws/install/turtlebot3_manipulation_gazebo/share/turtlebot3_manipulation_gazebo/models/turtlebot3_home_service_challenge/marker0/model-1_5.sdf
[0.203s] -- Up-to-date: /home/augustmenard/Intro-to-Robotics-Research-Labs/lab5_ws/install/turtlebot3_manipulation_gazebo/share/turtlebot3_manipulation_gazebo/models/turtlebot3_home_service_challenge/marker0/materials
[0.203s] -- Up-to-date: /home/augustmenard/Intro-to-Robotics-Research-Labs/lab5_ws/install/turtlebot3_manipulation_gazebo/share/turtlebot3_manipulation_gazebo/models/turtlebot3_home_service_challenge/marker0/materials/textures
[0.204s] -- Up-to-date: /home/augustmenard/Intro-to-Robotics-Research-Labs/lab5_ws/install/turtlebot3_manipulation_gazebo/share/turtlebot3_manipulation_gazebo/models/turtlebot3_home_service_challenge/marker0/materials/textures/Marker0.png
[0.204s] -- Up-to-date: /home/augustmenard/Intro-to-Robotics-Research-Labs/lab5_ws/install/turtlebot3_manipulation_gazebo/share/turtlebot3_manipulation_gazebo/models/turtlebot3_home_service_challenge/marker0/meshes
[0.205s] -- Up-to-date: /home/augustmenard/Intro-to-Robotics-Research-Labs/lab5_ws/install/turtlebot3_manipulation_gazebo/share/turtlebot3_manipulation_gazebo/models/turtlebot3_home_service_challenge/marker0/meshes/Marker0.dae
[0.205s] -- Up-to-date: /home/augustmenard/Intro-to-Robotics-Research-Labs/lab5_ws/install/turtlebot3_manipulation_gazebo/share/turtlebot3_manipulation_gazebo/models/turtlebot3_home_service_challenge/marker4
[0.205s] -- Up-to-date: /home/augustmenard/Intro-to-Robotics-Research-Labs/lab5_ws/install/turtlebot3_manipulation_gazebo/share/turtlebot3_manipulation_gazebo/models/turtlebot3_home_service_challenge/marker4/model.sdf
[0.205s] -- Up-to-date: /home/augustmenard/Intro-to-Robotics-Research-Labs/lab5_ws/install/turtlebot3_manipulation_gazebo/share/turtlebot3_manipulation_gazebo/models/turtlebot3_home_service_challenge/marker4/model-1_4.sdf
[0.205s] -- Up-to-date: /home/augustmenard/Intro-to-Robotics-Research-Labs/lab5_ws/install/turtlebot3_manipulation_gazebo/share/turtlebot3_manipulation_gazebo/models/turtlebot3_home_service_challenge/marker4/model.config
[0.205s] -- Up-to-date: /home/augustmenard/Intro-to-Robotics-Research-Labs/lab5_ws/install/turtlebot3_manipulation_gazebo/share/turtlebot3_manipulation_gazebo/models/turtlebot3_home_service_challenge/marker4/model-1_5.sdf
[0.205s] -- Up-to-date: /home/augustmenard/Intro-to-Robotics-Research-Labs/lab5_ws/install/turtlebot3_manipulation_gazebo/share/turtlebot3_manipulation_gazebo/models/turtlebot3_home_service_challenge/marker4/materials
[0.205s] -- Up-to-date: /home/augustmenard/Intro-to-Robotics-Research-Labs/lab5_ws/install/turtlebot3_manipulation_gazebo/share/turtlebot3_manipulation_gazebo/models/turtlebot3_home_service_challenge/marker4/materials/textures
[0.205s] -- Up-to-date: /home/augustmenard/Intro-to-Robotics-Research-Labs/lab5_ws/install/turtlebot3_manipulation_gazebo/share/turtlebot3_manipulation_gazebo/models/turtlebot3_home_service_challenge/marker4/materials/textures/Marker4.png
[0.205s] -- Up-to-date: /home/augustmenard/Intro-to-Robotics-Research-Labs/lab5_ws/install/turtlebot3_manipulation_gazebo/share/turtlebot3_manipulation_gazebo/models/turtlebot3_home_service_challenge/marker4/meshes
[0.205s] -- Up-to-date: /home/augustmenard/Intro-to-Robotics-Research-Labs/lab5_ws/install/turtlebot3_manipulation_gazebo/share/turtlebot3_manipulation_gazebo/models/turtlebot3_home_service_challenge/marker4/meshes/Marker4.dae
[0.205s] -- Up-to-date: /home/augustmenard/Intro-to-Robotics-Research-Labs/lab5_ws/install/turtlebot3_manipulation_gazebo/share/turtlebot3_manipulation_gazebo/meshes
[0.206s] -- Up-to-date: /home/augustmenard/Intro-to-Robotics-Research-Labs/lab5_ws/install/turtlebot3_manipulation_gazebo/share/turtlebot3_manipulation_gazebo/meshes/turtlebot3_waffle_pi
[0.206s] -- Up-to-date: /home/augustmenard/Intro-to-Robotics-Research-Labs/lab5_ws/install/turtlebot3_manipulation_gazebo/share/turtlebot3_manipulation_gazebo/meshes/turtlebot3_waffle_pi/base.stl
[0.206s] -- Up-to-date: /home/augustmenard/Intro-to-Robotics-Research-Labs/lab5_ws/install/turtlebot3_manipulation_gazebo/share/turtlebot3_manipulation_gazebo/meshes/turtlebot3_waffle_pi/ladar.stl
[0.207s] -- Up-to-date: /home/augustmenard/Intro-to-Robotics-Research-Labs/lab5_ws/install/turtlebot3_manipulation_gazebo/share/turtlebot3_manipulation_gazebo/meshes/turtlebot3_waffle_pi/left_tire.stl
[0.207s] -- Up-to-date: /home/augustmenard/Intro-to-Robotics-Research-Labs/lab5_ws/install/turtlebot3_manipulation_gazebo/share/turtlebot3_manipulation_gazebo/meshes/turtlebot3_waffle_pi/right_tire.stl
[0.207s] -- Up-to-date: /home/augustmenard/Intro-to-Robotics-Research-Labs/lab5_ws/install/turtlebot3_manipulation_gazebo/share/turtlebot3_manipulation_gazebo/meshes/open_manipulator_x
[0.207s] -- Up-to-date: /home/augustmenard/Intro-to-Robotics-Research-Labs/lab5_ws/install/turtlebot3_manipulation_gazebo/share/turtlebot3_manipulation_gazebo/meshes/open_manipulator_x/link4.stl
[0.207s] -- Up-to-date: /home/augustmenard/Intro-to-Robotics-Research-Labs/lab5_ws/install/turtlebot3_manipulation_gazebo/share/turtlebot3_manipulation_gazebo/meshes/open_manipulator_x/link3.stl
[0.207s] -- Up-to-date: /home/augustmenard/Intro-to-Robotics-Research-Labs/lab5_ws/install/turtlebot3_manipulation_gazebo/share/turtlebot3_manipulation_gazebo/meshes/open_manipulator_x/gripper_left_palm.stl
[0.207s] -- Up-to-date: /home/augustmenard/Intro-to-Robotics-Research-Labs/lab5_ws/install/turtlebot3_manipulation_gazebo/share/turtlebot3_manipulation_gazebo/meshes/open_manipulator_x/link5.stl
[0.207s] -- Up-to-date: /home/augustmenard/Intro-to-Robotics-Research-Labs/lab5_ws/install/turtlebot3_manipulation_gazebo/share/turtlebot3_manipulation_gazebo/meshes/open_manipulator_x/link1.stl
[0.207s] -- Up-to-date: /home/augustmenard/Intro-to-Robotics-Research-Labs/lab5_ws/install/turtlebot3_manipulation_gazebo/share/turtlebot3_manipulation_gazebo/meshes/open_manipulator_x/link2.stl
[0.207s] -- Up-to-date: /home/augustmenard/Intro-to-Robotics-Research-Labs/lab5_ws/install/turtlebot3_manipulation_gazebo/share/turtlebot3_manipulation_gazebo/meshes/open_manipulator_x/gripper_right_palm.stl
[0.207s] -- Up-to-date: /home/augustmenard/Intro-to-Robotics-Research-Labs/lab5_ws/install/turtlebot3_manipulation_gazebo/share/ament_index/resource_index/package_run_dependencies/turtlebot3_manipulation_gazebo
[0.207s] -- Up-to-date: /home/augustmenard/Intro-to-Robotics-Research-Labs/lab5_ws/install/turtlebot3_manipulation_gazebo/share/ament_index/resource_index/parent_prefix_path/turtlebot3_manipulation_gazebo
[0.208s] -- Up-to-date: /home/augustmenard/Intro-to-Robotics-Research-Labs/lab5_ws/install/turtlebot3_manipulation_gazebo/share/turtlebot3_manipulation_gazebo/environment/ament_prefix_path.sh
[0.208s] -- Up-to-date: /home/augustmenard/Intro-to-Robotics-Research-Labs/lab5_ws/install/turtlebot3_manipulation_gazebo/share/turtlebot3_manipulation_gazebo/environment/ament_prefix_path.dsv
[0.208s] -- Up-to-date: /home/augustmenard/Intro-to-Robotics-Research-Labs/lab5_ws/install/turtlebot3_manipulation_gazebo/share/turtlebot3_manipulation_gazebo/environment/path.sh
[0.208s] -- Up-to-date: /home/augustmenard/Intro-to-Robotics-Research-Labs/lab5_ws/install/turtlebot3_manipulation_gazebo/share/turtlebot3_manipulation_gazebo/environment/path.dsv
[0.209s] -- Up-to-date: /home/augustmenard/Intro-to-Robotics-Research-Labs/lab5_ws/install/turtlebot3_manipulation_gazebo/share/turtlebot3_manipulation_gazebo/local_setup.bash
[0.209s] -- Up-to-date: /home/augustmenard/Intro-to-Robotics-Research-Labs/lab5_ws/install/turtlebot3_manipulation_gazebo/share/turtlebot3_manipulation_gazebo/local_setup.sh
[0.209s] -- Up-to-date: /home/augustmenard/Intro-to-Robotics-Research-Labs/lab5_ws/install/turtlebot3_manipulation_gazebo/share/turtlebot3_manipulation_gazebo/local_setup.zsh
[0.209s] -- Up-to-date: /home/augustmenard/Intro-to-Robotics-Research-Labs/lab5_ws/install/turtlebot3_manipulation_gazebo/share/turtlebot3_manipulation_gazebo/local_setup.dsv
[0.209s] -- Installing: /home/augustmenard/Intro-to-Robotics-Research-Labs/lab5_ws/install/turtlebot3_manipulation_gazebo/share/turtlebot3_manipulation_gazebo/package.dsv
[0.209s] -- Up-to-date: /home/augustmenard/Intro-to-Robotics-Research-Labs/lab5_ws/install/turtlebot3_manipulation_gazebo/share/ament_index/resource_index/packages/turtlebot3_manipulation_gazebo
[0.209s] -- Up-to-date: /home/augustmenard/Intro-to-Robotics-Research-Labs/lab5_ws/install/turtlebot3_manipulation_gazebo/share/turtlebot3_manipulation_gazebo/cmake/turtlebot3_manipulation_gazeboConfig.cmake
[0.209s] -- Up-to-date: /home/augustmenard/Intro-to-Robotics-Research-Labs/lab5_ws/install/turtlebot3_manipulation_gazebo/share/turtlebot3_manipulation_gazebo/cmake/turtlebot3_manipulation_gazeboConfig-version.cmake
[0.209s] -- Up-to-date: /home/augustmenard/Intro-to-Robotics-Research-Labs/lab5_ws/install/turtlebot3_manipulation_gazebo/share/turtlebot3_manipulation_gazebo/package.xml
[0.273s] Invoked command in '/home/augustmenard/Intro-to-Robotics-Research-Labs/lab5_ws/build/turtlebot3_manipulation_gazebo' returned '0': CMAKE_PREFIX_PATH=${CMAKE_PREFIX_PATH}:/home/augustmenard/Intro-to-Robotics-Research-Labs/lab5_ws/install/turtlebot3_teleop:/home/augustmenard/Intro-to-Robotics-Research-Labs/lab5_ws/install/turtlebot3_example:/opt/ros/humble /usr/bin/cmake --install /home/augustmenard/Intro-to-Robotics-Research-Labs/lab5_ws/build/turtlebot3_manipulation_gazebo
