[0.009s] Invoking command in '/home/augustmenard/Intro-to-Robotics-Research-Labs/lab2_ws/build/turtlesim': CMAKE_PREFIX_PATH=${CMAKE_PREFIX_PATH}:/home/augustmenard/turtlebot3_ws/install/turtlebot3_teleop:/home/augustmenard/turtlebot3_ws/install/turtlebot3_example:/opt/ros/humble /usr/bin/cmake /home/augustmenard/Intro-to-Robotics-Research-Labs/lab2_ws/src/ros_tutorials/turtlesim -DCMAKE_INSTALL_PREFIX=/home/augustmenard/Intro-to-Robotics-Research-Labs/lab2_ws/install/turtlesim
[0.088s] -- The C compiler identification is GNU 11.4.0
[0.159s] -- The CXX compiler identification is GNU 11.4.0
[0.166s] -- Detecting C compiler ABI info
[0.223s] -- Detecting C compiler ABI info - done
[0.228s] -- Check for working C compiler: /usr/bin/cc - skipped
[0.228s] -- Detecting C compile features
[0.229s] -- Detecting C compile features - done
[0.231s] -- Detecting CXX compiler ABI info
[0.290s] -- Detecting CXX compiler ABI info - done
[0.296s] -- Check for working CXX compiler: /usr/bin/c++ - skipped
[0.296s] -- Detecting CXX compile features
[0.296s] -- Detecting CXX compile features - done
[0.301s] -- Found ament_cmake: 1.3.12 (/opt/ros/humble/share/ament_cmake/cmake)
[0.420s] -- Found Python3: /usr/bin/python3 (found version "3.10.12") found components: Interpreter 
[0.502s] -- Found ament_index_cpp: 1.4.0 (/opt/ros/humble/share/ament_index_cpp/cmake)
[0.505s] -- Found geometry_msgs: 4.9.0 (/opt/ros/humble/share/geometry_msgs/cmake)
[0.547s] -- Found rosidl_generator_c: 3.1.7 (/opt/ros/humble/share/rosidl_generator_c/cmake)
[0.553s] -- Found rosidl_adapter: 3.1.7 (/opt/ros/humble/share/rosidl_adapter/cmake)
[0.561s] -- Found rosidl_generator_cpp: 3.1.7 (/opt/ros/humble/share/rosidl_generator_cpp/cmake)
[0.576s] -- Using all available rosidl_typesupport_c: rosidl_typesupport_fastrtps_c;rosidl_typesupport_introspection_c
[0.591s] -- Using all available rosidl_typesupport_cpp: rosidl_typesupport_fastrtps_cpp;rosidl_typesupport_introspection_cpp
[0.641s] -- Found rclcpp: 16.0.14 (/opt/ros/humble/share/rclcpp/cmake)
[0.679s] -- Found rmw_implementation_cmake: 6.1.2 (/opt/ros/humble/share/rmw_implementation_cmake/cmake)
[0.683s] -- Found rmw_fastrtps_cpp: 6.2.8 (/opt/ros/humble/share/rmw_fastrtps_cpp/cmake)
[0.756s] -- Found OpenSSL: /usr/lib/x86_64-linux-gnu/libcrypto.so (found version "3.0.2")  
[0.779s] -- Found FastRTPS: /opt/ros/humble/include  
[0.810s] -- Using RMW implementation 'rmw_fastrtps_cpp' as default
[0.820s] -- Looking for pthread.h
[0.880s] -- Looking for pthread.h - found
[0.880s] -- Performing Test CMAKE_HAVE_LIBC_PTHREAD
[0.941s] -- Performing Test CMAKE_HAVE_LIBC_PTHREAD - Success
[0.942s] -- Found Threads: TRUE  
[0.981s] -- Found rclcpp_action: 16.0.14 (/opt/ros/humble/share/rclcpp_action/cmake)
[1.014s] -- Found rosidl_default_generators: 1.2.0 (/opt/ros/humble/share/rosidl_default_generators/cmake)
[1.024s] -- Found std_srvs: 4.9.0 (/opt/ros/humble/share/std_srvs/cmake)
[1.263s] -- Found ament_cmake_ros: 0.10.0 (/opt/ros/humble/share/ament_cmake_ros/cmake)
[1.506s] -- Using all available rosidl_typesupport_c: rosidl_typesupport_fastrtps_c;rosidl_typesupport_introspection_c
[1.597s] -- Using all available rosidl_typesupport_cpp: rosidl_typesupport_fastrtps_cpp;rosidl_typesupport_introspection_cpp
[1.615s] -- Found PythonInterp: /usr/bin/python3 (found suitable version "3.10.12", minimum required is "3.6") 
[1.617s] -- Found python_cmake_module: 0.10.0 (/opt/ros/humble/share/python_cmake_module/cmake)
[1.638s] -- Found PythonLibs: /usr/lib/x86_64-linux-gnu/libpython3.10.so (found suitable version "3.10.12", minimum required is "3.5") 
[1.638s] -- Using PYTHON_EXECUTABLE: /usr/bin/python3
[1.638s] -- Using PYTHON_INCLUDE_DIRS: /usr/include/python3.10
[1.638s] -- Using PYTHON_LIBRARIES: /usr/lib/x86_64-linux-gnu/libpython3.10.so
[1.654s] -- Found PythonExtra: .so  
[1.705s] -- Configuring done
[1.750s] -- Generating done
[1.764s] -- Build files have been written to: /home/augustmenard/Intro-to-Robotics-Research-Labs/lab2_ws/build/turtlesim
[1.775s] Invoked command in '/home/augustmenard/Intro-to-Robotics-Research-Labs/lab2_ws/build/turtlesim' returned '0': CMAKE_PREFIX_PATH=${CMAKE_PREFIX_PATH}:/home/augustmenard/turtlebot3_ws/install/turtlebot3_teleop:/home/augustmenard/turtlebot3_ws/install/turtlebot3_example:/opt/ros/humble /usr/bin/cmake /home/augustmenard/Intro-to-Robotics-Research-Labs/lab2_ws/src/ros_tutorials/turtlesim -DCMAKE_INSTALL_PREFIX=/home/augustmenard/Intro-to-Robotics-Research-Labs/lab2_ws/install/turtlesim
[1.776s] Invoking command in '/home/augustmenard/Intro-to-Robotics-Research-Labs/lab2_ws/build/turtlesim': CMAKE_PREFIX_PATH=${CMAKE_PREFIX_PATH}:/home/augustmenard/turtlebot3_ws/install/turtlebot3_teleop:/home/augustmenard/turtlebot3_ws/install/turtlebot3_example:/opt/ros/humble /usr/bin/cmake --build /home/augustmenard/Intro-to-Robotics-Research-Labs/lab2_ws/build/turtlesim -- -j8 -l8
[1.809s] [  1%] [34m[1mGenerating C code for ROS interfaces[0m
[1.816s] [  2%] [34m[1mGenerating C++ code for ROS interfaces[0m
[1.823s] [  2%] Built target ament_cmake_python_copy_turtlesim
[2.014s] running egg_info
[2.014s] creating turtlesim.egg-info
[2.014s] writing turtlesim.egg-info/PKG-INFO
[2.014s] writing dependency_links to turtlesim.egg-info/dependency_links.txt
[2.015s] writing top-level names to turtlesim.egg-info/top_level.txt
[2.015s] writing manifest file 'turtlesim.egg-info/SOURCES.txt'
[2.017s] reading manifest file 'turtlesim.egg-info/SOURCES.txt'
[2.017s] writing manifest file 'turtlesim.egg-info/SOURCES.txt'
[2.038s] [  2%] Built target ament_cmake_python_build_turtlesim_egg
[2.689s] [  3%] [32mBuilding C object CMakeFiles/turtlesim__rosidl_generator_c.dir/rosidl_generator_c/turtlesim/action/detail/rotate_absolute__functions.c.o[0m
[2.692s] [  4%] [32mBuilding C object CMakeFiles/turtlesim__rosidl_generator_c.dir/rosidl_generator_c/turtlesim/msg/detail/color__functions.c.o[0m
[2.698s] [  5%] [32mBuilding C object CMakeFiles/turtlesim__rosidl_generator_c.dir/rosidl_generator_c/turtlesim/msg/detail/pose__functions.c.o[0m
[2.698s] [  6%] [32mBuilding C object CMakeFiles/turtlesim__rosidl_generator_c.dir/rosidl_generator_c/turtlesim/srv/detail/kill__functions.c.o[0m
[2.703s] [  7%] [32mBuilding C object CMakeFiles/turtlesim__rosidl_generator_c.dir/rosidl_generator_c/turtlesim/srv/detail/set_pen__functions.c.o[0m
[2.720s] [  8%] [32mBuilding C object CMakeFiles/turtlesim__rosidl_generator_c.dir/rosidl_generator_c/turtlesim/srv/detail/spawn__functions.c.o[0m
[2.733s] [  9%] [32mBuilding C object CMakeFiles/turtlesim__rosidl_generator_c.dir/rosidl_generator_c/turtlesim/srv/detail/teleport_absolute__functions.c.o[0m
[2.770s] [ 10%] [32mBuilding C object CMakeFiles/turtlesim__rosidl_generator_c.dir/rosidl_generator_c/turtlesim/srv/detail/teleport_relative__functions.c.o[0m
[2.778s] [ 10%] Built target turtlesim__cpp
[2.790s] [ 11%] [34m[1mGenerating C++ type support for eProsima Fast-RTPS[0m
[2.791s] [ 12%] [34m[1mGenerating C++ type support dispatch for ROS interfaces[0m
[2.791s] [ 13%] [34m[1mGenerating C++ introspection for ROS interfaces[0m
[2.861s] [ 14%] [32m[1mLinking C shared library libturtlesim__rosidl_generator_c.so[0m
[2.897s] [ 14%] Built target turtlesim__rosidl_generator_c
[2.909s] [ 15%] [34m[1mGenerating C type support for eProsima Fast-RTPS[0m
[2.910s] [ 17%] [34m[1mGenerating C type support dispatch for ROS interfaces[0m
[2.910s] [ 17%] [34m[1mGenerating C introspection for ROS interfaces[0m
[3.646s] [ 18%] [32mBuilding CXX object CMakeFiles/turtlesim__rosidl_typesupport_fastrtps_cpp.dir/rosidl_typesupport_fastrtps_cpp/turtlesim/msg/detail/dds_fastrtps/pose__type_support.cpp.o[0m
[3.646s] [ 19%] [32mBuilding CXX object CMakeFiles/turtlesim__rosidl_typesupport_fastrtps_cpp.dir/rosidl_typesupport_fastrtps_cpp/turtlesim/msg/detail/dds_fastrtps/color__type_support.cpp.o[0m
[3.646s] [ 20%] [32mBuilding CXX object CMakeFiles/turtlesim__rosidl_typesupport_fastrtps_cpp.dir/rosidl_typesupport_fastrtps_cpp/turtlesim/action/detail/dds_fastrtps/rotate_absolute__type_support.cpp.o[0m
[3.659s] [ 21%] [32mBuilding CXX object CMakeFiles/turtlesim__rosidl_typesupport_cpp.dir/rosidl_typesupport_cpp/turtlesim/action/rotate_absolute__type_support.cpp.o[0m
[3.804s] [ 22%] [32mBuilding CXX object CMakeFiles/turtlesim__rosidl_typesupport_c.dir/rosidl_typesupport_c/turtlesim/action/rotate_absolute__type_support.cpp.o[0m
[3.852s] [ 23%] [32mBuilding C object CMakeFiles/turtlesim__rosidl_typesupport_introspection_c.dir/rosidl_typesupport_introspection_c/turtlesim/action/detail/rotate_absolute__type_support.c.o[0m
[3.898s] [ 24%] [32mBuilding CXX object CMakeFiles/turtlesim__rosidl_typesupport_c.dir/rosidl_typesupport_c/turtlesim/msg/color__type_support.cpp.o[0m
[3.929s] [ 25%] [32mBuilding C object CMakeFiles/turtlesim__rosidl_typesupport_introspection_c.dir/rosidl_typesupport_introspection_c/turtlesim/msg/detail/color__type_support.c.o[0m
[3.940s] [ 26%] [32mBuilding CXX object CMakeFiles/turtlesim__rosidl_typesupport_c.dir/rosidl_typesupport_c/turtlesim/msg/pose__type_support.cpp.o[0m
[3.982s] [ 27%] [32mBuilding CXX object CMakeFiles/turtlesim__rosidl_typesupport_c.dir/rosidl_typesupport_c/turtlesim/srv/kill__type_support.cpp.o[0m
[3.992s] [ 28%] [32mBuilding C object CMakeFiles/turtlesim__rosidl_typesupport_introspection_c.dir/rosidl_typesupport_introspection_c/turtlesim/msg/detail/pose__type_support.c.o[0m
[4.024s] [ 29%] [32mBuilding CXX object CMakeFiles/turtlesim__rosidl_typesupport_introspection_cpp.dir/rosidl_typesupport_introspection_cpp/turtlesim/action/detail/rotate_absolute__type_support.cpp.o[0m
[4.028s] [ 30%] [32mBuilding CXX object CMakeFiles/turtlesim__rosidl_typesupport_c.dir/rosidl_typesupport_c/turtlesim/srv/set_pen__type_support.cpp.o[0m
[4.052s] [ 31%] [32mBuilding C object CMakeFiles/turtlesim__rosidl_typesupport_introspection_c.dir/rosidl_typesupport_introspection_c/turtlesim/srv/detail/kill__type_support.c.o[0m
[4.078s] [ 32%] [32mBuilding CXX object CMakeFiles/turtlesim__rosidl_typesupport_c.dir/rosidl_typesupport_c/turtlesim/srv/spawn__type_support.cpp.o[0m
[4.114s] [ 33%] [32mBuilding C object CMakeFiles/turtlesim__rosidl_typesupport_introspection_c.dir/rosidl_typesupport_introspection_c/turtlesim/srv/detail/set_pen__type_support.c.o[0m
[4.124s] [ 34%] [32mBuilding CXX object CMakeFiles/turtlesim__rosidl_typesupport_c.dir/rosidl_typesupport_c/turtlesim/srv/teleport_absolute__type_support.cpp.o[0m
[4.164s] [ 35%] [32mBuilding CXX object CMakeFiles/turtlesim__rosidl_typesupport_c.dir/rosidl_typesupport_c/turtlesim/srv/teleport_relative__type_support.cpp.o[0m
[4.172s] [ 36%] [32mBuilding C object CMakeFiles/turtlesim__rosidl_typesupport_introspection_c.dir/rosidl_typesupport_introspection_c/turtlesim/srv/detail/spawn__type_support.c.o[0m
[4.207s] [ 37%] [32m[1mLinking CXX shared library libturtlesim__rosidl_typesupport_c.so[0m
[4.226s] [ 38%] [32mBuilding C object CMakeFiles/turtlesim__rosidl_typesupport_introspection_c.dir/rosidl_typesupport_introspection_c/turtlesim/srv/detail/teleport_absolute__type_support.c.o[0m
[4.228s] [ 39%] [32mBuilding CXX object CMakeFiles/turtlesim__rosidl_typesupport_fastrtps_cpp.dir/rosidl_typesupport_fastrtps_cpp/turtlesim/srv/detail/dds_fastrtps/kill__type_support.cpp.o[0m
[4.245s] [ 40%] [32mBuilding CXX object CMakeFiles/turtlesim__rosidl_typesupport_cpp.dir/rosidl_typesupport_cpp/turtlesim/msg/color__type_support.cpp.o[0m
[4.270s] [ 40%] Built target turtlesim__rosidl_typesupport_c
[4.281s] [ 41%] [32mBuilding C object CMakeFiles/turtlesim__rosidl_typesupport_introspection_c.dir/rosidl_typesupport_introspection_c/turtlesim/srv/detail/teleport_relative__type_support.c.o[0m
[4.294s] [ 42%] [32mBuilding CXX object CMakeFiles/turtlesim__rosidl_typesupport_introspection_cpp.dir/rosidl_typesupport_introspection_cpp/turtlesim/msg/detail/color__type_support.cpp.o[0m
[4.332s] [ 43%] [32m[1mLinking C shared library libturtlesim__rosidl_typesupport_introspection_c.so[0m
[4.379s] [ 44%] [32mBuilding CXX object CMakeFiles/turtlesim__rosidl_typesupport_fastrtps_c.dir/rosidl_typesupport_fastrtps_c/turtlesim/action/detail/rotate_absolute__type_support_c.cpp.o[0m
[4.379s] [ 45%] [32mBuilding CXX object CMakeFiles/turtlesim__rosidl_typesupport_fastrtps_cpp.dir/rosidl_typesupport_fastrtps_cpp/turtlesim/srv/detail/dds_fastrtps/set_pen__type_support.cpp.o[0m
[4.389s] [ 45%] Built target turtlesim__rosidl_typesupport_introspection_c
[4.413s] [ 46%] [32mBuilding CXX object CMakeFiles/turtlesim__rosidl_typesupport_fastrtps_c.dir/rosidl_typesupport_fastrtps_c/turtlesim/msg/detail/color__type_support_c.cpp.o[0m
[4.532s] [ 47%] [32mBuilding CXX object CMakeFiles/turtlesim__rosidl_typesupport_fastrtps_c.dir/rosidl_typesupport_fastrtps_c/turtlesim/msg/detail/pose__type_support_c.cpp.o[0m
[4.623s] [ 48%] [32mBuilding CXX object CMakeFiles/turtlesim__rosidl_typesupport_cpp.dir/rosidl_typesupport_cpp/turtlesim/msg/pose__type_support.cpp.o[0m
[4.833s] [ 49%] [32mBuilding CXX object CMakeFiles/turtlesim__rosidl_typesupport_fastrtps_c.dir/rosidl_typesupport_fastrtps_c/turtlesim/srv/detail/kill__type_support_c.cpp.o[0m
[4.839s] [ 50%] [32mBuilding CXX object CMakeFiles/turtlesim__rosidl_typesupport_fastrtps_c.dir/rosidl_typesupport_fastrtps_c/turtlesim/srv/detail/set_pen__type_support_c.cpp.o[0m
[4.905s] [ 51%] [32mBuilding CXX object CMakeFiles/turtlesim__rosidl_typesupport_introspection_cpp.dir/rosidl_typesupport_introspection_cpp/turtlesim/msg/detail/pose__type_support.cpp.o[0m
[4.954s] [ 52%] [32mBuilding CXX object CMakeFiles/turtlesim__rosidl_typesupport_cpp.dir/rosidl_typesupport_cpp/turtlesim/srv/kill__type_support.cpp.o[0m
[4.991s] [ 53%] [32mBuilding CXX object CMakeFiles/turtlesim__rosidl_typesupport_fastrtps_cpp.dir/rosidl_typesupport_fastrtps_cpp/turtlesim/srv/detail/dds_fastrtps/spawn__type_support.cpp.o[0m
[5.010s] [ 55%] [32mBuilding CXX object CMakeFiles/turtlesim__rosidl_typesupport_cpp.dir/rosidl_typesupport_cpp/turtlesim/srv/set_pen__type_support.cpp.o[0m
[5.011s] [ 55%] [32mBuilding CXX object CMakeFiles/turtlesim__rosidl_typesupport_fastrtps_c.dir/rosidl_typesupport_fastrtps_c/turtlesim/srv/detail/spawn__type_support_c.cpp.o[0m
[5.023s] [ 56%] [32mBuilding CXX object CMakeFiles/turtlesim__rosidl_typesupport_fastrtps_c.dir/rosidl_typesupport_fastrtps_c/turtlesim/srv/detail/teleport_absolute__type_support_c.cpp.o[0m
[5.362s] [ 57%] [32mBuilding CXX object CMakeFiles/turtlesim__rosidl_typesupport_cpp.dir/rosidl_typesupport_cpp/turtlesim/srv/spawn__type_support.cpp.o[0m
[5.389s] [ 58%] [32mBuilding CXX object CMakeFiles/turtlesim__rosidl_typesupport_introspection_cpp.dir/rosidl_typesupport_introspection_cpp/turtlesim/srv/detail/kill__type_support.cpp.o[0m
[5.413s] [ 59%] [32mBuilding CXX object CMakeFiles/turtlesim__rosidl_typesupport_cpp.dir/rosidl_typesupport_cpp/turtlesim/srv/teleport_absolute__type_support.cpp.o[0m
[5.475s] [ 60%] [32mBuilding CXX object CMakeFiles/turtlesim__rosidl_typesupport_fastrtps_cpp.dir/rosidl_typesupport_fastrtps_cpp/turtlesim/srv/detail/dds_fastrtps/teleport_absolute__type_support.cpp.o[0m
[5.496s] [ 61%] [32mBuilding CXX object CMakeFiles/turtlesim__rosidl_typesupport_fastrtps_cpp.dir/rosidl_typesupport_fastrtps_cpp/turtlesim/srv/detail/dds_fastrtps/teleport_relative__type_support.cpp.o[0m
[5.531s] [ 62%] [32mBuilding CXX object CMakeFiles/turtlesim__rosidl_typesupport_cpp.dir/rosidl_typesupport_cpp/turtlesim/srv/teleport_relative__type_support.cpp.o[0m
[5.575s] [ 63%] [32mBuilding CXX object CMakeFiles/turtlesim__rosidl_typesupport_fastrtps_c.dir/rosidl_typesupport_fastrtps_c/turtlesim/srv/detail/teleport_relative__type_support_c.cpp.o[0m
[5.596s] [ 64%] [32mBuilding CXX object CMakeFiles/turtlesim__rosidl_typesupport_introspection_cpp.dir/rosidl_typesupport_introspection_cpp/turtlesim/srv/detail/set_pen__type_support.cpp.o[0m
[5.753s] [ 65%] [32mBuilding CXX object CMakeFiles/turtlesim__rosidl_typesupport_introspection_cpp.dir/rosidl_typesupport_introspection_cpp/turtlesim/srv/detail/spawn__type_support.cpp.o[0m
[5.806s] [ 66%] [32mBuilding CXX object CMakeFiles/turtlesim__rosidl_typesupport_introspection_cpp.dir/rosidl_typesupport_introspection_cpp/turtlesim/srv/detail/teleport_absolute__type_support.cpp.o[0m
[5.945s] [ 67%] [32m[1mLinking CXX shared library libturtlesim__rosidl_typesupport_cpp.so[0m
[6.024s] [ 67%] Built target turtlesim__rosidl_typesupport_cpp
[6.037s] [ 68%] [32mBuilding CXX object CMakeFiles/turtlesim__rosidl_typesupport_introspection_cpp.dir/rosidl_typesupport_introspection_cpp/turtlesim/srv/detail/teleport_relative__type_support.cpp.o[0m
[6.073s] [ 69%] [34m[1mGenerating include/turtlesim/moc_turtle_frame.cpp[0m
[6.095s] [ 70%] [32m[1mLinking CXX shared library libturtlesim__rosidl_typesupport_fastrtps_c.so[0m
[6.170s] [ 71%] [32m[1mLinking CXX shared library libturtlesim__rosidl_typesupport_fastrtps_cpp.so[0m
[6.199s] [ 72%] [32mBuilding CXX object CMakeFiles/turtle_teleop_key.dir/tutorials/teleop_turtle_key.cpp.o[0m
[6.233s] [ 73%] [32mBuilding CXX object CMakeFiles/draw_square.dir/tutorials/draw_square.cpp.o[0m
[6.242s] [ 73%] Built target turtlesim__rosidl_typesupport_fastrtps_c
[6.254s] [ 74%] [32mBuilding CXX object CMakeFiles/turtlesim_node.dir/src/turtlesim.cpp.o[0m
[6.279s] [ 75%] [32mBuilding CXX object CMakeFiles/mimic.dir/tutorials/mimic.cpp.o[0m
[6.302s] [ 75%] Built target turtlesim__rosidl_typesupport_fastrtps_cpp
[6.318s] [ 76%] [32mBuilding CXX object CMakeFiles/turtlesim_node.dir/src/turtle.cpp.o[0m
[6.329s] [ 77%] [32mBuilding CXX object CMakeFiles/turtlesim_node.dir/src/turtle_frame.cpp.o[0m
[6.383s] [ 78%] [32mBuilding CXX object CMakeFiles/turtlesim_node.dir/include/turtlesim/moc_turtle_frame.cpp.o[0m
[6.593s] [ 79%] [32m[1mLinking CXX shared library libturtlesim__rosidl_typesupport_introspection_cpp.so[0m
[6.708s] [ 79%] Built target turtlesim__rosidl_typesupport_introspection_cpp
[6.739s] [ 79%] Built target turtlesim
[6.771s] [ 80%] [34m[1mGenerating Python code for ROS interfaces[0m
[10.939s] [ 80%] Built target turtlesim__py
[10.988s] [ 81%] [32mBuilding C object CMakeFiles/turtlesim__rosidl_generator_py.dir/rosidl_generator_py/turtlesim/action/_rotate_absolute_s.c.o[0m
[11.349s] [ 82%] [32mBuilding C object CMakeFiles/turtlesim__rosidl_generator_py.dir/rosidl_generator_py/turtlesim/msg/_color_s.c.o[0m
[11.526s] [ 83%] [32mBuilding C object CMakeFiles/turtlesim__rosidl_generator_py.dir/rosidl_generator_py/turtlesim/msg/_pose_s.c.o[0m
[11.702s] [ 84%] [32mBuilding C object CMakeFiles/turtlesim__rosidl_generator_py.dir/rosidl_generator_py/turtlesim/srv/_kill_s.c.o[0m
[11.886s] [ 85%] [32mBuilding C object CMakeFiles/turtlesim__rosidl_generator_py.dir/rosidl_generator_py/turtlesim/srv/_set_pen_s.c.o[0m
[12.069s] [ 86%] [32mBuilding C object CMakeFiles/turtlesim__rosidl_generator_py.dir/rosidl_generator_py/turtlesim/srv/_spawn_s.c.o[0m
[12.279s] [ 87%] [32mBuilding C object CMakeFiles/turtlesim__rosidl_generator_py.dir/rosidl_generator_py/turtlesim/srv/_teleport_absolute_s.c.o[0m
[12.515s] [ 88%] [32mBuilding C object CMakeFiles/turtlesim__rosidl_generator_py.dir/rosidl_generator_py/turtlesim/srv/_teleport_relative_s.c.o[0m
[12.721s] [ 89%] [32m[1mLinking C shared library rosidl_generator_py/turtlesim/libturtlesim__rosidl_generator_py.so[0m
[12.804s] [ 89%] Built target turtlesim__rosidl_generator_py
[12.839s] [ 90%] [32mBuilding C object CMakeFiles/turtlesim__rosidl_typesupport_fastrtps_c__pyext.dir/rosidl_generator_py/turtlesim/_turtlesim_s.ep.rosidl_typesupport_fastrtps_c.c.o[0m
[13.186s] [ 91%] [32m[1mLinking C shared library rosidl_generator_py/turtlesim/turtlesim_s__rosidl_typesupport_fastrtps_c.cpython-310-x86_64-linux-gnu.so[0m
[13.251s] [ 91%] Built target turtlesim__rosidl_typesupport_fastrtps_c__pyext
[13.289s] [ 92%] [32mBuilding C object CMakeFiles/turtlesim__rosidl_typesupport_introspection_c__pyext.dir/rosidl_generator_py/turtlesim/_turtlesim_s.ep.rosidl_typesupport_introspection_c.c.o[0m
[13.329s] [ 93%] [32mBuilding C object CMakeFiles/turtlesim__rosidl_typesupport_c__pyext.dir/rosidl_generator_py/turtlesim/_turtlesim_s.ep.rosidl_typesupport_c.c.o[0m
[13.593s] [ 94%] [32m[1mLinking C shared library rosidl_generator_py/turtlesim/turtlesim_s__rosidl_typesupport_introspection_c.cpython-310-x86_64-linux-gnu.so[0m
[13.611s] [ 95%] [32m[1mLinking C shared library rosidl_generator_py/turtlesim/turtlesim_s__rosidl_typesupport_c.cpython-310-x86_64-linux-gnu.so[0m
[13.671s] [ 95%] Built target turtlesim__rosidl_typesupport_introspection_c__pyext
[13.677s] [ 95%] Built target turtlesim__rosidl_typesupport_c__pyext
[16.199s] [ 96%] [32m[1mLinking CXX executable turtle_teleop_key[0m
[16.696s] [ 96%] Built target turtle_teleop_key
[18.777s] [ 97%] [32m[1mLinking CXX executable mimic[0m
[19.253s] [ 97%] Built target mimic
[19.544s] [ 98%] [32m[1mLinking CXX executable draw_square[0m
[20.108s] [ 98%] Built target draw_square
[23.299s] [100%] [32m[1mLinking CXX executable turtlesim_node[0m
[25.249s] [100%] Built target turtlesim_node
[25.259s] Invoked command in '/home/augustmenard/Intro-to-Robotics-Research-Labs/lab2_ws/build/turtlesim' returned '0': CMAKE_PREFIX_PATH=${CMAKE_PREFIX_PATH}:/home/augustmenard/turtlebot3_ws/install/turtlebot3_teleop:/home/augustmenard/turtlebot3_ws/install/turtlebot3_example:/opt/ros/humble /usr/bin/cmake --build /home/augustmenard/Intro-to-Robotics-Research-Labs/lab2_ws/build/turtlesim -- -j8 -l8
[25.268s] Invoking command in '/home/augustmenard/Intro-to-Robotics-Research-Labs/lab2_ws/build/turtlesim': CMAKE_PREFIX_PATH=${CMAKE_PREFIX_PATH}:/home/augustmenard/turtlebot3_ws/install/turtlebot3_teleop:/home/augustmenard/turtlebot3_ws/install/turtlebot3_example:/opt/ros/humble /usr/bin/cmake --install /home/augustmenard/Intro-to-Robotics-Research-Labs/lab2_ws/build/turtlesim
[25.274s] -- Install configuration: ""
[25.275s] -- Installing: /home/augustmenard/Intro-to-Robotics-Research-Labs/lab2_ws/install/turtlesim/share/ament_index/resource_index/rosidl_interfaces/turtlesim
[25.275s] -- Installing: /home/augustmenard/Intro-to-Robotics-Research-Labs/lab2_ws/install/turtlesim/include/turtlesim/turtlesim
[25.275s] -- Installing: /home/augustmenard/Intro-to-Robotics-Research-Labs/lab2_ws/install/turtlesim/include/turtlesim/turtlesim/action
[25.275s] -- Installing: /home/augustmenard/Intro-to-Robotics-Research-Labs/lab2_ws/install/turtlesim/include/turtlesim/turtlesim/action/rotate_absolute.h
[25.275s] -- Installing: /home/augustmenard/Intro-to-Robotics-Research-Labs/lab2_ws/install/turtlesim/include/turtlesim/turtlesim/action/detail
[25.275s] -- Installing: /home/augustmenard/Intro-to-Robotics-Research-Labs/lab2_ws/install/turtlesim/include/turtlesim/turtlesim/action/detail/rotate_absolute__functions.h
[25.275s] -- Installing: /home/augustmenard/Intro-to-Robotics-Research-Labs/lab2_ws/install/turtlesim/include/turtlesim/turtlesim/action/detail/rotate_absolute__struct.h
[25.275s] -- Installing: /home/augustmenard/Intro-to-Robotics-Research-Labs/lab2_ws/install/turtlesim/include/turtlesim/turtlesim/action/detail/rotate_absolute__functions.c
[25.275s] -- Installing: /home/augustmenard/Intro-to-Robotics-Research-Labs/lab2_ws/install/turtlesim/include/turtlesim/turtlesim/action/detail/rotate_absolute__type_support.h
[25.275s] -- Installing: /home/augustmenard/Intro-to-Robotics-Research-Labs/lab2_ws/install/turtlesim/include/turtlesim/turtlesim/srv
[25.276s] -- Installing: /home/augustmenard/Intro-to-Robotics-Research-Labs/lab2_ws/install/turtlesim/include/turtlesim/turtlesim/srv/kill.h
[25.276s] -- Installing: /home/augustmenard/Intro-to-Robotics-Research-Labs/lab2_ws/install/turtlesim/include/turtlesim/turtlesim/srv/spawn.h
[25.276s] -- Installing: /home/augustmenard/Intro-to-Robotics-Research-Labs/lab2_ws/install/turtlesim/include/turtlesim/turtlesim/srv/set_pen.h
[25.276s] -- Installing: /home/augustmenard/Intro-to-Robotics-Research-Labs/lab2_ws/install/turtlesim/include/turtlesim/turtlesim/srv/detail
[25.276s] -- Installing: /home/augustmenard/Intro-to-Robotics-Research-Labs/lab2_ws/install/turtlesim/include/turtlesim/turtlesim/srv/detail/teleport_relative__type_support.h
[25.276s] -- Installing: /home/augustmenard/Intro-to-Robotics-Research-Labs/lab2_ws/install/turtlesim/include/turtlesim/turtlesim/srv/detail/teleport_relative__struct.h
[25.276s] -- Installing: /home/augustmenard/Intro-to-Robotics-Research-Labs/lab2_ws/install/turtlesim/include/turtlesim/turtlesim/srv/detail/teleport_absolute__functions.c
[25.276s] -- Installing: /home/augustmenard/Intro-to-Robotics-Research-Labs/lab2_ws/install/turtlesim/include/turtlesim/turtlesim/srv/detail/teleport_relative__functions.h
[25.276s] -- Installing: /home/augustmenard/Intro-to-Robotics-Research-Labs/lab2_ws/install/turtlesim/include/turtlesim/turtlesim/srv/detail/set_pen__functions.c
[25.276s] -- Installing: /home/augustmenard/Intro-to-Robotics-Research-Labs/lab2_ws/install/turtlesim/include/turtlesim/turtlesim/srv/detail/spawn__functions.c
[25.276s] -- Installing: /home/augustmenard/Intro-to-Robotics-Research-Labs/lab2_ws/install/turtlesim/include/turtlesim/turtlesim/srv/detail/teleport_absolute__functions.h
[25.276s] -- Installing: /home/augustmenard/Intro-to-Robotics-Research-Labs/lab2_ws/install/turtlesim/include/turtlesim/turtlesim/srv/detail/teleport_relative__functions.c
[25.277s] -- Installing: /home/augustmenard/Intro-to-Robotics-Research-Labs/lab2_ws/install/turtlesim/include/turtlesim/turtlesim/srv/detail/spawn__functions.h
[25.277s] -- Installing: /home/augustmenard/Intro-to-Robotics-Research-Labs/lab2_ws/install/turtlesim/include/turtlesim/turtlesim/srv/detail/kill__struct.h
[25.277s] -- Installing: /home/augustmenard/Intro-to-Robotics-Research-Labs/lab2_ws/install/turtlesim/include/turtlesim/turtlesim/srv/detail/set_pen__type_support.h
[25.277s] -- Installing: /home/augustmenard/Intro-to-Robotics-Research-Labs/lab2_ws/install/turtlesim/include/turtlesim/turtlesim/srv/detail/kill__type_support.h
[25.277s] -- Installing: /home/augustmenard/Intro-to-Robotics-Research-Labs/lab2_ws/install/turtlesim/include/turtlesim/turtlesim/srv/detail/spawn__type_support.h
[25.277s] -- Installing: /home/augustmenard/Intro-to-Robotics-Research-Labs/lab2_ws/install/turtlesim/include/turtlesim/turtlesim/srv/detail/kill__functions.h
[25.277s] -- Installing: /home/augustmenard/Intro-to-Robotics-Research-Labs/lab2_ws/install/turtlesim/include/turtlesim/turtlesim/srv/detail/teleport_absolute__struct.h
[25.277s] -- Installing: /home/augustmenard/Intro-to-Robotics-Research-Labs/lab2_ws/install/turtlesim/include/turtlesim/turtlesim/srv/detail/spawn__struct.h
[25.277s] -- Installing: /home/augustmenard/Intro-to-Robotics-Research-Labs/lab2_ws/install/turtlesim/include/turtlesim/turtlesim/srv/detail/set_pen__struct.h
[25.277s] -- Installing: /home/augustmenard/Intro-to-Robotics-Research-Labs/lab2_ws/install/turtlesim/include/turtlesim/turtlesim/srv/detail/teleport_absolute__type_support.h
[25.277s] -- Installing: /home/augustmenard/Intro-to-Robotics-Research-Labs/lab2_ws/install/turtlesim/include/turtlesim/turtlesim/srv/detail/set_pen__functions.h
[25.278s] -- Installing: /home/augustmenard/Intro-to-Robotics-Research-Labs/lab2_ws/install/turtlesim/include/turtlesim/turtlesim/srv/detail/kill__functions.c
[25.278s] -- Installing: /home/augustmenard/Intro-to-Robotics-Research-Labs/lab2_ws/install/turtlesim/include/turtlesim/turtlesim/srv/teleport_relative.h
[25.278s] -- Installing: /home/augustmenard/Intro-to-Robotics-Research-Labs/lab2_ws/install/turtlesim/include/turtlesim/turtlesim/srv/teleport_absolute.h
[25.278s] -- Installing: /home/augustmenard/Intro-to-Robotics-Research-Labs/lab2_ws/install/turtlesim/include/turtlesim/turtlesim/msg
[25.278s] -- Installing: /home/augustmenard/Intro-to-Robotics-Research-Labs/lab2_ws/install/turtlesim/include/turtlesim/turtlesim/msg/color.h
[25.278s] -- Installing: /home/augustmenard/Intro-to-Robotics-Research-Labs/lab2_ws/install/turtlesim/include/turtlesim/turtlesim/msg/rosidl_generator_c__visibility_control.h
[25.278s] -- Installing: /home/augustmenard/Intro-to-Robotics-Research-Labs/lab2_ws/install/turtlesim/include/turtlesim/turtlesim/msg/detail
[25.278s] -- Installing: /home/augustmenard/Intro-to-Robotics-Research-Labs/lab2_ws/install/turtlesim/include/turtlesim/turtlesim/msg/detail/color__functions.c
[25.278s] -- Installing: /home/augustmenard/Intro-to-Robotics-Research-Labs/lab2_ws/install/turtlesim/include/turtlesim/turtlesim/msg/detail/pose__type_support.h
[25.278s] -- Installing: /home/augustmenard/Intro-to-Robotics-Research-Labs/lab2_ws/install/turtlesim/include/turtlesim/turtlesim/msg/detail/pose__struct.h
[25.278s] -- Installing: /home/augustmenard/Intro-to-Robotics-Research-Labs/lab2_ws/install/turtlesim/include/turtlesim/turtlesim/msg/detail/pose__functions.h
[25.279s] -- Installing: /home/augustmenard/Intro-to-Robotics-Research-Labs/lab2_ws/install/turtlesim/include/turtlesim/turtlesim/msg/detail/color__struct.h
[25.279s] -- Installing: /home/augustmenard/Intro-to-Robotics-Research-Labs/lab2_ws/install/turtlesim/include/turtlesim/turtlesim/msg/detail/pose__functions.c
[25.279s] -- Installing: /home/augustmenard/Intro-to-Robotics-Research-Labs/lab2_ws/install/turtlesim/include/turtlesim/turtlesim/msg/detail/color__functions.h
[25.279s] -- Installing: /home/augustmenard/Intro-to-Robotics-Research-Labs/lab2_ws/install/turtlesim/include/turtlesim/turtlesim/msg/detail/color__type_support.h
[25.279s] -- Installing: /home/augustmenard/Intro-to-Robotics-Research-Labs/lab2_ws/install/turtlesim/include/turtlesim/turtlesim/msg/pose.h
[25.279s] -- Installing: /home/augustmenard/Intro-to-Robotics-Research-Labs/lab2_ws/install/turtlesim/share/turtlesim/environment/library_path.sh
[25.279s] -- Installing: /home/augustmenard/Intro-to-Robotics-Research-Labs/lab2_ws/install/turtlesim/share/turtlesim/environment/library_path.dsv
[25.279s] -- Installing: /home/augustmenard/Intro-to-Robotics-Research-Labs/lab2_ws/install/turtlesim/lib/libturtlesim__rosidl_generator_c.so
[25.280s] -- Set runtime path of "/home/augustmenard/Intro-to-Robotics-Research-Labs/lab2_ws/install/turtlesim/lib/libturtlesim__rosidl_generator_c.so" to ""
[25.280s] -- Up-to-date: /home/augustmenard/Intro-to-Robotics-Research-Labs/lab2_ws/install/turtlesim/include/turtlesim/turtlesim
[25.280s] -- Up-to-date: /home/augustmenard/Intro-to-Robotics-Research-Labs/lab2_ws/install/turtlesim/include/turtlesim/turtlesim/action
[25.280s] -- Up-to-date: /home/augustmenard/Intro-to-Robotics-Research-Labs/lab2_ws/install/turtlesim/include/turtlesim/turtlesim/action/detail
[25.280s] -- Installing: /home/augustmenard/Intro-to-Robotics-Research-Labs/lab2_ws/install/turtlesim/include/turtlesim/turtlesim/action/detail/rotate_absolute__rosidl_typesupport_fastrtps_c.h
[25.280s] -- Up-to-date: /home/augustmenard/Intro-to-Robotics-Research-Labs/lab2_ws/install/turtlesim/include/turtlesim/turtlesim/srv
[25.280s] -- Up-to-date: /home/augustmenard/Intro-to-Robotics-Research-Labs/lab2_ws/install/turtlesim/include/turtlesim/turtlesim/srv/detail
[25.280s] -- Installing: /home/augustmenard/Intro-to-Robotics-Research-Labs/lab2_ws/install/turtlesim/include/turtlesim/turtlesim/srv/detail/teleport_relative__rosidl_typesupport_fastrtps_c.h
[25.280s] -- Installing: /home/augustmenard/Intro-to-Robotics-Research-Labs/lab2_ws/install/turtlesim/include/turtlesim/turtlesim/srv/detail/kill__rosidl_typesupport_fastrtps_c.h
[25.280s] -- Installing: /home/augustmenard/Intro-to-Robotics-Research-Labs/lab2_ws/install/turtlesim/include/turtlesim/turtlesim/srv/detail/set_pen__rosidl_typesupport_fastrtps_c.h
[25.280s] -- Installing: /home/augustmenard/Intro-to-Robotics-Research-Labs/lab2_ws/install/turtlesim/include/turtlesim/turtlesim/srv/detail/teleport_absolute__rosidl_typesupport_fastrtps_c.h
[25.280s] -- Installing: /home/augustmenard/Intro-to-Robotics-Research-Labs/lab2_ws/install/turtlesim/include/turtlesim/turtlesim/srv/detail/spawn__rosidl_typesupport_fastrtps_c.h
[25.281s] -- Up-to-date: /home/augustmenard/Intro-to-Robotics-Research-Labs/lab2_ws/install/turtlesim/include/turtlesim/turtlesim/msg
[25.281s] -- Up-to-date: /home/augustmenard/Intro-to-Robotics-Research-Labs/lab2_ws/install/turtlesim/include/turtlesim/turtlesim/msg/detail
[25.281s] -- Installing: /home/augustmenard/Intro-to-Robotics-Research-Labs/lab2_ws/install/turtlesim/include/turtlesim/turtlesim/msg/detail/pose__rosidl_typesupport_fastrtps_c.h
[25.281s] -- Installing: /home/augustmenard/Intro-to-Robotics-Research-Labs/lab2_ws/install/turtlesim/include/turtlesim/turtlesim/msg/detail/color__rosidl_typesupport_fastrtps_c.h
[25.281s] -- Installing: /home/augustmenard/Intro-to-Robotics-Research-Labs/lab2_ws/install/turtlesim/include/turtlesim/turtlesim/msg/rosidl_typesupport_fastrtps_c__visibility_control.h
[25.281s] -- Installing: /home/augustmenard/Intro-to-Robotics-Research-Labs/lab2_ws/install/turtlesim/lib/libturtlesim__rosidl_typesupport_fastrtps_c.so
[25.281s] -- Set runtime path of "/home/augustmenard/Intro-to-Robotics-Research-Labs/lab2_ws/install/turtlesim/lib/libturtlesim__rosidl_typesupport_fastrtps_c.so" to ""
[25.281s] -- Up-to-date: /home/augustmenard/Intro-to-Robotics-Research-Labs/lab2_ws/install/turtlesim/include/turtlesim/turtlesim
[25.281s] -- Up-to-date: /home/augustmenard/Intro-to-Robotics-Research-Labs/lab2_ws/install/turtlesim/include/turtlesim/turtlesim/action
[25.281s] -- Installing: /home/augustmenard/Intro-to-Robotics-Research-Labs/lab2_ws/install/turtlesim/include/turtlesim/turtlesim/action/rotate_absolute.hpp
[25.281s] -- Up-to-date: /home/augustmenard/Intro-to-Robotics-Research-Labs/lab2_ws/install/turtlesim/include/turtlesim/turtlesim/action/detail
[25.282s] -- Installing: /home/augustmenard/Intro-to-Robotics-Research-Labs/lab2_ws/install/turtlesim/include/turtlesim/turtlesim/action/detail/rotate_absolute__type_support.hpp
[25.282s] -- Installing: /home/augustmenard/Intro-to-Robotics-Research-Labs/lab2_ws/install/turtlesim/include/turtlesim/turtlesim/action/detail/rotate_absolute__traits.hpp
[25.282s] -- Installing: /home/augustmenard/Intro-to-Robotics-Research-Labs/lab2_ws/install/turtlesim/include/turtlesim/turtlesim/action/detail/rotate_absolute__struct.hpp
[25.282s] -- Installing: /home/augustmenard/Intro-to-Robotics-Research-Labs/lab2_ws/install/turtlesim/include/turtlesim/turtlesim/action/detail/rotate_absolute__builder.hpp
[25.282s] -- Up-to-date: /home/augustmenard/Intro-to-Robotics-Research-Labs/lab2_ws/install/turtlesim/include/turtlesim/turtlesim/srv
[25.282s] -- Installing: /home/augustmenard/Intro-to-Robotics-Research-Labs/lab2_ws/install/turtlesim/include/turtlesim/turtlesim/srv/teleport_absolute.hpp
[25.282s] -- Installing: /home/augustmenard/Intro-to-Robotics-Research-Labs/lab2_ws/install/turtlesim/include/turtlesim/turtlesim/srv/set_pen.hpp
[25.282s] -- Installing: /home/augustmenard/Intro-to-Robotics-Research-Labs/lab2_ws/install/turtlesim/include/turtlesim/turtlesim/srv/kill.hpp
[25.282s] -- Up-to-date: /home/augustmenard/Intro-to-Robotics-Research-Labs/lab2_ws/install/turtlesim/include/turtlesim/turtlesim/srv/detail
[25.282s] -- Installing: /home/augustmenard/Intro-to-Robotics-Research-Labs/lab2_ws/install/turtlesim/include/turtlesim/turtlesim/srv/detail/set_pen__type_support.hpp
[25.282s] -- Installing: /home/augustmenard/Intro-to-Robotics-Research-Labs/lab2_ws/install/turtlesim/include/turtlesim/turtlesim/srv/detail/spawn__builder.hpp
[25.282s] -- Installing: /home/augustmenard/Intro-to-Robotics-Research-Labs/lab2_ws/install/turtlesim/include/turtlesim/turtlesim/srv/detail/teleport_absolute__builder.hpp
[25.282s] -- Installing: /home/augustmenard/Intro-to-Robotics-Research-Labs/lab2_ws/install/turtlesim/include/turtlesim/turtlesim/srv/detail/spawn__traits.hpp
[25.283s] -- Installing: /home/augustmenard/Intro-to-Robotics-Research-Labs/lab2_ws/install/turtlesim/include/turtlesim/turtlesim/srv/detail/teleport_relative__builder.hpp
[25.283s] -- Installing: /home/augustmenard/Intro-to-Robotics-Research-Labs/lab2_ws/install/turtlesim/include/turtlesim/turtlesim/srv/detail/teleport_relative__struct.hpp
[25.283s] -- Installing: /home/augustmenard/Intro-to-Robotics-Research-Labs/lab2_ws/install/turtlesim/include/turtlesim/turtlesim/srv/detail/teleport_absolute__type_support.hpp
[25.283s] -- Installing: /home/augustmenard/Intro-to-Robotics-Research-Labs/lab2_ws/install/turtlesim/include/turtlesim/turtlesim/srv/detail/set_pen__builder.hpp
[25.283s] -- Installing: /home/augustmenard/Intro-to-Robotics-Research-Labs/lab2_ws/install/turtlesim/include/turtlesim/turtlesim/srv/detail/kill__type_support.hpp
[25.283s] -- Installing: /home/augustmenard/Intro-to-Robotics-Research-Labs/lab2_ws/install/turtlesim/include/turtlesim/turtlesim/srv/detail/kill__traits.hpp
[25.283s] -- Installing: /home/augustmenard/Intro-to-Robotics-Research-Labs/lab2_ws/install/turtlesim/include/turtlesim/turtlesim/srv/detail/spawn__type_support.hpp
[25.283s] -- Installing: /home/augustmenard/Intro-to-Robotics-Research-Labs/lab2_ws/install/turtlesim/include/turtlesim/turtlesim/srv/detail/set_pen__struct.hpp
[25.283s] -- Installing: /home/augustmenard/Intro-to-Robotics-Research-Labs/lab2_ws/install/turtlesim/include/turtlesim/turtlesim/srv/detail/teleport_absolute__struct.hpp
[25.283s] -- Installing: /home/augustmenard/Intro-to-Robotics-Research-Labs/lab2_ws/install/turtlesim/include/turtlesim/turtlesim/srv/detail/set_pen__traits.hpp
[25.284s] -- Installing: /home/augustmenard/Intro-to-Robotics-Research-Labs/lab2_ws/install/turtlesim/include/turtlesim/turtlesim/srv/detail/kill__struct.hpp
[25.284s] -- Installing: /home/augustmenard/Intro-to-Robotics-Research-Labs/lab2_ws/install/turtlesim/include/turtlesim/turtlesim/srv/detail/teleport_relative__traits.hpp
[25.284s] -- Installing: /home/augustmenard/Intro-to-Robotics-Research-Labs/lab2_ws/install/turtlesim/include/turtlesim/turtlesim/srv/detail/spawn__struct.hpp
[25.284s] -- Installing: /home/augustmenard/Intro-to-Robotics-Research-Labs/lab2_ws/install/turtlesim/include/turtlesim/turtlesim/srv/detail/kill__builder.hpp
[25.284s] -- Installing: /home/augustmenard/Intro-to-Robotics-Research-Labs/lab2_ws/install/turtlesim/include/turtlesim/turtlesim/srv/detail/teleport_absolute__traits.hpp
[25.284s] -- Installing: /home/augustmenard/Intro-to-Robotics-Research-Labs/lab2_ws/install/turtlesim/include/turtlesim/turtlesim/srv/detail/teleport_relative__type_support.hpp
[25.284s] -- Installing: /home/augustmenard/Intro-to-Robotics-Research-Labs/lab2_ws/install/turtlesim/include/turtlesim/turtlesim/srv/teleport_relative.hpp
[25.284s] -- Installing: /home/augustmenard/Intro-to-Robotics-Research-Labs/lab2_ws/install/turtlesim/include/turtlesim/turtlesim/srv/spawn.hpp
[25.284s] -- Up-to-date: /home/augustmenard/Intro-to-Robotics-Research-Labs/lab2_ws/install/turtlesim/include/turtlesim/turtlesim/msg
[25.284s] -- Installing: /home/augustmenard/Intro-to-Robotics-Research-Labs/lab2_ws/install/turtlesim/include/turtlesim/turtlesim/msg/rosidl_generator_cpp__visibility_control.hpp
[25.284s] -- Installing: /home/augustmenard/Intro-to-Robotics-Research-Labs/lab2_ws/install/turtlesim/include/turtlesim/turtlesim/msg/pose.hpp
[25.285s] -- Up-to-date: /home/augustmenard/Intro-to-Robotics-Research-Labs/lab2_ws/install/turtlesim/include/turtlesim/turtlesim/msg/detail
[25.285s] -- Installing: /home/augustmenard/Intro-to-Robotics-Research-Labs/lab2_ws/install/turtlesim/include/turtlesim/turtlesim/msg/detail/color__struct.hpp
[25.285s] -- Installing: /home/augustmenard/Intro-to-Robotics-Research-Labs/lab2_ws/install/turtlesim/include/turtlesim/turtlesim/msg/detail/color__traits.hpp
[25.285s] -- Installing: /home/augustmenard/Intro-to-Robotics-Research-Labs/lab2_ws/install/turtlesim/include/turtlesim/turtlesim/msg/detail/pose__struct.hpp
[25.285s] -- Installing: /home/augustmenard/Intro-to-Robotics-Research-Labs/lab2_ws/install/turtlesim/include/turtlesim/turtlesim/msg/detail/color__type_support.hpp
[25.285s] -- Installing: /home/augustmenard/Intro-to-Robotics-Research-Labs/lab2_ws/install/turtlesim/include/turtlesim/turtlesim/msg/detail/pose__builder.hpp
[25.285s] -- Installing: /home/augustmenard/Intro-to-Robotics-Research-Labs/lab2_ws/install/turtlesim/include/turtlesim/turtlesim/msg/detail/pose__traits.hpp
[25.285s] -- Installing: /home/augustmenard/Intro-to-Robotics-Research-Labs/lab2_ws/install/turtlesim/include/turtlesim/turtlesim/msg/detail/pose__type_support.hpp
[25.285s] -- Installing: /home/augustmenard/Intro-to-Robotics-Research-Labs/lab2_ws/install/turtlesim/include/turtlesim/turtlesim/msg/detail/color__builder.hpp
[25.285s] -- Installing: /home/augustmenard/Intro-to-Robotics-Research-Labs/lab2_ws/install/turtlesim/include/turtlesim/turtlesim/msg/color.hpp
[25.286s] -- Up-to-date: /home/augustmenard/Intro-to-Robotics-Research-Labs/lab2_ws/install/turtlesim/include/turtlesim/turtlesim
[25.286s] -- Up-to-date: /home/augustmenard/Intro-to-Robotics-Research-Labs/lab2_ws/install/turtlesim/include/turtlesim/turtlesim/action
[25.286s] -- Up-to-date: /home/augustmenard/Intro-to-Robotics-Research-Labs/lab2_ws/install/turtlesim/include/turtlesim/turtlesim/action/detail
[25.286s] -- Installing: /home/augustmenard/Intro-to-Robotics-Research-Labs/lab2_ws/install/turtlesim/include/turtlesim/turtlesim/action/detail/dds_fastrtps
[25.286s] -- Installing: /home/augustmenard/Intro-to-Robotics-Research-Labs/lab2_ws/install/turtlesim/include/turtlesim/turtlesim/action/detail/rotate_absolute__rosidl_typesupport_fastrtps_cpp.hpp
[25.286s] -- Up-to-date: /home/augustmenard/Intro-to-Robotics-Research-Labs/lab2_ws/install/turtlesim/include/turtlesim/turtlesim/srv
[25.286s] -- Up-to-date: /home/augustmenard/Intro-to-Robotics-Research-Labs/lab2_ws/install/turtlesim/include/turtlesim/turtlesim/srv/detail
[25.286s] -- Installing: /home/augustmenard/Intro-to-Robotics-Research-Labs/lab2_ws/install/turtlesim/include/turtlesim/turtlesim/srv/detail/dds_fastrtps
[25.286s] -- Installing: /home/augustmenard/Intro-to-Robotics-Research-Labs/lab2_ws/install/turtlesim/include/turtlesim/turtlesim/srv/detail/teleport_relative__rosidl_typesupport_fastrtps_cpp.hpp
[25.286s] -- Installing: /home/augustmenard/Intro-to-Robotics-Research-Labs/lab2_ws/install/turtlesim/include/turtlesim/turtlesim/srv/detail/set_pen__rosidl_typesupport_fastrtps_cpp.hpp
[25.286s] -- Installing: /home/augustmenard/Intro-to-Robotics-Research-Labs/lab2_ws/install/turtlesim/include/turtlesim/turtlesim/srv/detail/spawn__rosidl_typesupport_fastrtps_cpp.hpp
[25.286s] -- Installing: /home/augustmenard/Intro-to-Robotics-Research-Labs/lab2_ws/install/turtlesim/include/turtlesim/turtlesim/srv/detail/teleport_absolute__rosidl_typesupport_fastrtps_cpp.hpp
[25.287s] -- Installing: /home/augustmenard/Intro-to-Robotics-Research-Labs/lab2_ws/install/turtlesim/include/turtlesim/turtlesim/srv/detail/kill__rosidl_typesupport_fastrtps_cpp.hpp
[25.287s] -- Up-to-date: /home/augustmenard/Intro-to-Robotics-Research-Labs/lab2_ws/install/turtlesim/include/turtlesim/turtlesim/msg
[25.287s] -- Up-to-date: /home/augustmenard/Intro-to-Robotics-Research-Labs/lab2_ws/install/turtlesim/include/turtlesim/turtlesim/msg/detail
[25.287s] -- Installing: /home/augustmenard/Intro-to-Robotics-Research-Labs/lab2_ws/install/turtlesim/include/turtlesim/turtlesim/msg/detail/dds_fastrtps
[25.287s] -- Installing: /home/augustmenard/Intro-to-Robotics-Research-Labs/lab2_ws/install/turtlesim/include/turtlesim/turtlesim/msg/detail/pose__rosidl_typesupport_fastrtps_cpp.hpp
[25.287s] -- Installing: /home/augustmenard/Intro-to-Robotics-Research-Labs/lab2_ws/install/turtlesim/include/turtlesim/turtlesim/msg/detail/color__rosidl_typesupport_fastrtps_cpp.hpp
[25.287s] -- Installing: /home/augustmenard/Intro-to-Robotics-Research-Labs/lab2_ws/install/turtlesim/include/turtlesim/turtlesim/msg/rosidl_typesupport_fastrtps_cpp__visibility_control.h
[25.287s] -- Installing: /home/augustmenard/Intro-to-Robotics-Research-Labs/lab2_ws/install/turtlesim/lib/libturtlesim__rosidl_typesupport_fastrtps_cpp.so
[25.287s] -- Set runtime path of "/home/augustmenard/Intro-to-Robotics-Research-Labs/lab2_ws/install/turtlesim/lib/libturtlesim__rosidl_typesupport_fastrtps_cpp.so" to ""
[25.288s] -- Up-to-date: /home/augustmenard/Intro-to-Robotics-Research-Labs/lab2_ws/install/turtlesim/include/turtlesim/turtlesim
[25.288s] -- Up-to-date: /home/augustmenard/Intro-to-Robotics-Research-Labs/lab2_ws/install/turtlesim/include/turtlesim/turtlesim/action
[25.288s] -- Up-to-date: /home/augustmenard/Intro-to-Robotics-Research-Labs/lab2_ws/install/turtlesim/include/turtlesim/turtlesim/action/detail
[25.288s] -- Installing: /home/augustmenard/Intro-to-Robotics-Research-Labs/lab2_ws/install/turtlesim/include/turtlesim/turtlesim/action/detail/rotate_absolute__rosidl_typesupport_introspection_c.h
[25.288s] -- Installing: /home/augustmenard/Intro-to-Robotics-Research-Labs/lab2_ws/install/turtlesim/include/turtlesim/turtlesim/action/detail/rotate_absolute__type_support.c
[25.288s] -- Up-to-date: /home/augustmenard/Intro-to-Robotics-Research-Labs/lab2_ws/install/turtlesim/include/turtlesim/turtlesim/srv
[25.288s] -- Up-to-date: /home/augustmenard/Intro-to-Robotics-Research-Labs/lab2_ws/install/turtlesim/include/turtlesim/turtlesim/srv/detail
[25.288s] -- Installing: /home/augustmenard/Intro-to-Robotics-Research-Labs/lab2_ws/install/turtlesim/include/turtlesim/turtlesim/srv/detail/kill__type_support.c
[25.288s] -- Installing: /home/augustmenard/Intro-to-Robotics-Research-Labs/lab2_ws/install/turtlesim/include/turtlesim/turtlesim/srv/detail/teleport_relative__type_support.c
[25.288s] -- Installing: /home/augustmenard/Intro-to-Robotics-Research-Labs/lab2_ws/install/turtlesim/include/turtlesim/turtlesim/srv/detail/teleport_absolute__type_support.c
[25.288s] -- Installing: /home/augustmenard/Intro-to-Robotics-Research-Labs/lab2_ws/install/turtlesim/include/turtlesim/turtlesim/srv/detail/spawn__type_support.c
[25.289s] -- Installing: /home/augustmenard/Intro-to-Robotics-Research-Labs/lab2_ws/install/turtlesim/include/turtlesim/turtlesim/srv/detail/teleport_relative__rosidl_typesupport_introspection_c.h
[25.289s] -- Installing: /home/augustmenard/Intro-to-Robotics-Research-Labs/lab2_ws/install/turtlesim/include/turtlesim/turtlesim/srv/detail/spawn__rosidl_typesupport_introspection_c.h
[25.289s] -- Installing: /home/augustmenard/Intro-to-Robotics-Research-Labs/lab2_ws/install/turtlesim/include/turtlesim/turtlesim/srv/detail/set_pen__rosidl_typesupport_introspection_c.h
[25.289s] -- Installing: /home/augustmenard/Intro-to-Robotics-Research-Labs/lab2_ws/install/turtlesim/include/turtlesim/turtlesim/srv/detail/set_pen__type_support.c
[25.289s] -- Installing: /home/augustmenard/Intro-to-Robotics-Research-Labs/lab2_ws/install/turtlesim/include/turtlesim/turtlesim/srv/detail/teleport_absolute__rosidl_typesupport_introspection_c.h
[25.289s] -- Installing: /home/augustmenard/Intro-to-Robotics-Research-Labs/lab2_ws/install/turtlesim/include/turtlesim/turtlesim/srv/detail/kill__rosidl_typesupport_introspection_c.h
[25.289s] -- Up-to-date: /home/augustmenard/Intro-to-Robotics-Research-Labs/lab2_ws/install/turtlesim/include/turtlesim/turtlesim/msg
[25.289s] -- Up-to-date: /home/augustmenard/Intro-to-Robotics-Research-Labs/lab2_ws/install/turtlesim/include/turtlesim/turtlesim/msg/detail
[25.289s] -- Installing: /home/augustmenard/Intro-to-Robotics-Research-Labs/lab2_ws/install/turtlesim/include/turtlesim/turtlesim/msg/detail/color__rosidl_typesupport_introspection_c.h
[25.289s] -- Installing: /home/augustmenard/Intro-to-Robotics-Research-Labs/lab2_ws/install/turtlesim/include/turtlesim/turtlesim/msg/detail/color__type_support.c
[25.290s] -- Installing: /home/augustmenard/Intro-to-Robotics-Research-Labs/lab2_ws/install/turtlesim/include/turtlesim/turtlesim/msg/detail/pose__rosidl_typesupport_introspection_c.h
[25.290s] -- Installing: /home/augustmenard/Intro-to-Robotics-Research-Labs/lab2_ws/install/turtlesim/include/turtlesim/turtlesim/msg/detail/pose__type_support.c
[25.290s] -- Installing: /home/augustmenard/Intro-to-Robotics-Research-Labs/lab2_ws/install/turtlesim/include/turtlesim/turtlesim/msg/rosidl_typesupport_introspection_c__visibility_control.h
[25.290s] -- Installing: /home/augustmenard/Intro-to-Robotics-Research-Labs/lab2_ws/install/turtlesim/lib/libturtlesim__rosidl_typesupport_introspection_c.so
[25.290s] -- Set runtime path of "/home/augustmenard/Intro-to-Robotics-Research-Labs/lab2_ws/install/turtlesim/lib/libturtlesim__rosidl_typesupport_introspection_c.so" to ""
[25.290s] -- Installing: /home/augustmenard/Intro-to-Robotics-Research-Labs/lab2_ws/install/turtlesim/lib/libturtlesim__rosidl_typesupport_c.so
[25.290s] -- Set runtime path of "/home/augustmenard/Intro-to-Robotics-Research-Labs/lab2_ws/install/turtlesim/lib/libturtlesim__rosidl_typesupport_c.so" to ""
[25.291s] -- Up-to-date: /home/augustmenard/Intro-to-Robotics-Research-Labs/lab2_ws/install/turtlesim/include/turtlesim/turtlesim
[25.291s] -- Up-to-date: /home/augustmenard/Intro-to-Robotics-Research-Labs/lab2_ws/install/turtlesim/include/turtlesim/turtlesim/action
[25.291s] -- Up-to-date: /home/augustmenard/Intro-to-Robotics-Research-Labs/lab2_ws/install/turtlesim/include/turtlesim/turtlesim/action/detail
[25.291s] -- Installing: /home/augustmenard/Intro-to-Robotics-Research-Labs/lab2_ws/install/turtlesim/include/turtlesim/turtlesim/action/detail/rotate_absolute__rosidl_typesupport_introspection_cpp.hpp
[25.291s] -- Installing: /home/augustmenard/Intro-to-Robotics-Research-Labs/lab2_ws/install/turtlesim/include/turtlesim/turtlesim/action/detail/rotate_absolute__type_support.cpp
[25.291s] -- Up-to-date: /home/augustmenard/Intro-to-Robotics-Research-Labs/lab2_ws/install/turtlesim/include/turtlesim/turtlesim/srv
[25.291s] -- Up-to-date: /home/augustmenard/Intro-to-Robotics-Research-Labs/lab2_ws/install/turtlesim/include/turtlesim/turtlesim/srv/detail
[25.291s] -- Installing: /home/augustmenard/Intro-to-Robotics-Research-Labs/lab2_ws/install/turtlesim/include/turtlesim/turtlesim/srv/detail/teleport_absolute__rosidl_typesupport_introspection_cpp.hpp
[25.291s] -- Installing: /home/augustmenard/Intro-to-Robotics-Research-Labs/lab2_ws/install/turtlesim/include/turtlesim/turtlesim/srv/detail/kill__type_support.cpp
[25.291s] -- Installing: /home/augustmenard/Intro-to-Robotics-Research-Labs/lab2_ws/install/turtlesim/include/turtlesim/turtlesim/srv/detail/spawn__type_support.cpp
[25.291s] -- Installing: /home/augustmenard/Intro-to-Robotics-Research-Labs/lab2_ws/install/turtlesim/include/turtlesim/turtlesim/srv/detail/teleport_relative__rosidl_typesupport_introspection_cpp.hpp
[25.292s] -- Installing: /home/augustmenard/Intro-to-Robotics-Research-Labs/lab2_ws/install/turtlesim/include/turtlesim/turtlesim/srv/detail/kill__rosidl_typesupport_introspection_cpp.hpp
[25.292s] -- Installing: /home/augustmenard/Intro-to-Robotics-Research-Labs/lab2_ws/install/turtlesim/include/turtlesim/turtlesim/srv/detail/teleport_relative__type_support.cpp
[25.292s] -- Installing: /home/augustmenard/Intro-to-Robotics-Research-Labs/lab2_ws/install/turtlesim/include/turtlesim/turtlesim/srv/detail/spawn__rosidl_typesupport_introspection_cpp.hpp
[25.292s] -- Installing: /home/augustmenard/Intro-to-Robotics-Research-Labs/lab2_ws/install/turtlesim/include/turtlesim/turtlesim/srv/detail/set_pen__type_support.cpp
[25.292s] -- Installing: /home/augustmenard/Intro-to-Robotics-Research-Labs/lab2_ws/install/turtlesim/include/turtlesim/turtlesim/srv/detail/set_pen__rosidl_typesupport_introspection_cpp.hpp
[25.292s] -- Installing: /home/augustmenard/Intro-to-Robotics-Research-Labs/lab2_ws/install/turtlesim/include/turtlesim/turtlesim/srv/detail/teleport_absolute__type_support.cpp
[25.292s] -- Up-to-date: /home/augustmenard/Intro-to-Robotics-Research-Labs/lab2_ws/install/turtlesim/include/turtlesim/turtlesim/msg
[25.292s] -- Up-to-date: /home/augustmenard/Intro-to-Robotics-Research-Labs/lab2_ws/install/turtlesim/include/turtlesim/turtlesim/msg/detail
[25.292s] -- Installing: /home/augustmenard/Intro-to-Robotics-Research-Labs/lab2_ws/install/turtlesim/include/turtlesim/turtlesim/msg/detail/color__rosidl_typesupport_introspection_cpp.hpp
[25.292s] -- Installing: /home/augustmenard/Intro-to-Robotics-Research-Labs/lab2_ws/install/turtlesim/include/turtlesim/turtlesim/msg/detail/pose__type_support.cpp
[25.293s] -- Installing: /home/augustmenard/Intro-to-Robotics-Research-Labs/lab2_ws/install/turtlesim/include/turtlesim/turtlesim/msg/detail/pose__rosidl_typesupport_introspection_cpp.hpp
[25.293s] -- Installing: /home/augustmenard/Intro-to-Robotics-Research-Labs/lab2_ws/install/turtlesim/include/turtlesim/turtlesim/msg/detail/color__type_support.cpp
[25.293s] -- Installing: /home/augustmenard/Intro-to-Robotics-Research-Labs/lab2_ws/install/turtlesim/lib/libturtlesim__rosidl_typesupport_introspection_cpp.so
[25.293s] -- Set runtime path of "/home/augustmenard/Intro-to-Robotics-Research-Labs/lab2_ws/install/turtlesim/lib/libturtlesim__rosidl_typesupport_introspection_cpp.so" to ""
[25.293s] -- Installing: /home/augustmenard/Intro-to-Robotics-Research-Labs/lab2_ws/install/turtlesim/lib/libturtlesim__rosidl_typesupport_cpp.so
[25.293s] -- Set runtime path of "/home/augustmenard/Intro-to-Robotics-Research-Labs/lab2_ws/install/turtlesim/lib/libturtlesim__rosidl_typesupport_cpp.so" to ""
[25.294s] -- Installing: /home/augustmenard/Intro-to-Robotics-Research-Labs/lab2_ws/install/turtlesim/share/turtlesim/environment/pythonpath.sh
[25.294s] -- Installing: /home/augustmenard/Intro-to-Robotics-Research-Labs/lab2_ws/install/turtlesim/share/turtlesim/environment/pythonpath.dsv
[25.294s] -- Installing: /home/augustmenard/Intro-to-Robotics-Research-Labs/lab2_ws/install/turtlesim/local/lib/python3.10/dist-packages/turtlesim-1.4.2-py3.10.egg-info
[25.294s] -- Installing: /home/augustmenard/Intro-to-Robotics-Research-Labs/lab2_ws/install/turtlesim/local/lib/python3.10/dist-packages/turtlesim-1.4.2-py3.10.egg-info/PKG-INFO
[25.294s] -- Installing: /home/augustmenard/Intro-to-Robotics-Research-Labs/lab2_ws/install/turtlesim/local/lib/python3.10/dist-packages/turtlesim-1.4.2-py3.10.egg-info/top_level.txt
[25.294s] -- Installing: /home/augustmenard/Intro-to-Robotics-Research-Labs/lab2_ws/install/turtlesim/local/lib/python3.10/dist-packages/turtlesim-1.4.2-py3.10.egg-info/SOURCES.txt
[25.294s] -- Installing: /home/augustmenard/Intro-to-Robotics-Research-Labs/lab2_ws/install/turtlesim/local/lib/python3.10/dist-packages/turtlesim-1.4.2-py3.10.egg-info/dependency_links.txt
[25.294s] -- Installing: /home/augustmenard/Intro-to-Robotics-Research-Labs/lab2_ws/install/turtlesim/local/lib/python3.10/dist-packages/turtlesim
[25.294s] -- Installing: /home/augustmenard/Intro-to-Robotics-Research-Labs/lab2_ws/install/turtlesim/local/lib/python3.10/dist-packages/turtlesim/__init__.py
[25.295s] -- Installing: /home/augustmenard/Intro-to-Robotics-Research-Labs/lab2_ws/install/turtlesim/local/lib/python3.10/dist-packages/turtlesim/action
[25.295s] -- Installing: /home/augustmenard/Intro-to-Robotics-Research-Labs/lab2_ws/install/turtlesim/local/lib/python3.10/dist-packages/turtlesim/action/__init__.py
[25.295s] -- Installing: /home/augustmenard/Intro-to-Robotics-Research-Labs/lab2_ws/install/turtlesim/local/lib/python3.10/dist-packages/turtlesim/action/_rotate_absolute_s.c
[25.295s] -- Installing: /home/augustmenard/Intro-to-Robotics-Research-Labs/lab2_ws/install/turtlesim/local/lib/python3.10/dist-packages/turtlesim/action/_rotate_absolute.py
[25.295s] -- Installing: /home/augustmenard/Intro-to-Robotics-Research-Labs/lab2_ws/install/turtlesim/local/lib/python3.10/dist-packages/turtlesim/srv
[25.295s] -- Installing: /home/augustmenard/Intro-to-Robotics-Research-Labs/lab2_ws/install/turtlesim/local/lib/python3.10/dist-packages/turtlesim/srv/__init__.py
[25.295s] -- Installing: /home/augustmenard/Intro-to-Robotics-Research-Labs/lab2_ws/install/turtlesim/local/lib/python3.10/dist-packages/turtlesim/srv/_spawn_s.c
[25.295s] -- Installing: /home/augustmenard/Intro-to-Robotics-Research-Labs/lab2_ws/install/turtlesim/local/lib/python3.10/dist-packages/turtlesim/srv/_teleport_absolute.py
[25.295s] -- Installing: /home/augustmenard/Intro-to-Robotics-Research-Labs/lab2_ws/install/turtlesim/local/lib/python3.10/dist-packages/turtlesim/srv/_set_pen_s.c
[25.296s] -- Installing: /home/augustmenard/Intro-to-Robotics-Research-Labs/lab2_ws/install/turtlesim/local/lib/python3.10/dist-packages/turtlesim/srv/_kill_s.c
[25.296s] -- Installing: /home/augustmenard/Intro-to-Robotics-Research-Labs/lab2_ws/install/turtlesim/local/lib/python3.10/dist-packages/turtlesim/srv/_teleport_relative_s.c
[25.296s] -- Installing: /home/augustmenard/Intro-to-Robotics-Research-Labs/lab2_ws/install/turtlesim/local/lib/python3.10/dist-packages/turtlesim/srv/_teleport_relative.py
[25.296s] -- Installing: /home/augustmenard/Intro-to-Robotics-Research-Labs/lab2_ws/install/turtlesim/local/lib/python3.10/dist-packages/turtlesim/srv/_spawn.py
[25.296s] -- Installing: /home/augustmenard/Intro-to-Robotics-Research-Labs/lab2_ws/install/turtlesim/local/lib/python3.10/dist-packages/turtlesim/srv/_teleport_absolute_s.c
[25.296s] -- Installing: /home/augustmenard/Intro-to-Robotics-Research-Labs/lab2_ws/install/turtlesim/local/lib/python3.10/dist-packages/turtlesim/srv/_kill.py
[25.296s] -- Installing: /home/augustmenard/Intro-to-Robotics-Research-Labs/lab2_ws/install/turtlesim/local/lib/python3.10/dist-packages/turtlesim/srv/_set_pen.py
[25.296s] -- Installing: /home/augustmenard/Intro-to-Robotics-Research-Labs/lab2_ws/install/turtlesim/local/lib/python3.10/dist-packages/turtlesim/_turtlesim_s.ep.rosidl_typesupport_fastrtps_c.c
[25.296s] -- Installing: /home/augustmenard/Intro-to-Robotics-Research-Labs/lab2_ws/install/turtlesim/local/lib/python3.10/dist-packages/turtlesim/_turtlesim_s.ep.rosidl_typesupport_introspection_c.c
[25.297s] -- Installing: /home/augustmenard/Intro-to-Robotics-Research-Labs/lab2_ws/install/turtlesim/local/lib/python3.10/dist-packages/turtlesim/turtlesim_s__rosidl_typesupport_c.cpython-310-x86_64-linux-gnu.so
[25.297s] -- Installing: /home/augustmenard/Intro-to-Robotics-Research-Labs/lab2_ws/install/turtlesim/local/lib/python3.10/dist-packages/turtlesim/libturtlesim__rosidl_generator_py.so
[25.297s] -- Installing: /home/augustmenard/Intro-to-Robotics-Research-Labs/lab2_ws/install/turtlesim/local/lib/python3.10/dist-packages/turtlesim/_turtlesim_s.ep.rosidl_typesupport_c.c
[25.297s] -- Installing: /home/augustmenard/Intro-to-Robotics-Research-Labs/lab2_ws/install/turtlesim/local/lib/python3.10/dist-packages/turtlesim/msg
[25.297s] -- Installing: /home/augustmenard/Intro-to-Robotics-Research-Labs/lab2_ws/install/turtlesim/local/lib/python3.10/dist-packages/turtlesim/msg/__init__.py
[25.297s] -- Installing: /home/augustmenard/Intro-to-Robotics-Research-Labs/lab2_ws/install/turtlesim/local/lib/python3.10/dist-packages/turtlesim/msg/_color_s.c
[25.297s] -- Installing: /home/augustmenard/Intro-to-Robotics-Research-Labs/lab2_ws/install/turtlesim/local/lib/python3.10/dist-packages/turtlesim/msg/_pose_s.c
[25.298s] -- Installing: /home/augustmenard/Intro-to-Robotics-Research-Labs/lab2_ws/install/turtlesim/local/lib/python3.10/dist-packages/turtlesim/msg/_pose.py
[25.298s] -- Installing: /home/augustmenard/Intro-to-Robotics-Research-Labs/lab2_ws/install/turtlesim/local/lib/python3.10/dist-packages/turtlesim/msg/_color.py
[25.298s] -- Installing: /home/augustmenard/Intro-to-Robotics-Research-Labs/lab2_ws/install/turtlesim/local/lib/python3.10/dist-packages/turtlesim/turtlesim_s__rosidl_typesupport_introspection_c.cpython-310-x86_64-linux-gnu.so
[25.298s] -- Installing: /home/augustmenard/Intro-to-Robotics-Research-Labs/lab2_ws/install/turtlesim/local/lib/python3.10/dist-packages/turtlesim/turtlesim_s__rosidl_typesupport_fastrtps_c.cpython-310-x86_64-linux-gnu.so
[25.346s] Listing '/home/augustmenard/Intro-to-Robotics-Research-Labs/lab2_ws/install/turtlesim/local/lib/python3.10/dist-packages/turtlesim'...
[25.347s] Compiling '/home/augustmenard/Intro-to-Robotics-Research-Labs/lab2_ws/install/turtlesim/local/lib/python3.10/dist-packages/turtlesim/__init__.py'...
[25.347s] Listing '/home/augustmenard/Intro-to-Robotics-Research-Labs/lab2_ws/install/turtlesim/local/lib/python3.10/dist-packages/turtlesim/action'...
[25.347s] Compiling '/home/augustmenard/Intro-to-Robotics-Research-Labs/lab2_ws/install/turtlesim/local/lib/python3.10/dist-packages/turtlesim/action/__init__.py'...
[25.347s] Compiling '/home/augustmenard/Intro-to-Robotics-Research-Labs/lab2_ws/install/turtlesim/local/lib/python3.10/dist-packages/turtlesim/action/_rotate_absolute.py'...
[25.347s] Listing '/home/augustmenard/Intro-to-Robotics-Research-Labs/lab2_ws/install/turtlesim/local/lib/python3.10/dist-packages/turtlesim/msg'...
[25.347s] Compiling '/home/augustmenard/Intro-to-Robotics-Research-Labs/lab2_ws/install/turtlesim/local/lib/python3.10/dist-packages/turtlesim/msg/__init__.py'...
[25.347s] Compiling '/home/augustmenard/Intro-to-Robotics-Research-Labs/lab2_ws/install/turtlesim/local/lib/python3.10/dist-packages/turtlesim/msg/_color.py'...
[25.347s] Compiling '/home/augustmenard/Intro-to-Robotics-Research-Labs/lab2_ws/install/turtlesim/local/lib/python3.10/dist-packages/turtlesim/msg/_pose.py'...
[25.347s] Listing '/home/augustmenard/Intro-to-Robotics-Research-Labs/lab2_ws/install/turtlesim/local/lib/python3.10/dist-packages/turtlesim/srv'...
[25.347s] Compiling '/home/augustmenard/Intro-to-Robotics-Research-Labs/lab2_ws/install/turtlesim/local/lib/python3.10/dist-packages/turtlesim/srv/__init__.py'...
[25.347s] Compiling '/home/augustmenard/Intro-to-Robotics-Research-Labs/lab2_ws/install/turtlesim/local/lib/python3.10/dist-packages/turtlesim/srv/_kill.py'...
[25.347s] Compiling '/home/augustmenard/Intro-to-Robotics-Research-Labs/lab2_ws/install/turtlesim/local/lib/python3.10/dist-packages/turtlesim/srv/_set_pen.py'...
[25.347s] Compiling '/home/augustmenard/Intro-to-Robotics-Research-Labs/lab2_ws/install/turtlesim/local/lib/python3.10/dist-packages/turtlesim/srv/_spawn.py'...
[25.347s] Compiling '/home/augustmenard/Intro-to-Robotics-Research-Labs/lab2_ws/install/turtlesim/local/lib/python3.10/dist-packages/turtlesim/srv/_teleport_absolute.py'...
[25.347s] Compiling '/home/augustmenard/Intro-to-Robotics-Research-Labs/lab2_ws/install/turtlesim/local/lib/python3.10/dist-packages/turtlesim/srv/_teleport_relative.py'...
[25.351s] -- Installing: /home/augustmenard/Intro-to-Robotics-Research-Labs/lab2_ws/install/turtlesim/local/lib/python3.10/dist-packages/turtlesim/turtlesim_s__rosidl_typesupport_fastrtps_c.cpython-310-x86_64-linux-gnu.so
[25.351s] -- Set runtime path of "/home/augustmenard/Intro-to-Robotics-Research-Labs/lab2_ws/install/turtlesim/local/lib/python3.10/dist-packages/turtlesim/turtlesim_s__rosidl_typesupport_fastrtps_c.cpython-310-x86_64-linux-gnu.so" to ""
[25.351s] -- Installing: /home/augustmenard/Intro-to-Robotics-Research-Labs/lab2_ws/install/turtlesim/local/lib/python3.10/dist-packages/turtlesim/turtlesim_s__rosidl_typesupport_introspection_c.cpython-310-x86_64-linux-gnu.so
[25.352s] -- Set runtime path of "/home/augustmenard/Intro-to-Robotics-Research-Labs/lab2_ws/install/turtlesim/local/lib/python3.10/dist-packages/turtlesim/turtlesim_s__rosidl_typesupport_introspection_c.cpython-310-x86_64-linux-gnu.so" to ""
[25.352s] -- Installing: /home/augustmenard/Intro-to-Robotics-Research-Labs/lab2_ws/install/turtlesim/local/lib/python3.10/dist-packages/turtlesim/turtlesim_s__rosidl_typesupport_c.cpython-310-x86_64-linux-gnu.so
[25.352s] -- Set runtime path of "/home/augustmenard/Intro-to-Robotics-Research-Labs/lab2_ws/install/turtlesim/local/lib/python3.10/dist-packages/turtlesim/turtlesim_s__rosidl_typesupport_c.cpython-310-x86_64-linux-gnu.so" to ""
[25.352s] -- Installing: /home/augustmenard/Intro-to-Robotics-Research-Labs/lab2_ws/install/turtlesim/lib/libturtlesim__rosidl_generator_py.so
[25.353s] -- Set runtime path of "/home/augustmenard/Intro-to-Robotics-Research-Labs/lab2_ws/install/turtlesim/lib/libturtlesim__rosidl_generator_py.so" to ""
[25.353s] -- Installing: /home/augustmenard/Intro-to-Robotics-Research-Labs/lab2_ws/install/turtlesim/share/turtlesim/action/RotateAbsolute.idl
[25.353s] -- Installing: /home/augustmenard/Intro-to-Robotics-Research-Labs/lab2_ws/install/turtlesim/share/turtlesim/msg/Color.idl
[25.353s] -- Installing: /home/augustmenard/Intro-to-Robotics-Research-Labs/lab2_ws/install/turtlesim/share/turtlesim/msg/Pose.idl
[25.353s] -- Installing: /home/augustmenard/Intro-to-Robotics-Research-Labs/lab2_ws/install/turtlesim/share/turtlesim/srv/Kill.idl
[25.353s] -- Installing: /home/augustmenard/Intro-to-Robotics-Research-Labs/lab2_ws/install/turtlesim/share/turtlesim/srv/SetPen.idl
[25.354s] -- Installing: /home/augustmenard/Intro-to-Robotics-Research-Labs/lab2_ws/install/turtlesim/share/turtlesim/srv/Spawn.idl
[25.354s] -- Installing: /home/augustmenard/Intro-to-Robotics-Research-Labs/lab2_ws/install/turtlesim/share/turtlesim/srv/TeleportAbsolute.idl
[25.354s] -- Installing: /home/augustmenard/Intro-to-Robotics-Research-Labs/lab2_ws/install/turtlesim/share/turtlesim/srv/TeleportRelative.idl
[25.354s] -- Installing: /home/augustmenard/Intro-to-Robotics-Research-Labs/lab2_ws/install/turtlesim/share/turtlesim/action/RotateAbsolute.action
[25.354s] -- Installing: /home/augustmenard/Intro-to-Robotics-Research-Labs/lab2_ws/install/turtlesim/share/turtlesim/msg/Color.msg
[25.354s] -- Installing: /home/augustmenard/Intro-to-Robotics-Research-Labs/lab2_ws/install/turtlesim/share/turtlesim/msg/Pose.msg
[25.354s] -- Installing: /home/augustmenard/Intro-to-Robotics-Research-Labs/lab2_ws/install/turtlesim/share/turtlesim/srv/Kill.srv
[25.354s] -- Installing: /home/augustmenard/Intro-to-Robotics-Research-Labs/lab2_ws/install/turtlesim/share/turtlesim/srv/Kill_Request.msg
[25.355s] -- Installing: /home/augustmenard/Intro-to-Robotics-Research-Labs/lab2_ws/install/turtlesim/share/turtlesim/srv/Kill_Response.msg
[25.355s] -- Installing: /home/augustmenard/Intro-to-Robotics-Research-Labs/lab2_ws/install/turtlesim/share/turtlesim/srv/SetPen.srv
[25.355s] -- Installing: /home/augustmenard/Intro-to-Robotics-Research-Labs/lab2_ws/install/turtlesim/share/turtlesim/srv/SetPen_Request.msg
[25.355s] -- Installing: /home/augustmenard/Intro-to-Robotics-Research-Labs/lab2_ws/install/turtlesim/share/turtlesim/srv/SetPen_Response.msg
[25.355s] -- Installing: /home/augustmenard/Intro-to-Robotics-Research-Labs/lab2_ws/install/turtlesim/share/turtlesim/srv/Spawn.srv
[25.355s] -- Installing: /home/augustmenard/Intro-to-Robotics-Research-Labs/lab2_ws/install/turtlesim/share/turtlesim/srv/Spawn_Request.msg
[25.355s] -- Installing: /home/augustmenard/Intro-to-Robotics-Research-Labs/lab2_ws/install/turtlesim/share/turtlesim/srv/Spawn_Response.msg
[25.356s] -- Installing: /home/augustmenard/Intro-to-Robotics-Research-Labs/lab2_ws/install/turtlesim/share/turtlesim/srv/TeleportAbsolute.srv
[25.356s] -- Installing: /home/augustmenard/Intro-to-Robotics-Research-Labs/lab2_ws/install/turtlesim/share/turtlesim/srv/TeleportAbsolute_Request.msg
[25.356s] -- Installing: /home/augustmenard/Intro-to-Robotics-Research-Labs/lab2_ws/install/turtlesim/share/turtlesim/srv/TeleportAbsolute_Response.msg
[25.356s] -- Installing: /home/augustmenard/Intro-to-Robotics-Research-Labs/lab2_ws/install/turtlesim/share/turtlesim/srv/TeleportRelative.srv
[25.356s] -- Installing: /home/augustmenard/Intro-to-Robotics-Research-Labs/lab2_ws/install/turtlesim/share/turtlesim/srv/TeleportRelative_Request.msg
[25.356s] -- Installing: /home/augustmenard/Intro-to-Robotics-Research-Labs/lab2_ws/install/turtlesim/share/turtlesim/srv/TeleportRelative_Response.msg
[25.356s] -- Installing: /home/augustmenard/Intro-to-Robotics-Research-Labs/lab2_ws/install/turtlesim/lib/turtlesim/turtlesim_node
[25.361s] -- Set runtime path of "/home/augustmenard/Intro-to-Robotics-Research-Labs/lab2_ws/install/turtlesim/lib/turtlesim/turtlesim_node" to ""
[25.361s] -- Installing: /home/augustmenard/Intro-to-Robotics-Research-Labs/lab2_ws/install/turtlesim/lib/turtlesim/turtle_teleop_key
[25.362s] -- Set runtime path of "/home/augustmenard/Intro-to-Robotics-Research-Labs/lab2_ws/install/turtlesim/lib/turtlesim/turtle_teleop_key" to ""
[25.362s] -- Installing: /home/augustmenard/Intro-to-Robotics-Research-Labs/lab2_ws/install/turtlesim/lib/turtlesim/draw_square
[25.365s] -- Set runtime path of "/home/augustmenard/Intro-to-Robotics-Research-Labs/lab2_ws/install/turtlesim/lib/turtlesim/draw_square" to ""
[25.365s] -- Installing: /home/augustmenard/Intro-to-Robotics-Research-Labs/lab2_ws/install/turtlesim/lib/turtlesim/mimic
[25.367s] -- Set runtime path of "/home/augustmenard/Intro-to-Robotics-Research-Labs/lab2_ws/install/turtlesim/lib/turtlesim/mimic" to ""
[25.367s] -- Installing: /home/augustmenard/Intro-to-Robotics-Research-Labs/lab2_ws/install/turtlesim/share/turtlesim/images
[25.367s] -- Installing: /home/augustmenard/Intro-to-Robotics-Research-Labs/lab2_ws/install/turtlesim/share/turtlesim/images/rolling.png
[25.367s] -- Installing: /home/augustmenard/Intro-to-Robotics-Research-Labs/lab2_ws/install/turtlesim/share/turtlesim/images/foxy.png
[25.367s] -- Installing: /home/augustmenard/Intro-to-Robotics-Research-Labs/lab2_ws/install/turtlesim/share/turtlesim/images/galactic.png
[25.367s] -- Installing: /home/augustmenard/Intro-to-Robotics-Research-Labs/lab2_ws/install/turtlesim/share/turtlesim/images/ardent.png
[25.367s] -- Installing: /home/augustmenard/Intro-to-Robotics-Research-Labs/lab2_ws/install/turtlesim/share/turtlesim/images/bouncy.png
[25.367s] -- Installing: /home/augustmenard/Intro-to-Robotics-Research-Labs/lab2_ws/install/turtlesim/share/turtlesim/images/crystal.png
[25.367s] -- Installing: /home/augustmenard/Intro-to-Robotics-Research-Labs/lab2_ws/install/turtlesim/share/turtlesim/images/dashing.png
[25.367s] -- Installing: /home/augustmenard/Intro-to-Robotics-Research-Labs/lab2_ws/install/turtlesim/share/turtlesim/images/humble.png
[25.368s] -- Installing: /home/augustmenard/Intro-to-Robotics-Research-Labs/lab2_ws/install/turtlesim/share/turtlesim/images/eloquent.png
[25.368s] -- Installing: /home/augustmenard/Intro-to-Robotics-Research-Labs/lab2_ws/install/turtlesim/share/turtlesim/launch
[25.368s] -- Installing: /home/augustmenard/Intro-to-Robotics-Research-Labs/lab2_ws/install/turtlesim/share/turtlesim/launch/multisim.launch.py
[25.368s] -- Installing: /home/augustmenard/Intro-to-Robotics-Research-Labs/lab2_ws/install/turtlesim/share/ament_index/resource_index/package_run_dependencies/turtlesim
[25.368s] -- Installing: /home/augustmenard/Intro-to-Robotics-Research-Labs/lab2_ws/install/turtlesim/share/ament_index/resource_index/parent_prefix_path/turtlesim
[25.368s] -- Installing: /home/augustmenard/Intro-to-Robotics-Research-Labs/lab2_ws/install/turtlesim/share/turtlesim/environment/ament_prefix_path.sh
[25.368s] -- Installing: /home/augustmenard/Intro-to-Robotics-Research-Labs/lab2_ws/install/turtlesim/share/turtlesim/environment/ament_prefix_path.dsv
[25.368s] -- Installing: /home/augustmenard/Intro-to-Robotics-Research-Labs/lab2_ws/install/turtlesim/share/turtlesim/environment/path.sh
[25.369s] -- Installing: /home/augustmenard/Intro-to-Robotics-Research-Labs/lab2_ws/install/turtlesim/share/turtlesim/environment/path.dsv
[25.369s] -- Installing: /home/augustmenard/Intro-to-Robotics-Research-Labs/lab2_ws/install/turtlesim/share/turtlesim/local_setup.bash
[25.369s] -- Installing: /home/augustmenard/Intro-to-Robotics-Research-Labs/lab2_ws/install/turtlesim/share/turtlesim/local_setup.sh
[25.369s] -- Installing: /home/augustmenard/Intro-to-Robotics-Research-Labs/lab2_ws/install/turtlesim/share/turtlesim/local_setup.zsh
[25.369s] -- Installing: /home/augustmenard/Intro-to-Robotics-Research-Labs/lab2_ws/install/turtlesim/share/turtlesim/local_setup.dsv
[25.369s] -- Installing: /home/augustmenard/Intro-to-Robotics-Research-Labs/lab2_ws/install/turtlesim/share/turtlesim/package.dsv
[25.369s] -- Installing: /home/augustmenard/Intro-to-Robotics-Research-Labs/lab2_ws/install/turtlesim/share/ament_index/resource_index/packages/turtlesim
[25.369s] -- Installing: /home/augustmenard/Intro-to-Robotics-Research-Labs/lab2_ws/install/turtlesim/share/turtlesim/cmake/export_turtlesim__rosidl_generator_cExport.cmake
[25.370s] -- Installing: /home/augustmenard/Intro-to-Robotics-Research-Labs/lab2_ws/install/turtlesim/share/turtlesim/cmake/export_turtlesim__rosidl_generator_cExport-noconfig.cmake
[25.370s] -- Installing: /home/augustmenard/Intro-to-Robotics-Research-Labs/lab2_ws/install/turtlesim/share/turtlesim/cmake/export_turtlesim__rosidl_typesupport_fastrtps_cExport.cmake
[25.370s] -- Installing: /home/augustmenard/Intro-to-Robotics-Research-Labs/lab2_ws/install/turtlesim/share/turtlesim/cmake/export_turtlesim__rosidl_typesupport_fastrtps_cExport-noconfig.cmake
[25.370s] -- Installing: /home/augustmenard/Intro-to-Robotics-Research-Labs/lab2_ws/install/turtlesim/share/turtlesim/cmake/export_turtlesim__rosidl_generator_cppExport.cmake
[25.370s] -- Installing: /home/augustmenard/Intro-to-Robotics-Research-Labs/lab2_ws/install/turtlesim/share/turtlesim/cmake/export_turtlesim__rosidl_typesupport_fastrtps_cppExport.cmake
[25.370s] -- Installing: /home/augustmenard/Intro-to-Robotics-Research-Labs/lab2_ws/install/turtlesim/share/turtlesim/cmake/export_turtlesim__rosidl_typesupport_fastrtps_cppExport-noconfig.cmake
[25.370s] -- Installing: /home/augustmenard/Intro-to-Robotics-Research-Labs/lab2_ws/install/turtlesim/share/turtlesim/cmake/turtlesim__rosidl_typesupport_introspection_cExport.cmake
[25.370s] -- Installing: /home/augustmenard/Intro-to-Robotics-Research-Labs/lab2_ws/install/turtlesim/share/turtlesim/cmake/turtlesim__rosidl_typesupport_introspection_cExport-noconfig.cmake
[25.370s] -- Installing: /home/augustmenard/Intro-to-Robotics-Research-Labs/lab2_ws/install/turtlesim/share/turtlesim/cmake/turtlesim__rosidl_typesupport_cExport.cmake
[25.371s] -- Installing: /home/augustmenard/Intro-to-Robotics-Research-Labs/lab2_ws/install/turtlesim/share/turtlesim/cmake/turtlesim__rosidl_typesupport_cExport-noconfig.cmake
[25.371s] -- Installing: /home/augustmenard/Intro-to-Robotics-Research-Labs/lab2_ws/install/turtlesim/share/turtlesim/cmake/turtlesim__rosidl_typesupport_introspection_cppExport.cmake
[25.371s] -- Installing: /home/augustmenard/Intro-to-Robotics-Research-Labs/lab2_ws/install/turtlesim/share/turtlesim/cmake/turtlesim__rosidl_typesupport_introspection_cppExport-noconfig.cmake
[25.371s] -- Installing: /home/augustmenard/Intro-to-Robotics-Research-Labs/lab2_ws/install/turtlesim/share/turtlesim/cmake/turtlesim__rosidl_typesupport_cppExport.cmake
[25.371s] -- Installing: /home/augustmenard/Intro-to-Robotics-Research-Labs/lab2_ws/install/turtlesim/share/turtlesim/cmake/turtlesim__rosidl_typesupport_cppExport-noconfig.cmake
[25.371s] -- Installing: /home/augustmenard/Intro-to-Robotics-Research-Labs/lab2_ws/install/turtlesim/share/turtlesim/cmake/export_turtlesim__rosidl_generator_pyExport.cmake
[25.371s] -- Installing: /home/augustmenard/Intro-to-Robotics-Research-Labs/lab2_ws/install/turtlesim/share/turtlesim/cmake/export_turtlesim__rosidl_generator_pyExport-noconfig.cmake
[25.371s] -- Installing: /home/augustmenard/Intro-to-Robotics-Research-Labs/lab2_ws/install/turtlesim/share/turtlesim/cmake/rosidl_cmake-extras.cmake
[25.371s] -- Installing: /home/augustmenard/Intro-to-Robotics-Research-Labs/lab2_ws/install/turtlesim/share/turtlesim/cmake/ament_cmake_export_dependencies-extras.cmake
[25.371s] -- Installing: /home/augustmenard/Intro-to-Robotics-Research-Labs/lab2_ws/install/turtlesim/share/turtlesim/cmake/ament_cmake_export_include_directories-extras.cmake
[25.371s] -- Installing: /home/augustmenard/Intro-to-Robotics-Research-Labs/lab2_ws/install/turtlesim/share/turtlesim/cmake/ament_cmake_export_libraries-extras.cmake
[25.372s] -- Installing: /home/augustmenard/Intro-to-Robotics-Research-Labs/lab2_ws/install/turtlesim/share/turtlesim/cmake/ament_cmake_export_targets-extras.cmake
[25.372s] -- Installing: /home/augustmenard/Intro-to-Robotics-Research-Labs/lab2_ws/install/turtlesim/share/turtlesim/cmake/rosidl_cmake_export_typesupport_targets-extras.cmake
[25.372s] -- Installing: /home/augustmenard/Intro-to-Robotics-Research-Labs/lab2_ws/install/turtlesim/share/turtlesim/cmake/rosidl_cmake_export_typesupport_libraries-extras.cmake
[25.372s] -- Installing: /home/augustmenard/Intro-to-Robotics-Research-Labs/lab2_ws/install/turtlesim/share/turtlesim/cmake/turtlesimConfig.cmake
[25.372s] -- Installing: /home/augustmenard/Intro-to-Robotics-Research-Labs/lab2_ws/install/turtlesim/share/turtlesim/cmake/turtlesimConfig-version.cmake
[25.372s] -- Installing: /home/augustmenard/Intro-to-Robotics-Research-Labs/lab2_ws/install/turtlesim/share/turtlesim/package.xml
[25.374s] Invoked command in '/home/augustmenard/Intro-to-Robotics-Research-Labs/lab2_ws/build/turtlesim' returned '0': CMAKE_PREFIX_PATH=${CMAKE_PREFIX_PATH}:/home/augustmenard/turtlebot3_ws/install/turtlebot3_teleop:/home/augustmenard/turtlebot3_ws/install/turtlebot3_example:/opt/ros/humble /usr/bin/cmake --install /home/augustmenard/Intro-to-Robotics-Research-Labs/lab2_ws/build/turtlesim
