[1.735s] Invoking command in '/home/augustmenard/Intro-to-Robotics-Research-Labs/lab5_ws/src/team_rocket_action_server_client': PYTHONPATH=/home/augustmenard/Intro-to-Robotics-Research-Labs/lab5_ws/build/team_rocket_action_server_client/prefix_override:/usr/lib/python3/dist-packages/colcon_core/task/python/colcon_distutils_commands:/home/augustmenard/Intro-to-Robotics-Research-Labs/lab5_ws/install/team_rocket_action_server_client/lib/python3.10/site-packages:${PYTHONPATH} /usr/bin/python3 -W ignore:setup.py install is deprecated -W ignore:easy_install command is deprecated setup.py egg_info --egg-base ../../build/team_rocket_action_server_client build --build-base /home/augustmenard/Intro-to-Robotics-Research-Labs/lab5_ws/build/team_rocket_action_server_client/build install --record /home/augustmenard/Intro-to-Robotics-Research-Labs/lab5_ws/build/team_rocket_action_server_client/install.log --single-version-externally-managed install_data
[2.159s] running egg_info
[2.160s] writing ../../build/team_rocket_action_server_client/team_rocket_action_server_client.egg-info/PKG-INFO
[2.160s] writing dependency_links to ../../build/team_rocket_action_server_client/team_rocket_action_server_client.egg-info/dependency_links.txt
[2.161s] writing entry points to ../../build/team_rocket_action_server_client/team_rocket_action_server_client.egg-info/entry_points.txt
[2.161s] writing requirements to ../../build/team_rocket_action_server_client/team_rocket_action_server_client.egg-info/requires.txt
[2.161s] writing top-level names to ../../build/team_rocket_action_server_client/team_rocket_action_server_client.egg-info/top_level.txt
[2.164s] reading manifest file '../../build/team_rocket_action_server_client/team_rocket_action_server_client.egg-info/SOURCES.txt'
[2.165s] adding license file 'LICENSE'
[2.165s] writing manifest file '../../build/team_rocket_action_server_client/team_rocket_action_server_client.egg-info/SOURCES.txt'
[2.166s] running build
[2.166s] running build_py
[2.166s] copying team_rocket_action_server_client/waypoint_navigator.py -> /home/augustmenard/Intro-to-Robotics-Research-Labs/lab5_ws/build/team_rocket_action_server_client/build/lib/team_rocket_action_server_client
[2.166s] running install
[2.167s] running install_lib
[2.168s] copying /home/augustmenard/Intro-to-Robotics-Research-Labs/lab5_ws/build/team_rocket_action_server_client/build/lib/team_rocket_action_server_client/waypoint_navigator.py -> /home/augustmenard/Intro-to-Robotics-Research-Labs/lab5_ws/install/team_rocket_action_server_client/lib/python3.10/site-packages/team_rocket_action_server_client
[2.171s] byte-compiling /home/augustmenard/Intro-to-Robotics-Research-Labs/lab5_ws/install/team_rocket_action_server_client/lib/python3.10/site-packages/team_rocket_action_server_client/waypoint_navigator.py to waypoint_navigator.cpython-310.pyc
[2.171s] running install_data
[2.171s] running install_egg_info
[2.174s] removing '/home/augustmenard/Intro-to-Robotics-Research-Labs/lab5_ws/install/team_rocket_action_server_client/lib/python3.10/site-packages/team_rocket_action_server_client-0.0.0-py3.10.egg-info' (and everything under it)
[2.174s] Copying ../../build/team_rocket_action_server_client/team_rocket_action_server_client.egg-info to /home/augustmenard/Intro-to-Robotics-Research-Labs/lab5_ws/install/team_rocket_action_server_client/lib/python3.10/site-packages/team_rocket_action_server_client-0.0.0-py3.10.egg-info
[2.175s] running install_scripts
[2.206s] Installing action_client script to /home/augustmenard/Intro-to-Robotics-Research-Labs/lab5_ws/install/team_rocket_action_server_client/lib/team_rocket_action_server_client
[2.207s] Installing waypoint_navigator script to /home/augustmenard/Intro-to-Robotics-Research-Labs/lab5_ws/install/team_rocket_action_server_client/lib/team_rocket_action_server_client
[2.207s] writing list of installed files to '/home/augustmenard/Intro-to-Robotics-Research-Labs/lab5_ws/build/team_rocket_action_server_client/install.log'
[2.242s] Invoked command in '/home/augustmenard/Intro-to-Robotics-Research-Labs/lab5_ws/src/team_rocket_action_server_client' returned '0': PYTHONPATH=/home/augustmenard/Intro-to-Robotics-Research-Labs/lab5_ws/build/team_rocket_action_server_client/prefix_override:/usr/lib/python3/dist-packages/colcon_core/task/python/colcon_distutils_commands:/home/augustmenard/Intro-to-Robotics-Research-Labs/lab5_ws/install/team_rocket_action_server_client/lib/python3.10/site-packages:${PYTHONPATH} /usr/bin/python3 -W ignore:setup.py install is deprecated -W ignore:easy_install command is deprecated setup.py egg_info --egg-base ../../build/team_rocket_action_server_client build --build-base /home/augustmenard/Intro-to-Robotics-Research-Labs/lab5_ws/build/team_rocket_action_server_client/build install --record /home/augustmenard/Intro-to-Robotics-Research-Labs/lab5_ws/build/team_rocket_action_server_client/install.log --single-version-externally-managed install_data
