[0.731s] Invoking command in '/home/augustmenard/Intro-to-Robotics-Research-Labs/lab2_ws/src/camera_viewer': PYTHONPATH=/home/augustmenard/Intro-to-Robotics-Research-Labs/lab2_ws/build/camera_viewer/prefix_override:/usr/lib/python3/dist-packages/colcon_core/task/python/colcon_distutils_commands:/home/augustmenard/Intro-to-Robotics-Research-Labs/lab2_ws/install/camera_viewer/lib/python3.10/site-packages:${PYTHONPATH} /usr/bin/python3 -W ignore:setup.py install is deprecated -W ignore:easy_install command is deprecated setup.py egg_info --egg-base ../../build/camera_viewer build --build-base /home/augustmenard/Intro-to-Robotics-Research-Labs/lab2_ws/build/camera_viewer/build install --record /home/augustmenard/Intro-to-Robotics-Research-Labs/lab2_ws/build/camera_viewer/install.log --single-version-externally-managed install_data
[0.898s] running egg_info
[0.899s] creating ../../build/camera_viewer/camera_viewer.egg-info
[0.899s] writing ../../build/camera_viewer/camera_viewer.egg-info/PKG-INFO
[0.899s] writing dependency_links to ../../build/camera_viewer/camera_viewer.egg-info/dependency_links.txt
[0.899s] writing entry points to ../../build/camera_viewer/camera_viewer.egg-info/entry_points.txt
[0.899s] writing requirements to ../../build/camera_viewer/camera_viewer.egg-info/requires.txt
[0.899s] writing top-level names to ../../build/camera_viewer/camera_viewer.egg-info/top_level.txt
[0.899s] writing manifest file '../../build/camera_viewer/camera_viewer.egg-info/SOURCES.txt'
[0.900s] reading manifest file '../../build/camera_viewer/camera_viewer.egg-info/SOURCES.txt'
[0.901s] writing manifest file '../../build/camera_viewer/camera_viewer.egg-info/SOURCES.txt'
[0.901s] running build
[0.901s] running build_py
[0.901s] creating /home/augustmenard/Intro-to-Robotics-Research-Labs/lab2_ws/build/camera_viewer/build
[0.901s] creating /home/augustmenard/Intro-to-Robotics-Research-Labs/lab2_ws/build/camera_viewer/build/lib
[0.901s] creating /home/augustmenard/Intro-to-Robotics-Research-Labs/lab2_ws/build/camera_viewer/build/lib/camera_viewer
[0.901s] copying camera_viewer/__init__.py -> /home/augustmenard/Intro-to-Robotics-Research-Labs/lab2_ws/build/camera_viewer/build/lib/camera_viewer
[0.901s] copying camera_viewer/view_image_raw.py -> /home/augustmenard/Intro-to-Robotics-Research-Labs/lab2_ws/build/camera_viewer/build/lib/camera_viewer
[0.901s] copying camera_viewer/view_image_raw2.py -> /home/augustmenard/Intro-to-Robotics-Research-Labs/lab2_ws/build/camera_viewer/build/lib/camera_viewer
[0.901s] running install
[0.902s] running install_lib
[0.902s] creating /home/augustmenard/Intro-to-Robotics-Research-Labs/lab2_ws/install/camera_viewer/lib/python3.10/site-packages/camera_viewer
[0.902s] copying /home/augustmenard/Intro-to-Robotics-Research-Labs/lab2_ws/build/camera_viewer/build/lib/camera_viewer/__init__.py -> /home/augustmenard/Intro-to-Robotics-Research-Labs/lab2_ws/install/camera_viewer/lib/python3.10/site-packages/camera_viewer
[0.902s] copying /home/augustmenard/Intro-to-Robotics-Research-Labs/lab2_ws/build/camera_viewer/build/lib/camera_viewer/view_image_raw.py -> /home/augustmenard/Intro-to-Robotics-Research-Labs/lab2_ws/install/camera_viewer/lib/python3.10/site-packages/camera_viewer
[0.902s] copying /home/augustmenard/Intro-to-Robotics-Research-Labs/lab2_ws/build/camera_viewer/build/lib/camera_viewer/view_image_raw2.py -> /home/augustmenard/Intro-to-Robotics-Research-Labs/lab2_ws/install/camera_viewer/lib/python3.10/site-packages/camera_viewer
[0.903s] byte-compiling /home/augustmenard/Intro-to-Robotics-Research-Labs/lab2_ws/install/camera_viewer/lib/python3.10/site-packages/camera_viewer/__init__.py to __init__.cpython-310.pyc
[0.903s] byte-compiling /home/augustmenard/Intro-to-Robotics-Research-Labs/lab2_ws/install/camera_viewer/lib/python3.10/site-packages/camera_viewer/view_image_raw.py to view_image_raw.cpython-310.pyc
[0.903s] byte-compiling /home/augustmenard/Intro-to-Robotics-Research-Labs/lab2_ws/install/camera_viewer/lib/python3.10/site-packages/camera_viewer/view_image_raw2.py to view_image_raw2.cpython-310.pyc
[0.904s] running install_data
[0.904s] creating /home/augustmenard/Intro-to-Robotics-Research-Labs/lab2_ws/install/camera_viewer/share/ament_index
[0.904s] creating /home/augustmenard/Intro-to-Robotics-Research-Labs/lab2_ws/install/camera_viewer/share/ament_index/resource_index
[0.904s] creating /home/augustmenard/Intro-to-Robotics-Research-Labs/lab2_ws/install/camera_viewer/share/ament_index/resource_index/packages
[0.904s] copying resource/camera_viewer -> /home/augustmenard/Intro-to-Robotics-Research-Labs/lab2_ws/install/camera_viewer/share/ament_index/resource_index/packages
[0.904s] copying package.xml -> /home/augustmenard/Intro-to-Robotics-Research-Labs/lab2_ws/install/camera_viewer/share/camera_viewer
[0.904s] running install_egg_info
[0.906s] Copying ../../build/camera_viewer/camera_viewer.egg-info to /home/augustmenard/Intro-to-Robotics-Research-Labs/lab2_ws/install/camera_viewer/lib/python3.10/site-packages/camera_viewer-0.0.0-py3.10.egg-info
[0.906s] running install_scripts
[0.921s] Installing spherical_cows script to /home/augustmenard/Intro-to-Robotics-Research-Labs/lab2_ws/install/camera_viewer/lib/camera_viewer
[0.921s] Installing wow_cool_name script to /home/augustmenard/Intro-to-Robotics-Research-Labs/lab2_ws/install/camera_viewer/lib/camera_viewer
[0.921s] writing list of installed files to '/home/augustmenard/Intro-to-Robotics-Research-Labs/lab2_ws/build/camera_viewer/install.log'
[0.941s] Invoked command in '/home/augustmenard/Intro-to-Robotics-Research-Labs/lab2_ws/src/camera_viewer' returned '0': PYTHONPATH=/home/augustmenard/Intro-to-Robotics-Research-Labs/lab2_ws/build/camera_viewer/prefix_override:/usr/lib/python3/dist-packages/colcon_core/task/python/colcon_distutils_commands:/home/augustmenard/Intro-to-Robotics-Research-Labs/lab2_ws/install/camera_viewer/lib/python3.10/site-packages:${PYTHONPATH} /usr/bin/python3 -W ignore:setup.py install is deprecated -W ignore:easy_install command is deprecated setup.py egg_info --egg-base ../../build/camera_viewer build --build-base /home/augustmenard/Intro-to-Robotics-Research-Labs/lab2_ws/build/camera_viewer/build install --record /home/augustmenard/Intro-to-Robotics-Research-Labs/lab2_ws/build/camera_viewer/install.log --single-version-externally-managed install_data
