[1.701s] Invoking command in '/home/augustmenard/Intro-to-Robotics-Research-Labs/final_ws/src/turtlebot3/turtlebot3_example': CMAKE_PREFIX_PATH=/home/augustmenard/Intro-to-Robotics-Research-Labs/final_ws/install/turtlebot3_msgs:/home/augustmenard/Intro-to-Robotics-Research-Labs/final_ws/install/turtlebot3:/home/augustmenard/Intro-to-Robotics-Research-Labs/final_ws/install/turtlebot3_simulations:/home/augustmenard/Intro-to-Robotics-Research-Labs/final_ws/install/turtlebot3_bringup:/home/augustmenard/Intro-to-Robotics-Research-Labs/final_ws/install/turtlebot3_node:/home/augustmenard/Intro-to-Robotics-Research-Labs/final_ws/install/turtlebot3_navigation2:/home/augustmenard/Intro-to-Robotics-Research-Labs/final_ws/install/turtlebot3_fake_node:/home/augustmenard/Intro-to-Robotics-Research-Labs/final_ws/install/turtlebot3_manipulation_gazebo:/home/augustmenard/Intro-to-Robotics-Research-Labs/final_ws/install/turtlebot3_gazebo:/home/augustmenard/Intro-to-Robotics-Research-Labs/final_ws/install/turtlebot3_description:/home/augustmenard/Intro-to-Robotics-Research-Labs/final_ws/install/turtlebot3_cartographer:/home/augustmenard/Intro-to-Robotics-Research-Labs/final_ws/install/dynamixel_sdk_examples:/home/augustmenard/Intro-to-Robotics-Research-Labs/final_ws/install/dynamixel_sdk_custom_interfaces:/home/augustmenard/Intro-to-Robotics-Research-Labs/final_ws/install/dynamixel_sdk LD_LIBRARY_PATH=/home/augustmenard/Intro-to-Robotics-Research-Labs/final_ws/install/turtlebot3_msgs/lib:/home/augustmenard/Intro-to-Robotics-Research-Labs/final_ws/install/dynamixel_sdk_custom_interfaces/lib:/home/augustmenard/Intro-to-Robotics-Research-Labs/final_ws/install/dynamixel_sdk/lib:/opt/ros/humble/opt/rviz_ogre_vendor/lib:/opt/ros/humble/lib/x86_64-linux-gnu:/opt/ros/humble/lib:/usr/lib/x86_64-linux-gnu/gazebo-11/plugins PYTHONPATH=/home/augustmenard/Intro-to-Robotics-Research-Labs/final_ws/build/turtlebot3_example/prefix_override:/usr/lib/python3/dist-packages/colcon_core/task/python/colcon_distutils_commands:/home/augustmenard/Intro-to-Robotics-Research-Labs/final_ws/install/turtlebot3_example/lib/python3.10/site-packages:${PYTHONPATH} /usr/bin/python3 -W ignore:setup.py install is deprecated -W ignore:easy_install command is deprecated setup.py egg_info --egg-base ../../../build/turtlebot3_example build --build-base /home/augustmenard/Intro-to-Robotics-Research-Labs/final_ws/build/turtlebot3_example/build install --record /home/augustmenard/Intro-to-Robotics-Research-Labs/final_ws/build/turtlebot3_example/install.log --single-version-externally-managed install_data
[2.386s] running egg_info
[2.388s] creating ../../../build/turtlebot3_example/turtlebot3_example.egg-info
[2.388s] writing ../../../build/turtlebot3_example/turtlebot3_example.egg-info/PKG-INFO
[2.389s] writing dependency_links to ../../../build/turtlebot3_example/turtlebot3_example.egg-info/dependency_links.txt
[2.390s] writing entry points to ../../../build/turtlebot3_example/turtlebot3_example.egg-info/entry_points.txt
[2.390s] writing requirements to ../../../build/turtlebot3_example/turtlebot3_example.egg-info/requires.txt
[2.391s] writing top-level names to ../../../build/turtlebot3_example/turtlebot3_example.egg-info/top_level.txt
[2.391s] writing manifest file '../../../build/turtlebot3_example/turtlebot3_example.egg-info/SOURCES.txt'
[2.395s] reading manifest file '../../../build/turtlebot3_example/turtlebot3_example.egg-info/SOURCES.txt'
[2.397s] writing manifest file '../../../build/turtlebot3_example/turtlebot3_example.egg-info/SOURCES.txt'
[2.398s] running build
[2.398s] running build_py
[2.398s] creating /home/augustmenard/Intro-to-Robotics-Research-Labs/final_ws/build/turtlebot3_example/build
[2.399s] creating /home/augustmenard/Intro-to-Robotics-Research-Labs/final_ws/build/turtlebot3_example/build/lib
[2.399s] creating /home/augustmenard/Intro-to-Robotics-Research-Labs/final_ws/build/turtlebot3_example/build/lib/turtlebot3_example
[2.399s] copying turtlebot3_example/__init__.py -> /home/augustmenard/Intro-to-Robotics-Research-Labs/final_ws/build/turtlebot3_example/build/lib/turtlebot3_example
[2.400s] creating /home/augustmenard/Intro-to-Robotics-Research-Labs/final_ws/build/turtlebot3_example/build/lib/turtlebot3_example/turtlebot3_interactive_marker
[2.400s] copying turtlebot3_example/turtlebot3_interactive_marker/__init__.py -> /home/augustmenard/Intro-to-Robotics-Research-Labs/final_ws/build/turtlebot3_example/build/lib/turtlebot3_example/turtlebot3_interactive_marker
[2.400s] copying turtlebot3_example/turtlebot3_interactive_marker/turtlebot3_interactive_marker.py -> /home/augustmenard/Intro-to-Robotics-Research-Labs/final_ws/build/turtlebot3_example/build/lib/turtlebot3_example/turtlebot3_interactive_marker
[2.403s] creating /home/augustmenard/Intro-to-Robotics-Research-Labs/final_ws/build/turtlebot3_example/build/lib/turtlebot3_example/turtlebot3_obstacle_detection
[2.403s] copying turtlebot3_example/turtlebot3_obstacle_detection/__init__.py -> /home/augustmenard/Intro-to-Robotics-Research-Labs/final_ws/build/turtlebot3_example/build/lib/turtlebot3_example/turtlebot3_obstacle_detection
[2.403s] copying turtlebot3_example/turtlebot3_obstacle_detection/turtlebot3_obstacle_detection.py -> /home/augustmenard/Intro-to-Robotics-Research-Labs/final_ws/build/turtlebot3_example/build/lib/turtlebot3_example/turtlebot3_obstacle_detection
[2.408s] creating /home/augustmenard/Intro-to-Robotics-Research-Labs/final_ws/build/turtlebot3_example/build/lib/turtlebot3_example/turtlebot3_patrol
[2.408s] copying turtlebot3_example/turtlebot3_patrol/__init__.py -> /home/augustmenard/Intro-to-Robotics-Research-Labs/final_ws/build/turtlebot3_example/build/lib/turtlebot3_example/turtlebot3_patrol
[2.408s] copying turtlebot3_example/turtlebot3_patrol/turtlebot3_patrol_server.py -> /home/augustmenard/Intro-to-Robotics-Research-Labs/final_ws/build/turtlebot3_example/build/lib/turtlebot3_example/turtlebot3_patrol
[2.408s] copying turtlebot3_example/turtlebot3_patrol/turtlebot3_patrol_client.py -> /home/augustmenard/Intro-to-Robotics-Research-Labs/final_ws/build/turtlebot3_example/build/lib/turtlebot3_example/turtlebot3_patrol
[2.408s] creating /home/augustmenard/Intro-to-Robotics-Research-Labs/final_ws/build/turtlebot3_example/build/lib/turtlebot3_example/turtlebot3_relative_move
[2.408s] copying turtlebot3_example/turtlebot3_relative_move/__init__.py -> /home/augustmenard/Intro-to-Robotics-Research-Labs/final_ws/build/turtlebot3_example/build/lib/turtlebot3_example/turtlebot3_relative_move
[2.408s] copying turtlebot3_example/turtlebot3_relative_move/turtlebot3_relative_move.py -> /home/augustmenard/Intro-to-Robotics-Research-Labs/final_ws/build/turtlebot3_example/build/lib/turtlebot3_example/turtlebot3_relative_move
[2.409s] creating /home/augustmenard/Intro-to-Robotics-Research-Labs/final_ws/build/turtlebot3_example/build/lib/turtlebot3_example/turtlebot3_absolute_move
[2.409s] copying turtlebot3_example/turtlebot3_absolute_move/__init__.py -> /home/augustmenard/Intro-to-Robotics-Research-Labs/final_ws/build/turtlebot3_example/build/lib/turtlebot3_example/turtlebot3_absolute_move
[2.411s] copying turtlebot3_example/turtlebot3_absolute_move/turtlebot3_absolute_move.py -> /home/augustmenard/Intro-to-Robotics-Research-Labs/final_ws/build/turtlebot3_example/build/lib/turtlebot3_example/turtlebot3_absolute_move
[2.415s] running install
[2.416s] running install_lib
[2.417s] creating /home/augustmenard/Intro-to-Robotics-Research-Labs/final_ws/install/turtlebot3_example/lib/python3.10/site-packages/turtlebot3_example
[2.417s] copying /home/augustmenard/Intro-to-Robotics-Research-Labs/final_ws/build/turtlebot3_example/build/lib/turtlebot3_example/__init__.py -> /home/augustmenard/Intro-to-Robotics-Research-Labs/final_ws/install/turtlebot3_example/lib/python3.10/site-packages/turtlebot3_example
[2.419s] creating /home/augustmenard/Intro-to-Robotics-Research-Labs/final_ws/install/turtlebot3_example/lib/python3.10/site-packages/turtlebot3_example/turtlebot3_interactive_marker
[2.419s] copying /home/augustmenard/Intro-to-Robotics-Research-Labs/final_ws/build/turtlebot3_example/build/lib/turtlebot3_example/turtlebot3_interactive_marker/__init__.py -> /home/augustmenard/Intro-to-Robotics-Research-Labs/final_ws/install/turtlebot3_example/lib/python3.10/site-packages/turtlebot3_example/turtlebot3_interactive_marker
[2.425s] copying /home/augustmenard/Intro-to-Robotics-Research-Labs/final_ws/build/turtlebot3_example/build/lib/turtlebot3_example/turtlebot3_interactive_marker/turtlebot3_interactive_marker.py -> /home/augustmenard/Intro-to-Robotics-Research-Labs/final_ws/install/turtlebot3_example/lib/python3.10/site-packages/turtlebot3_example/turtlebot3_interactive_marker
[2.425s] creating /home/augustmenard/Intro-to-Robotics-Research-Labs/final_ws/install/turtlebot3_example/lib/python3.10/site-packages/turtlebot3_example/turtlebot3_obstacle_detection
[2.425s] copying /home/augustmenard/Intro-to-Robotics-Research-Labs/final_ws/build/turtlebot3_example/build/lib/turtlebot3_example/turtlebot3_obstacle_detection/__init__.py -> /home/augustmenard/Intro-to-Robotics-Research-Labs/final_ws/install/turtlebot3_example/lib/python3.10/site-packages/turtlebot3_example/turtlebot3_obstacle_detection
[2.425s] copying /home/augustmenard/Intro-to-Robotics-Research-Labs/final_ws/build/turtlebot3_example/build/lib/turtlebot3_example/turtlebot3_obstacle_detection/turtlebot3_obstacle_detection.py -> /home/augustmenard/Intro-to-Robotics-Research-Labs/final_ws/install/turtlebot3_example/lib/python3.10/site-packages/turtlebot3_example/turtlebot3_obstacle_detection
[2.425s] creating /home/augustmenard/Intro-to-Robotics-Research-Labs/final_ws/install/turtlebot3_example/lib/python3.10/site-packages/turtlebot3_example/turtlebot3_patrol
[2.425s] copying /home/augustmenard/Intro-to-Robotics-Research-Labs/final_ws/build/turtlebot3_example/build/lib/turtlebot3_example/turtlebot3_patrol/__init__.py -> /home/augustmenard/Intro-to-Robotics-Research-Labs/final_ws/install/turtlebot3_example/lib/python3.10/site-packages/turtlebot3_example/turtlebot3_patrol
[2.425s] copying /home/augustmenard/Intro-to-Robotics-Research-Labs/final_ws/build/turtlebot3_example/build/lib/turtlebot3_example/turtlebot3_patrol/turtlebot3_patrol_server.py -> /home/augustmenard/Intro-to-Robotics-Research-Labs/final_ws/install/turtlebot3_example/lib/python3.10/site-packages/turtlebot3_example/turtlebot3_patrol
[2.426s] copying /home/augustmenard/Intro-to-Robotics-Research-Labs/final_ws/build/turtlebot3_example/build/lib/turtlebot3_example/turtlebot3_patrol/turtlebot3_patrol_client.py -> /home/augustmenard/Intro-to-Robotics-Research-Labs/final_ws/install/turtlebot3_example/lib/python3.10/site-packages/turtlebot3_example/turtlebot3_patrol
[2.426s] creating /home/augustmenard/Intro-to-Robotics-Research-Labs/final_ws/install/turtlebot3_example/lib/python3.10/site-packages/turtlebot3_example/turtlebot3_relative_move
[2.426s] copying /home/augustmenard/Intro-to-Robotics-Research-Labs/final_ws/build/turtlebot3_example/build/lib/turtlebot3_example/turtlebot3_relative_move/__init__.py -> /home/augustmenard/Intro-to-Robotics-Research-Labs/final_ws/install/turtlebot3_example/lib/python3.10/site-packages/turtlebot3_example/turtlebot3_relative_move
[2.426s] copying /home/augustmenard/Intro-to-Robotics-Research-Labs/final_ws/build/turtlebot3_example/build/lib/turtlebot3_example/turtlebot3_relative_move/turtlebot3_relative_move.py -> /home/augustmenard/Intro-to-Robotics-Research-Labs/final_ws/install/turtlebot3_example/lib/python3.10/site-packages/turtlebot3_example/turtlebot3_relative_move
[2.426s] creating /home/augustmenard/Intro-to-Robotics-Research-Labs/final_ws/install/turtlebot3_example/lib/python3.10/site-packages/turtlebot3_example/turtlebot3_absolute_move
[2.426s] copying /home/augustmenard/Intro-to-Robotics-Research-Labs/final_ws/build/turtlebot3_example/build/lib/turtlebot3_example/turtlebot3_absolute_move/__init__.py -> /home/augustmenard/Intro-to-Robotics-Research-Labs/final_ws/install/turtlebot3_example/lib/python3.10/site-packages/turtlebot3_example/turtlebot3_absolute_move
[2.427s] copying /home/augustmenard/Intro-to-Robotics-Research-Labs/final_ws/build/turtlebot3_example/build/lib/turtlebot3_example/turtlebot3_absolute_move/turtlebot3_absolute_move.py -> /home/augustmenard/Intro-to-Robotics-Research-Labs/final_ws/install/turtlebot3_example/lib/python3.10/site-packages/turtlebot3_example/turtlebot3_absolute_move
[2.429s] byte-compiling /home/augustmenard/Intro-to-Robotics-Research-Labs/final_ws/install/turtlebot3_example/lib/python3.10/site-packages/turtlebot3_example/__init__.py to __init__.cpython-310.pyc
[2.430s] byte-compiling /home/augustmenard/Intro-to-Robotics-Research-Labs/final_ws/install/turtlebot3_example/lib/python3.10/site-packages/turtlebot3_example/turtlebot3_interactive_marker/__init__.py to __init__.cpython-310.pyc
[2.430s] byte-compiling /home/augustmenard/Intro-to-Robotics-Research-Labs/final_ws/install/turtlebot3_example/lib/python3.10/site-packages/turtlebot3_example/turtlebot3_interactive_marker/turtlebot3_interactive_marker.py to turtlebot3_interactive_marker.cpython-310.pyc
[2.435s] byte-compiling /home/augustmenard/Intro-to-Robotics-Research-Labs/final_ws/install/turtlebot3_example/lib/python3.10/site-packages/turtlebot3_example/turtlebot3_obstacle_detection/__init__.py to __init__.cpython-310.pyc
[2.440s] byte-compiling /home/augustmenard/Intro-to-Robotics-Research-Labs/final_ws/install/turtlebot3_example/lib/python3.10/site-packages/turtlebot3_example/turtlebot3_obstacle_detection/turtlebot3_obstacle_detection.py to turtlebot3_obstacle_detection.cpython-310.pyc
[2.441s] byte-compiling /home/augustmenard/Intro-to-Robotics-Research-Labs/final_ws/install/turtlebot3_example/lib/python3.10/site-packages/turtlebot3_example/turtlebot3_patrol/__init__.py to __init__.cpython-310.pyc
[2.443s] byte-compiling /home/augustmenard/Intro-to-Robotics-Research-Labs/final_ws/install/turtlebot3_example/lib/python3.10/site-packages/turtlebot3_example/turtlebot3_patrol/turtlebot3_patrol_server.py to turtlebot3_patrol_server.cpython-310.pyc
[2.443s] byte-compiling /home/augustmenard/Intro-to-Robotics-Research-Labs/final_ws/install/turtlebot3_example/lib/python3.10/site-packages/turtlebot3_example/turtlebot3_patrol/turtlebot3_patrol_client.py to turtlebot3_patrol_client.cpython-310.pyc
[2.444s] byte-compiling /home/augustmenard/Intro-to-Robotics-Research-Labs/final_ws/install/turtlebot3_example/lib/python3.10/site-packages/turtlebot3_example/turtlebot3_relative_move/__init__.py to __init__.cpython-310.pyc
[2.444s] byte-compiling /home/augustmenard/Intro-to-Robotics-Research-Labs/final_ws/install/turtlebot3_example/lib/python3.10/site-packages/turtlebot3_example/turtlebot3_relative_move/turtlebot3_relative_move.py to turtlebot3_relative_move.cpython-310.pyc
[2.450s] byte-compiling /home/augustmenard/Intro-to-Robotics-Research-Labs/final_ws/install/turtlebot3_example/lib/python3.10/site-packages/turtlebot3_example/turtlebot3_absolute_move/__init__.py to __init__.cpython-310.pyc
[2.450s] byte-compiling /home/augustmenard/Intro-to-Robotics-Research-Labs/final_ws/install/turtlebot3_example/lib/python3.10/site-packages/turtlebot3_example/turtlebot3_absolute_move/turtlebot3_absolute_move.py to turtlebot3_absolute_move.cpython-310.pyc
[2.452s] running install_data
[2.459s] creating /home/augustmenard/Intro-to-Robotics-Research-Labs/final_ws/install/turtlebot3_example/share/ament_index
[2.459s] creating /home/augustmenard/Intro-to-Robotics-Research-Labs/final_ws/install/turtlebot3_example/share/ament_index/resource_index
[2.459s] creating /home/augustmenard/Intro-to-Robotics-Research-Labs/final_ws/install/turtlebot3_example/share/ament_index/resource_index/packages
[2.459s] copying resource/turtlebot3_example -> /home/augustmenard/Intro-to-Robotics-Research-Labs/final_ws/install/turtlebot3_example/share/ament_index/resource_index/packages
[2.459s] copying package.xml -> /home/augustmenard/Intro-to-Robotics-Research-Labs/final_ws/install/turtlebot3_example/share/turtlebot3_example
[2.459s] running install_egg_info
[2.463s] Copying ../../../build/turtlebot3_example/turtlebot3_example.egg-info to /home/augustmenard/Intro-to-Robotics-Research-Labs/final_ws/install/turtlebot3_example/lib/python3.10/site-packages/turtlebot3_example-2.3.3-py3.10.egg-info
[2.464s] running install_scripts
[2.543s] Installing turtlebot3_absolute_move script to /home/augustmenard/Intro-to-Robotics-Research-Labs/final_ws/install/turtlebot3_example/lib/turtlebot3_example
[2.548s] Installing turtlebot3_interactive_marker script to /home/augustmenard/Intro-to-Robotics-Research-Labs/final_ws/install/turtlebot3_example/lib/turtlebot3_example
[2.548s] Installing turtlebot3_obstacle_detection script to /home/augustmenard/Intro-to-Robotics-Research-Labs/final_ws/install/turtlebot3_example/lib/turtlebot3_example
[2.548s] Installing turtlebot3_patrol_client script to /home/augustmenard/Intro-to-Robotics-Research-Labs/final_ws/install/turtlebot3_example/lib/turtlebot3_example
[2.548s] Installing turtlebot3_patrol_server script to /home/augustmenard/Intro-to-Robotics-Research-Labs/final_ws/install/turtlebot3_example/lib/turtlebot3_example
[2.549s] Installing turtlebot3_relative_move script to /home/augustmenard/Intro-to-Robotics-Research-Labs/final_ws/install/turtlebot3_example/lib/turtlebot3_example
[2.550s] writing list of installed files to '/home/augustmenard/Intro-to-Robotics-Research-Labs/final_ws/build/turtlebot3_example/install.log'
[2.631s] Invoked command in '/home/augustmenard/Intro-to-Robotics-Research-Labs/final_ws/src/turtlebot3/turtlebot3_example' returned '0': CMAKE_PREFIX_PATH=/home/augustmenard/Intro-to-Robotics-Research-Labs/final_ws/install/turtlebot3_msgs:/home/augustmenard/Intro-to-Robotics-Research-Labs/final_ws/install/turtlebot3:/home/augustmenard/Intro-to-Robotics-Research-Labs/final_ws/install/turtlebot3_simulations:/home/augustmenard/Intro-to-Robotics-Research-Labs/final_ws/install/turtlebot3_bringup:/home/augustmenard/Intro-to-Robotics-Research-Labs/final_ws/install/turtlebot3_node:/home/augustmenard/Intro-to-Robotics-Research-Labs/final_ws/install/turtlebot3_navigation2:/home/augustmenard/Intro-to-Robotics-Research-Labs/final_ws/install/turtlebot3_fake_node:/home/augustmenard/Intro-to-Robotics-Research-Labs/final_ws/install/turtlebot3_manipulation_gazebo:/home/augustmenard/Intro-to-Robotics-Research-Labs/final_ws/install/turtlebot3_gazebo:/home/augustmenard/Intro-to-Robotics-Research-Labs/final_ws/install/turtlebot3_description:/home/augustmenard/Intro-to-Robotics-Research-Labs/final_ws/install/turtlebot3_cartographer:/home/augustmenard/Intro-to-Robotics-Research-Labs/final_ws/install/dynamixel_sdk_examples:/home/augustmenard/Intro-to-Robotics-Research-Labs/final_ws/install/dynamixel_sdk_custom_interfaces:/home/augustmenard/Intro-to-Robotics-Research-Labs/final_ws/install/dynamixel_sdk LD_LIBRARY_PATH=/home/augustmenard/Intro-to-Robotics-Research-Labs/final_ws/install/turtlebot3_msgs/lib:/home/augustmenard/Intro-to-Robotics-Research-Labs/final_ws/install/dynamixel_sdk_custom_interfaces/lib:/home/augustmenard/Intro-to-Robotics-Research-Labs/final_ws/install/dynamixel_sdk/lib:/opt/ros/humble/opt/rviz_ogre_vendor/lib:/opt/ros/humble/lib/x86_64-linux-gnu:/opt/ros/humble/lib:/usr/lib/x86_64-linux-gnu/gazebo-11/plugins PYTHONPATH=/home/augustmenard/Intro-to-Robotics-Research-Labs/final_ws/build/turtlebot3_example/prefix_override:/usr/lib/python3/dist-packages/colcon_core/task/python/colcon_distutils_commands:/home/augustmenard/Intro-to-Robotics-Research-Labs/final_ws/install/turtlebot3_example/lib/python3.10/site-packages:${PYTHONPATH} /usr/bin/python3 -W ignore:setup.py install is deprecated -W ignore:easy_install command is deprecated setup.py egg_info --egg-base ../../../build/turtlebot3_example build --build-base /home/augustmenard/Intro-to-Robotics-Research-Labs/final_ws/build/turtlebot3_example/build install --record /home/augustmenard/Intro-to-Robotics-Research-Labs/final_ws/build/turtlebot3_example/install.log --single-version-externally-managed install_data
