[0.032s] Invoking command in '/home/augustmenard/Intro-to-Robotics-Research-Labs/final_ws/build/dynamixel_sdk': CMAKE_PREFIX_PATH=${CMAKE_PREFIX_PATH}:/home/augustmenard/Intro-to-Robotics-Research-Labs/final_ws/install/turtlebot3_teleop:/home/augustmenard/Intro-to-Robotics-Research-Labs/final_ws/install/turtlebot3_example:/home/augustmenard/Intro-to-Robotics-Research-Labs/final_ws/install/team_rocket_final:/opt/ros/humble /usr/bin/cmake --build /home/augustmenard/Intro-to-Robotics-Research-Labs/final_ws/build/dynamixel_sdk -- -j8 -l8
[0.134s] [100%] Built target dynamixel_sdk
[0.162s] [100%] Built target ament_cmake_python_copy_dynamixel_sdk
[0.612s] running egg_info
[0.612s] writing dynamixel_sdk.egg-info/PKG-INFO
[0.613s] writing dependency_links to dynamixel_sdk.egg-info/dependency_links.txt
[0.613s] writing top-level names to dynamixel_sdk.egg-info/top_level.txt
[0.615s] reading manifest file 'dynamixel_sdk.egg-info/SOURCES.txt'
[0.616s] writing manifest file 'dynamixel_sdk.egg-info/SOURCES.txt'
[0.643s] [100%] Built target ament_cmake_python_build_dynamixel_sdk_egg
[0.892s] Invoked command in '/home/augustmenard/Intro-to-Robotics-Research-Labs/final_ws/build/dynamixel_sdk' returned '0': CMAKE_PREFIX_PATH=${CMAKE_PREFIX_PATH}:/home/augustmenard/Intro-to-Robotics-Research-Labs/final_ws/install/turtlebot3_teleop:/home/augustmenard/Intro-to-Robotics-Research-Labs/final_ws/install/turtlebot3_example:/home/augustmenard/Intro-to-Robotics-Research-Labs/final_ws/install/team_rocket_final:/opt/ros/humble /usr/bin/cmake --build /home/augustmenard/Intro-to-Robotics-Research-Labs/final_ws/build/dynamixel_sdk -- -j8 -l8
[0.893s] Invoking command in '/home/augustmenard/Intro-to-Robotics-Research-Labs/final_ws/build/dynamixel_sdk': CMAKE_PREFIX_PATH=${CMAKE_PREFIX_PATH}:/home/augustmenard/Intro-to-Robotics-Research-Labs/final_ws/install/turtlebot3_teleop:/home/augustmenard/Intro-to-Robotics-Research-Labs/final_ws/install/turtlebot3_example:/home/augustmenard/Intro-to-Robotics-Research-Labs/final_ws/install/team_rocket_final:/opt/ros/humble /usr/bin/cmake --install /home/augustmenard/Intro-to-Robotics-Research-Labs/final_ws/build/dynamixel_sdk
[0.906s] -- Install configuration: ""
[0.906s] -- Up-to-date: /home/augustmenard/Intro-to-Robotics-Research-Labs/final_ws/install/dynamixel_sdk/include/
[0.907s] -- Up-to-date: /home/augustmenard/Intro-to-Robotics-Research-Labs/final_ws/install/dynamixel_sdk/include//dynamixel_sdk
[0.907s] -- Up-to-date: /home/augustmenard/Intro-to-Robotics-Research-Labs/final_ws/install/dynamixel_sdk/include//dynamixel_sdk/port_handler_linux.h
[0.907s] -- Up-to-date: /home/augustmenard/Intro-to-Robotics-Research-Labs/final_ws/install/dynamixel_sdk/include//dynamixel_sdk/packet_handler.h
[0.907s] -- Up-to-date: /home/augustmenard/Intro-to-Robotics-Research-Labs/final_ws/install/dynamixel_sdk/include//dynamixel_sdk/group_sync_write.h
[0.907s] -- Up-to-date: /home/augustmenard/Intro-to-Robotics-Research-Labs/final_ws/install/dynamixel_sdk/include//dynamixel_sdk/port_handler.h
[0.907s] -- Up-to-date: /home/augustmenard/Intro-to-Robotics-Research-Labs/final_ws/install/dynamixel_sdk/include//dynamixel_sdk/group_fast_bulk_read.h
[0.912s] -- Up-to-date: /home/augustmenard/Intro-to-Robotics-Research-Labs/final_ws/install/dynamixel_sdk/include//dynamixel_sdk/group_bulk_read.h
[0.919s] -- Up-to-date: /home/augustmenard/Intro-to-Robotics-Research-Labs/final_ws/install/dynamixel_sdk/include//dynamixel_sdk/group_fast_sync_read.h
[0.920s] -- Up-to-date: /home/augustmenard/Intro-to-Robotics-Research-Labs/final_ws/install/dynamixel_sdk/include//dynamixel_sdk/port_handler_mac.h
[0.920s] -- Up-to-date: /home/augustmenard/Intro-to-Robotics-Research-Labs/final_ws/install/dynamixel_sdk/include//dynamixel_sdk/group_bulk_write.h
[0.920s] -- Up-to-date: /home/augustmenard/Intro-to-Robotics-Research-Labs/final_ws/install/dynamixel_sdk/include//dynamixel_sdk/dynamixel_sdk.h
[0.920s] -- Up-to-date: /home/augustmenard/Intro-to-Robotics-Research-Labs/final_ws/install/dynamixel_sdk/include//dynamixel_sdk/protocol2_packet_handler.h
[0.920s] -- Up-to-date: /home/augustmenard/Intro-to-Robotics-Research-Labs/final_ws/install/dynamixel_sdk/include//dynamixel_sdk/port_handler_windows.h
[0.920s] -- Up-to-date: /home/augustmenard/Intro-to-Robotics-Research-Labs/final_ws/install/dynamixel_sdk/include//dynamixel_sdk/protocol1_packet_handler.h
[0.920s] -- Up-to-date: /home/augustmenard/Intro-to-Robotics-Research-Labs/final_ws/install/dynamixel_sdk/include//dynamixel_sdk/group_sync_read.h
[0.920s] -- Up-to-date: /home/augustmenard/Intro-to-Robotics-Research-Labs/final_ws/install/dynamixel_sdk/include//dynamixel_sdk/port_handler_arduino.h
[0.920s] -- Up-to-date: /home/augustmenard/Intro-to-Robotics-Research-Labs/final_ws/install/dynamixel_sdk/include//dynamixel_sdk/group_handler.h
[0.920s] -- Up-to-date: /home/augustmenard/Intro-to-Robotics-Research-Labs/final_ws/install/dynamixel_sdk/lib/libdynamixel_sdk.so
[0.920s] -- Up-to-date: /home/augustmenard/Intro-to-Robotics-Research-Labs/final_ws/install/dynamixel_sdk/share/dynamixel_sdk/environment/pythonpath.sh
[0.921s] -- Up-to-date: /home/augustmenard/Intro-to-Robotics-Research-Labs/final_ws/install/dynamixel_sdk/share/dynamixel_sdk/environment/pythonpath.dsv
[0.928s] -- Up-to-date: /home/augustmenard/Intro-to-Robotics-Research-Labs/final_ws/install/dynamixel_sdk/local/lib/python3.10/dist-packages/dynamixel_sdk-3.8.4-py3.10.egg-info
[0.929s] -- Installing: /home/augustmenard/Intro-to-Robotics-Research-Labs/final_ws/install/dynamixel_sdk/local/lib/python3.10/dist-packages/dynamixel_sdk-3.8.4-py3.10.egg-info/PKG-INFO
[0.929s] -- Installing: /home/augustmenard/Intro-to-Robotics-Research-Labs/final_ws/install/dynamixel_sdk/local/lib/python3.10/dist-packages/dynamixel_sdk-3.8.4-py3.10.egg-info/top_level.txt
[0.929s] -- Installing: /home/augustmenard/Intro-to-Robotics-Research-Labs/final_ws/install/dynamixel_sdk/local/lib/python3.10/dist-packages/dynamixel_sdk-3.8.4-py3.10.egg-info/SOURCES.txt
[0.929s] -- Installing: /home/augustmenard/Intro-to-Robotics-Research-Labs/final_ws/install/dynamixel_sdk/local/lib/python3.10/dist-packages/dynamixel_sdk-3.8.4-py3.10.egg-info/dependency_links.txt
[0.930s] -- Up-to-date: /home/augustmenard/Intro-to-Robotics-Research-Labs/final_ws/install/dynamixel_sdk/local/lib/python3.10/dist-packages/dynamixel_sdk
[0.930s] -- Up-to-date: /home/augustmenard/Intro-to-Robotics-Research-Labs/final_ws/install/dynamixel_sdk/local/lib/python3.10/dist-packages/dynamixel_sdk/protocol1_packet_handler.py
[0.930s] -- Up-to-date: /home/augustmenard/Intro-to-Robotics-Research-Labs/final_ws/install/dynamixel_sdk/local/lib/python3.10/dist-packages/dynamixel_sdk/__init__.py
[0.930s] -- Up-to-date: /home/augustmenard/Intro-to-Robotics-Research-Labs/final_ws/install/dynamixel_sdk/local/lib/python3.10/dist-packages/dynamixel_sdk/port_handler_windows.cpp
[0.930s] -- Up-to-date: /home/augustmenard/Intro-to-Robotics-Research-Labs/final_ws/install/dynamixel_sdk/local/lib/python3.10/dist-packages/dynamixel_sdk/packet_handler.py
[0.930s] -- Up-to-date: /home/augustmenard/Intro-to-Robotics-Research-Labs/final_ws/install/dynamixel_sdk/local/lib/python3.10/dist-packages/dynamixel_sdk/protocol2_packet_handler.py
[0.930s] -- Up-to-date: /home/augustmenard/Intro-to-Robotics-Research-Labs/final_ws/install/dynamixel_sdk/local/lib/python3.10/dist-packages/dynamixel_sdk/group_handler.cpp
[0.930s] -- Up-to-date: /home/augustmenard/Intro-to-Robotics-Research-Labs/final_ws/install/dynamixel_sdk/local/lib/python3.10/dist-packages/dynamixel_sdk/group_bulk_write.py
[0.930s] -- Up-to-date: /home/augustmenard/Intro-to-Robotics-Research-Labs/final_ws/install/dynamixel_sdk/local/lib/python3.10/dist-packages/dynamixel_sdk/group_bulk_write.cpp
[0.931s] -- Up-to-date: /home/augustmenard/Intro-to-Robotics-Research-Labs/final_ws/install/dynamixel_sdk/local/lib/python3.10/dist-packages/dynamixel_sdk/robotis_def.py
[0.931s] -- Up-to-date: /home/augustmenard/Intro-to-Robotics-Research-Labs/final_ws/install/dynamixel_sdk/local/lib/python3.10/dist-packages/dynamixel_sdk/group_bulk_read.py
[0.931s] -- Up-to-date: /home/augustmenard/Intro-to-Robotics-Research-Labs/final_ws/install/dynamixel_sdk/local/lib/python3.10/dist-packages/dynamixel_sdk/port_handler.py
[0.931s] -- Up-to-date: /home/augustmenard/Intro-to-Robotics-Research-Labs/final_ws/install/dynamixel_sdk/local/lib/python3.10/dist-packages/dynamixel_sdk/port_handler_arduino.cpp
[0.931s] -- Up-to-date: /home/augustmenard/Intro-to-Robotics-Research-Labs/final_ws/install/dynamixel_sdk/local/lib/python3.10/dist-packages/dynamixel_sdk/group_fast_sync_read.cpp
[0.931s] -- Up-to-date: /home/augustmenard/Intro-to-Robotics-Research-Labs/final_ws/install/dynamixel_sdk/local/lib/python3.10/dist-packages/dynamixel_sdk/group_sync_read.py
[0.931s] -- Up-to-date: /home/augustmenard/Intro-to-Robotics-Research-Labs/final_ws/install/dynamixel_sdk/local/lib/python3.10/dist-packages/dynamixel_sdk/group_sync_write.cpp
[0.931s] -- Up-to-date: /home/augustmenard/Intro-to-Robotics-Research-Labs/final_ws/install/dynamixel_sdk/local/lib/python3.10/dist-packages/dynamixel_sdk/group_sync_write.py
[0.932s] -- Up-to-date: /home/augustmenard/Intro-to-Robotics-Research-Labs/final_ws/install/dynamixel_sdk/local/lib/python3.10/dist-packages/dynamixel_sdk/group_sync_read.cpp
[0.932s] -- Up-to-date: /home/augustmenard/Intro-to-Robotics-Research-Labs/final_ws/install/dynamixel_sdk/local/lib/python3.10/dist-packages/dynamixel_sdk/port_handler.cpp
[0.932s] -- Up-to-date: /home/augustmenard/Intro-to-Robotics-Research-Labs/final_ws/install/dynamixel_sdk/local/lib/python3.10/dist-packages/dynamixel_sdk/group_fast_bulk_read.cpp
[0.932s] -- Up-to-date: /home/augustmenard/Intro-to-Robotics-Research-Labs/final_ws/install/dynamixel_sdk/local/lib/python3.10/dist-packages/dynamixel_sdk/group_bulk_read.cpp
[0.932s] -- Up-to-date: /home/augustmenard/Intro-to-Robotics-Research-Labs/final_ws/install/dynamixel_sdk/local/lib/python3.10/dist-packages/dynamixel_sdk/port_handler_mac.cpp
[0.932s] -- Up-to-date: /home/augustmenard/Intro-to-Robotics-Research-Labs/final_ws/install/dynamixel_sdk/local/lib/python3.10/dist-packages/dynamixel_sdk/protocol1_packet_handler.cpp
[0.932s] -- Up-to-date: /home/augustmenard/Intro-to-Robotics-Research-Labs/final_ws/install/dynamixel_sdk/local/lib/python3.10/dist-packages/dynamixel_sdk/packet_handler.cpp
[0.932s] -- Up-to-date: /home/augustmenard/Intro-to-Robotics-Research-Labs/final_ws/install/dynamixel_sdk/local/lib/python3.10/dist-packages/dynamixel_sdk/protocol2_packet_handler.cpp
[0.933s] -- Up-to-date: /home/augustmenard/Intro-to-Robotics-Research-Labs/final_ws/install/dynamixel_sdk/local/lib/python3.10/dist-packages/dynamixel_sdk/port_handler_linux.cpp
[0.977s] Listing '/home/augustmenard/Intro-to-Robotics-Research-Labs/final_ws/install/dynamixel_sdk/local/lib/python3.10/dist-packages/dynamixel_sdk'...
[0.977s] -- Up-to-date: /home/augustmenard/Intro-to-Robotics-Research-Labs/final_ws/install/dynamixel_sdk/share/dynamixel_sdk/environment/library_path.sh
[0.978s] -- Up-to-date: /home/augustmenard/Intro-to-Robotics-Research-Labs/final_ws/install/dynamixel_sdk/share/dynamixel_sdk/environment/library_path.dsv
[0.978s] -- Up-to-date: /home/augustmenard/Intro-to-Robotics-Research-Labs/final_ws/install/dynamixel_sdk/share/ament_index/resource_index/package_run_dependencies/dynamixel_sdk
[0.978s] -- Up-to-date: /home/augustmenard/Intro-to-Robotics-Research-Labs/final_ws/install/dynamixel_sdk/share/ament_index/resource_index/parent_prefix_path/dynamixel_sdk
[0.978s] -- Up-to-date: /home/augustmenard/Intro-to-Robotics-Research-Labs/final_ws/install/dynamixel_sdk/share/dynamixel_sdk/environment/ament_prefix_path.sh
[0.978s] -- Up-to-date: /home/augustmenard/Intro-to-Robotics-Research-Labs/final_ws/install/dynamixel_sdk/share/dynamixel_sdk/environment/ament_prefix_path.dsv
[0.978s] -- Up-to-date: /home/augustmenard/Intro-to-Robotics-Research-Labs/final_ws/install/dynamixel_sdk/share/dynamixel_sdk/environment/path.sh
[0.978s] -- Up-to-date: /home/augustmenard/Intro-to-Robotics-Research-Labs/final_ws/install/dynamixel_sdk/share/dynamixel_sdk/environment/path.dsv
[0.978s] -- Up-to-date: /home/augustmenard/Intro-to-Robotics-Research-Labs/final_ws/install/dynamixel_sdk/share/dynamixel_sdk/local_setup.bash
[0.978s] -- Up-to-date: /home/augustmenard/Intro-to-Robotics-Research-Labs/final_ws/install/dynamixel_sdk/share/dynamixel_sdk/local_setup.sh
[0.978s] -- Up-to-date: /home/augustmenard/Intro-to-Robotics-Research-Labs/final_ws/install/dynamixel_sdk/share/dynamixel_sdk/local_setup.zsh
[0.978s] -- Up-to-date: /home/augustmenard/Intro-to-Robotics-Research-Labs/final_ws/install/dynamixel_sdk/share/dynamixel_sdk/local_setup.dsv
[0.978s] -- Installing: /home/augustmenard/Intro-to-Robotics-Research-Labs/final_ws/install/dynamixel_sdk/share/dynamixel_sdk/package.dsv
[0.978s] -- Up-to-date: /home/augustmenard/Intro-to-Robotics-Research-Labs/final_ws/install/dynamixel_sdk/share/ament_index/resource_index/packages/dynamixel_sdk
[0.978s] -- Up-to-date: /home/augustmenard/Intro-to-Robotics-Research-Labs/final_ws/install/dynamixel_sdk/share/dynamixel_sdk/cmake/dynamixel_sdkExport.cmake
[0.979s] -- Up-to-date: /home/augustmenard/Intro-to-Robotics-Research-Labs/final_ws/install/dynamixel_sdk/share/dynamixel_sdk/cmake/dynamixel_sdkExport-noconfig.cmake
[0.979s] -- Up-to-date: /home/augustmenard/Intro-to-Robotics-Research-Labs/final_ws/install/dynamixel_sdk/share/dynamixel_sdk/cmake/ament_cmake_export_targets-extras.cmake
[0.979s] -- Up-to-date: /home/augustmenard/Intro-to-Robotics-Research-Labs/final_ws/install/dynamixel_sdk/share/dynamixel_sdk/cmake/ament_cmake_export_include_directories-extras.cmake
[0.979s] -- Up-to-date: /home/augustmenard/Intro-to-Robotics-Research-Labs/final_ws/install/dynamixel_sdk/share/dynamixel_sdk/cmake/ament_cmake_export_libraries-extras.cmake
[0.979s] -- Up-to-date: /home/augustmenard/Intro-to-Robotics-Research-Labs/final_ws/install/dynamixel_sdk/share/dynamixel_sdk/cmake/dynamixel_sdkConfig.cmake
[0.979s] -- Up-to-date: /home/augustmenard/Intro-to-Robotics-Research-Labs/final_ws/install/dynamixel_sdk/share/dynamixel_sdk/cmake/dynamixel_sdkConfig-version.cmake
[0.979s] -- Up-to-date: /home/augustmenard/Intro-to-Robotics-Research-Labs/final_ws/install/dynamixel_sdk/share/dynamixel_sdk/package.xml
[0.995s] Invoked command in '/home/augustmenard/Intro-to-Robotics-Research-Labs/final_ws/build/dynamixel_sdk' returned '0': CMAKE_PREFIX_PATH=${CMAKE_PREFIX_PATH}:/home/augustmenard/Intro-to-Robotics-Research-Labs/final_ws/install/turtlebot3_teleop:/home/augustmenard/Intro-to-Robotics-Research-Labs/final_ws/install/turtlebot3_example:/home/augustmenard/Intro-to-Robotics-Research-Labs/final_ws/install/team_rocket_final:/opt/ros/humble /usr/bin/cmake --install /home/augustmenard/Intro-to-Robotics-Research-Labs/final_ws/build/dynamixel_sdk
