[5.910s] DEBUG:colcon:Command line arguments: ['/usr/bin/colcon', 'build']
[5.911s] DEBUG:colcon:Parsed command line arguments: Namespace(log_base=None, log_level=None, verb_name='build', build_base='build', install_base='install', merge_install=False, symlink_install=False, test_result_base=None, continue_on_error=False, executor='parallel', parallel_workers=4, event_handlers=None, ignore_user_meta=False, metas=['./colcon.meta'], base_paths=['.'], packages_ignore=None, packages_ignore_regex=None, paths=None, packages_up_to=None, packages_up_to_regex=None, packages_above=None, packages_above_and_dependencies=None, packages_above_depth=None, packages_select_by_dep=None, packages_skip_by_dep=None, packages_skip_up_to=None, packages_select_build_failed=False, packages_skip_build_finished=False, packages_select_test_failures=False, packages_skip_test_passed=False, packages_select=None, packages_skip=None, packages_select_regex=None, packages_skip_regex=None, packages_start=None, packages_end=None, allow_overriding=[], cmake_args=None, cmake_target=None, cmake_target_skip_unavailable=False, cmake_clean_cache=False, cmake_clean_first=False, cmake_force_configure=False, ament_cmake_args=None, catkin_cmake_args=None, catkin_skip_building_tests=False, verb_parser=<colcon_defaults.argument_parser.defaults.DefaultArgumentsDecorator object at 0xffff9a87a6b0>, verb_extension=<colcon_core.verb.build.BuildVerb object at 0xffff9a9d3e20>, main=<bound method BuildVerb.main of <colcon_core.verb.build.BuildVerb object at 0xffff9a9d3e20>>)
[6.307s] Level 1:colcon.colcon_core.package_discovery:discover_packages(colcon_meta) check parameters
[6.307s] Level 1:colcon.colcon_core.package_discovery:discover_packages(recursive) check parameters
[6.307s] Level 1:colcon.colcon_core.package_discovery:discover_packages(ignore) check parameters
[6.308s] Level 1:colcon.colcon_core.package_discovery:discover_packages(path) check parameters
[6.308s] Level 1:colcon.colcon_core.package_discovery:discover_packages(colcon_meta) discover
[6.308s] Level 1:colcon.colcon_core.package_discovery:discover_packages(recursive) discover
[6.308s] INFO:colcon.colcon_core.package_discovery:Crawling recursively for packages in '/home/burger/lab3/Intro-to-Robotics-Research-Labs/lab3_ws'
[6.309s] Level 1:colcon.colcon_core.package_identification:_identify(.) by extensions ['ignore', 'ignore_ament_install']
[6.309s] Level 1:colcon.colcon_core.package_identification:_identify(.) by extension 'ignore'
[6.309s] Level 1:colcon.colcon_core.package_identification:_identify(.) by extension 'ignore_ament_install'
[6.309s] Level 1:colcon.colcon_core.package_identification:_identify(.) by extensions ['colcon_pkg']
[6.310s] Level 1:colcon.colcon_core.package_identification:_identify(.) by extension 'colcon_pkg'
[6.310s] Level 1:colcon.colcon_core.package_identification:_identify(.) by extensions ['colcon_meta']
[6.310s] Level 1:colcon.colcon_core.package_identification:_identify(.) by extension 'colcon_meta'
[6.310s] Level 1:colcon.colcon_core.package_identification:_identify(.) by extensions ['ros']
[6.310s] Level 1:colcon.colcon_core.package_identification:_identify(.) by extension 'ros'
[6.407s] Level 1:colcon.colcon_core.package_identification:_identify(.) by extensions ['cmake', 'python']
[6.407s] Level 1:colcon.colcon_core.package_identification:_identify(.) by extension 'cmake'
[6.407s] Level 1:colcon.colcon_core.package_identification:_identify(.) by extension 'python'
[6.408s] Level 1:colcon.colcon_core.package_identification:_identify(.) by extensions ['python_setup_py']
[6.408s] Level 1:colcon.colcon_core.package_identification:_identify(.) by extension 'python_setup_py'
[6.408s] Level 1:colcon.colcon_core.package_identification:_identify(build) by extensions ['ignore', 'ignore_ament_install']
[6.409s] Level 1:colcon.colcon_core.package_identification:_identify(build) by extension 'ignore'
[6.409s] Level 1:colcon.colcon_core.package_identification:_identify(build) ignored
[6.409s] Level 1:colcon.colcon_core.package_identification:_identify(install) by extensions ['ignore', 'ignore_ament_install']
[6.410s] Level 1:colcon.colcon_core.package_identification:_identify(install) by extension 'ignore'
[6.410s] Level 1:colcon.colcon_core.package_identification:_identify(install) ignored
[6.410s] Level 1:colcon.colcon_core.package_identification:_identify(lab3_ws) by extensions ['ignore', 'ignore_ament_install']
[6.410s] Level 1:colcon.colcon_core.package_identification:_identify(lab3_ws) by extension 'ignore'
[6.411s] Level 1:colcon.colcon_core.package_identification:_identify(lab3_ws) by extension 'ignore_ament_install'
[6.411s] Level 1:colcon.colcon_core.package_identification:_identify(lab3_ws) by extensions ['colcon_pkg']
[6.411s] Level 1:colcon.colcon_core.package_identification:_identify(lab3_ws) by extension 'colcon_pkg'
[6.411s] Level 1:colcon.colcon_core.package_identification:_identify(lab3_ws) by extensions ['colcon_meta']
[6.411s] Level 1:colcon.colcon_core.package_identification:_identify(lab3_ws) by extension 'colcon_meta'
[6.411s] Level 1:colcon.colcon_core.package_identification:_identify(lab3_ws) by extensions ['ros']
[6.412s] Level 1:colcon.colcon_core.package_identification:_identify(lab3_ws) by extension 'ros'
[6.412s] Level 1:colcon.colcon_core.package_identification:_identify(lab3_ws) by extensions ['cmake', 'python']
[6.412s] Level 1:colcon.colcon_core.package_identification:_identify(lab3_ws) by extension 'cmake'
[6.412s] Level 1:colcon.colcon_core.package_identification:_identify(lab3_ws) by extension 'python'
[6.412s] Level 1:colcon.colcon_core.package_identification:_identify(lab3_ws) by extensions ['python_setup_py']
[6.413s] Level 1:colcon.colcon_core.package_identification:_identify(lab3_ws) by extension 'python_setup_py'
[6.413s] Level 1:colcon.colcon_core.package_identification:_identify(lab3_ws/src) by extensions ['ignore', 'ignore_ament_install']
[6.413s] Level 1:colcon.colcon_core.package_identification:_identify(lab3_ws/src) by extension 'ignore'
[6.413s] Level 1:colcon.colcon_core.package_identification:_identify(lab3_ws/src) by extension 'ignore_ament_install'
[6.414s] Level 1:colcon.colcon_core.package_identification:_identify(lab3_ws/src) by extensions ['colcon_pkg']
[6.414s] Level 1:colcon.colcon_core.package_identification:_identify(lab3_ws/src) by extension 'colcon_pkg'
[6.414s] Level 1:colcon.colcon_core.package_identification:_identify(lab3_ws/src) by extensions ['colcon_meta']
[6.414s] Level 1:colcon.colcon_core.package_identification:_identify(lab3_ws/src) by extension 'colcon_meta'
[6.414s] Level 1:colcon.colcon_core.package_identification:_identify(lab3_ws/src) by extensions ['ros']
[6.414s] Level 1:colcon.colcon_core.package_identification:_identify(lab3_ws/src) by extension 'ros'
[6.415s] Level 1:colcon.colcon_core.package_identification:_identify(lab3_ws/src) by extensions ['cmake', 'python']
[6.415s] Level 1:colcon.colcon_core.package_identification:_identify(lab3_ws/src) by extension 'cmake'
[6.415s] Level 1:colcon.colcon_core.package_identification:_identify(lab3_ws/src) by extension 'python'
[6.415s] Level 1:colcon.colcon_core.package_identification:_identify(lab3_ws/src) by extensions ['python_setup_py']
[6.415s] Level 1:colcon.colcon_core.package_identification:_identify(lab3_ws/src) by extension 'python_setup_py'
[6.416s] Level 1:colcon.colcon_core.package_identification:_identify(lab3_ws/src/team_rocket_nodes) by extensions ['ignore', 'ignore_ament_install']
[6.416s] Level 1:colcon.colcon_core.package_identification:_identify(lab3_ws/src/team_rocket_nodes) by extension 'ignore'
[6.416s] Level 1:colcon.colcon_core.package_identification:_identify(lab3_ws/src/team_rocket_nodes) by extension 'ignore_ament_install'
[6.417s] Level 1:colcon.colcon_core.package_identification:_identify(lab3_ws/src/team_rocket_nodes) by extensions ['colcon_pkg']
[6.417s] Level 1:colcon.colcon_core.package_identification:_identify(lab3_ws/src/team_rocket_nodes) by extension 'colcon_pkg'
[6.417s] Level 1:colcon.colcon_core.package_identification:_identify(lab3_ws/src/team_rocket_nodes) by extensions ['colcon_meta']
[6.417s] Level 1:colcon.colcon_core.package_identification:_identify(lab3_ws/src/team_rocket_nodes) by extension 'colcon_meta'
[6.417s] Level 1:colcon.colcon_core.package_identification:_identify(lab3_ws/src/team_rocket_nodes) by extensions ['ros']
[6.417s] Level 1:colcon.colcon_core.package_identification:_identify(lab3_ws/src/team_rocket_nodes) by extension 'ros'
[6.428s] DEBUG:colcon.colcon_core.package_identification:Package 'lab3_ws/src/team_rocket_nodes' with type 'ros.ament_python' and name 'team_rocket_nodes'
[6.429s] Level 1:colcon.colcon_core.package_identification:_identify(log) by extensions ['ignore', 'ignore_ament_install']
[6.429s] Level 1:colcon.colcon_core.package_identification:_identify(log) by extension 'ignore'
[6.429s] Level 1:colcon.colcon_core.package_identification:_identify(log) ignored
[6.430s] Level 1:colcon.colcon_core.package_discovery:discover_packages(recursive) using defaults
[6.430s] Level 1:colcon.colcon_core.package_discovery:discover_packages(ignore) discover
[6.430s] Level 1:colcon.colcon_core.package_discovery:discover_packages(ignore) using defaults
[6.430s] Level 1:colcon.colcon_core.package_discovery:discover_packages(path) discover
[6.430s] Level 1:colcon.colcon_core.package_discovery:discover_packages(path) using defaults
[6.843s] Level 1:colcon.colcon_core.package_discovery:discover_packages(prefix_path) check parameters
[6.844s] Level 1:colcon.colcon_core.package_discovery:discover_packages(prefix_path) discover
[6.977s] DEBUG:colcon.colcon_installed_package_information.package_discovery:Found 8 installed packages in /home/burger/dontTouch_ws/install
[7.043s] DEBUG:colcon.colcon_installed_package_information.package_discovery:Found 206 installed packages in /opt/ros/humble
[7.047s] Level 1:colcon.colcon_core.package_discovery:discover_packages(prefix_path) using defaults
[7.358s] Level 5:colcon.colcon_core.verb:set package 'team_rocket_nodes' build argument 'cmake_args' from command line to 'None'
[7.358s] Level 5:colcon.colcon_core.verb:set package 'team_rocket_nodes' build argument 'cmake_target' from command line to 'None'
[7.358s] Level 5:colcon.colcon_core.verb:set package 'team_rocket_nodes' build argument 'cmake_target_skip_unavailable' from command line to 'False'
[7.359s] Level 5:colcon.colcon_core.verb:set package 'team_rocket_nodes' build argument 'cmake_clean_cache' from command line to 'False'
[7.359s] Level 5:colcon.colcon_core.verb:set package 'team_rocket_nodes' build argument 'cmake_clean_first' from command line to 'False'
[7.359s] Level 5:colcon.colcon_core.verb:set package 'team_rocket_nodes' build argument 'cmake_force_configure' from command line to 'False'
[7.359s] Level 5:colcon.colcon_core.verb:set package 'team_rocket_nodes' build argument 'ament_cmake_args' from command line to 'None'
[7.359s] Level 5:colcon.colcon_core.verb:set package 'team_rocket_nodes' build argument 'catkin_cmake_args' from command line to 'None'
[7.359s] Level 5:colcon.colcon_core.verb:set package 'team_rocket_nodes' build argument 'catkin_skip_building_tests' from command line to 'False'
[7.359s] DEBUG:colcon.colcon_core.verb:Building package 'team_rocket_nodes' with the following arguments: {'ament_cmake_args': None, 'build_base': '/home/burger/lab3/Intro-to-Robotics-Research-Labs/lab3_ws/build/team_rocket_nodes', 'catkin_cmake_args': None, 'catkin_skip_building_tests': False, 'cmake_args': None, 'cmake_clean_cache': False, 'cmake_clean_first': False, 'cmake_force_configure': False, 'cmake_target': None, 'cmake_target_skip_unavailable': False, 'install_base': '/home/burger/lab3/Intro-to-Robotics-Research-Labs/lab3_ws/install/team_rocket_nodes', 'merge_install': False, 'path': '/home/burger/lab3/Intro-to-Robotics-Research-Labs/lab3_ws/lab3_ws/src/team_rocket_nodes', 'symlink_install': False, 'test_result_base': None}
[7.417s] INFO:colcon.colcon_core.executor:Executing jobs using 'parallel' executor
[7.472s] DEBUG:colcon.colcon_parallel_executor.executor.parallel:run_until_complete
[7.473s] INFO:colcon.colcon_ros.task.ament_python.build:Building ROS package in '/home/burger/lab3/Intro-to-Robotics-Research-Labs/lab3_ws/lab3_ws/src/team_rocket_nodes' with build type 'ament_python'
[7.474s] Level 1:colcon.colcon_core.shell:create_environment_hook('team_rocket_nodes', 'ament_prefix_path')
[7.562s] INFO:colcon.colcon_core.plugin_system:Skipping extension 'colcon_core.shell.bat': Not used on non-Windows systems
[7.562s] INFO:colcon.colcon_core.shell:Creating environment hook '/home/burger/lab3/Intro-to-Robotics-Research-Labs/lab3_ws/install/team_rocket_nodes/share/team_rocket_nodes/hook/ament_prefix_path.ps1'
[7.569s] INFO:colcon.colcon_core.shell:Creating environment descriptor '/home/burger/lab3/Intro-to-Robotics-Research-Labs/lab3_ws/install/team_rocket_nodes/share/team_rocket_nodes/hook/ament_prefix_path.dsv'
[7.648s] INFO:colcon.colcon_core.shell:Creating environment hook '/home/burger/lab3/Intro-to-Robotics-Research-Labs/lab3_ws/install/team_rocket_nodes/share/team_rocket_nodes/hook/ament_prefix_path.sh'
[7.760s] INFO:colcon.colcon_core.shell:Skip shell extension 'powershell' for command environment: Not usable outside of PowerShell
[7.760s] DEBUG:colcon.colcon_core.shell:Skip shell extension 'dsv' for command environment
[8.783s] INFO:colcon.colcon_core.task.python.build:Building Python package in '/home/burger/lab3/Intro-to-Robotics-Research-Labs/lab3_ws/lab3_ws/src/team_rocket_nodes'
[8.838s] INFO:colcon.colcon_core.shell:Skip shell extension 'powershell' for command environment: Not usable outside of PowerShell
[8.838s] DEBUG:colcon.colcon_core.shell:Skip shell extension 'dsv' for command environment
[16.016s] DEBUG:colcon.colcon_core.event_handler.log_command:Invoking command in '/home/burger/lab3/Intro-to-Robotics-Research-Labs/lab3_ws/lab3_ws/src/team_rocket_nodes': PYTHONPATH=/home/burger/lab3/Intro-to-Robotics-Research-Labs/lab3_ws/build/team_rocket_nodes/prefix_override:/home/burger/lab3/Intro-to-Robotics-Research-Labs/lab3_ws/install/team_rocket_nodes/lib/python3.10/site-packages:${PYTHONPATH} /usr/bin/python3 setup.py egg_info --egg-base ../../../build/team_rocket_nodes build --build-base /home/burger/lab3/Intro-to-Robotics-Research-Labs/lab3_ws/build/team_rocket_nodes/build install --record /home/burger/lab3/Intro-to-Robotics-Research-Labs/lab3_ws/build/team_rocket_nodes/install.log --single-version-externally-managed
[18.050s] DEBUG:colcon.colcon_core.event_handler.log_command:Invoked command in '/home/burger/lab3/Intro-to-Robotics-Research-Labs/lab3_ws/lab3_ws/src/team_rocket_nodes' returned '0': PYTHONPATH=/home/burger/lab3/Intro-to-Robotics-Research-Labs/lab3_ws/build/team_rocket_nodes/prefix_override:/home/burger/lab3/Intro-to-Robotics-Research-Labs/lab3_ws/install/team_rocket_nodes/lib/python3.10/site-packages:${PYTHONPATH} /usr/bin/python3 setup.py egg_info --egg-base ../../../build/team_rocket_nodes build --build-base /home/burger/lab3/Intro-to-Robotics-Research-Labs/lab3_ws/build/team_rocket_nodes/build install --record /home/burger/lab3/Intro-to-Robotics-Research-Labs/lab3_ws/build/team_rocket_nodes/install.log --single-version-externally-managed
[18.137s] Level 1:colcon.colcon_core.environment:checking '/home/burger/lab3/Intro-to-Robotics-Research-Labs/lab3_ws/install/team_rocket_nodes' for CMake module files
[18.140s] Level 1:colcon.colcon_core.environment:checking '/home/burger/lab3/Intro-to-Robotics-Research-Labs/lab3_ws/install/team_rocket_nodes' for CMake config files
[18.146s] Level 1:colcon.colcon_core.environment:checking '/home/burger/lab3/Intro-to-Robotics-Research-Labs/lab3_ws/install/team_rocket_nodes/lib'
[18.147s] Level 1:colcon.colcon_core.environment:checking '/home/burger/lab3/Intro-to-Robotics-Research-Labs/lab3_ws/install/team_rocket_nodes/bin'
[18.147s] Level 1:colcon.colcon_core.environment:checking '/home/burger/lab3/Intro-to-Robotics-Research-Labs/lab3_ws/install/team_rocket_nodes/lib/pkgconfig/team_rocket_nodes.pc'
[18.149s] Level 1:colcon.colcon_core.environment:checking '/home/burger/lab3/Intro-to-Robotics-Research-Labs/lab3_ws/install/team_rocket_nodes/lib/python3.10/site-packages'
[18.150s] Level 1:colcon.colcon_core.shell:create_environment_hook('team_rocket_nodes', 'pythonpath')
[18.207s] INFO:colcon.colcon_core.shell:Creating environment hook '/home/burger/lab3/Intro-to-Robotics-Research-Labs/lab3_ws/install/team_rocket_nodes/share/team_rocket_nodes/hook/pythonpath.ps1'
[18.209s] INFO:colcon.colcon_core.shell:Creating environment descriptor '/home/burger/lab3/Intro-to-Robotics-Research-Labs/lab3_ws/install/team_rocket_nodes/share/team_rocket_nodes/hook/pythonpath.dsv'
[18.210s] INFO:colcon.colcon_core.shell:Creating environment hook '/home/burger/lab3/Intro-to-Robotics-Research-Labs/lab3_ws/install/team_rocket_nodes/share/team_rocket_nodes/hook/pythonpath.sh'
[18.213s] Level 1:colcon.colcon_core.environment:checking '/home/burger/lab3/Intro-to-Robotics-Research-Labs/lab3_ws/install/team_rocket_nodes/bin'
[18.213s] Level 1:colcon.colcon_core.environment:create_environment_scripts_only(team_rocket_nodes)
[18.268s] INFO:colcon.colcon_core.shell:Creating package script '/home/burger/lab3/Intro-to-Robotics-Research-Labs/lab3_ws/install/team_rocket_nodes/share/team_rocket_nodes/package.ps1'
[18.273s] INFO:colcon.colcon_core.shell:Creating package descriptor '/home/burger/lab3/Intro-to-Robotics-Research-Labs/lab3_ws/install/team_rocket_nodes/share/team_rocket_nodes/package.dsv'
[18.278s] INFO:colcon.colcon_core.shell:Creating package script '/home/burger/lab3/Intro-to-Robotics-Research-Labs/lab3_ws/install/team_rocket_nodes/share/team_rocket_nodes/package.sh'
[18.285s] INFO:colcon.colcon_core.shell:Creating package script '/home/burger/lab3/Intro-to-Robotics-Research-Labs/lab3_ws/install/team_rocket_nodes/share/team_rocket_nodes/package.bash'
[18.293s] INFO:colcon.colcon_core.shell:Creating package script '/home/burger/lab3/Intro-to-Robotics-Research-Labs/lab3_ws/install/team_rocket_nodes/share/team_rocket_nodes/package.zsh'
[18.301s] Level 1:colcon.colcon_core.environment:create_file_with_runtime_dependencies(/home/burger/lab3/Intro-to-Robotics-Research-Labs/lab3_ws/install/team_rocket_nodes/share/colcon-core/packages/team_rocket_nodes)
[18.303s] DEBUG:colcon.colcon_parallel_executor.executor.parallel:closing loop
[18.304s] DEBUG:colcon.colcon_parallel_executor.executor.parallel:loop closed
[18.305s] DEBUG:colcon.colcon_parallel_executor.executor.parallel:run_until_complete finished with '0'
[18.306s] DEBUG:colcon.colcon_core.event_reactor:joining thread
[18.393s] INFO:colcon.colcon_core.plugin_system:Skipping extension 'colcon_notification.desktop_notification.notify_send': Could not find 'notify-send'
[18.393s] INFO:colcon.colcon_core.plugin_system:Skipping extension 'colcon_notification.desktop_notification.terminal_notifier': Not used on non-Darwin systems
[18.393s] INFO:colcon.colcon_core.plugin_system:Skipping extension 'colcon_notification.desktop_notification.win32': Not used on non-Windows systems
[18.394s] INFO:colcon.colcon_notification.desktop_notification:Sending desktop notification using 'notify2'
[18.470s] DEBUG:colcon.colcon_notification.desktop_notification.notify2:Failed to initialize notify2: org.freedesktop.DBus.Error.ServiceUnknown: The name org.freedesktop.Notifications was not provided by any .service files
[18.471s] DEBUG:colcon.colcon_core.event_reactor:joined thread
[18.534s] INFO:colcon.colcon_core.shell:Creating prefix script '/home/burger/lab3/Intro-to-Robotics-Research-Labs/lab3_ws/install/local_setup.ps1'
[18.539s] INFO:colcon.colcon_core.shell:Creating prefix util module '/home/burger/lab3/Intro-to-Robotics-Research-Labs/lab3_ws/install/_local_setup_util_ps1.py'
[18.549s] INFO:colcon.colcon_core.shell:Creating prefix chain script '/home/burger/lab3/Intro-to-Robotics-Research-Labs/lab3_ws/install/setup.ps1'
[18.611s] INFO:colcon.colcon_core.shell:Creating prefix script '/home/burger/lab3/Intro-to-Robotics-Research-Labs/lab3_ws/install/local_setup.sh'
[18.617s] INFO:colcon.colcon_core.shell:Creating prefix util module '/home/burger/lab3/Intro-to-Robotics-Research-Labs/lab3_ws/install/_local_setup_util_sh.py'
[18.619s] INFO:colcon.colcon_core.shell:Creating prefix chain script '/home/burger/lab3/Intro-to-Robotics-Research-Labs/lab3_ws/install/setup.sh'
[18.685s] INFO:colcon.colcon_core.shell:Creating prefix script '/home/burger/lab3/Intro-to-Robotics-Research-Labs/lab3_ws/install/local_setup.bash'
[18.690s] INFO:colcon.colcon_core.shell:Creating prefix chain script '/home/burger/lab3/Intro-to-Robotics-Research-Labs/lab3_ws/install/setup.bash'
[18.752s] INFO:colcon.colcon_core.shell:Creating prefix script '/home/burger/lab3/Intro-to-Robotics-Research-Labs/lab3_ws/install/local_setup.zsh'
[18.758s] INFO:colcon.colcon_core.shell:Creating prefix chain script '/home/burger/lab3/Intro-to-Robotics-Research-Labs/lab3_ws/install/setup.zsh'
