[1.500s] Invoking command in '/home/augustmenard/Intro-to-Robotics-Research-Labs/lab5_ws/src/turtlebot3/turtlebot3_example': AMENT_PREFIX_PATH=/home/augustmenard/Intro-to-Robotics-Research-Labs/lab5_ws/install/turtlebot3_msgs:${AMENT_PREFIX_PATH} CMAKE_PREFIX_PATH=/home/augustmenard/Intro-to-Robotics-Research-Labs/lab5_ws/install/turtlebot3_msgs:${CMAKE_PREFIX_PATH} LD_LIBRARY_PATH=/home/augustmenard/Intro-to-Robotics-Research-Labs/lab5_ws/install/turtlebot3_msgs/lib:/home/augustmenard/turtlebot3_ws/install/turtlebot3_msgs/lib:/home/augustmenard/turtlebot3_ws/install/dynamixel_sdk_custom_interfaces/lib:/home/augustmenard/turtlebot3_ws/install/dynamixel_sdk/lib:/usr/lib/x86_64-linux-gnu/gazebo-11/plugins:/opt/ros/humble/opt/rviz_ogre_vendor/lib:/opt/ros/humble/lib/x86_64-linux-gnu:/opt/ros/humble/lib:/usr/lib/x86_64-linux-gnu/gazebo-11/plugins PYTHONPATH=/home/augustmenard/Intro-to-Robotics-Research-Labs/lab5_ws/build/turtlebot3_example/prefix_override:/usr/lib/python3/dist-packages/colcon_core/task/python/colcon_distutils_commands:/home/augustmenard/Intro-to-Robotics-Research-Labs/lab5_ws/install/turtlebot3_example/lib/python3.10/site-packages:/home/augustmenard/Intro-to-Robotics-Research-Labs/lab5_ws/install/turtlebot3_msgs/local/lib/python3.10/dist-packages:${PYTHONPATH} /usr/bin/python3 -W ignore:setup.py install is deprecated -W ignore:easy_install command is deprecated setup.py egg_info --egg-base ../../../build/turtlebot3_example build --build-base /home/augustmenard/Intro-to-Robotics-Research-Labs/lab5_ws/build/turtlebot3_example/build install --record /home/augustmenard/Intro-to-Robotics-Research-Labs/lab5_ws/build/turtlebot3_example/install.log --single-version-externally-managed install_data
[2.006s] running egg_info
[2.007s] creating ../../../build/turtlebot3_example/turtlebot3_example.egg-info
[2.007s] writing ../../../build/turtlebot3_example/turtlebot3_example.egg-info/PKG-INFO
[2.008s] writing dependency_links to ../../../build/turtlebot3_example/turtlebot3_example.egg-info/dependency_links.txt
[2.008s] writing entry points to ../../../build/turtlebot3_example/turtlebot3_example.egg-info/entry_points.txt
[2.010s] writing requirements to ../../../build/turtlebot3_example/turtlebot3_example.egg-info/requires.txt
[2.010s] writing top-level names to ../../../build/turtlebot3_example/turtlebot3_example.egg-info/top_level.txt
[2.010s] writing manifest file '../../../build/turtlebot3_example/turtlebot3_example.egg-info/SOURCES.txt'
[2.012s] reading manifest file '../../../build/turtlebot3_example/turtlebot3_example.egg-info/SOURCES.txt'
[2.014s] writing manifest file '../../../build/turtlebot3_example/turtlebot3_example.egg-info/SOURCES.txt'
[2.014s] running build
[2.014s] running build_py
[2.015s] creating /home/augustmenard/Intro-to-Robotics-Research-Labs/lab5_ws/build/turtlebot3_example/build
[2.015s] creating /home/augustmenard/Intro-to-Robotics-Research-Labs/lab5_ws/build/turtlebot3_example/build/lib
[2.015s] creating /home/augustmenard/Intro-to-Robotics-Research-Labs/lab5_ws/build/turtlebot3_example/build/lib/turtlebot3_example
[2.015s] copying turtlebot3_example/__init__.py -> /home/augustmenard/Intro-to-Robotics-Research-Labs/lab5_ws/build/turtlebot3_example/build/lib/turtlebot3_example
[2.019s] creating /home/augustmenard/Intro-to-Robotics-Research-Labs/lab5_ws/build/turtlebot3_example/build/lib/turtlebot3_example/turtlebot3_interactive_marker
[2.019s] copying turtlebot3_example/turtlebot3_interactive_marker/__init__.py -> /home/augustmenard/Intro-to-Robotics-Research-Labs/lab5_ws/build/turtlebot3_example/build/lib/turtlebot3_example/turtlebot3_interactive_marker
[2.019s] copying turtlebot3_example/turtlebot3_interactive_marker/turtlebot3_interactive_marker.py -> /home/augustmenard/Intro-to-Robotics-Research-Labs/lab5_ws/build/turtlebot3_example/build/lib/turtlebot3_example/turtlebot3_interactive_marker
[2.019s] creating /home/augustmenard/Intro-to-Robotics-Research-Labs/lab5_ws/build/turtlebot3_example/build/lib/turtlebot3_example/turtlebot3_obstacle_detection
[2.019s] copying turtlebot3_example/turtlebot3_obstacle_detection/__init__.py -> /home/augustmenard/Intro-to-Robotics-Research-Labs/lab5_ws/build/turtlebot3_example/build/lib/turtlebot3_example/turtlebot3_obstacle_detection
[2.020s] copying turtlebot3_example/turtlebot3_obstacle_detection/turtlebot3_obstacle_detection.py -> /home/augustmenard/Intro-to-Robotics-Research-Labs/lab5_ws/build/turtlebot3_example/build/lib/turtlebot3_example/turtlebot3_obstacle_detection
[2.020s] creating /home/augustmenard/Intro-to-Robotics-Research-Labs/lab5_ws/build/turtlebot3_example/build/lib/turtlebot3_example/turtlebot3_patrol
[2.020s] copying turtlebot3_example/turtlebot3_patrol/__init__.py -> /home/augustmenard/Intro-to-Robotics-Research-Labs/lab5_ws/build/turtlebot3_example/build/lib/turtlebot3_example/turtlebot3_patrol
[2.020s] copying turtlebot3_example/turtlebot3_patrol/turtlebot3_patrol_server.py -> /home/augustmenard/Intro-to-Robotics-Research-Labs/lab5_ws/build/turtlebot3_example/build/lib/turtlebot3_example/turtlebot3_patrol
[2.020s] copying turtlebot3_example/turtlebot3_patrol/turtlebot3_patrol_client.py -> /home/augustmenard/Intro-to-Robotics-Research-Labs/lab5_ws/build/turtlebot3_example/build/lib/turtlebot3_example/turtlebot3_patrol
[2.020s] creating /home/augustmenard/Intro-to-Robotics-Research-Labs/lab5_ws/build/turtlebot3_example/build/lib/turtlebot3_example/turtlebot3_relative_move
[2.020s] copying turtlebot3_example/turtlebot3_relative_move/__init__.py -> /home/augustmenard/Intro-to-Robotics-Research-Labs/lab5_ws/build/turtlebot3_example/build/lib/turtlebot3_example/turtlebot3_relative_move
[2.020s] copying turtlebot3_example/turtlebot3_relative_move/turtlebot3_relative_move.py -> /home/augustmenard/Intro-to-Robotics-Research-Labs/lab5_ws/build/turtlebot3_example/build/lib/turtlebot3_example/turtlebot3_relative_move
[2.020s] creating /home/augustmenard/Intro-to-Robotics-Research-Labs/lab5_ws/build/turtlebot3_example/build/lib/turtlebot3_example/turtlebot3_absolute_move
[2.021s] copying turtlebot3_example/turtlebot3_absolute_move/__init__.py -> /home/augustmenard/Intro-to-Robotics-Research-Labs/lab5_ws/build/turtlebot3_example/build/lib/turtlebot3_example/turtlebot3_absolute_move
[2.021s] copying turtlebot3_example/turtlebot3_absolute_move/turtlebot3_absolute_move.py -> /home/augustmenard/Intro-to-Robotics-Research-Labs/lab5_ws/build/turtlebot3_example/build/lib/turtlebot3_example/turtlebot3_absolute_move
[2.021s] running install
[2.021s] running install_lib
[2.021s] creating /home/augustmenard/Intro-to-Robotics-Research-Labs/lab5_ws/install/turtlebot3_example/lib/python3.10/site-packages/turtlebot3_example
[2.021s] copying /home/augustmenard/Intro-to-Robotics-Research-Labs/lab5_ws/build/turtlebot3_example/build/lib/turtlebot3_example/__init__.py -> /home/augustmenard/Intro-to-Robotics-Research-Labs/lab5_ws/install/turtlebot3_example/lib/python3.10/site-packages/turtlebot3_example
[2.022s] creating /home/augustmenard/Intro-to-Robotics-Research-Labs/lab5_ws/install/turtlebot3_example/lib/python3.10/site-packages/turtlebot3_example/turtlebot3_interactive_marker
[2.022s] copying /home/augustmenard/Intro-to-Robotics-Research-Labs/lab5_ws/build/turtlebot3_example/build/lib/turtlebot3_example/turtlebot3_interactive_marker/__init__.py -> /home/augustmenard/Intro-to-Robotics-Research-Labs/lab5_ws/install/turtlebot3_example/lib/python3.10/site-packages/turtlebot3_example/turtlebot3_interactive_marker
[2.022s] copying /home/augustmenard/Intro-to-Robotics-Research-Labs/lab5_ws/build/turtlebot3_example/build/lib/turtlebot3_example/turtlebot3_interactive_marker/turtlebot3_interactive_marker.py -> /home/augustmenard/Intro-to-Robotics-Research-Labs/lab5_ws/install/turtlebot3_example/lib/python3.10/site-packages/turtlebot3_example/turtlebot3_interactive_marker
[2.022s] creating /home/augustmenard/Intro-to-Robotics-Research-Labs/lab5_ws/install/turtlebot3_example/lib/python3.10/site-packages/turtlebot3_example/turtlebot3_obstacle_detection
[2.022s] copying /home/augustmenard/Intro-to-Robotics-Research-Labs/lab5_ws/build/turtlebot3_example/build/lib/turtlebot3_example/turtlebot3_obstacle_detection/__init__.py -> /home/augustmenard/Intro-to-Robotics-Research-Labs/lab5_ws/install/turtlebot3_example/lib/python3.10/site-packages/turtlebot3_example/turtlebot3_obstacle_detection
[2.022s] copying /home/augustmenard/Intro-to-Robotics-Research-Labs/lab5_ws/build/turtlebot3_example/build/lib/turtlebot3_example/turtlebot3_obstacle_detection/turtlebot3_obstacle_detection.py -> /home/augustmenard/Intro-to-Robotics-Research-Labs/lab5_ws/install/turtlebot3_example/lib/python3.10/site-packages/turtlebot3_example/turtlebot3_obstacle_detection
[2.026s] creating /home/augustmenard/Intro-to-Robotics-Research-Labs/lab5_ws/install/turtlebot3_example/lib/python3.10/site-packages/turtlebot3_example/turtlebot3_patrol
[2.026s] copying /home/augustmenard/Intro-to-Robotics-Research-Labs/lab5_ws/build/turtlebot3_example/build/lib/turtlebot3_example/turtlebot3_patrol/__init__.py -> /home/augustmenard/Intro-to-Robotics-Research-Labs/lab5_ws/install/turtlebot3_example/lib/python3.10/site-packages/turtlebot3_example/turtlebot3_patrol
[2.026s] copying /home/augustmenard/Intro-to-Robotics-Research-Labs/lab5_ws/build/turtlebot3_example/build/lib/turtlebot3_example/turtlebot3_patrol/turtlebot3_patrol_server.py -> /home/augustmenard/Intro-to-Robotics-Research-Labs/lab5_ws/install/turtlebot3_example/lib/python3.10/site-packages/turtlebot3_example/turtlebot3_patrol
[2.026s] copying /home/augustmenard/Intro-to-Robotics-Research-Labs/lab5_ws/build/turtlebot3_example/build/lib/turtlebot3_example/turtlebot3_patrol/turtlebot3_patrol_client.py -> /home/augustmenard/Intro-to-Robotics-Research-Labs/lab5_ws/install/turtlebot3_example/lib/python3.10/site-packages/turtlebot3_example/turtlebot3_patrol
[2.026s] creating /home/augustmenard/Intro-to-Robotics-Research-Labs/lab5_ws/install/turtlebot3_example/lib/python3.10/site-packages/turtlebot3_example/turtlebot3_relative_move
[2.027s] copying /home/augustmenard/Intro-to-Robotics-Research-Labs/lab5_ws/build/turtlebot3_example/build/lib/turtlebot3_example/turtlebot3_relative_move/__init__.py -> /home/augustmenard/Intro-to-Robotics-Research-Labs/lab5_ws/install/turtlebot3_example/lib/python3.10/site-packages/turtlebot3_example/turtlebot3_relative_move
[2.027s] copying /home/augustmenard/Intro-to-Robotics-Research-Labs/lab5_ws/build/turtlebot3_example/build/lib/turtlebot3_example/turtlebot3_relative_move/turtlebot3_relative_move.py -> /home/augustmenard/Intro-to-Robotics-Research-Labs/lab5_ws/install/turtlebot3_example/lib/python3.10/site-packages/turtlebot3_example/turtlebot3_relative_move
[2.027s] creating /home/augustmenard/Intro-to-Robotics-Research-Labs/lab5_ws/install/turtlebot3_example/lib/python3.10/site-packages/turtlebot3_example/turtlebot3_absolute_move
[2.027s] copying /home/augustmenard/Intro-to-Robotics-Research-Labs/lab5_ws/build/turtlebot3_example/build/lib/turtlebot3_example/turtlebot3_absolute_move/__init__.py -> /home/augustmenard/Intro-to-Robotics-Research-Labs/lab5_ws/install/turtlebot3_example/lib/python3.10/site-packages/turtlebot3_example/turtlebot3_absolute_move
[2.027s] copying /home/augustmenard/Intro-to-Robotics-Research-Labs/lab5_ws/build/turtlebot3_example/build/lib/turtlebot3_example/turtlebot3_absolute_move/turtlebot3_absolute_move.py -> /home/augustmenard/Intro-to-Robotics-Research-Labs/lab5_ws/install/turtlebot3_example/lib/python3.10/site-packages/turtlebot3_example/turtlebot3_absolute_move
[2.027s] byte-compiling /home/augustmenard/Intro-to-Robotics-Research-Labs/lab5_ws/install/turtlebot3_example/lib/python3.10/site-packages/turtlebot3_example/__init__.py to __init__.cpython-310.pyc
[2.027s] byte-compiling /home/augustmenard/Intro-to-Robotics-Research-Labs/lab5_ws/install/turtlebot3_example/lib/python3.10/site-packages/turtlebot3_example/turtlebot3_interactive_marker/__init__.py to __init__.cpython-310.pyc
[2.027s] byte-compiling /home/augustmenard/Intro-to-Robotics-Research-Labs/lab5_ws/install/turtlebot3_example/lib/python3.10/site-packages/turtlebot3_example/turtlebot3_interactive_marker/turtlebot3_interactive_marker.py to turtlebot3_interactive_marker.cpython-310.pyc
[2.028s] byte-compiling /home/augustmenard/Intro-to-Robotics-Research-Labs/lab5_ws/install/turtlebot3_example/lib/python3.10/site-packages/turtlebot3_example/turtlebot3_obstacle_detection/__init__.py to __init__.cpython-310.pyc
[2.028s] byte-compiling /home/augustmenard/Intro-to-Robotics-Research-Labs/lab5_ws/install/turtlebot3_example/lib/python3.10/site-packages/turtlebot3_example/turtlebot3_obstacle_detection/turtlebot3_obstacle_detection.py to turtlebot3_obstacle_detection.cpython-310.pyc
[2.029s] byte-compiling /home/augustmenard/Intro-to-Robotics-Research-Labs/lab5_ws/install/turtlebot3_example/lib/python3.10/site-packages/turtlebot3_example/turtlebot3_patrol/__init__.py to __init__.cpython-310.pyc
[2.029s] byte-compiling /home/augustmenard/Intro-to-Robotics-Research-Labs/lab5_ws/install/turtlebot3_example/lib/python3.10/site-packages/turtlebot3_example/turtlebot3_patrol/turtlebot3_patrol_server.py to turtlebot3_patrol_server.cpython-310.pyc
[2.032s] byte-compiling /home/augustmenard/Intro-to-Robotics-Research-Labs/lab5_ws/install/turtlebot3_example/lib/python3.10/site-packages/turtlebot3_example/turtlebot3_patrol/turtlebot3_patrol_client.py to turtlebot3_patrol_client.cpython-310.pyc
[2.036s] byte-compiling /home/augustmenard/Intro-to-Robotics-Research-Labs/lab5_ws/install/turtlebot3_example/lib/python3.10/site-packages/turtlebot3_example/turtlebot3_relative_move/__init__.py to __init__.cpython-310.pyc
[2.036s] byte-compiling /home/augustmenard/Intro-to-Robotics-Research-Labs/lab5_ws/install/turtlebot3_example/lib/python3.10/site-packages/turtlebot3_example/turtlebot3_relative_move/turtlebot3_relative_move.py to turtlebot3_relative_move.cpython-310.pyc
[2.039s] byte-compiling /home/augustmenard/Intro-to-Robotics-Research-Labs/lab5_ws/install/turtlebot3_example/lib/python3.10/site-packages/turtlebot3_example/turtlebot3_absolute_move/__init__.py to __init__.cpython-310.pyc
[2.046s] byte-compiling /home/augustmenard/Intro-to-Robotics-Research-Labs/lab5_ws/install/turtlebot3_example/lib/python3.10/site-packages/turtlebot3_example/turtlebot3_absolute_move/turtlebot3_absolute_move.py to turtlebot3_absolute_move.cpython-310.pyc
[2.046s] running install_data
[2.046s] creating /home/augustmenard/Intro-to-Robotics-Research-Labs/lab5_ws/install/turtlebot3_example/share/ament_index
[2.046s] creating /home/augustmenard/Intro-to-Robotics-Research-Labs/lab5_ws/install/turtlebot3_example/share/ament_index/resource_index
[2.046s] creating /home/augustmenard/Intro-to-Robotics-Research-Labs/lab5_ws/install/turtlebot3_example/share/ament_index/resource_index/packages
[2.046s] copying resource/turtlebot3_example -> /home/augustmenard/Intro-to-Robotics-Research-Labs/lab5_ws/install/turtlebot3_example/share/ament_index/resource_index/packages
[2.047s] copying package.xml -> /home/augustmenard/Intro-to-Robotics-Research-Labs/lab5_ws/install/turtlebot3_example/share/turtlebot3_example
[2.047s] running install_egg_info
[2.052s] Copying ../../../build/turtlebot3_example/turtlebot3_example.egg-info to /home/augustmenard/Intro-to-Robotics-Research-Labs/lab5_ws/install/turtlebot3_example/lib/python3.10/site-packages/turtlebot3_example-2.3.3-py3.10.egg-info
[2.053s] running install_scripts
[2.107s] Installing turtlebot3_absolute_move script to /home/augustmenard/Intro-to-Robotics-Research-Labs/lab5_ws/install/turtlebot3_example/lib/turtlebot3_example
[2.108s] Installing turtlebot3_interactive_marker script to /home/augustmenard/Intro-to-Robotics-Research-Labs/lab5_ws/install/turtlebot3_example/lib/turtlebot3_example
[2.108s] Installing turtlebot3_obstacle_detection script to /home/augustmenard/Intro-to-Robotics-Research-Labs/lab5_ws/install/turtlebot3_example/lib/turtlebot3_example
[2.109s] Installing turtlebot3_patrol_client script to /home/augustmenard/Intro-to-Robotics-Research-Labs/lab5_ws/install/turtlebot3_example/lib/turtlebot3_example
[2.109s] Installing turtlebot3_patrol_server script to /home/augustmenard/Intro-to-Robotics-Research-Labs/lab5_ws/install/turtlebot3_example/lib/turtlebot3_example
[2.109s] Installing turtlebot3_relative_move script to /home/augustmenard/Intro-to-Robotics-Research-Labs/lab5_ws/install/turtlebot3_example/lib/turtlebot3_example
[2.111s] writing list of installed files to '/home/augustmenard/Intro-to-Robotics-Research-Labs/lab5_ws/build/turtlebot3_example/install.log'
[2.157s] Invoked command in '/home/augustmenard/Intro-to-Robotics-Research-Labs/lab5_ws/src/turtlebot3/turtlebot3_example' returned '0': AMENT_PREFIX_PATH=/home/augustmenard/Intro-to-Robotics-Research-Labs/lab5_ws/install/turtlebot3_msgs:${AMENT_PREFIX_PATH} CMAKE_PREFIX_PATH=/home/augustmenard/Intro-to-Robotics-Research-Labs/lab5_ws/install/turtlebot3_msgs:${CMAKE_PREFIX_PATH} LD_LIBRARY_PATH=/home/augustmenard/Intro-to-Robotics-Research-Labs/lab5_ws/install/turtlebot3_msgs/lib:/home/augustmenard/turtlebot3_ws/install/turtlebot3_msgs/lib:/home/augustmenard/turtlebot3_ws/install/dynamixel_sdk_custom_interfaces/lib:/home/augustmenard/turtlebot3_ws/install/dynamixel_sdk/lib:/usr/lib/x86_64-linux-gnu/gazebo-11/plugins:/opt/ros/humble/opt/rviz_ogre_vendor/lib:/opt/ros/humble/lib/x86_64-linux-gnu:/opt/ros/humble/lib:/usr/lib/x86_64-linux-gnu/gazebo-11/plugins PYTHONPATH=/home/augustmenard/Intro-to-Robotics-Research-Labs/lab5_ws/build/turtlebot3_example/prefix_override:/usr/lib/python3/dist-packages/colcon_core/task/python/colcon_distutils_commands:/home/augustmenard/Intro-to-Robotics-Research-Labs/lab5_ws/install/turtlebot3_example/lib/python3.10/site-packages:/home/augustmenard/Intro-to-Robotics-Research-Labs/lab5_ws/install/turtlebot3_msgs/local/lib/python3.10/dist-packages:${PYTHONPATH} /usr/bin/python3 -W ignore:setup.py install is deprecated -W ignore:easy_install command is deprecated setup.py egg_info --egg-base ../../../build/turtlebot3_example build --build-base /home/augustmenard/Intro-to-Robotics-Research-Labs/lab5_ws/build/turtlebot3_example/build install --record /home/augustmenard/Intro-to-Robotics-Research-Labs/lab5_ws/build/turtlebot3_example/install.log --single-version-externally-managed install_data
