[4.945s] Invoking command in '/home/burger/Intro-to-Robotics-Research-Labs/lab4_ws/src/team_rocket_navigate_to_goal': PYTHONPATH=/home/burger/Intro-to-Robotics-Research-Labs/lab4_ws/build/team_rocket_navigate_to_goal/prefix_override:/home/burger/Intro-to-Robotics-Research-Labs/lab4_ws/install/team_rocket_navigate_to_goal/lib/python3.10/site-packages:${PYTHONPATH} /usr/bin/python3 setup.py egg_info --egg-base ../../build/team_rocket_navigate_to_goal build --build-base /home/burger/Intro-to-Robotics-Research-Labs/lab4_ws/build/team_rocket_navigate_to_goal/build install --record /home/burger/Intro-to-Robotics-Research-Labs/lab4_ws/build/team_rocket_navigate_to_goal/install.log --single-version-externally-managed
[5.852s] running egg_info
[5.908s] writing ../../build/team_rocket_navigate_to_goal/team_rocket_navigate_to_goal.egg-info/PKG-INFO
[5.910s] writing dependency_links to ../../build/team_rocket_navigate_to_goal/team_rocket_navigate_to_goal.egg-info/dependency_links.txt
[5.911s] writing entry points to ../../build/team_rocket_navigate_to_goal/team_rocket_navigate_to_goal.egg-info/entry_points.txt
[5.912s] writing requirements to ../../build/team_rocket_navigate_to_goal/team_rocket_navigate_to_goal.egg-info/requires.txt
[5.913s] writing top-level names to ../../build/team_rocket_navigate_to_goal/team_rocket_navigate_to_goal.egg-info/top_level.txt
[6.034s] reading manifest file '../../build/team_rocket_navigate_to_goal/team_rocket_navigate_to_goal.egg-info/SOURCES.txt'
[6.037s] adding license file 'LICENSE'
[6.041s] writing manifest file '../../build/team_rocket_navigate_to_goal/team_rocket_navigate_to_goal.egg-info/SOURCES.txt'
[6.042s] running build
[6.042s] running build_py
[6.043s] copying team_rocket_navigate_to_goal/goToGoal.py -> /home/burger/Intro-to-Robotics-Research-Labs/lab4_ws/build/team_rocket_navigate_to_goal/build/lib/team_rocket_navigate_to_goal
[6.045s] running install
[6.048s] /usr/local/lib/python3.10/dist-packages/setuptools/_distutils/cmd.py:66: SetuptoolsDeprecationWarning: setup.py install is deprecated.
[6.049s] !!
[6.049s] 
[6.049s]         ********************************************************************************
[6.050s]         Please avoid running ``setup.py`` directly.
[6.050s]         Instead, use pypa/build, pypa/installer or other
[6.050s]         standards-based tools.
[6.051s] 
[6.051s]         See https://blog.ganssle.io/articles/2021/10/setup-py-deprecated.html for details.
[6.052s]         ********************************************************************************
[6.052s] 
[6.052s] !!
[6.052s]   self.initialize_options()
[6.071s] running install_lib
[6.128s] copying /home/burger/Intro-to-Robotics-Research-Labs/lab4_ws/build/team_rocket_navigate_to_goal/build/lib/team_rocket_navigate_to_goal/goToGoal.py -> /home/burger/Intro-to-Robotics-Research-Labs/lab4_ws/install/team_rocket_navigate_to_goal/lib/python3.10/site-packages/team_rocket_navigate_to_goal
[6.132s] running install_data
[6.207s] error: can't copy 'launch/__pycache__': doesn't exist or not a regular file
[6.310s] Invoked command in '/home/burger/Intro-to-Robotics-Research-Labs/lab4_ws/src/team_rocket_navigate_to_goal' returned '1': PYTHONPATH=/home/burger/Intro-to-Robotics-Research-Labs/lab4_ws/build/team_rocket_navigate_to_goal/prefix_override:/home/burger/Intro-to-Robotics-Research-Labs/lab4_ws/install/team_rocket_navigate_to_goal/lib/python3.10/site-packages:${PYTHONPATH} /usr/bin/python3 setup.py egg_info --egg-base ../../build/team_rocket_navigate_to_goal build --build-base /home/burger/Intro-to-Robotics-Research-Labs/lab4_ws/build/team_rocket_navigate_to_goal/build install --record /home/burger/Intro-to-Robotics-Research-Labs/lab4_ws/build/team_rocket_navigate_to_goal/install.log --single-version-externally-managed
