[1.079s] Invoking command in '/home/augustmenard/Intro-to-Robotics-Research-Labs/final_ws/src/turtlebot3/turtlebot3_teleop': PYTHONPATH=/home/augustmenard/Intro-to-Robotics-Research-Labs/final_ws/build/turtlebot3_teleop/prefix_override:/usr/lib/python3/dist-packages/colcon_core/task/python/colcon_distutils_commands:/home/augustmenard/Intro-to-Robotics-Research-Labs/final_ws/install/turtlebot3_teleop/lib/python3.10/site-packages:${PYTHONPATH} /usr/bin/python3 -W ignore:setup.py install is deprecated -W ignore:easy_install command is deprecated setup.py egg_info --egg-base ../../../build/turtlebot3_teleop build --build-base /home/augustmenard/Intro-to-Robotics-Research-Labs/final_ws/build/turtlebot3_teleop/build install --record /home/augustmenard/Intro-to-Robotics-Research-Labs/final_ws/build/turtlebot3_teleop/install.log --single-version-externally-managed install_data
[1.391s] running egg_info
[1.392s] writing ../../../build/turtlebot3_teleop/turtlebot3_teleop.egg-info/PKG-INFO
[1.392s] writing dependency_links to ../../../build/turtlebot3_teleop/turtlebot3_teleop.egg-info/dependency_links.txt
[1.392s] writing entry points to ../../../build/turtlebot3_teleop/turtlebot3_teleop.egg-info/entry_points.txt
[1.392s] writing requirements to ../../../build/turtlebot3_teleop/turtlebot3_teleop.egg-info/requires.txt
[1.392s] writing top-level names to ../../../build/turtlebot3_teleop/turtlebot3_teleop.egg-info/top_level.txt
[1.394s] reading manifest file '../../../build/turtlebot3_teleop/turtlebot3_teleop.egg-info/SOURCES.txt'
[1.395s] writing manifest file '../../../build/turtlebot3_teleop/turtlebot3_teleop.egg-info/SOURCES.txt'
[1.395s] running build
[1.395s] running build_py
[1.395s] running install
[1.396s] running install_lib
[1.397s] running install_data
[1.398s] running install_egg_info
[1.400s] removing '/home/augustmenard/Intro-to-Robotics-Research-Labs/final_ws/install/turtlebot3_teleop/lib/python3.10/site-packages/turtlebot3_teleop-2.3.3-py3.10.egg-info' (and everything under it)
[1.400s] Copying ../../../build/turtlebot3_teleop/turtlebot3_teleop.egg-info to /home/augustmenard/Intro-to-Robotics-Research-Labs/final_ws/install/turtlebot3_teleop/lib/python3.10/site-packages/turtlebot3_teleop-2.3.3-py3.10.egg-info
[1.401s] running install_scripts
[1.422s] Installing teleop_keyboard script to /home/augustmenard/Intro-to-Robotics-Research-Labs/final_ws/install/turtlebot3_teleop/lib/turtlebot3_teleop
[1.422s] writing list of installed files to '/home/augustmenard/Intro-to-Robotics-Research-Labs/final_ws/build/turtlebot3_teleop/install.log'
[1.449s] Invoked command in '/home/augustmenard/Intro-to-Robotics-Research-Labs/final_ws/src/turtlebot3/turtlebot3_teleop' returned '0': PYTHONPATH=/home/augustmenard/Intro-to-Robotics-Research-Labs/final_ws/build/turtlebot3_teleop/prefix_override:/usr/lib/python3/dist-packages/colcon_core/task/python/colcon_distutils_commands:/home/augustmenard/Intro-to-Robotics-Research-Labs/final_ws/install/turtlebot3_teleop/lib/python3.10/site-packages:${PYTHONPATH} /usr/bin/python3 -W ignore:setup.py install is deprecated -W ignore:easy_install command is deprecated setup.py egg_info --egg-base ../../../build/turtlebot3_teleop build --build-base /home/augustmenard/Intro-to-Robotics-Research-Labs/final_ws/build/turtlebot3_teleop/build install --record /home/augustmenard/Intro-to-Robotics-Research-Labs/final_ws/build/turtlebot3_teleop/install.log --single-version-externally-managed install_data
