[0.654s] Invoking command in '/home/augustmenard/Intro-to-Robotics-Research-Labs/lab2_ws/src/TeamRocket_object_follower': PYTHONPATH=/home/augustmenard/Intro-to-Robotics-Research-Labs/lab2_ws/build/TeamRocket_object_follower/prefix_override:/usr/lib/python3/dist-packages/colcon_core/task/python/colcon_distutils_commands:/home/augustmenard/Intro-to-Robotics-Research-Labs/lab2_ws/install/TeamRocket_object_follower/lib/python3.10/site-packages:${PYTHONPATH} /usr/bin/python3 -W ignore:setup.py install is deprecated -W ignore:easy_install command is deprecated setup.py egg_info --egg-base ../../build/TeamRocket_object_follower build --build-base /home/augustmenard/Intro-to-Robotics-Research-Labs/lab2_ws/build/TeamRocket_object_follower/build install --record /home/augustmenard/Intro-to-Robotics-Research-Labs/lab2_ws/build/TeamRocket_object_follower/install.log --single-version-externally-managed install_data
[0.836s] running egg_info
[0.838s] writing ../../build/TeamRocket_object_follower/TeamRocket_object_follower.egg-info/PKG-INFO
[0.838s] writing dependency_links to ../../build/TeamRocket_object_follower/TeamRocket_object_follower.egg-info/dependency_links.txt
[0.838s] writing entry points to ../../build/TeamRocket_object_follower/TeamRocket_object_follower.egg-info/entry_points.txt
[0.838s] writing requirements to ../../build/TeamRocket_object_follower/TeamRocket_object_follower.egg-info/requires.txt
[0.838s] writing top-level names to ../../build/TeamRocket_object_follower/TeamRocket_object_follower.egg-info/top_level.txt
[0.839s] reading manifest file '../../build/TeamRocket_object_follower/TeamRocket_object_follower.egg-info/SOURCES.txt'
[0.839s] adding license file 'LICENSE'
[0.840s] writing manifest file '../../build/TeamRocket_object_follower/TeamRocket_object_follower.egg-info/SOURCES.txt'
[0.840s] running build
[0.840s] running build_py
[0.840s] copying TeamRocket_object_follower/rotate_robot.py -> /home/augustmenard/Intro-to-Robotics-Research-Labs/lab2_ws/build/TeamRocket_object_follower/build/lib/TeamRocket_object_follower
[0.840s] running install
[0.840s] running install_lib
[0.841s] copying /home/augustmenard/Intro-to-Robotics-Research-Labs/lab2_ws/build/TeamRocket_object_follower/build/lib/TeamRocket_object_follower/rotate_robot.py -> /home/augustmenard/Intro-to-Robotics-Research-Labs/lab2_ws/install/TeamRocket_object_follower/lib/python3.10/site-packages/TeamRocket_object_follower
[0.841s] byte-compiling /home/augustmenard/Intro-to-Robotics-Research-Labs/lab2_ws/install/TeamRocket_object_follower/lib/python3.10/site-packages/TeamRocket_object_follower/rotate_robot.py to rotate_robot.cpython-310.pyc
[0.842s] running install_data
[0.842s] running install_egg_info
[0.843s] removing '/home/augustmenard/Intro-to-Robotics-Research-Labs/lab2_ws/install/TeamRocket_object_follower/lib/python3.10/site-packages/TeamRocket_object_follower-0.0.0-py3.10.egg-info' (and everything under it)
[0.843s] Copying ../../build/TeamRocket_object_follower/TeamRocket_object_follower.egg-info to /home/augustmenard/Intro-to-Robotics-Research-Labs/lab2_ws/install/TeamRocket_object_follower/lib/python3.10/site-packages/TeamRocket_object_follower-0.0.0-py3.10.egg-info
[0.844s] running install_scripts
[0.859s] writing list of installed files to '/home/augustmenard/Intro-to-Robotics-Research-Labs/lab2_ws/build/TeamRocket_object_follower/install.log'
[0.878s] Invoked command in '/home/augustmenard/Intro-to-Robotics-Research-Labs/lab2_ws/src/TeamRocket_object_follower' returned '0': PYTHONPATH=/home/augustmenard/Intro-to-Robotics-Research-Labs/lab2_ws/build/TeamRocket_object_follower/prefix_override:/usr/lib/python3/dist-packages/colcon_core/task/python/colcon_distutils_commands:/home/augustmenard/Intro-to-Robotics-Research-Labs/lab2_ws/install/TeamRocket_object_follower/lib/python3.10/site-packages:${PYTHONPATH} /usr/bin/python3 -W ignore:setup.py install is deprecated -W ignore:easy_install command is deprecated setup.py egg_info --egg-base ../../build/TeamRocket_object_follower build --build-base /home/augustmenard/Intro-to-Robotics-Research-Labs/lab2_ws/build/TeamRocket_object_follower/build install --record /home/augustmenard/Intro-to-Robotics-Research-Labs/lab2_ws/build/TeamRocket_object_follower/install.log --single-version-externally-managed install_data
