[1.581s] Invoking command in '/home/augustmenard/Intro-to-Robotics-Research-Labs/lab5_ws/src/team_rocket_action_server_client': PYTHONPATH=/home/augustmenard/Intro-to-Robotics-Research-Labs/lab5_ws/build/team_rocket_action_server_client/prefix_override:/usr/lib/python3/dist-packages/colcon_core/task/python/colcon_distutils_commands:/home/augustmenard/Intro-to-Robotics-Research-Labs/lab5_ws/install/team_rocket_action_server_client/lib/python3.10/site-packages:${PYTHONPATH} /usr/bin/python3 -W ignore:setup.py install is deprecated -W ignore:easy_install command is deprecated setup.py egg_info --egg-base ../../build/team_rocket_action_server_client build --build-base /home/augustmenard/Intro-to-Robotics-Research-Labs/lab5_ws/build/team_rocket_action_server_client/build install --record /home/augustmenard/Intro-to-Robotics-Research-Labs/lab5_ws/build/team_rocket_action_server_client/install.log --single-version-externally-managed install_data
[2.017s] running egg_info
[2.018s] writing ../../build/team_rocket_action_server_client/team_rocket_action_server_client.egg-info/PKG-INFO
[2.020s] writing dependency_links to ../../build/team_rocket_action_server_client/team_rocket_action_server_client.egg-info/dependency_links.txt
[2.020s] writing entry points to ../../build/team_rocket_action_server_client/team_rocket_action_server_client.egg-info/entry_points.txt
[2.020s] writing requirements to ../../build/team_rocket_action_server_client/team_rocket_action_server_client.egg-info/requires.txt
[2.021s] writing top-level names to ../../build/team_rocket_action_server_client/team_rocket_action_server_client.egg-info/top_level.txt
[2.022s] reading manifest file '../../build/team_rocket_action_server_client/team_rocket_action_server_client.egg-info/SOURCES.txt'
[2.022s] adding license file 'LICENSE'
[2.023s] writing manifest file '../../build/team_rocket_action_server_client/team_rocket_action_server_client.egg-info/SOURCES.txt'
[2.023s] running build
[2.023s] running build_py
[2.023s] copying team_rocket_action_server_client/action_client.py -> /home/augustmenard/Intro-to-Robotics-Research-Labs/lab5_ws/build/team_rocket_action_server_client/build/lib/team_rocket_action_server_client
[2.024s] running install
[2.024s] running install_lib
[2.025s] copying /home/augustmenard/Intro-to-Robotics-Research-Labs/lab5_ws/build/team_rocket_action_server_client/build/lib/team_rocket_action_server_client/action_client.py -> /home/augustmenard/Intro-to-Robotics-Research-Labs/lab5_ws/install/team_rocket_action_server_client/lib/python3.10/site-packages/team_rocket_action_server_client
[2.026s] byte-compiling /home/augustmenard/Intro-to-Robotics-Research-Labs/lab5_ws/install/team_rocket_action_server_client/lib/python3.10/site-packages/team_rocket_action_server_client/action_client.py to action_client.cpython-310.pyc
[2.027s] running install_data
[2.027s] running install_egg_info
[2.029s] removing '/home/augustmenard/Intro-to-Robotics-Research-Labs/lab5_ws/install/team_rocket_action_server_client/lib/python3.10/site-packages/team_rocket_action_server_client-0.0.0-py3.10.egg-info' (and everything under it)
[2.029s] Copying ../../build/team_rocket_action_server_client/team_rocket_action_server_client.egg-info to /home/augustmenard/Intro-to-Robotics-Research-Labs/lab5_ws/install/team_rocket_action_server_client/lib/python3.10/site-packages/team_rocket_action_server_client-0.0.0-py3.10.egg-info
[2.030s] running install_scripts
[2.058s] Installing action_client script to /home/augustmenard/Intro-to-Robotics-Research-Labs/lab5_ws/install/team_rocket_action_server_client/lib/team_rocket_action_server_client
[2.058s] writing list of installed files to '/home/augustmenard/Intro-to-Robotics-Research-Labs/lab5_ws/build/team_rocket_action_server_client/install.log'
[2.089s] Invoked command in '/home/augustmenard/Intro-to-Robotics-Research-Labs/lab5_ws/src/team_rocket_action_server_client' returned '0': PYTHONPATH=/home/augustmenard/Intro-to-Robotics-Research-Labs/lab5_ws/build/team_rocket_action_server_client/prefix_override:/usr/lib/python3/dist-packages/colcon_core/task/python/colcon_distutils_commands:/home/augustmenard/Intro-to-Robotics-Research-Labs/lab5_ws/install/team_rocket_action_server_client/lib/python3.10/site-packages:${PYTHONPATH} /usr/bin/python3 -W ignore:setup.py install is deprecated -W ignore:easy_install command is deprecated setup.py egg_info --egg-base ../../build/team_rocket_action_server_client build --build-base /home/augustmenard/Intro-to-Robotics-Research-Labs/lab5_ws/build/team_rocket_action_server_client/build install --record /home/augustmenard/Intro-to-Robotics-Research-Labs/lab5_ws/build/team_rocket_action_server_client/install.log --single-version-externally-managed install_data
