[0.479s] Invoking command in '/home/augustmenard/Intro-to-Robotics-Research-Labs/lab4_ws/src/team_rocket_navigate_to_goal': PYTHONPATH=/home/augustmenard/Intro-to-Robotics-Research-Labs/lab4_ws/build/team_rocket_navigate_to_goal/prefix_override:/usr/lib/python3/dist-packages/colcon_core/task/python/colcon_distutils_commands:/home/augustmenard/Intro-to-Robotics-Research-Labs/lab4_ws/install/team_rocket_navigate_to_goal/lib/python3.10/site-packages:${PYTHONPATH} /usr/bin/python3 -W ignore:setup.py install is deprecated -W ignore:easy_install command is deprecated setup.py egg_info --egg-base ../../build/team_rocket_navigate_to_goal build --build-base /home/augustmenard/Intro-to-Robotics-Research-Labs/lab4_ws/build/team_rocket_navigate_to_goal/build install --record /home/augustmenard/Intro-to-Robotics-Research-Labs/lab4_ws/build/team_rocket_navigate_to_goal/install.log --single-version-externally-managed install_data
[0.632s] running egg_info
[0.633s] creating ../../build/team_rocket_navigate_to_goal/team_rocket_navigate_to_goal.egg-info
[0.633s] writing ../../build/team_rocket_navigate_to_goal/team_rocket_navigate_to_goal.egg-info/PKG-INFO
[0.633s] writing dependency_links to ../../build/team_rocket_navigate_to_goal/team_rocket_navigate_to_goal.egg-info/dependency_links.txt
[0.633s] writing entry points to ../../build/team_rocket_navigate_to_goal/team_rocket_navigate_to_goal.egg-info/entry_points.txt
[0.633s] writing requirements to ../../build/team_rocket_navigate_to_goal/team_rocket_navigate_to_goal.egg-info/requires.txt
[0.633s] writing top-level names to ../../build/team_rocket_navigate_to_goal/team_rocket_navigate_to_goal.egg-info/top_level.txt
[0.633s] writing manifest file '../../build/team_rocket_navigate_to_goal/team_rocket_navigate_to_goal.egg-info/SOURCES.txt'
[0.634s] reading manifest file '../../build/team_rocket_navigate_to_goal/team_rocket_navigate_to_goal.egg-info/SOURCES.txt'
[0.634s] adding license file 'LICENSE'
[0.635s] writing manifest file '../../build/team_rocket_navigate_to_goal/team_rocket_navigate_to_goal.egg-info/SOURCES.txt'
[0.635s] running build
[0.635s] running build_py
[0.635s] creating /home/augustmenard/Intro-to-Robotics-Research-Labs/lab4_ws/build/team_rocket_navigate_to_goal/build
[0.635s] creating /home/augustmenard/Intro-to-Robotics-Research-Labs/lab4_ws/build/team_rocket_navigate_to_goal/build/lib
[0.635s] creating /home/augustmenard/Intro-to-Robotics-Research-Labs/lab4_ws/build/team_rocket_navigate_to_goal/build/lib/team_rocket_navigate_to_goal
[0.635s] copying team_rocket_navigate_to_goal/__init__.py -> /home/augustmenard/Intro-to-Robotics-Research-Labs/lab4_ws/build/team_rocket_navigate_to_goal/build/lib/team_rocket_navigate_to_goal
[0.635s] running install
[0.635s] running install_lib
[0.636s] creating /home/augustmenard/Intro-to-Robotics-Research-Labs/lab4_ws/install/team_rocket_navigate_to_goal/lib/python3.10/site-packages/team_rocket_navigate_to_goal
[0.636s] copying /home/augustmenard/Intro-to-Robotics-Research-Labs/lab4_ws/build/team_rocket_navigate_to_goal/build/lib/team_rocket_navigate_to_goal/__init__.py -> /home/augustmenard/Intro-to-Robotics-Research-Labs/lab4_ws/install/team_rocket_navigate_to_goal/lib/python3.10/site-packages/team_rocket_navigate_to_goal
[0.636s] byte-compiling /home/augustmenard/Intro-to-Robotics-Research-Labs/lab4_ws/install/team_rocket_navigate_to_goal/lib/python3.10/site-packages/team_rocket_navigate_to_goal/__init__.py to __init__.cpython-310.pyc
[0.636s] running install_data
[0.637s] creating /home/augustmenard/Intro-to-Robotics-Research-Labs/lab4_ws/install/team_rocket_navigate_to_goal/share/ament_index
[0.637s] creating /home/augustmenard/Intro-to-Robotics-Research-Labs/lab4_ws/install/team_rocket_navigate_to_goal/share/ament_index/resource_index
[0.637s] creating /home/augustmenard/Intro-to-Robotics-Research-Labs/lab4_ws/install/team_rocket_navigate_to_goal/share/ament_index/resource_index/packages
[0.637s] copying resource/team_rocket_navigate_to_goal -> /home/augustmenard/Intro-to-Robotics-Research-Labs/lab4_ws/install/team_rocket_navigate_to_goal/share/ament_index/resource_index/packages
[0.637s] copying package.xml -> /home/augustmenard/Intro-to-Robotics-Research-Labs/lab4_ws/install/team_rocket_navigate_to_goal/share/team_rocket_navigate_to_goal
[0.637s] running install_egg_info
[0.638s] Copying ../../build/team_rocket_navigate_to_goal/team_rocket_navigate_to_goal.egg-info to /home/augustmenard/Intro-to-Robotics-Research-Labs/lab4_ws/install/team_rocket_navigate_to_goal/lib/python3.10/site-packages/team_rocket_navigate_to_goal-0.0.0-py3.10.egg-info
[0.639s] running install_scripts
[0.652s] writing list of installed files to '/home/augustmenard/Intro-to-Robotics-Research-Labs/lab4_ws/build/team_rocket_navigate_to_goal/install.log'
[0.669s] Invoked command in '/home/augustmenard/Intro-to-Robotics-Research-Labs/lab4_ws/src/team_rocket_navigate_to_goal' returned '0': PYTHONPATH=/home/augustmenard/Intro-to-Robotics-Research-Labs/lab4_ws/build/team_rocket_navigate_to_goal/prefix_override:/usr/lib/python3/dist-packages/colcon_core/task/python/colcon_distutils_commands:/home/augustmenard/Intro-to-Robotics-Research-Labs/lab4_ws/install/team_rocket_navigate_to_goal/lib/python3.10/site-packages:${PYTHONPATH} /usr/bin/python3 -W ignore:setup.py install is deprecated -W ignore:easy_install command is deprecated setup.py egg_info --egg-base ../../build/team_rocket_navigate_to_goal build --build-base /home/augustmenard/Intro-to-Robotics-Research-Labs/lab4_ws/build/team_rocket_navigate_to_goal/build install --record /home/augustmenard/Intro-to-Robotics-Research-Labs/lab4_ws/build/team_rocket_navigate_to_goal/install.log --single-version-externally-managed install_data
