running egg_info
creating ../../build/team_rocket_action_server_client/team_rocket_action_server_client.egg-info
writing ../../build/team_rocket_action_server_client/team_rocket_action_server_client.egg-info/PKG-INFO
writing dependency_links to ../../build/team_rocket_action_server_client/team_rocket_action_server_client.egg-info/dependency_links.txt
writing entry points to ../../build/team_rocket_action_server_client/team_rocket_action_server_client.egg-info/entry_points.txt
writing requirements to ../../build/team_rocket_action_server_client/team_rocket_action_server_client.egg-info/requires.txt
writing top-level names to ../../build/team_rocket_action_server_client/team_rocket_action_server_client.egg-info/top_level.txt
writing manifest file '../../build/team_rocket_action_server_client/team_rocket_action_server_client.egg-info/SOURCES.txt'
reading manifest file '../../build/team_rocket_action_server_client/team_rocket_action_server_client.egg-info/SOURCES.txt'
adding license file 'LICENSE'
writing manifest file '../../build/team_rocket_action_server_client/team_rocket_action_server_client.egg-info/SOURCES.txt'
running build
running build_py
creating /home/augustmenard/Intro-to-Robotics-Research-Labs/lab5_ws/build/team_rocket_action_server_client/build
creating /home/augustmenard/Intro-to-Robotics-Research-Labs/lab5_ws/build/team_rocket_action_server_client/build/lib
creating /home/augustmenard/Intro-to-Robotics-Research-Labs/lab5_ws/build/team_rocket_action_server_client/build/lib/team_rocket_action_server_client
copying team_rocket_action_server_client/__init__.py -> /home/augustmenard/Intro-to-Robotics-Research-Labs/lab5_ws/build/team_rocket_action_server_client/build/lib/team_rocket_action_server_client
copying team_rocket_action_server_client/action_client.py -> /home/augustmenard/Intro-to-Robotics-Research-Labs/lab5_ws/build/team_rocket_action_server_client/build/lib/team_rocket_action_server_client
running install
running install_lib
creating /home/augustmenard/Intro-to-Robotics-Research-Labs/lab5_ws/install/team_rocket_action_server_client/lib/python3.10/site-packages/team_rocket_action_server_client
copying /home/augustmenard/Intro-to-Robotics-Research-Labs/lab5_ws/build/team_rocket_action_server_client/build/lib/team_rocket_action_server_client/__init__.py -> /home/augustmenard/Intro-to-Robotics-Research-Labs/lab5_ws/install/team_rocket_action_server_client/lib/python3.10/site-packages/team_rocket_action_server_client
copying /home/augustmenard/Intro-to-Robotics-Research-Labs/lab5_ws/build/team_rocket_action_server_client/build/lib/team_rocket_action_server_client/action_client.py -> /home/augustmenard/Intro-to-Robotics-Research-Labs/lab5_ws/install/team_rocket_action_server_client/lib/python3.10/site-packages/team_rocket_action_server_client
byte-compiling /home/augustmenard/Intro-to-Robotics-Research-Labs/lab5_ws/install/team_rocket_action_server_client/lib/python3.10/site-packages/team_rocket_action_server_client/__init__.py to __init__.cpython-310.pyc
byte-compiling /home/augustmenard/Intro-to-Robotics-Research-Labs/lab5_ws/install/team_rocket_action_server_client/lib/python3.10/site-packages/team_rocket_action_server_client/action_client.py to action_client.cpython-310.pyc
running install_data
creating /home/augustmenard/Intro-to-Robotics-Research-Labs/lab5_ws/install/team_rocket_action_server_client/share/ament_index
creating /home/augustmenard/Intro-to-Robotics-Research-Labs/lab5_ws/install/team_rocket_action_server_client/share/ament_index/resource_index
creating /home/augustmenard/Intro-to-Robotics-Research-Labs/lab5_ws/install/team_rocket_action_server_client/share/ament_index/resource_index/packages
copying resource/team_rocket_action_server_client -> /home/augustmenard/Intro-to-Robotics-Research-Labs/lab5_ws/install/team_rocket_action_server_client/share/ament_index/resource_index/packages
copying package.xml -> /home/augustmenard/Intro-to-Robotics-Research-Labs/lab5_ws/install/team_rocket_action_server_client/share/team_rocket_action_server_client
running install_egg_info
Copying ../../build/team_rocket_action_server_client/team_rocket_action_server_client.egg-info to /home/augustmenard/Intro-to-Robotics-Research-Labs/lab5_ws/install/team_rocket_action_server_client/lib/python3.10/site-packages/team_rocket_action_server_client-0.0.0-py3.10.egg-info
running install_scripts
Installing action_client script to /home/augustmenard/Intro-to-Robotics-Research-Labs/lab5_ws/install/team_rocket_action_server_client/lib/team_rocket_action_server_client
writing list of installed files to '/home/augustmenard/Intro-to-Robotics-Research-Labs/lab5_ws/build/team_rocket_action_server_client/install.log'
