[0.451s] Invoking command in '/home/j/Desktop/Leo/Intro-to-Robotics-Research-Labs/final_ws/src/team_rocket_final': PYTHONPATH=/home/j/Desktop/Leo/Intro-to-Robotics-Research-Labs/final_ws/build/team_rocket_final/prefix_override:/usr/lib/python3/dist-packages/colcon_core/task/python/colcon_distutils_commands:/home/j/Desktop/Leo/Intro-to-Robotics-Research-Labs/final_ws/install/team_rocket_final/lib/python3.10/site-packages:${PYTHONPATH} /usr/bin/python3 -W ignore:setup.py install is deprecated -W ignore:easy_install command is deprecated setup.py egg_info --egg-base ../../build/team_rocket_final build --build-base /home/j/Desktop/Leo/Intro-to-Robotics-Research-Labs/final_ws/build/team_rocket_final/build install --record /home/j/Desktop/Leo/Intro-to-Robotics-Research-Labs/final_ws/build/team_rocket_final/install.log --single-version-externally-managed install_data
[0.617s] running egg_info
[0.617s] writing ../../build/team_rocket_final/team_rocket_final.egg-info/PKG-INFO
[0.617s] writing dependency_links to ../../build/team_rocket_final/team_rocket_final.egg-info/dependency_links.txt
[0.617s] writing entry points to ../../build/team_rocket_final/team_rocket_final.egg-info/entry_points.txt
[0.617s] writing requirements to ../../build/team_rocket_final/team_rocket_final.egg-info/requires.txt
[0.617s] writing top-level names to ../../build/team_rocket_final/team_rocket_final.egg-info/top_level.txt
[0.618s] reading manifest file '../../build/team_rocket_final/team_rocket_final.egg-info/SOURCES.txt'
[0.619s] adding license file 'LICENSE'
[0.619s] writing manifest file '../../build/team_rocket_final/team_rocket_final.egg-info/SOURCES.txt'
[0.619s] running build
[0.619s] running build_py
[0.620s] copying team_rocket_final/signDetector.py -> /home/j/Desktop/Leo/Intro-to-Robotics-Research-Labs/final_ws/build/team_rocket_final/build/lib/team_rocket_final
[0.620s] running install
[0.620s] running install_lib
[0.620s] copying /home/j/Desktop/Leo/Intro-to-Robotics-Research-Labs/final_ws/build/team_rocket_final/build/lib/team_rocket_final/signDetector.py -> /home/j/Desktop/Leo/Intro-to-Robotics-Research-Labs/final_ws/install/team_rocket_final/lib/python3.10/site-packages/team_rocket_final
[0.621s] byte-compiling /home/j/Desktop/Leo/Intro-to-Robotics-Research-Labs/final_ws/install/team_rocket_final/lib/python3.10/site-packages/team_rocket_final/signDetector.py to signDetector.cpython-310.pyc
[0.622s] running install_data
[0.622s] running install_egg_info
[0.623s] removing '/home/j/Desktop/Leo/Intro-to-Robotics-Research-Labs/final_ws/install/team_rocket_final/lib/python3.10/site-packages/team_rocket_final-0.0.0-py3.10.egg-info' (and everything under it)
[0.624s] Copying ../../build/team_rocket_final/team_rocket_final.egg-info to /home/j/Desktop/Leo/Intro-to-Robotics-Research-Labs/final_ws/install/team_rocket_final/lib/python3.10/site-packages/team_rocket_final-0.0.0-py3.10.egg-info
[0.624s] running install_scripts
[0.639s] Installing getObjectRange script to /home/j/Desktop/Leo/Intro-to-Robotics-Research-Labs/final_ws/install/team_rocket_final/lib/team_rocket_final
[0.639s] Installing moveRobot script to /home/j/Desktop/Leo/Intro-to-Robotics-Research-Labs/final_ws/install/team_rocket_final/lib/team_rocket_final
[0.639s] Installing signDetector script to /home/j/Desktop/Leo/Intro-to-Robotics-Research-Labs/final_ws/install/team_rocket_final/lib/team_rocket_final
[0.639s] writing list of installed files to '/home/j/Desktop/Leo/Intro-to-Robotics-Research-Labs/final_ws/build/team_rocket_final/install.log'
[0.658s] Invoked command in '/home/j/Desktop/Leo/Intro-to-Robotics-Research-Labs/final_ws/src/team_rocket_final' returned '0': PYTHONPATH=/home/j/Desktop/Leo/Intro-to-Robotics-Research-Labs/final_ws/build/team_rocket_final/prefix_override:/usr/lib/python3/dist-packages/colcon_core/task/python/colcon_distutils_commands:/home/j/Desktop/Leo/Intro-to-Robotics-Research-Labs/final_ws/install/team_rocket_final/lib/python3.10/site-packages:${PYTHONPATH} /usr/bin/python3 -W ignore:setup.py install is deprecated -W ignore:easy_install command is deprecated setup.py egg_info --egg-base ../../build/team_rocket_final build --build-base /home/j/Desktop/Leo/Intro-to-Robotics-Research-Labs/final_ws/build/team_rocket_final/build install --record /home/j/Desktop/Leo/Intro-to-Robotics-Research-Labs/final_ws/build/team_rocket_final/install.log --single-version-externally-managed install_data
