[0.718s] Invoking command in '/home/augustmenard/Intro-to-Robotics-Research-Labs/final_ws/build/turtlebot3_fake_node': CMAKE_PREFIX_PATH=/home/augustmenard/Intro-to-Robotics-Research-Labs/final_ws/install/turtlebot3_msgs:/home/augustmenard/Intro-to-Robotics-Research-Labs/final_ws/install/turtlebot3:/home/augustmenard/Intro-to-Robotics-Research-Labs/final_ws/install/turtlebot3_simulations:/home/augustmenard/Intro-to-Robotics-Research-Labs/final_ws/install/turtlebot3_bringup:/home/augustmenard/Intro-to-Robotics-Research-Labs/final_ws/install/turtlebot3_node:/home/augustmenard/Intro-to-Robotics-Research-Labs/final_ws/install/turtlebot3_navigation2:/home/augustmenard/Intro-to-Robotics-Research-Labs/final_ws/install/turtlebot3_fake_node:/home/augustmenard/Intro-to-Robotics-Research-Labs/final_ws/install/turtlebot3_manipulation_gazebo:/home/augustmenard/Intro-to-Robotics-Research-Labs/final_ws/install/turtlebot3_gazebo:/home/augustmenard/Intro-to-Robotics-Research-Labs/final_ws/install/turtlebot3_description:/home/augustmenard/Intro-to-Robotics-Research-Labs/final_ws/install/turtlebot3_cartographer:/home/augustmenard/Intro-to-Robotics-Research-Labs/final_ws/install/dynamixel_sdk_examples:/home/augustmenard/Intro-to-Robotics-Research-Labs/final_ws/install/dynamixel_sdk_custom_interfaces:/home/augustmenard/Intro-to-Robotics-Research-Labs/final_ws/install/dynamixel_sdk:/home/augustmenard/Intro-to-Robotics-Research-Labs/final_ws/install/turtlebot3_teleop:/home/augustmenard/Intro-to-Robotics-Research-Labs/final_ws/install/turtlebot3_example:/home/augustmenard/Intro-to-Robotics-Research-Labs/final_ws/install/team_rocket_final:/opt/ros/humble LD_LIBRARY_PATH=/home/augustmenard/Intro-to-Robotics-Research-Labs/final_ws/install/turtlebot3_msgs/lib:/home/augustmenard/Intro-to-Robotics-Research-Labs/final_ws/install/dynamixel_sdk_custom_interfaces/lib:/home/augustmenard/Intro-to-Robotics-Research-Labs/final_ws/install/dynamixel_sdk/lib:/opt/ros/humble/opt/rviz_ogre_vendor/lib:/opt/ros/humble/lib/x86_64-linux-gnu:/opt/ros/humble/lib:/usr/lib/x86_64-linux-gnu/gazebo-11/plugins /usr/bin/cmake /home/augustmenard/Intro-to-Robotics-Research-Labs/final_ws/src/turtlebot3_simulations/turtlebot3_fake_node -DCMAKE_INSTALL_PREFIX=/home/augustmenard/Intro-to-Robotics-Research-Labs/final_ws/install/turtlebot3_fake_node
[0.880s] -- The C compiler identification is GNU 11.4.0
[1.043s] -- The CXX compiler identification is GNU 11.4.0
[1.066s] -- Detecting C compiler ABI info
[1.266s] -- Detecting C compiler ABI info - done
[1.294s] -- Check for working C compiler: /usr/bin/cc - skipped
[1.294s] -- Detecting C compile features
[1.295s] -- Detecting C compile features - done
[1.311s] -- Detecting CXX compiler ABI info
[1.573s] -- Detecting CXX compiler ABI info - done
[1.604s] -- Check for working CXX compiler: /usr/bin/c++ - skipped
[1.605s] -- Detecting CXX compile features
[1.606s] -- Detecting CXX compile features - done
[1.615s] -- Found ament_cmake: 1.3.12 (/opt/ros/humble/share/ament_cmake/cmake)
[2.203s] -- Found Python3: /usr/bin/python3 (found version "3.10.12") found components: Interpreter 
[2.481s] -- Found geometry_msgs: 4.9.0 (/opt/ros/humble/share/geometry_msgs/cmake)
[2.561s] -- Found rosidl_generator_c: 3.1.7 (/opt/ros/humble/share/rosidl_generator_c/cmake)
[2.572s] -- Found rosidl_adapter: 3.1.7 (/opt/ros/humble/share/rosidl_adapter/cmake)
[2.589s] -- Found rosidl_generator_cpp: 3.1.7 (/opt/ros/humble/share/rosidl_generator_cpp/cmake)
[2.616s] -- Using all available rosidl_typesupport_c: rosidl_typesupport_fastrtps_c;rosidl_typesupport_introspection_c
[2.653s] -- Using all available rosidl_typesupport_cpp: rosidl_typesupport_fastrtps_cpp;rosidl_typesupport_introspection_cpp
[2.748s] -- Found nav_msgs: 4.9.0 (/opt/ros/humble/share/nav_msgs/cmake)
[2.825s] -- Found rclcpp: 16.0.14 (/opt/ros/humble/share/rclcpp/cmake)
[2.909s] -- Found rmw_implementation_cmake: 6.1.2 (/opt/ros/humble/share/rmw_implementation_cmake/cmake)
[2.920s] -- Found rmw_fastrtps_cpp: 6.2.8 (/opt/ros/humble/share/rmw_fastrtps_cpp/cmake)
[3.089s] -- Found OpenSSL: /usr/lib/x86_64-linux-gnu/libcrypto.so (found version "3.0.2")  
[3.145s] -- Found FastRTPS: /opt/ros/humble/include  
[3.224s] -- Using RMW implementation 'rmw_fastrtps_cpp' as default
[3.244s] -- Looking for pthread.h
[3.420s] -- Looking for pthread.h - found
[3.420s] -- Performing Test CMAKE_HAVE_LIBC_PTHREAD
[3.646s] -- Performing Test CMAKE_HAVE_LIBC_PTHREAD - Success
[3.648s] -- Found Threads: TRUE  
[3.748s] -- Found sensor_msgs: 4.9.0 (/opt/ros/humble/share/sensor_msgs/cmake)
[3.785s] -- Found tf2: 0.25.16 (/opt/ros/humble/share/tf2/cmake)
[3.808s] -- Found tf2_msgs: 0.25.16 (/opt/ros/humble/share/tf2_msgs/cmake)
[3.984s] -- Found turtlebot3_msgs: 2.4.0 (/home/augustmenard/Intro-to-Robotics-Research-Labs/final_ws/install/turtlebot3_msgs/share/turtlebot3_msgs/cmake)
[4.343s] -- Configuring done
[4.370s] -- Generating done
[4.383s] -- Build files have been written to: /home/augustmenard/Intro-to-Robotics-Research-Labs/final_ws/build/turtlebot3_fake_node
[4.414s] Invoked command in '/home/augustmenard/Intro-to-Robotics-Research-Labs/final_ws/build/turtlebot3_fake_node' returned '0': CMAKE_PREFIX_PATH=/home/augustmenard/Intro-to-Robotics-Research-Labs/final_ws/install/turtlebot3_msgs:/home/augustmenard/Intro-to-Robotics-Research-Labs/final_ws/install/turtlebot3:/home/augustmenard/Intro-to-Robotics-Research-Labs/final_ws/install/turtlebot3_simulations:/home/augustmenard/Intro-to-Robotics-Research-Labs/final_ws/install/turtlebot3_bringup:/home/augustmenard/Intro-to-Robotics-Research-Labs/final_ws/install/turtlebot3_node:/home/augustmenard/Intro-to-Robotics-Research-Labs/final_ws/install/turtlebot3_navigation2:/home/augustmenard/Intro-to-Robotics-Research-Labs/final_ws/install/turtlebot3_fake_node:/home/augustmenard/Intro-to-Robotics-Research-Labs/final_ws/install/turtlebot3_manipulation_gazebo:/home/augustmenard/Intro-to-Robotics-Research-Labs/final_ws/install/turtlebot3_gazebo:/home/augustmenard/Intro-to-Robotics-Research-Labs/final_ws/install/turtlebot3_description:/home/augustmenard/Intro-to-Robotics-Research-Labs/final_ws/install/turtlebot3_cartographer:/home/augustmenard/Intro-to-Robotics-Research-Labs/final_ws/install/dynamixel_sdk_examples:/home/augustmenard/Intro-to-Robotics-Research-Labs/final_ws/install/dynamixel_sdk_custom_interfaces:/home/augustmenard/Intro-to-Robotics-Research-Labs/final_ws/install/dynamixel_sdk:/home/augustmenard/Intro-to-Robotics-Research-Labs/final_ws/install/turtlebot3_teleop:/home/augustmenard/Intro-to-Robotics-Research-Labs/final_ws/install/turtlebot3_example:/home/augustmenard/Intro-to-Robotics-Research-Labs/final_ws/install/team_rocket_final:/opt/ros/humble LD_LIBRARY_PATH=/home/augustmenard/Intro-to-Robotics-Research-Labs/final_ws/install/turtlebot3_msgs/lib:/home/augustmenard/Intro-to-Robotics-Research-Labs/final_ws/install/dynamixel_sdk_custom_interfaces/lib:/home/augustmenard/Intro-to-Robotics-Research-Labs/final_ws/install/dynamixel_sdk/lib:/opt/ros/humble/opt/rviz_ogre_vendor/lib:/opt/ros/humble/lib/x86_64-linux-gnu:/opt/ros/humble/lib:/usr/lib/x86_64-linux-gnu/gazebo-11/plugins /usr/bin/cmake /home/augustmenard/Intro-to-Robotics-Research-Labs/final_ws/src/turtlebot3_simulations/turtlebot3_fake_node -DCMAKE_INSTALL_PREFIX=/home/augustmenard/Intro-to-Robotics-Research-Labs/final_ws/install/turtlebot3_fake_node
[4.415s] Invoking command in '/home/augustmenard/Intro-to-Robotics-Research-Labs/final_ws/build/turtlebot3_fake_node': CMAKE_PREFIX_PATH=/home/augustmenard/Intro-to-Robotics-Research-Labs/final_ws/install/turtlebot3_msgs:/home/augustmenard/Intro-to-Robotics-Research-Labs/final_ws/install/turtlebot3:/home/augustmenard/Intro-to-Robotics-Research-Labs/final_ws/install/turtlebot3_simulations:/home/augustmenard/Intro-to-Robotics-Research-Labs/final_ws/install/turtlebot3_bringup:/home/augustmenard/Intro-to-Robotics-Research-Labs/final_ws/install/turtlebot3_node:/home/augustmenard/Intro-to-Robotics-Research-Labs/final_ws/install/turtlebot3_navigation2:/home/augustmenard/Intro-to-Robotics-Research-Labs/final_ws/install/turtlebot3_fake_node:/home/augustmenard/Intro-to-Robotics-Research-Labs/final_ws/install/turtlebot3_manipulation_gazebo:/home/augustmenard/Intro-to-Robotics-Research-Labs/final_ws/install/turtlebot3_gazebo:/home/augustmenard/Intro-to-Robotics-Research-Labs/final_ws/install/turtlebot3_description:/home/augustmenard/Intro-to-Robotics-Research-Labs/final_ws/install/turtlebot3_cartographer:/home/augustmenard/Intro-to-Robotics-Research-Labs/final_ws/install/dynamixel_sdk_examples:/home/augustmenard/Intro-to-Robotics-Research-Labs/final_ws/install/dynamixel_sdk_custom_interfaces:/home/augustmenard/Intro-to-Robotics-Research-Labs/final_ws/install/dynamixel_sdk:/home/augustmenard/Intro-to-Robotics-Research-Labs/final_ws/install/turtlebot3_teleop:/home/augustmenard/Intro-to-Robotics-Research-Labs/final_ws/install/turtlebot3_example:/home/augustmenard/Intro-to-Robotics-Research-Labs/final_ws/install/team_rocket_final:/opt/ros/humble LD_LIBRARY_PATH=/home/augustmenard/Intro-to-Robotics-Research-Labs/final_ws/install/turtlebot3_msgs/lib:/home/augustmenard/Intro-to-Robotics-Research-Labs/final_ws/install/dynamixel_sdk_custom_interfaces/lib:/home/augustmenard/Intro-to-Robotics-Research-Labs/final_ws/install/dynamixel_sdk/lib:/opt/ros/humble/opt/rviz_ogre_vendor/lib:/opt/ros/humble/lib/x86_64-linux-gnu:/opt/ros/humble/lib:/usr/lib/x86_64-linux-gnu/gazebo-11/plugins /usr/bin/cmake --build /home/augustmenard/Intro-to-Robotics-Research-Labs/final_ws/build/turtlebot3_fake_node -- -j8 -l8
[4.543s] [ 50%] [32mBuilding CXX object CMakeFiles/turtlebot3_fake_node.dir/src/turtlebot3_fake_node.cpp.o[0m
[23.947s] [100%] [32m[1mLinking CXX executable turtlebot3_fake_node[0m
[24.471s] [100%] Built target turtlebot3_fake_node
[24.482s] Invoked command in '/home/augustmenard/Intro-to-Robotics-Research-Labs/final_ws/build/turtlebot3_fake_node' returned '0': CMAKE_PREFIX_PATH=/home/augustmenard/Intro-to-Robotics-Research-Labs/final_ws/install/turtlebot3_msgs:/home/augustmenard/Intro-to-Robotics-Research-Labs/final_ws/install/turtlebot3:/home/augustmenard/Intro-to-Robotics-Research-Labs/final_ws/install/turtlebot3_simulations:/home/augustmenard/Intro-to-Robotics-Research-Labs/final_ws/install/turtlebot3_bringup:/home/augustmenard/Intro-to-Robotics-Research-Labs/final_ws/install/turtlebot3_node:/home/augustmenard/Intro-to-Robotics-Research-Labs/final_ws/install/turtlebot3_navigation2:/home/augustmenard/Intro-to-Robotics-Research-Labs/final_ws/install/turtlebot3_fake_node:/home/augustmenard/Intro-to-Robotics-Research-Labs/final_ws/install/turtlebot3_manipulation_gazebo:/home/augustmenard/Intro-to-Robotics-Research-Labs/final_ws/install/turtlebot3_gazebo:/home/augustmenard/Intro-to-Robotics-Research-Labs/final_ws/install/turtlebot3_description:/home/augustmenard/Intro-to-Robotics-Research-Labs/final_ws/install/turtlebot3_cartographer:/home/augustmenard/Intro-to-Robotics-Research-Labs/final_ws/install/dynamixel_sdk_examples:/home/augustmenard/Intro-to-Robotics-Research-Labs/final_ws/install/dynamixel_sdk_custom_interfaces:/home/augustmenard/Intro-to-Robotics-Research-Labs/final_ws/install/dynamixel_sdk:/home/augustmenard/Intro-to-Robotics-Research-Labs/final_ws/install/turtlebot3_teleop:/home/augustmenard/Intro-to-Robotics-Research-Labs/final_ws/install/turtlebot3_example:/home/augustmenard/Intro-to-Robotics-Research-Labs/final_ws/install/team_rocket_final:/opt/ros/humble LD_LIBRARY_PATH=/home/augustmenard/Intro-to-Robotics-Research-Labs/final_ws/install/turtlebot3_msgs/lib:/home/augustmenard/Intro-to-Robotics-Research-Labs/final_ws/install/dynamixel_sdk_custom_interfaces/lib:/home/augustmenard/Intro-to-Robotics-Research-Labs/final_ws/install/dynamixel_sdk/lib:/opt/ros/humble/opt/rviz_ogre_vendor/lib:/opt/ros/humble/lib/x86_64-linux-gnu:/opt/ros/humble/lib:/usr/lib/x86_64-linux-gnu/gazebo-11/plugins /usr/bin/cmake --build /home/augustmenard/Intro-to-Robotics-Research-Labs/final_ws/build/turtlebot3_fake_node -- -j8 -l8
[24.483s] Invoking command in '/home/augustmenard/Intro-to-Robotics-Research-Labs/final_ws/build/turtlebot3_fake_node': CMAKE_PREFIX_PATH=/home/augustmenard/Intro-to-Robotics-Research-Labs/final_ws/install/turtlebot3_msgs:/home/augustmenard/Intro-to-Robotics-Research-Labs/final_ws/install/turtlebot3:/home/augustmenard/Intro-to-Robotics-Research-Labs/final_ws/install/turtlebot3_simulations:/home/augustmenard/Intro-to-Robotics-Research-Labs/final_ws/install/turtlebot3_bringup:/home/augustmenard/Intro-to-Robotics-Research-Labs/final_ws/install/turtlebot3_node:/home/augustmenard/Intro-to-Robotics-Research-Labs/final_ws/install/turtlebot3_navigation2:/home/augustmenard/Intro-to-Robotics-Research-Labs/final_ws/install/turtlebot3_fake_node:/home/augustmenard/Intro-to-Robotics-Research-Labs/final_ws/install/turtlebot3_manipulation_gazebo:/home/augustmenard/Intro-to-Robotics-Research-Labs/final_ws/install/turtlebot3_gazebo:/home/augustmenard/Intro-to-Robotics-Research-Labs/final_ws/install/turtlebot3_description:/home/augustmenard/Intro-to-Robotics-Research-Labs/final_ws/install/turtlebot3_cartographer:/home/augustmenard/Intro-to-Robotics-Research-Labs/final_ws/install/dynamixel_sdk_examples:/home/augustmenard/Intro-to-Robotics-Research-Labs/final_ws/install/dynamixel_sdk_custom_interfaces:/home/augustmenard/Intro-to-Robotics-Research-Labs/final_ws/install/dynamixel_sdk:/home/augustmenard/Intro-to-Robotics-Research-Labs/final_ws/install/turtlebot3_teleop:/home/augustmenard/Intro-to-Robotics-Research-Labs/final_ws/install/turtlebot3_example:/home/augustmenard/Intro-to-Robotics-Research-Labs/final_ws/install/team_rocket_final:/opt/ros/humble LD_LIBRARY_PATH=/home/augustmenard/Intro-to-Robotics-Research-Labs/final_ws/install/turtlebot3_msgs/lib:/home/augustmenard/Intro-to-Robotics-Research-Labs/final_ws/install/dynamixel_sdk_custom_interfaces/lib:/home/augustmenard/Intro-to-Robotics-Research-Labs/final_ws/install/dynamixel_sdk/lib:/opt/ros/humble/opt/rviz_ogre_vendor/lib:/opt/ros/humble/lib/x86_64-linux-gnu:/opt/ros/humble/lib:/usr/lib/x86_64-linux-gnu/gazebo-11/plugins /usr/bin/cmake --install /home/augustmenard/Intro-to-Robotics-Research-Labs/final_ws/build/turtlebot3_fake_node
[24.490s] -- Install configuration: ""
[24.490s] -- Installing: /home/augustmenard/Intro-to-Robotics-Research-Labs/final_ws/install/turtlebot3_fake_node/lib/turtlebot3_fake_node/turtlebot3_fake_node
[24.493s] -- Set runtime path of "/home/augustmenard/Intro-to-Robotics-Research-Labs/final_ws/install/turtlebot3_fake_node/lib/turtlebot3_fake_node/turtlebot3_fake_node" to ""
[24.493s] -- Installing: /home/augustmenard/Intro-to-Robotics-Research-Labs/final_ws/install/turtlebot3_fake_node/share/turtlebot3_fake_node/launch
[24.493s] -- Installing: /home/augustmenard/Intro-to-Robotics-Research-Labs/final_ws/install/turtlebot3_fake_node/share/turtlebot3_fake_node/launch/turtlebot3_fake_node.launch.py
[24.493s] -- Installing: /home/augustmenard/Intro-to-Robotics-Research-Labs/final_ws/install/turtlebot3_fake_node/share/turtlebot3_fake_node/launch/rviz2.launch.py
[24.493s] -- Installing: /home/augustmenard/Intro-to-Robotics-Research-Labs/final_ws/install/turtlebot3_fake_node/share/turtlebot3_fake_node/param
[24.493s] -- Installing: /home/augustmenard/Intro-to-Robotics-Research-Labs/final_ws/install/turtlebot3_fake_node/share/turtlebot3_fake_node/param/burger.yaml
[24.494s] -- Installing: /home/augustmenard/Intro-to-Robotics-Research-Labs/final_ws/install/turtlebot3_fake_node/share/turtlebot3_fake_node/param/waffle_pi.yaml
[24.494s] -- Installing: /home/augustmenard/Intro-to-Robotics-Research-Labs/final_ws/install/turtlebot3_fake_node/share/turtlebot3_fake_node/param/waffle.yaml
[24.494s] -- Installing: /home/augustmenard/Intro-to-Robotics-Research-Labs/final_ws/install/turtlebot3_fake_node/include/
[24.494s] -- Installing: /home/augustmenard/Intro-to-Robotics-Research-Labs/final_ws/install/turtlebot3_fake_node/include//turtlebot3_fake_node
[24.494s] -- Installing: /home/augustmenard/Intro-to-Robotics-Research-Labs/final_ws/install/turtlebot3_fake_node/include//turtlebot3_fake_node/turtlebot3_fake_node.hpp
[24.494s] -- Installing: /home/augustmenard/Intro-to-Robotics-Research-Labs/final_ws/install/turtlebot3_fake_node/share/ament_index/resource_index/package_run_dependencies/turtlebot3_fake_node
[24.494s] -- Installing: /home/augustmenard/Intro-to-Robotics-Research-Labs/final_ws/install/turtlebot3_fake_node/share/ament_index/resource_index/parent_prefix_path/turtlebot3_fake_node
[24.494s] -- Installing: /home/augustmenard/Intro-to-Robotics-Research-Labs/final_ws/install/turtlebot3_fake_node/share/turtlebot3_fake_node/environment/ament_prefix_path.sh
[24.494s] -- Installing: /home/augustmenard/Intro-to-Robotics-Research-Labs/final_ws/install/turtlebot3_fake_node/share/turtlebot3_fake_node/environment/ament_prefix_path.dsv
[24.494s] -- Installing: /home/augustmenard/Intro-to-Robotics-Research-Labs/final_ws/install/turtlebot3_fake_node/share/turtlebot3_fake_node/environment/path.sh
[24.495s] -- Installing: /home/augustmenard/Intro-to-Robotics-Research-Labs/final_ws/install/turtlebot3_fake_node/share/turtlebot3_fake_node/environment/path.dsv
[24.495s] -- Installing: /home/augustmenard/Intro-to-Robotics-Research-Labs/final_ws/install/turtlebot3_fake_node/share/turtlebot3_fake_node/local_setup.bash
[24.495s] -- Installing: /home/augustmenard/Intro-to-Robotics-Research-Labs/final_ws/install/turtlebot3_fake_node/share/turtlebot3_fake_node/local_setup.sh
[24.495s] -- Installing: /home/augustmenard/Intro-to-Robotics-Research-Labs/final_ws/install/turtlebot3_fake_node/share/turtlebot3_fake_node/local_setup.zsh
[24.495s] -- Installing: /home/augustmenard/Intro-to-Robotics-Research-Labs/final_ws/install/turtlebot3_fake_node/share/turtlebot3_fake_node/local_setup.dsv
[24.495s] -- Installing: /home/augustmenard/Intro-to-Robotics-Research-Labs/final_ws/install/turtlebot3_fake_node/share/turtlebot3_fake_node/package.dsv
[24.495s] -- Installing: /home/augustmenard/Intro-to-Robotics-Research-Labs/final_ws/install/turtlebot3_fake_node/share/ament_index/resource_index/packages/turtlebot3_fake_node
[24.495s] -- Installing: /home/augustmenard/Intro-to-Robotics-Research-Labs/final_ws/install/turtlebot3_fake_node/share/turtlebot3_fake_node/cmake/ament_cmake_export_include_directories-extras.cmake
[24.495s] -- Installing: /home/augustmenard/Intro-to-Robotics-Research-Labs/final_ws/install/turtlebot3_fake_node/share/turtlebot3_fake_node/cmake/ament_cmake_export_dependencies-extras.cmake
[24.495s] -- Installing: /home/augustmenard/Intro-to-Robotics-Research-Labs/final_ws/install/turtlebot3_fake_node/share/turtlebot3_fake_node/cmake/turtlebot3_fake_nodeConfig.cmake
[24.496s] -- Installing: /home/augustmenard/Intro-to-Robotics-Research-Labs/final_ws/install/turtlebot3_fake_node/share/turtlebot3_fake_node/cmake/turtlebot3_fake_nodeConfig-version.cmake
[24.496s] -- Installing: /home/augustmenard/Intro-to-Robotics-Research-Labs/final_ws/install/turtlebot3_fake_node/share/turtlebot3_fake_node/package.xml
[24.497s] Invoked command in '/home/augustmenard/Intro-to-Robotics-Research-Labs/final_ws/build/turtlebot3_fake_node' returned '0': CMAKE_PREFIX_PATH=/home/augustmenard/Intro-to-Robotics-Research-Labs/final_ws/install/turtlebot3_msgs:/home/augustmenard/Intro-to-Robotics-Research-Labs/final_ws/install/turtlebot3:/home/augustmenard/Intro-to-Robotics-Research-Labs/final_ws/install/turtlebot3_simulations:/home/augustmenard/Intro-to-Robotics-Research-Labs/final_ws/install/turtlebot3_bringup:/home/augustmenard/Intro-to-Robotics-Research-Labs/final_ws/install/turtlebot3_node:/home/augustmenard/Intro-to-Robotics-Research-Labs/final_ws/install/turtlebot3_navigation2:/home/augustmenard/Intro-to-Robotics-Research-Labs/final_ws/install/turtlebot3_fake_node:/home/augustmenard/Intro-to-Robotics-Research-Labs/final_ws/install/turtlebot3_manipulation_gazebo:/home/augustmenard/Intro-to-Robotics-Research-Labs/final_ws/install/turtlebot3_gazebo:/home/augustmenard/Intro-to-Robotics-Research-Labs/final_ws/install/turtlebot3_description:/home/augustmenard/Intro-to-Robotics-Research-Labs/final_ws/install/turtlebot3_cartographer:/home/augustmenard/Intro-to-Robotics-Research-Labs/final_ws/install/dynamixel_sdk_examples:/home/augustmenard/Intro-to-Robotics-Research-Labs/final_ws/install/dynamixel_sdk_custom_interfaces:/home/augustmenard/Intro-to-Robotics-Research-Labs/final_ws/install/dynamixel_sdk:/home/augustmenard/Intro-to-Robotics-Research-Labs/final_ws/install/turtlebot3_teleop:/home/augustmenard/Intro-to-Robotics-Research-Labs/final_ws/install/turtlebot3_example:/home/augustmenard/Intro-to-Robotics-Research-Labs/final_ws/install/team_rocket_final:/opt/ros/humble LD_LIBRARY_PATH=/home/augustmenard/Intro-to-Robotics-Research-Labs/final_ws/install/turtlebot3_msgs/lib:/home/augustmenard/Intro-to-Robotics-Research-Labs/final_ws/install/dynamixel_sdk_custom_interfaces/lib:/home/augustmenard/Intro-to-Robotics-Research-Labs/final_ws/install/dynamixel_sdk/lib:/opt/ros/humble/opt/rviz_ogre_vendor/lib:/opt/ros/humble/lib/x86_64-linux-gnu:/opt/ros/humble/lib:/usr/lib/x86_64-linux-gnu/gazebo-11/plugins /usr/bin/cmake --install /home/augustmenard/Intro-to-Robotics-Research-Labs/final_ws/build/turtlebot3_fake_node
