[0.009s] Invoking command in '/home/augustmenard/Intro-to-Robotics-Research-Labs/Lab1_ws/build/turtlesim': CMAKE_PREFIX_PATH=${CMAKE_PREFIX_PATH}:/home/augustmenard/turtlebot3_ws/install/turtlebot3_teleop:/home/augustmenard/turtlebot3_ws/install/turtlebot3_example:/opt/ros/humble /usr/bin/cmake /home/augustmenard/Intro-to-Robotics-Research-Labs/Lab1_ws/src/ros_tutorials/turtlesim -DCMAKE_INSTALL_PREFIX=/home/augustmenard/Intro-to-Robotics-Research-Labs/Lab1_ws/install/turtlesim
[0.091s] -- The C compiler identification is GNU 11.4.0
[0.181s] -- The CXX compiler identification is GNU 11.4.0
[0.188s] -- Detecting C compiler ABI info
[0.261s] -- Detecting C compiler ABI info - done
[0.266s] -- Check for working C compiler: /usr/bin/cc - skipped
[0.266s] -- Detecting C compile features
[0.266s] -- Detecting C compile features - done
[0.269s] -- Detecting CXX compiler ABI info
[0.334s] -- Detecting CXX compiler ABI info - done
[0.339s] -- Check for working CXX compiler: /usr/bin/c++ - skipped
[0.339s] -- Detecting CXX compile features
[0.340s] -- Detecting CXX compile features - done
[0.345s] -- Found ament_cmake: 1.3.12 (/opt/ros/humble/share/ament_cmake/cmake)
[0.457s] -- Found Python3: /usr/bin/python3 (found version "3.10.12") found components: Interpreter 
[0.535s] -- Found ament_index_cpp: 1.4.0 (/opt/ros/humble/share/ament_index_cpp/cmake)
[0.538s] -- Found geometry_msgs: 4.9.0 (/opt/ros/humble/share/geometry_msgs/cmake)
[0.577s] -- Found rosidl_generator_c: 3.1.7 (/opt/ros/humble/share/rosidl_generator_c/cmake)
[0.583s] -- Found rosidl_adapter: 3.1.7 (/opt/ros/humble/share/rosidl_adapter/cmake)
[0.591s] -- Found rosidl_generator_cpp: 3.1.7 (/opt/ros/humble/share/rosidl_generator_cpp/cmake)
[0.604s] -- Using all available rosidl_typesupport_c: rosidl_typesupport_fastrtps_c;rosidl_typesupport_introspection_c
[0.619s] -- Using all available rosidl_typesupport_cpp: rosidl_typesupport_fastrtps_cpp;rosidl_typesupport_introspection_cpp
[0.666s] -- Found rclcpp: 16.0.14 (/opt/ros/humble/share/rclcpp/cmake)
[0.701s] -- Found rmw_implementation_cmake: 6.1.2 (/opt/ros/humble/share/rmw_implementation_cmake/cmake)
[0.704s] -- Found rmw_fastrtps_cpp: 6.2.8 (/opt/ros/humble/share/rmw_fastrtps_cpp/cmake)
[0.776s] -- Found OpenSSL: /usr/lib/x86_64-linux-gnu/libcrypto.so (found version "3.0.2")  
[0.797s] -- Found FastRTPS: /opt/ros/humble/include  
[0.828s] -- Using RMW implementation 'rmw_fastrtps_cpp' as default
[0.837s] -- Looking for pthread.h
[0.916s] -- Looking for pthread.h - found
[0.916s] -- Performing Test CMAKE_HAVE_LIBC_PTHREAD
[0.974s] -- Performing Test CMAKE_HAVE_LIBC_PTHREAD - Success
[0.975s] -- Found Threads: TRUE  
[1.010s] -- Found rclcpp_action: 16.0.14 (/opt/ros/humble/share/rclcpp_action/cmake)
[1.041s] -- Found rosidl_default_generators: 1.2.0 (/opt/ros/humble/share/rosidl_default_generators/cmake)
[1.051s] -- Found std_srvs: 4.9.0 (/opt/ros/humble/share/std_srvs/cmake)
[1.275s] -- Found ament_cmake_ros: 0.10.0 (/opt/ros/humble/share/ament_cmake_ros/cmake)
[1.507s] -- Using all available rosidl_typesupport_c: rosidl_typesupport_fastrtps_c;rosidl_typesupport_introspection_c
[1.598s] -- Using all available rosidl_typesupport_cpp: rosidl_typesupport_fastrtps_cpp;rosidl_typesupport_introspection_cpp
[1.615s] -- Found PythonInterp: /usr/bin/python3 (found suitable version "3.10.12", minimum required is "3.6") 
[1.617s] -- Found python_cmake_module: 0.10.0 (/opt/ros/humble/share/python_cmake_module/cmake)
[1.637s] -- Found PythonLibs: /usr/lib/x86_64-linux-gnu/libpython3.10.so (found suitable version "3.10.12", minimum required is "3.5") 
[1.637s] -- Using PYTHON_EXECUTABLE: /usr/bin/python3
[1.637s] -- Using PYTHON_INCLUDE_DIRS: /usr/include/python3.10
[1.637s] -- Using PYTHON_LIBRARIES: /usr/lib/x86_64-linux-gnu/libpython3.10.so
[1.653s] -- Found PythonExtra: .so  
[1.701s] -- Configuring done
[1.740s] -- Generating done
[1.753s] -- Build files have been written to: /home/augustmenard/Intro-to-Robotics-Research-Labs/Lab1_ws/build/turtlesim
[1.762s] Invoked command in '/home/augustmenard/Intro-to-Robotics-Research-Labs/Lab1_ws/build/turtlesim' returned '0': CMAKE_PREFIX_PATH=${CMAKE_PREFIX_PATH}:/home/augustmenard/turtlebot3_ws/install/turtlebot3_teleop:/home/augustmenard/turtlebot3_ws/install/turtlebot3_example:/opt/ros/humble /usr/bin/cmake /home/augustmenard/Intro-to-Robotics-Research-Labs/Lab1_ws/src/ros_tutorials/turtlesim -DCMAKE_INSTALL_PREFIX=/home/augustmenard/Intro-to-Robotics-Research-Labs/Lab1_ws/install/turtlesim
[1.763s] Invoking command in '/home/augustmenard/Intro-to-Robotics-Research-Labs/Lab1_ws/build/turtlesim': CMAKE_PREFIX_PATH=${CMAKE_PREFIX_PATH}:/home/augustmenard/turtlebot3_ws/install/turtlebot3_teleop:/home/augustmenard/turtlebot3_ws/install/turtlebot3_example:/opt/ros/humble /usr/bin/cmake --build /home/augustmenard/Intro-to-Robotics-Research-Labs/Lab1_ws/build/turtlesim -- -j8 -l8
[1.794s] [  1%] [34m[1mGenerating C code for ROS interfaces[0m
[1.802s] [  2%] [34m[1mGenerating C++ code for ROS interfaces[0m
[1.808s] [  2%] Built target ament_cmake_python_copy_turtlesim
[1.982s] running egg_info
[1.983s] creating turtlesim.egg-info
[1.983s] writing turtlesim.egg-info/PKG-INFO
[1.983s] writing dependency_links to turtlesim.egg-info/dependency_links.txt
[1.983s] writing top-level names to turtlesim.egg-info/top_level.txt
[1.983s] writing manifest file 'turtlesim.egg-info/SOURCES.txt'
[1.985s] reading manifest file 'turtlesim.egg-info/SOURCES.txt'
[1.985s] writing manifest file 'turtlesim.egg-info/SOURCES.txt'
[2.005s] [  2%] Built target ament_cmake_python_build_turtlesim_egg
[2.565s] [  3%] [32mBuilding C object CMakeFiles/turtlesim__rosidl_generator_c.dir/rosidl_generator_c/turtlesim/action/detail/rotate_absolute__functions.c.o[0m
[2.568s] [  4%] [32mBuilding C object CMakeFiles/turtlesim__rosidl_generator_c.dir/rosidl_generator_c/turtlesim/msg/detail/color__functions.c.o[0m
[2.570s] [  5%] [32mBuilding C object CMakeFiles/turtlesim__rosidl_generator_c.dir/rosidl_generator_c/turtlesim/msg/detail/pose__functions.c.o[0m
[2.574s] [  6%] [32mBuilding C object CMakeFiles/turtlesim__rosidl_generator_c.dir/rosidl_generator_c/turtlesim/srv/detail/kill__functions.c.o[0m
[2.576s] [  7%] [32mBuilding C object CMakeFiles/turtlesim__rosidl_generator_c.dir/rosidl_generator_c/turtlesim/srv/detail/spawn__functions.c.o[0m
[2.576s] [  8%] [32mBuilding C object CMakeFiles/turtlesim__rosidl_generator_c.dir/rosidl_generator_c/turtlesim/srv/detail/set_pen__functions.c.o[0m
[2.594s] [  9%] [32mBuilding C object CMakeFiles/turtlesim__rosidl_generator_c.dir/rosidl_generator_c/turtlesim/srv/detail/teleport_absolute__functions.c.o[0m
[2.632s] [ 10%] [32mBuilding C object CMakeFiles/turtlesim__rosidl_generator_c.dir/rosidl_generator_c/turtlesim/srv/detail/teleport_relative__functions.c.o[0m
[2.632s] [ 10%] Built target turtlesim__cpp
[2.640s] [ 12%] [34m[1mGenerating C++ type support for eProsima Fast-RTPS[0m
[2.640s] [ 12%] [34m[1mGenerating C++ type support dispatch for ROS interfaces[0m
[2.644s] [ 13%] [34m[1mGenerating C++ introspection for ROS interfaces[0m
[2.700s] [ 14%] [32m[1mLinking C shared library libturtlesim__rosidl_generator_c.so[0m
[2.731s] [ 14%] Built target turtlesim__rosidl_generator_c
[2.741s] [ 15%] [34m[1mGenerating C introspection for ROS interfaces[0m
[2.743s] [ 17%] [34m[1mGenerating C type support for eProsima Fast-RTPS[0m
[2.743s] [ 17%] [34m[1mGenerating C type support dispatch for ROS interfaces[0m
[3.101s] [ 19%] [32mBuilding CXX object CMakeFiles/turtlesim__rosidl_typesupport_cpp.dir/rosidl_typesupport_cpp/turtlesim/action/rotate_absolute__type_support.cpp.o[0m
[3.101s] [ 19%] [32mBuilding CXX object CMakeFiles/turtlesim__rosidl_typesupport_cpp.dir/rosidl_typesupport_cpp/turtlesim/msg/pose__type_support.cpp.o[0m
[3.101s] [ 20%] [32mBuilding CXX object CMakeFiles/turtlesim__rosidl_typesupport_cpp.dir/rosidl_typesupport_cpp/turtlesim/msg/color__type_support.cpp.o[0m
[3.499s] [ 21%] [32mBuilding CXX object CMakeFiles/turtlesim__rosidl_typesupport_cpp.dir/rosidl_typesupport_cpp/turtlesim/srv/kill__type_support.cpp.o[0m
[3.509s] [ 22%] [32mBuilding CXX object CMakeFiles/turtlesim__rosidl_typesupport_cpp.dir/rosidl_typesupport_cpp/turtlesim/srv/set_pen__type_support.cpp.o[0m
[3.568s] [ 23%] [32mBuilding CXX object CMakeFiles/turtlesim__rosidl_typesupport_c.dir/rosidl_typesupport_c/turtlesim/action/rotate_absolute__type_support.cpp.o[0m
[3.633s] [ 24%] [32mBuilding CXX object CMakeFiles/turtlesim__rosidl_typesupport_c.dir/rosidl_typesupport_c/turtlesim/msg/color__type_support.cpp.o[0m
[3.668s] [ 25%] [32mBuilding C object CMakeFiles/turtlesim__rosidl_typesupport_introspection_c.dir/rosidl_typesupport_introspection_c/turtlesim/action/detail/rotate_absolute__type_support.c.o[0m
[3.672s] [ 26%] [32mBuilding CXX object CMakeFiles/turtlesim__rosidl_typesupport_c.dir/rosidl_typesupport_c/turtlesim/msg/pose__type_support.cpp.o[0m
[3.711s] [ 27%] [32mBuilding CXX object CMakeFiles/turtlesim__rosidl_typesupport_c.dir/rosidl_typesupport_c/turtlesim/srv/kill__type_support.cpp.o[0m
[3.730s] [ 28%] [32mBuilding C object CMakeFiles/turtlesim__rosidl_typesupport_introspection_c.dir/rosidl_typesupport_introspection_c/turtlesim/msg/detail/color__type_support.c.o[0m
[3.746s] [ 29%] [32mBuilding C object CMakeFiles/turtlesim__rosidl_typesupport_introspection_c.dir/rosidl_typesupport_introspection_c/turtlesim/msg/detail/pose__type_support.c.o[0m
[3.752s] [ 30%] [32mBuilding CXX object CMakeFiles/turtlesim__rosidl_typesupport_c.dir/rosidl_typesupport_c/turtlesim/srv/set_pen__type_support.cpp.o[0m
[3.774s] [ 31%] [32mBuilding C object CMakeFiles/turtlesim__rosidl_typesupport_introspection_c.dir/rosidl_typesupport_introspection_c/turtlesim/srv/detail/kill__type_support.c.o[0m
[3.794s] [ 33%] [32mBuilding CXX object CMakeFiles/turtlesim__rosidl_typesupport_c.dir/rosidl_typesupport_c/turtlesim/srv/spawn__type_support.cpp.o[0m
[3.794s] [ 33%] [32mBuilding C object CMakeFiles/turtlesim__rosidl_typesupport_introspection_c.dir/rosidl_typesupport_introspection_c/turtlesim/srv/detail/set_pen__type_support.c.o[0m
[3.822s] [ 34%] [32mBuilding CXX object CMakeFiles/turtlesim__rosidl_typesupport_cpp.dir/rosidl_typesupport_cpp/turtlesim/srv/spawn__type_support.cpp.o[0m
[3.827s] [ 35%] [32mBuilding CXX object CMakeFiles/turtlesim__rosidl_typesupport_introspection_cpp.dir/rosidl_typesupport_introspection_cpp/turtlesim/action/detail/rotate_absolute__type_support.cpp.o[0m
[3.838s] [ 36%] [32mBuilding CXX object CMakeFiles/turtlesim__rosidl_typesupport_c.dir/rosidl_typesupport_c/turtlesim/srv/teleport_absolute__type_support.cpp.o[0m
[3.845s] [ 37%] [32mBuilding C object CMakeFiles/turtlesim__rosidl_typesupport_introspection_c.dir/rosidl_typesupport_introspection_c/turtlesim/srv/detail/spawn__type_support.c.o[0m
[3.845s] [ 38%] [32mBuilding CXX object CMakeFiles/turtlesim__rosidl_typesupport_c.dir/rosidl_typesupport_c/turtlesim/srv/teleport_relative__type_support.cpp.o[0m
[3.847s] [ 39%] [32mBuilding C object CMakeFiles/turtlesim__rosidl_typesupport_introspection_c.dir/rosidl_typesupport_introspection_c/turtlesim/srv/detail/teleport_absolute__type_support.c.o[0m
[3.875s] [ 40%] [32mBuilding CXX object CMakeFiles/turtlesim__rosidl_typesupport_cpp.dir/rosidl_typesupport_cpp/turtlesim/srv/teleport_absolute__type_support.cpp.o[0m
[3.885s] [ 41%] [32m[1mLinking CXX shared library libturtlesim__rosidl_typesupport_c.so[0m
[3.891s] [ 43%] [32mBuilding CXX object CMakeFiles/turtlesim__rosidl_typesupport_cpp.dir/rosidl_typesupport_cpp/turtlesim/srv/teleport_relative__type_support.cpp.o[0m
[3.891s] [ 43%] [32mBuilding C object CMakeFiles/turtlesim__rosidl_typesupport_introspection_c.dir/rosidl_typesupport_introspection_c/turtlesim/srv/detail/teleport_relative__type_support.c.o[0m
[3.939s] [ 44%] [32m[1mLinking C shared library libturtlesim__rosidl_typesupport_introspection_c.so[0m
[3.939s] [ 44%] Built target turtlesim__rosidl_typesupport_c
[3.969s] [ 45%] [32mBuilding CXX object CMakeFiles/turtlesim__rosidl_typesupport_introspection_cpp.dir/rosidl_typesupport_introspection_cpp/turtlesim/msg/detail/color__type_support.cpp.o[0m
[3.977s] [ 45%] Built target turtlesim__rosidl_typesupport_introspection_c
[4.015s] [ 46%] [32mBuilding CXX object CMakeFiles/turtlesim__rosidl_typesupport_introspection_cpp.dir/rosidl_typesupport_introspection_cpp/turtlesim/msg/detail/pose__type_support.cpp.o[0m
[4.042s] [ 47%] [32mBuilding CXX object CMakeFiles/turtlesim__rosidl_typesupport_fastrtps_c.dir/rosidl_typesupport_fastrtps_c/turtlesim/action/detail/rotate_absolute__type_support_c.cpp.o[0m
[4.057s] [ 48%] [32mBuilding CXX object CMakeFiles/turtlesim__rosidl_typesupport_fastrtps_cpp.dir/rosidl_typesupport_fastrtps_cpp/turtlesim/action/detail/dds_fastrtps/rotate_absolute__type_support.cpp.o[0m
[4.156s] [ 49%] [32mBuilding CXX object CMakeFiles/turtlesim__rosidl_typesupport_introspection_cpp.dir/rosidl_typesupport_introspection_cpp/turtlesim/srv/detail/kill__type_support.cpp.o[0m
[4.196s] [ 50%] [32mBuilding CXX object CMakeFiles/turtlesim__rosidl_typesupport_introspection_cpp.dir/rosidl_typesupport_introspection_cpp/turtlesim/srv/detail/set_pen__type_support.cpp.o[0m
[4.210s] [ 51%] [32m[1mLinking CXX shared library libturtlesim__rosidl_typesupport_cpp.so[0m
[4.266s] [ 51%] Built target turtlesim__rosidl_typesupport_cpp
[4.277s] [ 52%] [32mBuilding CXX object CMakeFiles/turtlesim__rosidl_typesupport_fastrtps_c.dir/rosidl_typesupport_fastrtps_c/turtlesim/msg/detail/color__type_support_c.cpp.o[0m
[4.459s] [ 53%] [32mBuilding CXX object CMakeFiles/turtlesim__rosidl_typesupport_fastrtps_cpp.dir/rosidl_typesupport_fastrtps_cpp/turtlesim/msg/detail/dds_fastrtps/color__type_support.cpp.o[0m
[4.486s] [ 54%] [32mBuilding CXX object CMakeFiles/turtlesim__rosidl_typesupport_fastrtps_c.dir/rosidl_typesupport_fastrtps_c/turtlesim/msg/detail/pose__type_support_c.cpp.o[0m
[4.544s] [ 55%] [32mBuilding CXX object CMakeFiles/turtlesim__rosidl_typesupport_fastrtps_cpp.dir/rosidl_typesupport_fastrtps_cpp/turtlesim/msg/detail/dds_fastrtps/pose__type_support.cpp.o[0m
[4.564s] [ 56%] [32mBuilding CXX object CMakeFiles/turtlesim__rosidl_typesupport_fastrtps_cpp.dir/rosidl_typesupport_fastrtps_cpp/turtlesim/srv/detail/dds_fastrtps/kill__type_support.cpp.o[0m
[4.638s] [ 57%] [34m[1mGenerating include/turtlesim/moc_turtle_frame.cpp[0m
[4.683s] [ 58%] [32mBuilding CXX object CMakeFiles/turtlesim__rosidl_typesupport_introspection_cpp.dir/rosidl_typesupport_introspection_cpp/turtlesim/srv/detail/spawn__type_support.cpp.o[0m
[4.695s] [ 59%] [32mBuilding CXX object CMakeFiles/turtlesim__rosidl_typesupport_fastrtps_cpp.dir/rosidl_typesupport_fastrtps_cpp/turtlesim/srv/detail/dds_fastrtps/set_pen__type_support.cpp.o[0m
[4.748s] [ 60%] [32mBuilding CXX object CMakeFiles/turtlesim_node.dir/src/turtlesim.cpp.o[0m
[4.780s] [ 61%] [32mBuilding CXX object CMakeFiles/turtle_teleop_key.dir/tutorials/teleop_turtle_key.cpp.o[0m
[4.912s] [ 62%] [32mBuilding CXX object CMakeFiles/turtlesim__rosidl_typesupport_fastrtps_c.dir/rosidl_typesupport_fastrtps_c/turtlesim/srv/detail/kill__type_support_c.cpp.o[0m
[4.987s] [ 63%] [32mBuilding CXX object CMakeFiles/draw_square.dir/tutorials/draw_square.cpp.o[0m
[5.058s] [ 64%] [32mBuilding CXX object CMakeFiles/mimic.dir/tutorials/mimic.cpp.o[0m
[5.059s] [ 65%] [32mBuilding CXX object CMakeFiles/turtlesim_node.dir/src/turtle.cpp.o[0m
[5.149s] [ 66%] [32mBuilding CXX object CMakeFiles/turtlesim__rosidl_typesupport_introspection_cpp.dir/rosidl_typesupport_introspection_cpp/turtlesim/srv/detail/teleport_absolute__type_support.cpp.o[0m
[5.216s] [ 67%] [32mBuilding CXX object CMakeFiles/turtlesim__rosidl_typesupport_fastrtps_cpp.dir/rosidl_typesupport_fastrtps_cpp/turtlesim/srv/detail/dds_fastrtps/spawn__type_support.cpp.o[0m
[5.376s] [ 68%] [32mBuilding CXX object CMakeFiles/turtlesim__rosidl_typesupport_fastrtps_c.dir/rosidl_typesupport_fastrtps_c/turtlesim/srv/detail/set_pen__type_support_c.cpp.o[0m
[5.654s] [ 69%] [32mBuilding CXX object CMakeFiles/turtlesim__rosidl_typesupport_introspection_cpp.dir/rosidl_typesupport_introspection_cpp/turtlesim/srv/detail/teleport_relative__type_support.cpp.o[0m
[5.763s] [ 70%] [32mBuilding CXX object CMakeFiles/turtlesim__rosidl_typesupport_fastrtps_cpp.dir/rosidl_typesupport_fastrtps_cpp/turtlesim/srv/detail/dds_fastrtps/teleport_absolute__type_support.cpp.o[0m
[5.831s] [ 71%] [32mBuilding CXX object CMakeFiles/turtlesim__rosidl_typesupport_fastrtps_c.dir/rosidl_typesupport_fastrtps_c/turtlesim/srv/detail/spawn__type_support_c.cpp.o[0m
[6.155s] [ 72%] [32m[1mLinking CXX shared library libturtlesim__rosidl_typesupport_introspection_cpp.so[0m
[6.266s] [ 72%] Built target turtlesim__rosidl_typesupport_introspection_cpp
[6.279s] [ 73%] [32mBuilding CXX object CMakeFiles/turtlesim__rosidl_typesupport_fastrtps_cpp.dir/rosidl_typesupport_fastrtps_cpp/turtlesim/srv/detail/dds_fastrtps/teleport_relative__type_support.cpp.o[0m
[6.298s] [ 74%] [32mBuilding CXX object CMakeFiles/turtlesim__rosidl_typesupport_fastrtps_c.dir/rosidl_typesupport_fastrtps_c/turtlesim/srv/detail/teleport_absolute__type_support_c.cpp.o[0m
[6.319s] [ 75%] [32mBuilding CXX object CMakeFiles/turtlesim__rosidl_typesupport_fastrtps_c.dir/rosidl_typesupport_fastrtps_c/turtlesim/srv/detail/teleport_relative__type_support_c.cpp.o[0m
[6.766s] [ 76%] [32mBuilding CXX object CMakeFiles/turtlesim_node.dir/src/turtle_frame.cpp.o[0m
[6.786s] [ 77%] [32m[1mLinking CXX shared library libturtlesim__rosidl_typesupport_fastrtps_c.so[0m
[6.826s] [ 78%] [32m[1mLinking CXX shared library libturtlesim__rosidl_typesupport_fastrtps_cpp.so[0m
[6.901s] [ 78%] Built target turtlesim__rosidl_typesupport_fastrtps_c
[6.914s] [ 79%] [32mBuilding CXX object CMakeFiles/turtlesim_node.dir/include/turtlesim/moc_turtle_frame.cpp.o[0m
[6.930s] [ 79%] Built target turtlesim__rosidl_typesupport_fastrtps_cpp
[6.958s] [ 79%] Built target turtlesim
[6.990s] [ 80%] [34m[1mGenerating Python code for ROS interfaces[0m
[10.267s] [ 80%] Built target turtlesim__py
[10.297s] [ 81%] [32mBuilding C object CMakeFiles/turtlesim__rosidl_generator_py.dir/rosidl_generator_py/turtlesim/action/_rotate_absolute_s.c.o[0m
[10.541s] [ 82%] [32mBuilding C object CMakeFiles/turtlesim__rosidl_generator_py.dir/rosidl_generator_py/turtlesim/msg/_color_s.c.o[0m
[10.701s] [ 83%] [32mBuilding C object CMakeFiles/turtlesim__rosidl_generator_py.dir/rosidl_generator_py/turtlesim/msg/_pose_s.c.o[0m
[10.863s] [ 84%] [32mBuilding C object CMakeFiles/turtlesim__rosidl_generator_py.dir/rosidl_generator_py/turtlesim/srv/_kill_s.c.o[0m
[11.002s] [ 85%] [32mBuilding C object CMakeFiles/turtlesim__rosidl_generator_py.dir/rosidl_generator_py/turtlesim/srv/_set_pen_s.c.o[0m
[11.037s] [ 86%] [32mBuilding C object CMakeFiles/turtlesim__rosidl_generator_py.dir/rosidl_generator_py/turtlesim/srv/_spawn_s.c.o[0m
[11.179s] [ 87%] [32mBuilding C object CMakeFiles/turtlesim__rosidl_generator_py.dir/rosidl_generator_py/turtlesim/srv/_teleport_absolute_s.c.o[0m
[11.214s] [ 88%] [32mBuilding C object CMakeFiles/turtlesim__rosidl_generator_py.dir/rosidl_generator_py/turtlesim/srv/_teleport_relative_s.c.o[0m
[11.384s] [ 89%] [32m[1mLinking C shared library rosidl_generator_py/turtlesim/libturtlesim__rosidl_generator_py.so[0m
[11.446s] [ 89%] Built target turtlesim__rosidl_generator_py
[11.485s] [ 91%] [32mBuilding C object CMakeFiles/turtlesim__rosidl_typesupport_fastrtps_c__pyext.dir/rosidl_generator_py/turtlesim/_turtlesim_s.ep.rosidl_typesupport_fastrtps_c.c.o[0m
[11.485s] [ 91%] [32mBuilding C object CMakeFiles/turtlesim__rosidl_typesupport_introspection_c__pyext.dir/rosidl_generator_py/turtlesim/_turtlesim_s.ep.rosidl_typesupport_introspection_c.c.o[0m
[11.728s] [ 92%] [32m[1mLinking C shared library rosidl_generator_py/turtlesim/turtlesim_s__rosidl_typesupport_fastrtps_c.cpython-310-x86_64-linux-gnu.so[0m
[11.728s] [ 93%] [32m[1mLinking C shared library rosidl_generator_py/turtlesim/turtlesim_s__rosidl_typesupport_introspection_c.cpython-310-x86_64-linux-gnu.so[0m
[11.784s] [ 93%] Built target turtlesim__rosidl_typesupport_introspection_c__pyext
[11.785s] [ 93%] Built target turtlesim__rosidl_typesupport_fastrtps_c__pyext
[11.816s] [ 94%] [32mBuilding C object CMakeFiles/turtlesim__rosidl_typesupport_c__pyext.dir/rosidl_generator_py/turtlesim/_turtlesim_s.ep.rosidl_typesupport_c.c.o[0m
[12.079s] [ 95%] [32m[1mLinking C shared library rosidl_generator_py/turtlesim/turtlesim_s__rosidl_typesupport_c.cpython-310-x86_64-linux-gnu.so[0m
[12.139s] [ 95%] Built target turtlesim__rosidl_typesupport_c__pyext
[13.042s] [ 96%] [32m[1mLinking CXX executable turtle_teleop_key[0m
[13.333s] [ 96%] Built target turtle_teleop_key
[15.687s] [ 97%] [32m[1mLinking CXX executable mimic[0m
[16.113s] [ 97%] Built target mimic
[16.556s] [ 98%] [32m[1mLinking CXX executable draw_square[0m
[17.022s] [ 98%] Built target draw_square
[19.423s] [100%] [32m[1mLinking CXX executable turtlesim_node[0m
[21.071s] [100%] Built target turtlesim_node
[21.080s] Invoked command in '/home/augustmenard/Intro-to-Robotics-Research-Labs/Lab1_ws/build/turtlesim' returned '0': CMAKE_PREFIX_PATH=${CMAKE_PREFIX_PATH}:/home/augustmenard/turtlebot3_ws/install/turtlebot3_teleop:/home/augustmenard/turtlebot3_ws/install/turtlebot3_example:/opt/ros/humble /usr/bin/cmake --build /home/augustmenard/Intro-to-Robotics-Research-Labs/Lab1_ws/build/turtlesim -- -j8 -l8
[21.088s] Invoking command in '/home/augustmenard/Intro-to-Robotics-Research-Labs/Lab1_ws/build/turtlesim': CMAKE_PREFIX_PATH=${CMAKE_PREFIX_PATH}:/home/augustmenard/turtlebot3_ws/install/turtlebot3_teleop:/home/augustmenard/turtlebot3_ws/install/turtlebot3_example:/opt/ros/humble /usr/bin/cmake --install /home/augustmenard/Intro-to-Robotics-Research-Labs/Lab1_ws/build/turtlesim
[21.094s] -- Install configuration: ""
[21.094s] -- Installing: /home/augustmenard/Intro-to-Robotics-Research-Labs/Lab1_ws/install/turtlesim/share/ament_index/resource_index/rosidl_interfaces/turtlesim
[21.094s] -- Installing: /home/augustmenard/Intro-to-Robotics-Research-Labs/Lab1_ws/install/turtlesim/include/turtlesim/turtlesim
[21.094s] -- Installing: /home/augustmenard/Intro-to-Robotics-Research-Labs/Lab1_ws/install/turtlesim/include/turtlesim/turtlesim/action
[21.095s] -- Installing: /home/augustmenard/Intro-to-Robotics-Research-Labs/Lab1_ws/install/turtlesim/include/turtlesim/turtlesim/action/rotate_absolute.h
[21.095s] -- Installing: /home/augustmenard/Intro-to-Robotics-Research-Labs/Lab1_ws/install/turtlesim/include/turtlesim/turtlesim/action/detail
[21.095s] -- Installing: /home/augustmenard/Intro-to-Robotics-Research-Labs/Lab1_ws/install/turtlesim/include/turtlesim/turtlesim/action/detail/rotate_absolute__functions.h
[21.095s] -- Installing: /home/augustmenard/Intro-to-Robotics-Research-Labs/Lab1_ws/install/turtlesim/include/turtlesim/turtlesim/action/detail/rotate_absolute__struct.h
[21.095s] -- Installing: /home/augustmenard/Intro-to-Robotics-Research-Labs/Lab1_ws/install/turtlesim/include/turtlesim/turtlesim/action/detail/rotate_absolute__functions.c
[21.095s] -- Installing: /home/augustmenard/Intro-to-Robotics-Research-Labs/Lab1_ws/install/turtlesim/include/turtlesim/turtlesim/action/detail/rotate_absolute__type_support.h
[21.095s] -- Installing: /home/augustmenard/Intro-to-Robotics-Research-Labs/Lab1_ws/install/turtlesim/include/turtlesim/turtlesim/srv
[21.095s] -- Installing: /home/augustmenard/Intro-to-Robotics-Research-Labs/Lab1_ws/install/turtlesim/include/turtlesim/turtlesim/srv/kill.h
[21.095s] -- Installing: /home/augustmenard/Intro-to-Robotics-Research-Labs/Lab1_ws/install/turtlesim/include/turtlesim/turtlesim/srv/spawn.h
[21.095s] -- Installing: /home/augustmenard/Intro-to-Robotics-Research-Labs/Lab1_ws/install/turtlesim/include/turtlesim/turtlesim/srv/set_pen.h
[21.095s] -- Installing: /home/augustmenard/Intro-to-Robotics-Research-Labs/Lab1_ws/install/turtlesim/include/turtlesim/turtlesim/srv/detail
[21.095s] -- Installing: /home/augustmenard/Intro-to-Robotics-Research-Labs/Lab1_ws/install/turtlesim/include/turtlesim/turtlesim/srv/detail/teleport_relative__type_support.h
[21.095s] -- Installing: /home/augustmenard/Intro-to-Robotics-Research-Labs/Lab1_ws/install/turtlesim/include/turtlesim/turtlesim/srv/detail/teleport_relative__struct.h
[21.095s] -- Installing: /home/augustmenard/Intro-to-Robotics-Research-Labs/Lab1_ws/install/turtlesim/include/turtlesim/turtlesim/srv/detail/teleport_absolute__functions.c
[21.095s] -- Installing: /home/augustmenard/Intro-to-Robotics-Research-Labs/Lab1_ws/install/turtlesim/include/turtlesim/turtlesim/srv/detail/teleport_relative__functions.h
[21.095s] -- Installing: /home/augustmenard/Intro-to-Robotics-Research-Labs/Lab1_ws/install/turtlesim/include/turtlesim/turtlesim/srv/detail/set_pen__functions.c
[21.095s] -- Installing: /home/augustmenard/Intro-to-Robotics-Research-Labs/Lab1_ws/install/turtlesim/include/turtlesim/turtlesim/srv/detail/spawn__functions.c
[21.095s] -- Installing: /home/augustmenard/Intro-to-Robotics-Research-Labs/Lab1_ws/install/turtlesim/include/turtlesim/turtlesim/srv/detail/teleport_absolute__functions.h
[21.095s] -- Installing: /home/augustmenard/Intro-to-Robotics-Research-Labs/Lab1_ws/install/turtlesim/include/turtlesim/turtlesim/srv/detail/teleport_relative__functions.c
[21.095s] -- Installing: /home/augustmenard/Intro-to-Robotics-Research-Labs/Lab1_ws/install/turtlesim/include/turtlesim/turtlesim/srv/detail/spawn__functions.h
[21.096s] -- Installing: /home/augustmenard/Intro-to-Robotics-Research-Labs/Lab1_ws/install/turtlesim/include/turtlesim/turtlesim/srv/detail/kill__struct.h
[21.096s] -- Installing: /home/augustmenard/Intro-to-Robotics-Research-Labs/Lab1_ws/install/turtlesim/include/turtlesim/turtlesim/srv/detail/set_pen__type_support.h
[21.096s] -- Installing: /home/augustmenard/Intro-to-Robotics-Research-Labs/Lab1_ws/install/turtlesim/include/turtlesim/turtlesim/srv/detail/kill__type_support.h
[21.096s] -- Installing: /home/augustmenard/Intro-to-Robotics-Research-Labs/Lab1_ws/install/turtlesim/include/turtlesim/turtlesim/srv/detail/spawn__type_support.h
[21.096s] -- Installing: /home/augustmenard/Intro-to-Robotics-Research-Labs/Lab1_ws/install/turtlesim/include/turtlesim/turtlesim/srv/detail/kill__functions.h
[21.096s] -- Installing: /home/augustmenard/Intro-to-Robotics-Research-Labs/Lab1_ws/install/turtlesim/include/turtlesim/turtlesim/srv/detail/teleport_absolute__struct.h
[21.096s] -- Installing: /home/augustmenard/Intro-to-Robotics-Research-Labs/Lab1_ws/install/turtlesim/include/turtlesim/turtlesim/srv/detail/spawn__struct.h
[21.096s] -- Installing: /home/augustmenard/Intro-to-Robotics-Research-Labs/Lab1_ws/install/turtlesim/include/turtlesim/turtlesim/srv/detail/set_pen__struct.h
[21.096s] -- Installing: /home/augustmenard/Intro-to-Robotics-Research-Labs/Lab1_ws/install/turtlesim/include/turtlesim/turtlesim/srv/detail/teleport_absolute__type_support.h
[21.096s] -- Installing: /home/augustmenard/Intro-to-Robotics-Research-Labs/Lab1_ws/install/turtlesim/include/turtlesim/turtlesim/srv/detail/set_pen__functions.h
[21.096s] -- Installing: /home/augustmenard/Intro-to-Robotics-Research-Labs/Lab1_ws/install/turtlesim/include/turtlesim/turtlesim/srv/detail/kill__functions.c
[21.096s] -- Installing: /home/augustmenard/Intro-to-Robotics-Research-Labs/Lab1_ws/install/turtlesim/include/turtlesim/turtlesim/srv/teleport_relative.h
[21.096s] -- Installing: /home/augustmenard/Intro-to-Robotics-Research-Labs/Lab1_ws/install/turtlesim/include/turtlesim/turtlesim/srv/teleport_absolute.h
[21.096s] -- Installing: /home/augustmenard/Intro-to-Robotics-Research-Labs/Lab1_ws/install/turtlesim/include/turtlesim/turtlesim/msg
[21.096s] -- Installing: /home/augustmenard/Intro-to-Robotics-Research-Labs/Lab1_ws/install/turtlesim/include/turtlesim/turtlesim/msg/color.h
[21.096s] -- Installing: /home/augustmenard/Intro-to-Robotics-Research-Labs/Lab1_ws/install/turtlesim/include/turtlesim/turtlesim/msg/rosidl_generator_c__visibility_control.h
[21.096s] -- Installing: /home/augustmenard/Intro-to-Robotics-Research-Labs/Lab1_ws/install/turtlesim/include/turtlesim/turtlesim/msg/detail
[21.096s] -- Installing: /home/augustmenard/Intro-to-Robotics-Research-Labs/Lab1_ws/install/turtlesim/include/turtlesim/turtlesim/msg/detail/color__functions.c
[21.096s] -- Installing: /home/augustmenard/Intro-to-Robotics-Research-Labs/Lab1_ws/install/turtlesim/include/turtlesim/turtlesim/msg/detail/pose__type_support.h
[21.096s] -- Installing: /home/augustmenard/Intro-to-Robotics-Research-Labs/Lab1_ws/install/turtlesim/include/turtlesim/turtlesim/msg/detail/pose__struct.h
[21.097s] -- Installing: /home/augustmenard/Intro-to-Robotics-Research-Labs/Lab1_ws/install/turtlesim/include/turtlesim/turtlesim/msg/detail/pose__functions.h
[21.097s] -- Installing: /home/augustmenard/Intro-to-Robotics-Research-Labs/Lab1_ws/install/turtlesim/include/turtlesim/turtlesim/msg/detail/color__struct.h
[21.097s] -- Installing: /home/augustmenard/Intro-to-Robotics-Research-Labs/Lab1_ws/install/turtlesim/include/turtlesim/turtlesim/msg/detail/pose__functions.c
[21.097s] -- Installing: /home/augustmenard/Intro-to-Robotics-Research-Labs/Lab1_ws/install/turtlesim/include/turtlesim/turtlesim/msg/detail/color__functions.h
[21.097s] -- Installing: /home/augustmenard/Intro-to-Robotics-Research-Labs/Lab1_ws/install/turtlesim/include/turtlesim/turtlesim/msg/detail/color__type_support.h
[21.097s] -- Installing: /home/augustmenard/Intro-to-Robotics-Research-Labs/Lab1_ws/install/turtlesim/include/turtlesim/turtlesim/msg/pose.h
[21.097s] -- Installing: /home/augustmenard/Intro-to-Robotics-Research-Labs/Lab1_ws/install/turtlesim/share/turtlesim/environment/library_path.sh
[21.097s] -- Installing: /home/augustmenard/Intro-to-Robotics-Research-Labs/Lab1_ws/install/turtlesim/share/turtlesim/environment/library_path.dsv
[21.097s] -- Installing: /home/augustmenard/Intro-to-Robotics-Research-Labs/Lab1_ws/install/turtlesim/lib/libturtlesim__rosidl_generator_c.so
[21.097s] -- Set runtime path of "/home/augustmenard/Intro-to-Robotics-Research-Labs/Lab1_ws/install/turtlesim/lib/libturtlesim__rosidl_generator_c.so" to ""
[21.097s] -- Up-to-date: /home/augustmenard/Intro-to-Robotics-Research-Labs/Lab1_ws/install/turtlesim/include/turtlesim/turtlesim
[21.097s] -- Up-to-date: /home/augustmenard/Intro-to-Robotics-Research-Labs/Lab1_ws/install/turtlesim/include/turtlesim/turtlesim/action
[21.097s] -- Up-to-date: /home/augustmenard/Intro-to-Robotics-Research-Labs/Lab1_ws/install/turtlesim/include/turtlesim/turtlesim/action/detail
[21.097s] -- Installing: /home/augustmenard/Intro-to-Robotics-Research-Labs/Lab1_ws/install/turtlesim/include/turtlesim/turtlesim/action/detail/rotate_absolute__rosidl_typesupport_fastrtps_c.h
[21.098s] -- Up-to-date: /home/augustmenard/Intro-to-Robotics-Research-Labs/Lab1_ws/install/turtlesim/include/turtlesim/turtlesim/srv
[21.098s] -- Up-to-date: /home/augustmenard/Intro-to-Robotics-Research-Labs/Lab1_ws/install/turtlesim/include/turtlesim/turtlesim/srv/detail
[21.098s] -- Installing: /home/augustmenard/Intro-to-Robotics-Research-Labs/Lab1_ws/install/turtlesim/include/turtlesim/turtlesim/srv/detail/teleport_relative__rosidl_typesupport_fastrtps_c.h
[21.098s] -- Installing: /home/augustmenard/Intro-to-Robotics-Research-Labs/Lab1_ws/install/turtlesim/include/turtlesim/turtlesim/srv/detail/kill__rosidl_typesupport_fastrtps_c.h
[21.098s] -- Installing: /home/augustmenard/Intro-to-Robotics-Research-Labs/Lab1_ws/install/turtlesim/include/turtlesim/turtlesim/srv/detail/set_pen__rosidl_typesupport_fastrtps_c.h
[21.098s] -- Installing: /home/augustmenard/Intro-to-Robotics-Research-Labs/Lab1_ws/install/turtlesim/include/turtlesim/turtlesim/srv/detail/teleport_absolute__rosidl_typesupport_fastrtps_c.h
[21.098s] -- Installing: /home/augustmenard/Intro-to-Robotics-Research-Labs/Lab1_ws/install/turtlesim/include/turtlesim/turtlesim/srv/detail/spawn__rosidl_typesupport_fastrtps_c.h
[21.098s] -- Up-to-date: /home/augustmenard/Intro-to-Robotics-Research-Labs/Lab1_ws/install/turtlesim/include/turtlesim/turtlesim/msg
[21.098s] -- Up-to-date: /home/augustmenard/Intro-to-Robotics-Research-Labs/Lab1_ws/install/turtlesim/include/turtlesim/turtlesim/msg/detail
[21.098s] -- Installing: /home/augustmenard/Intro-to-Robotics-Research-Labs/Lab1_ws/install/turtlesim/include/turtlesim/turtlesim/msg/detail/pose__rosidl_typesupport_fastrtps_c.h
[21.098s] -- Installing: /home/augustmenard/Intro-to-Robotics-Research-Labs/Lab1_ws/install/turtlesim/include/turtlesim/turtlesim/msg/detail/color__rosidl_typesupport_fastrtps_c.h
[21.098s] -- Installing: /home/augustmenard/Intro-to-Robotics-Research-Labs/Lab1_ws/install/turtlesim/include/turtlesim/turtlesim/msg/rosidl_typesupport_fastrtps_c__visibility_control.h
[21.098s] -- Installing: /home/augustmenard/Intro-to-Robotics-Research-Labs/Lab1_ws/install/turtlesim/lib/libturtlesim__rosidl_typesupport_fastrtps_c.so
[21.098s] -- Set runtime path of "/home/augustmenard/Intro-to-Robotics-Research-Labs/Lab1_ws/install/turtlesim/lib/libturtlesim__rosidl_typesupport_fastrtps_c.so" to ""
[21.098s] -- Up-to-date: /home/augustmenard/Intro-to-Robotics-Research-Labs/Lab1_ws/install/turtlesim/include/turtlesim/turtlesim
[21.098s] -- Up-to-date: /home/augustmenard/Intro-to-Robotics-Research-Labs/Lab1_ws/install/turtlesim/include/turtlesim/turtlesim/action
[21.098s] -- Installing: /home/augustmenard/Intro-to-Robotics-Research-Labs/Lab1_ws/install/turtlesim/include/turtlesim/turtlesim/action/rotate_absolute.hpp
[21.098s] -- Up-to-date: /home/augustmenard/Intro-to-Robotics-Research-Labs/Lab1_ws/install/turtlesim/include/turtlesim/turtlesim/action/detail
[21.098s] -- Installing: /home/augustmenard/Intro-to-Robotics-Research-Labs/Lab1_ws/install/turtlesim/include/turtlesim/turtlesim/action/detail/rotate_absolute__type_support.hpp
[21.098s] -- Installing: /home/augustmenard/Intro-to-Robotics-Research-Labs/Lab1_ws/install/turtlesim/include/turtlesim/turtlesim/action/detail/rotate_absolute__traits.hpp
[21.098s] -- Installing: /home/augustmenard/Intro-to-Robotics-Research-Labs/Lab1_ws/install/turtlesim/include/turtlesim/turtlesim/action/detail/rotate_absolute__struct.hpp
[21.099s] -- Installing: /home/augustmenard/Intro-to-Robotics-Research-Labs/Lab1_ws/install/turtlesim/include/turtlesim/turtlesim/action/detail/rotate_absolute__builder.hpp
[21.099s] -- Up-to-date: /home/augustmenard/Intro-to-Robotics-Research-Labs/Lab1_ws/install/turtlesim/include/turtlesim/turtlesim/srv
[21.099s] -- Installing: /home/augustmenard/Intro-to-Robotics-Research-Labs/Lab1_ws/install/turtlesim/include/turtlesim/turtlesim/srv/teleport_absolute.hpp
[21.099s] -- Installing: /home/augustmenard/Intro-to-Robotics-Research-Labs/Lab1_ws/install/turtlesim/include/turtlesim/turtlesim/srv/set_pen.hpp
[21.099s] -- Installing: /home/augustmenard/Intro-to-Robotics-Research-Labs/Lab1_ws/install/turtlesim/include/turtlesim/turtlesim/srv/kill.hpp
[21.099s] -- Up-to-date: /home/augustmenard/Intro-to-Robotics-Research-Labs/Lab1_ws/install/turtlesim/include/turtlesim/turtlesim/srv/detail
[21.099s] -- Installing: /home/augustmenard/Intro-to-Robotics-Research-Labs/Lab1_ws/install/turtlesim/include/turtlesim/turtlesim/srv/detail/set_pen__type_support.hpp
[21.099s] -- Installing: /home/augustmenard/Intro-to-Robotics-Research-Labs/Lab1_ws/install/turtlesim/include/turtlesim/turtlesim/srv/detail/spawn__builder.hpp
[21.099s] -- Installing: /home/augustmenard/Intro-to-Robotics-Research-Labs/Lab1_ws/install/turtlesim/include/turtlesim/turtlesim/srv/detail/teleport_absolute__builder.hpp
[21.099s] -- Installing: /home/augustmenard/Intro-to-Robotics-Research-Labs/Lab1_ws/install/turtlesim/include/turtlesim/turtlesim/srv/detail/spawn__traits.hpp
[21.099s] -- Installing: /home/augustmenard/Intro-to-Robotics-Research-Labs/Lab1_ws/install/turtlesim/include/turtlesim/turtlesim/srv/detail/teleport_relative__builder.hpp
[21.099s] -- Installing: /home/augustmenard/Intro-to-Robotics-Research-Labs/Lab1_ws/install/turtlesim/include/turtlesim/turtlesim/srv/detail/teleport_relative__struct.hpp
[21.099s] -- Installing: /home/augustmenard/Intro-to-Robotics-Research-Labs/Lab1_ws/install/turtlesim/include/turtlesim/turtlesim/srv/detail/teleport_absolute__type_support.hpp
[21.099s] -- Installing: /home/augustmenard/Intro-to-Robotics-Research-Labs/Lab1_ws/install/turtlesim/include/turtlesim/turtlesim/srv/detail/set_pen__builder.hpp
[21.099s] -- Installing: /home/augustmenard/Intro-to-Robotics-Research-Labs/Lab1_ws/install/turtlesim/include/turtlesim/turtlesim/srv/detail/kill__type_support.hpp
[21.099s] -- Installing: /home/augustmenard/Intro-to-Robotics-Research-Labs/Lab1_ws/install/turtlesim/include/turtlesim/turtlesim/srv/detail/kill__traits.hpp
[21.099s] -- Installing: /home/augustmenard/Intro-to-Robotics-Research-Labs/Lab1_ws/install/turtlesim/include/turtlesim/turtlesim/srv/detail/spawn__type_support.hpp
[21.099s] -- Installing: /home/augustmenard/Intro-to-Robotics-Research-Labs/Lab1_ws/install/turtlesim/include/turtlesim/turtlesim/srv/detail/set_pen__struct.hpp
[21.099s] -- Installing: /home/augustmenard/Intro-to-Robotics-Research-Labs/Lab1_ws/install/turtlesim/include/turtlesim/turtlesim/srv/detail/teleport_absolute__struct.hpp
[21.099s] -- Installing: /home/augustmenard/Intro-to-Robotics-Research-Labs/Lab1_ws/install/turtlesim/include/turtlesim/turtlesim/srv/detail/set_pen__traits.hpp
[21.100s] -- Installing: /home/augustmenard/Intro-to-Robotics-Research-Labs/Lab1_ws/install/turtlesim/include/turtlesim/turtlesim/srv/detail/kill__struct.hpp
[21.100s] -- Installing: /home/augustmenard/Intro-to-Robotics-Research-Labs/Lab1_ws/install/turtlesim/include/turtlesim/turtlesim/srv/detail/teleport_relative__traits.hpp
[21.100s] -- Installing: /home/augustmenard/Intro-to-Robotics-Research-Labs/Lab1_ws/install/turtlesim/include/turtlesim/turtlesim/srv/detail/spawn__struct.hpp
[21.100s] -- Installing: /home/augustmenard/Intro-to-Robotics-Research-Labs/Lab1_ws/install/turtlesim/include/turtlesim/turtlesim/srv/detail/kill__builder.hpp
[21.100s] -- Installing: /home/augustmenard/Intro-to-Robotics-Research-Labs/Lab1_ws/install/turtlesim/include/turtlesim/turtlesim/srv/detail/teleport_absolute__traits.hpp
[21.100s] -- Installing: /home/augustmenard/Intro-to-Robotics-Research-Labs/Lab1_ws/install/turtlesim/include/turtlesim/turtlesim/srv/detail/teleport_relative__type_support.hpp
[21.100s] -- Installing: /home/augustmenard/Intro-to-Robotics-Research-Labs/Lab1_ws/install/turtlesim/include/turtlesim/turtlesim/srv/teleport_relative.hpp
[21.100s] -- Installing: /home/augustmenard/Intro-to-Robotics-Research-Labs/Lab1_ws/install/turtlesim/include/turtlesim/turtlesim/srv/spawn.hpp
[21.100s] -- Up-to-date: /home/augustmenard/Intro-to-Robotics-Research-Labs/Lab1_ws/install/turtlesim/include/turtlesim/turtlesim/msg
[21.100s] -- Installing: /home/augustmenard/Intro-to-Robotics-Research-Labs/Lab1_ws/install/turtlesim/include/turtlesim/turtlesim/msg/rosidl_generator_cpp__visibility_control.hpp
[21.100s] -- Installing: /home/augustmenard/Intro-to-Robotics-Research-Labs/Lab1_ws/install/turtlesim/include/turtlesim/turtlesim/msg/pose.hpp
[21.100s] -- Up-to-date: /home/augustmenard/Intro-to-Robotics-Research-Labs/Lab1_ws/install/turtlesim/include/turtlesim/turtlesim/msg/detail
[21.100s] -- Installing: /home/augustmenard/Intro-to-Robotics-Research-Labs/Lab1_ws/install/turtlesim/include/turtlesim/turtlesim/msg/detail/color__struct.hpp
[21.100s] -- Installing: /home/augustmenard/Intro-to-Robotics-Research-Labs/Lab1_ws/install/turtlesim/include/turtlesim/turtlesim/msg/detail/color__traits.hpp
[21.100s] -- Installing: /home/augustmenard/Intro-to-Robotics-Research-Labs/Lab1_ws/install/turtlesim/include/turtlesim/turtlesim/msg/detail/pose__struct.hpp
[21.100s] -- Installing: /home/augustmenard/Intro-to-Robotics-Research-Labs/Lab1_ws/install/turtlesim/include/turtlesim/turtlesim/msg/detail/color__type_support.hpp
[21.100s] -- Installing: /home/augustmenard/Intro-to-Robotics-Research-Labs/Lab1_ws/install/turtlesim/include/turtlesim/turtlesim/msg/detail/pose__builder.hpp
[21.100s] -- Installing: /home/augustmenard/Intro-to-Robotics-Research-Labs/Lab1_ws/install/turtlesim/include/turtlesim/turtlesim/msg/detail/pose__traits.hpp
[21.100s] -- Installing: /home/augustmenard/Intro-to-Robotics-Research-Labs/Lab1_ws/install/turtlesim/include/turtlesim/turtlesim/msg/detail/pose__type_support.hpp
[21.100s] -- Installing: /home/augustmenard/Intro-to-Robotics-Research-Labs/Lab1_ws/install/turtlesim/include/turtlesim/turtlesim/msg/detail/color__builder.hpp
[21.100s] -- Installing: /home/augustmenard/Intro-to-Robotics-Research-Labs/Lab1_ws/install/turtlesim/include/turtlesim/turtlesim/msg/color.hpp
[21.101s] -- Up-to-date: /home/augustmenard/Intro-to-Robotics-Research-Labs/Lab1_ws/install/turtlesim/include/turtlesim/turtlesim
[21.101s] -- Up-to-date: /home/augustmenard/Intro-to-Robotics-Research-Labs/Lab1_ws/install/turtlesim/include/turtlesim/turtlesim/action
[21.101s] -- Up-to-date: /home/augustmenard/Intro-to-Robotics-Research-Labs/Lab1_ws/install/turtlesim/include/turtlesim/turtlesim/action/detail
[21.101s] -- Installing: /home/augustmenard/Intro-to-Robotics-Research-Labs/Lab1_ws/install/turtlesim/include/turtlesim/turtlesim/action/detail/dds_fastrtps
[21.101s] -- Installing: /home/augustmenard/Intro-to-Robotics-Research-Labs/Lab1_ws/install/turtlesim/include/turtlesim/turtlesim/action/detail/rotate_absolute__rosidl_typesupport_fastrtps_cpp.hpp
[21.101s] -- Up-to-date: /home/augustmenard/Intro-to-Robotics-Research-Labs/Lab1_ws/install/turtlesim/include/turtlesim/turtlesim/srv
[21.101s] -- Up-to-date: /home/augustmenard/Intro-to-Robotics-Research-Labs/Lab1_ws/install/turtlesim/include/turtlesim/turtlesim/srv/detail
[21.101s] -- Installing: /home/augustmenard/Intro-to-Robotics-Research-Labs/Lab1_ws/install/turtlesim/include/turtlesim/turtlesim/srv/detail/dds_fastrtps
[21.101s] -- Installing: /home/augustmenard/Intro-to-Robotics-Research-Labs/Lab1_ws/install/turtlesim/include/turtlesim/turtlesim/srv/detail/teleport_relative__rosidl_typesupport_fastrtps_cpp.hpp
[21.101s] -- Installing: /home/augustmenard/Intro-to-Robotics-Research-Labs/Lab1_ws/install/turtlesim/include/turtlesim/turtlesim/srv/detail/set_pen__rosidl_typesupport_fastrtps_cpp.hpp
[21.101s] -- Installing: /home/augustmenard/Intro-to-Robotics-Research-Labs/Lab1_ws/install/turtlesim/include/turtlesim/turtlesim/srv/detail/spawn__rosidl_typesupport_fastrtps_cpp.hpp
[21.101s] -- Installing: /home/augustmenard/Intro-to-Robotics-Research-Labs/Lab1_ws/install/turtlesim/include/turtlesim/turtlesim/srv/detail/teleport_absolute__rosidl_typesupport_fastrtps_cpp.hpp
[21.101s] -- Installing: /home/augustmenard/Intro-to-Robotics-Research-Labs/Lab1_ws/install/turtlesim/include/turtlesim/turtlesim/srv/detail/kill__rosidl_typesupport_fastrtps_cpp.hpp
[21.101s] -- Up-to-date: /home/augustmenard/Intro-to-Robotics-Research-Labs/Lab1_ws/install/turtlesim/include/turtlesim/turtlesim/msg
[21.101s] -- Up-to-date: /home/augustmenard/Intro-to-Robotics-Research-Labs/Lab1_ws/install/turtlesim/include/turtlesim/turtlesim/msg/detail
[21.101s] -- Installing: /home/augustmenard/Intro-to-Robotics-Research-Labs/Lab1_ws/install/turtlesim/include/turtlesim/turtlesim/msg/detail/dds_fastrtps
[21.101s] -- Installing: /home/augustmenard/Intro-to-Robotics-Research-Labs/Lab1_ws/install/turtlesim/include/turtlesim/turtlesim/msg/detail/pose__rosidl_typesupport_fastrtps_cpp.hpp
[21.101s] -- Installing: /home/augustmenard/Intro-to-Robotics-Research-Labs/Lab1_ws/install/turtlesim/include/turtlesim/turtlesim/msg/detail/color__rosidl_typesupport_fastrtps_cpp.hpp
[21.101s] -- Installing: /home/augustmenard/Intro-to-Robotics-Research-Labs/Lab1_ws/install/turtlesim/include/turtlesim/turtlesim/msg/rosidl_typesupport_fastrtps_cpp__visibility_control.h
[21.101s] -- Installing: /home/augustmenard/Intro-to-Robotics-Research-Labs/Lab1_ws/install/turtlesim/lib/libturtlesim__rosidl_typesupport_fastrtps_cpp.so
[21.102s] -- Set runtime path of "/home/augustmenard/Intro-to-Robotics-Research-Labs/Lab1_ws/install/turtlesim/lib/libturtlesim__rosidl_typesupport_fastrtps_cpp.so" to ""
[21.102s] -- Up-to-date: /home/augustmenard/Intro-to-Robotics-Research-Labs/Lab1_ws/install/turtlesim/include/turtlesim/turtlesim
[21.102s] -- Up-to-date: /home/augustmenard/Intro-to-Robotics-Research-Labs/Lab1_ws/install/turtlesim/include/turtlesim/turtlesim/action
[21.102s] -- Up-to-date: /home/augustmenard/Intro-to-Robotics-Research-Labs/Lab1_ws/install/turtlesim/include/turtlesim/turtlesim/action/detail
[21.102s] -- Installing: /home/augustmenard/Intro-to-Robotics-Research-Labs/Lab1_ws/install/turtlesim/include/turtlesim/turtlesim/action/detail/rotate_absolute__rosidl_typesupport_introspection_c.h
[21.102s] -- Installing: /home/augustmenard/Intro-to-Robotics-Research-Labs/Lab1_ws/install/turtlesim/include/turtlesim/turtlesim/action/detail/rotate_absolute__type_support.c
[21.102s] -- Up-to-date: /home/augustmenard/Intro-to-Robotics-Research-Labs/Lab1_ws/install/turtlesim/include/turtlesim/turtlesim/srv
[21.102s] -- Up-to-date: /home/augustmenard/Intro-to-Robotics-Research-Labs/Lab1_ws/install/turtlesim/include/turtlesim/turtlesim/srv/detail
[21.102s] -- Installing: /home/augustmenard/Intro-to-Robotics-Research-Labs/Lab1_ws/install/turtlesim/include/turtlesim/turtlesim/srv/detail/kill__type_support.c
[21.102s] -- Installing: /home/augustmenard/Intro-to-Robotics-Research-Labs/Lab1_ws/install/turtlesim/include/turtlesim/turtlesim/srv/detail/teleport_relative__type_support.c
[21.102s] -- Installing: /home/augustmenard/Intro-to-Robotics-Research-Labs/Lab1_ws/install/turtlesim/include/turtlesim/turtlesim/srv/detail/teleport_absolute__type_support.c
[21.102s] -- Installing: /home/augustmenard/Intro-to-Robotics-Research-Labs/Lab1_ws/install/turtlesim/include/turtlesim/turtlesim/srv/detail/spawn__type_support.c
[21.102s] -- Installing: /home/augustmenard/Intro-to-Robotics-Research-Labs/Lab1_ws/install/turtlesim/include/turtlesim/turtlesim/srv/detail/teleport_relative__rosidl_typesupport_introspection_c.h
[21.102s] -- Installing: /home/augustmenard/Intro-to-Robotics-Research-Labs/Lab1_ws/install/turtlesim/include/turtlesim/turtlesim/srv/detail/spawn__rosidl_typesupport_introspection_c.h
[21.102s] -- Installing: /home/augustmenard/Intro-to-Robotics-Research-Labs/Lab1_ws/install/turtlesim/include/turtlesim/turtlesim/srv/detail/set_pen__rosidl_typesupport_introspection_c.h
[21.102s] -- Installing: /home/augustmenard/Intro-to-Robotics-Research-Labs/Lab1_ws/install/turtlesim/include/turtlesim/turtlesim/srv/detail/set_pen__type_support.c
[21.102s] -- Installing: /home/augustmenard/Intro-to-Robotics-Research-Labs/Lab1_ws/install/turtlesim/include/turtlesim/turtlesim/srv/detail/teleport_absolute__rosidl_typesupport_introspection_c.h
[21.102s] -- Installing: /home/augustmenard/Intro-to-Robotics-Research-Labs/Lab1_ws/install/turtlesim/include/turtlesim/turtlesim/srv/detail/kill__rosidl_typesupport_introspection_c.h
[21.102s] -- Up-to-date: /home/augustmenard/Intro-to-Robotics-Research-Labs/Lab1_ws/install/turtlesim/include/turtlesim/turtlesim/msg
[21.102s] -- Up-to-date: /home/augustmenard/Intro-to-Robotics-Research-Labs/Lab1_ws/install/turtlesim/include/turtlesim/turtlesim/msg/detail
[21.102s] -- Installing: /home/augustmenard/Intro-to-Robotics-Research-Labs/Lab1_ws/install/turtlesim/include/turtlesim/turtlesim/msg/detail/color__rosidl_typesupport_introspection_c.h
[21.103s] -- Installing: /home/augustmenard/Intro-to-Robotics-Research-Labs/Lab1_ws/install/turtlesim/include/turtlesim/turtlesim/msg/detail/color__type_support.c
[21.103s] -- Installing: /home/augustmenard/Intro-to-Robotics-Research-Labs/Lab1_ws/install/turtlesim/include/turtlesim/turtlesim/msg/detail/pose__rosidl_typesupport_introspection_c.h
[21.103s] -- Installing: /home/augustmenard/Intro-to-Robotics-Research-Labs/Lab1_ws/install/turtlesim/include/turtlesim/turtlesim/msg/detail/pose__type_support.c
[21.103s] -- Installing: /home/augustmenard/Intro-to-Robotics-Research-Labs/Lab1_ws/install/turtlesim/include/turtlesim/turtlesim/msg/rosidl_typesupport_introspection_c__visibility_control.h
[21.103s] -- Installing: /home/augustmenard/Intro-to-Robotics-Research-Labs/Lab1_ws/install/turtlesim/lib/libturtlesim__rosidl_typesupport_introspection_c.so
[21.103s] -- Set runtime path of "/home/augustmenard/Intro-to-Robotics-Research-Labs/Lab1_ws/install/turtlesim/lib/libturtlesim__rosidl_typesupport_introspection_c.so" to ""
[21.103s] -- Installing: /home/augustmenard/Intro-to-Robotics-Research-Labs/Lab1_ws/install/turtlesim/lib/libturtlesim__rosidl_typesupport_c.so
[21.103s] -- Set runtime path of "/home/augustmenard/Intro-to-Robotics-Research-Labs/Lab1_ws/install/turtlesim/lib/libturtlesim__rosidl_typesupport_c.so" to ""
[21.103s] -- Up-to-date: /home/augustmenard/Intro-to-Robotics-Research-Labs/Lab1_ws/install/turtlesim/include/turtlesim/turtlesim
[21.103s] -- Up-to-date: /home/augustmenard/Intro-to-Robotics-Research-Labs/Lab1_ws/install/turtlesim/include/turtlesim/turtlesim/action
[21.103s] -- Up-to-date: /home/augustmenard/Intro-to-Robotics-Research-Labs/Lab1_ws/install/turtlesim/include/turtlesim/turtlesim/action/detail
[21.103s] -- Installing: /home/augustmenard/Intro-to-Robotics-Research-Labs/Lab1_ws/install/turtlesim/include/turtlesim/turtlesim/action/detail/rotate_absolute__rosidl_typesupport_introspection_cpp.hpp
[21.103s] -- Installing: /home/augustmenard/Intro-to-Robotics-Research-Labs/Lab1_ws/install/turtlesim/include/turtlesim/turtlesim/action/detail/rotate_absolute__type_support.cpp
[21.103s] -- Up-to-date: /home/augustmenard/Intro-to-Robotics-Research-Labs/Lab1_ws/install/turtlesim/include/turtlesim/turtlesim/srv
[21.103s] -- Up-to-date: /home/augustmenard/Intro-to-Robotics-Research-Labs/Lab1_ws/install/turtlesim/include/turtlesim/turtlesim/srv/detail
[21.103s] -- Installing: /home/augustmenard/Intro-to-Robotics-Research-Labs/Lab1_ws/install/turtlesim/include/turtlesim/turtlesim/srv/detail/teleport_absolute__rosidl_typesupport_introspection_cpp.hpp
[21.103s] -- Installing: /home/augustmenard/Intro-to-Robotics-Research-Labs/Lab1_ws/install/turtlesim/include/turtlesim/turtlesim/srv/detail/kill__type_support.cpp
[21.104s] -- Installing: /home/augustmenard/Intro-to-Robotics-Research-Labs/Lab1_ws/install/turtlesim/include/turtlesim/turtlesim/srv/detail/spawn__type_support.cpp
[21.104s] -- Installing: /home/augustmenard/Intro-to-Robotics-Research-Labs/Lab1_ws/install/turtlesim/include/turtlesim/turtlesim/srv/detail/teleport_relative__rosidl_typesupport_introspection_cpp.hpp
[21.104s] -- Installing: /home/augustmenard/Intro-to-Robotics-Research-Labs/Lab1_ws/install/turtlesim/include/turtlesim/turtlesim/srv/detail/kill__rosidl_typesupport_introspection_cpp.hpp
[21.104s] -- Installing: /home/augustmenard/Intro-to-Robotics-Research-Labs/Lab1_ws/install/turtlesim/include/turtlesim/turtlesim/srv/detail/teleport_relative__type_support.cpp
[21.104s] -- Installing: /home/augustmenard/Intro-to-Robotics-Research-Labs/Lab1_ws/install/turtlesim/include/turtlesim/turtlesim/srv/detail/spawn__rosidl_typesupport_introspection_cpp.hpp
[21.104s] -- Installing: /home/augustmenard/Intro-to-Robotics-Research-Labs/Lab1_ws/install/turtlesim/include/turtlesim/turtlesim/srv/detail/set_pen__type_support.cpp
[21.104s] -- Installing: /home/augustmenard/Intro-to-Robotics-Research-Labs/Lab1_ws/install/turtlesim/include/turtlesim/turtlesim/srv/detail/set_pen__rosidl_typesupport_introspection_cpp.hpp
[21.104s] -- Installing: /home/augustmenard/Intro-to-Robotics-Research-Labs/Lab1_ws/install/turtlesim/include/turtlesim/turtlesim/srv/detail/teleport_absolute__type_support.cpp
[21.104s] -- Up-to-date: /home/augustmenard/Intro-to-Robotics-Research-Labs/Lab1_ws/install/turtlesim/include/turtlesim/turtlesim/msg
[21.104s] -- Up-to-date: /home/augustmenard/Intro-to-Robotics-Research-Labs/Lab1_ws/install/turtlesim/include/turtlesim/turtlesim/msg/detail
[21.104s] -- Installing: /home/augustmenard/Intro-to-Robotics-Research-Labs/Lab1_ws/install/turtlesim/include/turtlesim/turtlesim/msg/detail/color__rosidl_typesupport_introspection_cpp.hpp
[21.104s] -- Installing: /home/augustmenard/Intro-to-Robotics-Research-Labs/Lab1_ws/install/turtlesim/include/turtlesim/turtlesim/msg/detail/pose__type_support.cpp
[21.104s] -- Installing: /home/augustmenard/Intro-to-Robotics-Research-Labs/Lab1_ws/install/turtlesim/include/turtlesim/turtlesim/msg/detail/pose__rosidl_typesupport_introspection_cpp.hpp
[21.104s] -- Installing: /home/augustmenard/Intro-to-Robotics-Research-Labs/Lab1_ws/install/turtlesim/include/turtlesim/turtlesim/msg/detail/color__type_support.cpp
[21.104s] -- Installing: /home/augustmenard/Intro-to-Robotics-Research-Labs/Lab1_ws/install/turtlesim/lib/libturtlesim__rosidl_typesupport_introspection_cpp.so
[21.104s] -- Set runtime path of "/home/augustmenard/Intro-to-Robotics-Research-Labs/Lab1_ws/install/turtlesim/lib/libturtlesim__rosidl_typesupport_introspection_cpp.so" to ""
[21.105s] -- Installing: /home/augustmenard/Intro-to-Robotics-Research-Labs/Lab1_ws/install/turtlesim/lib/libturtlesim__rosidl_typesupport_cpp.so
[21.105s] -- Set runtime path of "/home/augustmenard/Intro-to-Robotics-Research-Labs/Lab1_ws/install/turtlesim/lib/libturtlesim__rosidl_typesupport_cpp.so" to ""
[21.105s] -- Installing: /home/augustmenard/Intro-to-Robotics-Research-Labs/Lab1_ws/install/turtlesim/share/turtlesim/environment/pythonpath.sh
[21.105s] -- Installing: /home/augustmenard/Intro-to-Robotics-Research-Labs/Lab1_ws/install/turtlesim/share/turtlesim/environment/pythonpath.dsv
[21.105s] -- Installing: /home/augustmenard/Intro-to-Robotics-Research-Labs/Lab1_ws/install/turtlesim/local/lib/python3.10/dist-packages/turtlesim-1.4.2-py3.10.egg-info
[21.105s] -- Installing: /home/augustmenard/Intro-to-Robotics-Research-Labs/Lab1_ws/install/turtlesim/local/lib/python3.10/dist-packages/turtlesim-1.4.2-py3.10.egg-info/PKG-INFO
[21.105s] -- Installing: /home/augustmenard/Intro-to-Robotics-Research-Labs/Lab1_ws/install/turtlesim/local/lib/python3.10/dist-packages/turtlesim-1.4.2-py3.10.egg-info/top_level.txt
[21.105s] -- Installing: /home/augustmenard/Intro-to-Robotics-Research-Labs/Lab1_ws/install/turtlesim/local/lib/python3.10/dist-packages/turtlesim-1.4.2-py3.10.egg-info/SOURCES.txt
[21.105s] -- Installing: /home/augustmenard/Intro-to-Robotics-Research-Labs/Lab1_ws/install/turtlesim/local/lib/python3.10/dist-packages/turtlesim-1.4.2-py3.10.egg-info/dependency_links.txt
[21.105s] -- Installing: /home/augustmenard/Intro-to-Robotics-Research-Labs/Lab1_ws/install/turtlesim/local/lib/python3.10/dist-packages/turtlesim
[21.105s] -- Installing: /home/augustmenard/Intro-to-Robotics-Research-Labs/Lab1_ws/install/turtlesim/local/lib/python3.10/dist-packages/turtlesim/__init__.py
[21.105s] -- Installing: /home/augustmenard/Intro-to-Robotics-Research-Labs/Lab1_ws/install/turtlesim/local/lib/python3.10/dist-packages/turtlesim/action
[21.105s] -- Installing: /home/augustmenard/Intro-to-Robotics-Research-Labs/Lab1_ws/install/turtlesim/local/lib/python3.10/dist-packages/turtlesim/action/__init__.py
[21.105s] -- Installing: /home/augustmenard/Intro-to-Robotics-Research-Labs/Lab1_ws/install/turtlesim/local/lib/python3.10/dist-packages/turtlesim/action/_rotate_absolute_s.c
[21.105s] -- Installing: /home/augustmenard/Intro-to-Robotics-Research-Labs/Lab1_ws/install/turtlesim/local/lib/python3.10/dist-packages/turtlesim/action/_rotate_absolute.py
[21.105s] -- Installing: /home/augustmenard/Intro-to-Robotics-Research-Labs/Lab1_ws/install/turtlesim/local/lib/python3.10/dist-packages/turtlesim/srv
[21.106s] -- Installing: /home/augustmenard/Intro-to-Robotics-Research-Labs/Lab1_ws/install/turtlesim/local/lib/python3.10/dist-packages/turtlesim/srv/__init__.py
[21.106s] -- Installing: /home/augustmenard/Intro-to-Robotics-Research-Labs/Lab1_ws/install/turtlesim/local/lib/python3.10/dist-packages/turtlesim/srv/_spawn_s.c
[21.106s] -- Installing: /home/augustmenard/Intro-to-Robotics-Research-Labs/Lab1_ws/install/turtlesim/local/lib/python3.10/dist-packages/turtlesim/srv/_teleport_absolute.py
[21.106s] -- Installing: /home/augustmenard/Intro-to-Robotics-Research-Labs/Lab1_ws/install/turtlesim/local/lib/python3.10/dist-packages/turtlesim/srv/_set_pen_s.c
[21.106s] -- Installing: /home/augustmenard/Intro-to-Robotics-Research-Labs/Lab1_ws/install/turtlesim/local/lib/python3.10/dist-packages/turtlesim/srv/_kill_s.c
[21.106s] -- Installing: /home/augustmenard/Intro-to-Robotics-Research-Labs/Lab1_ws/install/turtlesim/local/lib/python3.10/dist-packages/turtlesim/srv/_teleport_relative_s.c
[21.106s] -- Installing: /home/augustmenard/Intro-to-Robotics-Research-Labs/Lab1_ws/install/turtlesim/local/lib/python3.10/dist-packages/turtlesim/srv/_teleport_relative.py
[21.106s] -- Installing: /home/augustmenard/Intro-to-Robotics-Research-Labs/Lab1_ws/install/turtlesim/local/lib/python3.10/dist-packages/turtlesim/srv/_spawn.py
[21.106s] -- Installing: /home/augustmenard/Intro-to-Robotics-Research-Labs/Lab1_ws/install/turtlesim/local/lib/python3.10/dist-packages/turtlesim/srv/_teleport_absolute_s.c
[21.106s] -- Installing: /home/augustmenard/Intro-to-Robotics-Research-Labs/Lab1_ws/install/turtlesim/local/lib/python3.10/dist-packages/turtlesim/srv/_kill.py
[21.106s] -- Installing: /home/augustmenard/Intro-to-Robotics-Research-Labs/Lab1_ws/install/turtlesim/local/lib/python3.10/dist-packages/turtlesim/srv/_set_pen.py
[21.106s] -- Installing: /home/augustmenard/Intro-to-Robotics-Research-Labs/Lab1_ws/install/turtlesim/local/lib/python3.10/dist-packages/turtlesim/_turtlesim_s.ep.rosidl_typesupport_fastrtps_c.c
[21.106s] -- Installing: /home/augustmenard/Intro-to-Robotics-Research-Labs/Lab1_ws/install/turtlesim/local/lib/python3.10/dist-packages/turtlesim/_turtlesim_s.ep.rosidl_typesupport_introspection_c.c
[21.106s] -- Installing: /home/augustmenard/Intro-to-Robotics-Research-Labs/Lab1_ws/install/turtlesim/local/lib/python3.10/dist-packages/turtlesim/turtlesim_s__rosidl_typesupport_c.cpython-310-x86_64-linux-gnu.so
[21.106s] -- Installing: /home/augustmenard/Intro-to-Robotics-Research-Labs/Lab1_ws/install/turtlesim/local/lib/python3.10/dist-packages/turtlesim/libturtlesim__rosidl_generator_py.so
[21.106s] -- Installing: /home/augustmenard/Intro-to-Robotics-Research-Labs/Lab1_ws/install/turtlesim/local/lib/python3.10/dist-packages/turtlesim/_turtlesim_s.ep.rosidl_typesupport_c.c
[21.107s] -- Installing: /home/augustmenard/Intro-to-Robotics-Research-Labs/Lab1_ws/install/turtlesim/local/lib/python3.10/dist-packages/turtlesim/msg
[21.107s] -- Installing: /home/augustmenard/Intro-to-Robotics-Research-Labs/Lab1_ws/install/turtlesim/local/lib/python3.10/dist-packages/turtlesim/msg/__init__.py
[21.107s] -- Installing: /home/augustmenard/Intro-to-Robotics-Research-Labs/Lab1_ws/install/turtlesim/local/lib/python3.10/dist-packages/turtlesim/msg/_color_s.c
[21.107s] -- Installing: /home/augustmenard/Intro-to-Robotics-Research-Labs/Lab1_ws/install/turtlesim/local/lib/python3.10/dist-packages/turtlesim/msg/_pose_s.c
[21.107s] -- Installing: /home/augustmenard/Intro-to-Robotics-Research-Labs/Lab1_ws/install/turtlesim/local/lib/python3.10/dist-packages/turtlesim/msg/_pose.py
[21.107s] -- Installing: /home/augustmenard/Intro-to-Robotics-Research-Labs/Lab1_ws/install/turtlesim/local/lib/python3.10/dist-packages/turtlesim/msg/_color.py
[21.107s] -- Installing: /home/augustmenard/Intro-to-Robotics-Research-Labs/Lab1_ws/install/turtlesim/local/lib/python3.10/dist-packages/turtlesim/turtlesim_s__rosidl_typesupport_introspection_c.cpython-310-x86_64-linux-gnu.so
[21.107s] -- Installing: /home/augustmenard/Intro-to-Robotics-Research-Labs/Lab1_ws/install/turtlesim/local/lib/python3.10/dist-packages/turtlesim/turtlesim_s__rosidl_typesupport_fastrtps_c.cpython-310-x86_64-linux-gnu.so
[21.148s] Listing '/home/augustmenard/Intro-to-Robotics-Research-Labs/Lab1_ws/install/turtlesim/local/lib/python3.10/dist-packages/turtlesim'...
[21.148s] Compiling '/home/augustmenard/Intro-to-Robotics-Research-Labs/Lab1_ws/install/turtlesim/local/lib/python3.10/dist-packages/turtlesim/__init__.py'...
[21.148s] Listing '/home/augustmenard/Intro-to-Robotics-Research-Labs/Lab1_ws/install/turtlesim/local/lib/python3.10/dist-packages/turtlesim/action'...
[21.148s] Compiling '/home/augustmenard/Intro-to-Robotics-Research-Labs/Lab1_ws/install/turtlesim/local/lib/python3.10/dist-packages/turtlesim/action/__init__.py'...
[21.148s] Compiling '/home/augustmenard/Intro-to-Robotics-Research-Labs/Lab1_ws/install/turtlesim/local/lib/python3.10/dist-packages/turtlesim/action/_rotate_absolute.py'...
[21.148s] Listing '/home/augustmenard/Intro-to-Robotics-Research-Labs/Lab1_ws/install/turtlesim/local/lib/python3.10/dist-packages/turtlesim/msg'...
[21.148s] Compiling '/home/augustmenard/Intro-to-Robotics-Research-Labs/Lab1_ws/install/turtlesim/local/lib/python3.10/dist-packages/turtlesim/msg/__init__.py'...
[21.149s] Compiling '/home/augustmenard/Intro-to-Robotics-Research-Labs/Lab1_ws/install/turtlesim/local/lib/python3.10/dist-packages/turtlesim/msg/_color.py'...
[21.149s] Compiling '/home/augustmenard/Intro-to-Robotics-Research-Labs/Lab1_ws/install/turtlesim/local/lib/python3.10/dist-packages/turtlesim/msg/_pose.py'...
[21.149s] Listing '/home/augustmenard/Intro-to-Robotics-Research-Labs/Lab1_ws/install/turtlesim/local/lib/python3.10/dist-packages/turtlesim/srv'...
[21.149s] Compiling '/home/augustmenard/Intro-to-Robotics-Research-Labs/Lab1_ws/install/turtlesim/local/lib/python3.10/dist-packages/turtlesim/srv/__init__.py'...
[21.149s] Compiling '/home/augustmenard/Intro-to-Robotics-Research-Labs/Lab1_ws/install/turtlesim/local/lib/python3.10/dist-packages/turtlesim/srv/_kill.py'...
[21.149s] Compiling '/home/augustmenard/Intro-to-Robotics-Research-Labs/Lab1_ws/install/turtlesim/local/lib/python3.10/dist-packages/turtlesim/srv/_set_pen.py'...
[21.149s] Compiling '/home/augustmenard/Intro-to-Robotics-Research-Labs/Lab1_ws/install/turtlesim/local/lib/python3.10/dist-packages/turtlesim/srv/_spawn.py'...
[21.149s] Compiling '/home/augustmenard/Intro-to-Robotics-Research-Labs/Lab1_ws/install/turtlesim/local/lib/python3.10/dist-packages/turtlesim/srv/_teleport_absolute.py'...
[21.149s] Compiling '/home/augustmenard/Intro-to-Robotics-Research-Labs/Lab1_ws/install/turtlesim/local/lib/python3.10/dist-packages/turtlesim/srv/_teleport_relative.py'...
[21.152s] -- Installing: /home/augustmenard/Intro-to-Robotics-Research-Labs/Lab1_ws/install/turtlesim/local/lib/python3.10/dist-packages/turtlesim/turtlesim_s__rosidl_typesupport_fastrtps_c.cpython-310-x86_64-linux-gnu.so
[21.152s] -- Set runtime path of "/home/augustmenard/Intro-to-Robotics-Research-Labs/Lab1_ws/install/turtlesim/local/lib/python3.10/dist-packages/turtlesim/turtlesim_s__rosidl_typesupport_fastrtps_c.cpython-310-x86_64-linux-gnu.so" to ""
[21.152s] -- Installing: /home/augustmenard/Intro-to-Robotics-Research-Labs/Lab1_ws/install/turtlesim/local/lib/python3.10/dist-packages/turtlesim/turtlesim_s__rosidl_typesupport_introspection_c.cpython-310-x86_64-linux-gnu.so
[21.152s] -- Set runtime path of "/home/augustmenard/Intro-to-Robotics-Research-Labs/Lab1_ws/install/turtlesim/local/lib/python3.10/dist-packages/turtlesim/turtlesim_s__rosidl_typesupport_introspection_c.cpython-310-x86_64-linux-gnu.so" to ""
[21.153s] -- Installing: /home/augustmenard/Intro-to-Robotics-Research-Labs/Lab1_ws/install/turtlesim/local/lib/python3.10/dist-packages/turtlesim/turtlesim_s__rosidl_typesupport_c.cpython-310-x86_64-linux-gnu.so
[21.153s] -- Set runtime path of "/home/augustmenard/Intro-to-Robotics-Research-Labs/Lab1_ws/install/turtlesim/local/lib/python3.10/dist-packages/turtlesim/turtlesim_s__rosidl_typesupport_c.cpython-310-x86_64-linux-gnu.so" to ""
[21.153s] -- Installing: /home/augustmenard/Intro-to-Robotics-Research-Labs/Lab1_ws/install/turtlesim/lib/libturtlesim__rosidl_generator_py.so
[21.153s] -- Set runtime path of "/home/augustmenard/Intro-to-Robotics-Research-Labs/Lab1_ws/install/turtlesim/lib/libturtlesim__rosidl_generator_py.so" to ""
[21.153s] -- Installing: /home/augustmenard/Intro-to-Robotics-Research-Labs/Lab1_ws/install/turtlesim/share/turtlesim/action/RotateAbsolute.idl
[21.153s] -- Installing: /home/augustmenard/Intro-to-Robotics-Research-Labs/Lab1_ws/install/turtlesim/share/turtlesim/msg/Color.idl
[21.153s] -- Installing: /home/augustmenard/Intro-to-Robotics-Research-Labs/Lab1_ws/install/turtlesim/share/turtlesim/msg/Pose.idl
[21.153s] -- Installing: /home/augustmenard/Intro-to-Robotics-Research-Labs/Lab1_ws/install/turtlesim/share/turtlesim/srv/Kill.idl
[21.153s] -- Installing: /home/augustmenard/Intro-to-Robotics-Research-Labs/Lab1_ws/install/turtlesim/share/turtlesim/srv/SetPen.idl
[21.154s] -- Installing: /home/augustmenard/Intro-to-Robotics-Research-Labs/Lab1_ws/install/turtlesim/share/turtlesim/srv/Spawn.idl
[21.154s] -- Installing: /home/augustmenard/Intro-to-Robotics-Research-Labs/Lab1_ws/install/turtlesim/share/turtlesim/srv/TeleportAbsolute.idl
[21.154s] -- Installing: /home/augustmenard/Intro-to-Robotics-Research-Labs/Lab1_ws/install/turtlesim/share/turtlesim/srv/TeleportRelative.idl
[21.154s] -- Installing: /home/augustmenard/Intro-to-Robotics-Research-Labs/Lab1_ws/install/turtlesim/share/turtlesim/action/RotateAbsolute.action
[21.154s] -- Installing: /home/augustmenard/Intro-to-Robotics-Research-Labs/Lab1_ws/install/turtlesim/share/turtlesim/msg/Color.msg
[21.154s] -- Installing: /home/augustmenard/Intro-to-Robotics-Research-Labs/Lab1_ws/install/turtlesim/share/turtlesim/msg/Pose.msg
[21.154s] -- Installing: /home/augustmenard/Intro-to-Robotics-Research-Labs/Lab1_ws/install/turtlesim/share/turtlesim/srv/Kill.srv
[21.154s] -- Installing: /home/augustmenard/Intro-to-Robotics-Research-Labs/Lab1_ws/install/turtlesim/share/turtlesim/srv/Kill_Request.msg
[21.154s] -- Installing: /home/augustmenard/Intro-to-Robotics-Research-Labs/Lab1_ws/install/turtlesim/share/turtlesim/srv/Kill_Response.msg
[21.154s] -- Installing: /home/augustmenard/Intro-to-Robotics-Research-Labs/Lab1_ws/install/turtlesim/share/turtlesim/srv/SetPen.srv
[21.154s] -- Installing: /home/augustmenard/Intro-to-Robotics-Research-Labs/Lab1_ws/install/turtlesim/share/turtlesim/srv/SetPen_Request.msg
[21.154s] -- Installing: /home/augustmenard/Intro-to-Robotics-Research-Labs/Lab1_ws/install/turtlesim/share/turtlesim/srv/SetPen_Response.msg
[21.154s] -- Installing: /home/augustmenard/Intro-to-Robotics-Research-Labs/Lab1_ws/install/turtlesim/share/turtlesim/srv/Spawn.srv
[21.155s] -- Installing: /home/augustmenard/Intro-to-Robotics-Research-Labs/Lab1_ws/install/turtlesim/share/turtlesim/srv/Spawn_Request.msg
[21.155s] -- Installing: /home/augustmenard/Intro-to-Robotics-Research-Labs/Lab1_ws/install/turtlesim/share/turtlesim/srv/Spawn_Response.msg
[21.155s] -- Installing: /home/augustmenard/Intro-to-Robotics-Research-Labs/Lab1_ws/install/turtlesim/share/turtlesim/srv/TeleportAbsolute.srv
[21.155s] -- Installing: /home/augustmenard/Intro-to-Robotics-Research-Labs/Lab1_ws/install/turtlesim/share/turtlesim/srv/TeleportAbsolute_Request.msg
[21.155s] -- Installing: /home/augustmenard/Intro-to-Robotics-Research-Labs/Lab1_ws/install/turtlesim/share/turtlesim/srv/TeleportAbsolute_Response.msg
[21.155s] -- Installing: /home/augustmenard/Intro-to-Robotics-Research-Labs/Lab1_ws/install/turtlesim/share/turtlesim/srv/TeleportRelative.srv
[21.155s] -- Installing: /home/augustmenard/Intro-to-Robotics-Research-Labs/Lab1_ws/install/turtlesim/share/turtlesim/srv/TeleportRelative_Request.msg
[21.155s] -- Installing: /home/augustmenard/Intro-to-Robotics-Research-Labs/Lab1_ws/install/turtlesim/share/turtlesim/srv/TeleportRelative_Response.msg
[21.155s] -- Installing: /home/augustmenard/Intro-to-Robotics-Research-Labs/Lab1_ws/install/turtlesim/lib/turtlesim/turtlesim_node
[21.159s] -- Set runtime path of "/home/augustmenard/Intro-to-Robotics-Research-Labs/Lab1_ws/install/turtlesim/lib/turtlesim/turtlesim_node" to ""
[21.160s] -- Installing: /home/augustmenard/Intro-to-Robotics-Research-Labs/Lab1_ws/install/turtlesim/lib/turtlesim/turtle_teleop_key
[21.160s] -- Set runtime path of "/home/augustmenard/Intro-to-Robotics-Research-Labs/Lab1_ws/install/turtlesim/lib/turtlesim/turtle_teleop_key" to ""
[21.161s] -- Installing: /home/augustmenard/Intro-to-Robotics-Research-Labs/Lab1_ws/install/turtlesim/lib/turtlesim/draw_square
[21.162s] -- Set runtime path of "/home/augustmenard/Intro-to-Robotics-Research-Labs/Lab1_ws/install/turtlesim/lib/turtlesim/draw_square" to ""
[21.163s] -- Installing: /home/augustmenard/Intro-to-Robotics-Research-Labs/Lab1_ws/install/turtlesim/lib/turtlesim/mimic
[21.164s] -- Set runtime path of "/home/augustmenard/Intro-to-Robotics-Research-Labs/Lab1_ws/install/turtlesim/lib/turtlesim/mimic" to ""
[21.164s] -- Installing: /home/augustmenard/Intro-to-Robotics-Research-Labs/Lab1_ws/install/turtlesim/share/turtlesim/images
[21.164s] -- Installing: /home/augustmenard/Intro-to-Robotics-Research-Labs/Lab1_ws/install/turtlesim/share/turtlesim/images/rolling.png
[21.164s] -- Installing: /home/augustmenard/Intro-to-Robotics-Research-Labs/Lab1_ws/install/turtlesim/share/turtlesim/images/foxy.png
[21.164s] -- Installing: /home/augustmenard/Intro-to-Robotics-Research-Labs/Lab1_ws/install/turtlesim/share/turtlesim/images/galactic.png
[21.165s] -- Installing: /home/augustmenard/Intro-to-Robotics-Research-Labs/Lab1_ws/install/turtlesim/share/turtlesim/images/ardent.png
[21.165s] -- Installing: /home/augustmenard/Intro-to-Robotics-Research-Labs/Lab1_ws/install/turtlesim/share/turtlesim/images/bouncy.png
[21.165s] -- Installing: /home/augustmenard/Intro-to-Robotics-Research-Labs/Lab1_ws/install/turtlesim/share/turtlesim/images/crystal.png
[21.165s] -- Installing: /home/augustmenard/Intro-to-Robotics-Research-Labs/Lab1_ws/install/turtlesim/share/turtlesim/images/dashing.png
[21.165s] -- Installing: /home/augustmenard/Intro-to-Robotics-Research-Labs/Lab1_ws/install/turtlesim/share/turtlesim/images/humble.png
[21.165s] -- Installing: /home/augustmenard/Intro-to-Robotics-Research-Labs/Lab1_ws/install/turtlesim/share/turtlesim/images/eloquent.png
[21.165s] -- Installing: /home/augustmenard/Intro-to-Robotics-Research-Labs/Lab1_ws/install/turtlesim/share/turtlesim/launch
[21.165s] -- Installing: /home/augustmenard/Intro-to-Robotics-Research-Labs/Lab1_ws/install/turtlesim/share/turtlesim/launch/multisim.launch.py
[21.165s] -- Installing: /home/augustmenard/Intro-to-Robotics-Research-Labs/Lab1_ws/install/turtlesim/share/ament_index/resource_index/package_run_dependencies/turtlesim
[21.165s] -- Installing: /home/augustmenard/Intro-to-Robotics-Research-Labs/Lab1_ws/install/turtlesim/share/ament_index/resource_index/parent_prefix_path/turtlesim
[21.165s] -- Installing: /home/augustmenard/Intro-to-Robotics-Research-Labs/Lab1_ws/install/turtlesim/share/turtlesim/environment/ament_prefix_path.sh
[21.165s] -- Installing: /home/augustmenard/Intro-to-Robotics-Research-Labs/Lab1_ws/install/turtlesim/share/turtlesim/environment/ament_prefix_path.dsv
[21.165s] -- Installing: /home/augustmenard/Intro-to-Robotics-Research-Labs/Lab1_ws/install/turtlesim/share/turtlesim/environment/path.sh
[21.165s] -- Installing: /home/augustmenard/Intro-to-Robotics-Research-Labs/Lab1_ws/install/turtlesim/share/turtlesim/environment/path.dsv
[21.165s] -- Installing: /home/augustmenard/Intro-to-Robotics-Research-Labs/Lab1_ws/install/turtlesim/share/turtlesim/local_setup.bash
[21.165s] -- Installing: /home/augustmenard/Intro-to-Robotics-Research-Labs/Lab1_ws/install/turtlesim/share/turtlesim/local_setup.sh
[21.165s] -- Installing: /home/augustmenard/Intro-to-Robotics-Research-Labs/Lab1_ws/install/turtlesim/share/turtlesim/local_setup.zsh
[21.165s] -- Installing: /home/augustmenard/Intro-to-Robotics-Research-Labs/Lab1_ws/install/turtlesim/share/turtlesim/local_setup.dsv
[21.165s] -- Installing: /home/augustmenard/Intro-to-Robotics-Research-Labs/Lab1_ws/install/turtlesim/share/turtlesim/package.dsv
[21.166s] -- Installing: /home/augustmenard/Intro-to-Robotics-Research-Labs/Lab1_ws/install/turtlesim/share/ament_index/resource_index/packages/turtlesim
[21.166s] -- Installing: /home/augustmenard/Intro-to-Robotics-Research-Labs/Lab1_ws/install/turtlesim/share/turtlesim/cmake/export_turtlesim__rosidl_generator_cExport.cmake
[21.166s] -- Installing: /home/augustmenard/Intro-to-Robotics-Research-Labs/Lab1_ws/install/turtlesim/share/turtlesim/cmake/export_turtlesim__rosidl_generator_cExport-noconfig.cmake
[21.166s] -- Installing: /home/augustmenard/Intro-to-Robotics-Research-Labs/Lab1_ws/install/turtlesim/share/turtlesim/cmake/export_turtlesim__rosidl_typesupport_fastrtps_cExport.cmake
[21.166s] -- Installing: /home/augustmenard/Intro-to-Robotics-Research-Labs/Lab1_ws/install/turtlesim/share/turtlesim/cmake/export_turtlesim__rosidl_typesupport_fastrtps_cExport-noconfig.cmake
[21.166s] -- Installing: /home/augustmenard/Intro-to-Robotics-Research-Labs/Lab1_ws/install/turtlesim/share/turtlesim/cmake/export_turtlesim__rosidl_generator_cppExport.cmake
[21.166s] -- Installing: /home/augustmenard/Intro-to-Robotics-Research-Labs/Lab1_ws/install/turtlesim/share/turtlesim/cmake/export_turtlesim__rosidl_typesupport_fastrtps_cppExport.cmake
[21.166s] -- Installing: /home/augustmenard/Intro-to-Robotics-Research-Labs/Lab1_ws/install/turtlesim/share/turtlesim/cmake/export_turtlesim__rosidl_typesupport_fastrtps_cppExport-noconfig.cmake
[21.166s] -- Installing: /home/augustmenard/Intro-to-Robotics-Research-Labs/Lab1_ws/install/turtlesim/share/turtlesim/cmake/turtlesim__rosidl_typesupport_introspection_cExport.cmake
[21.166s] -- Installing: /home/augustmenard/Intro-to-Robotics-Research-Labs/Lab1_ws/install/turtlesim/share/turtlesim/cmake/turtlesim__rosidl_typesupport_introspection_cExport-noconfig.cmake
[21.166s] -- Installing: /home/augustmenard/Intro-to-Robotics-Research-Labs/Lab1_ws/install/turtlesim/share/turtlesim/cmake/turtlesim__rosidl_typesupport_cExport.cmake
[21.166s] -- Installing: /home/augustmenard/Intro-to-Robotics-Research-Labs/Lab1_ws/install/turtlesim/share/turtlesim/cmake/turtlesim__rosidl_typesupport_cExport-noconfig.cmake
[21.167s] -- Installing: /home/augustmenard/Intro-to-Robotics-Research-Labs/Lab1_ws/install/turtlesim/share/turtlesim/cmake/turtlesim__rosidl_typesupport_introspection_cppExport.cmake
[21.167s] -- Installing: /home/augustmenard/Intro-to-Robotics-Research-Labs/Lab1_ws/install/turtlesim/share/turtlesim/cmake/turtlesim__rosidl_typesupport_introspection_cppExport-noconfig.cmake
[21.167s] -- Installing: /home/augustmenard/Intro-to-Robotics-Research-Labs/Lab1_ws/install/turtlesim/share/turtlesim/cmake/turtlesim__rosidl_typesupport_cppExport.cmake
[21.167s] -- Installing: /home/augustmenard/Intro-to-Robotics-Research-Labs/Lab1_ws/install/turtlesim/share/turtlesim/cmake/turtlesim__rosidl_typesupport_cppExport-noconfig.cmake
[21.167s] -- Installing: /home/augustmenard/Intro-to-Robotics-Research-Labs/Lab1_ws/install/turtlesim/share/turtlesim/cmake/export_turtlesim__rosidl_generator_pyExport.cmake
[21.167s] -- Installing: /home/augustmenard/Intro-to-Robotics-Research-Labs/Lab1_ws/install/turtlesim/share/turtlesim/cmake/export_turtlesim__rosidl_generator_pyExport-noconfig.cmake
[21.167s] -- Installing: /home/augustmenard/Intro-to-Robotics-Research-Labs/Lab1_ws/install/turtlesim/share/turtlesim/cmake/rosidl_cmake-extras.cmake
[21.167s] -- Installing: /home/augustmenard/Intro-to-Robotics-Research-Labs/Lab1_ws/install/turtlesim/share/turtlesim/cmake/ament_cmake_export_dependencies-extras.cmake
[21.167s] -- Installing: /home/augustmenard/Intro-to-Robotics-Research-Labs/Lab1_ws/install/turtlesim/share/turtlesim/cmake/ament_cmake_export_include_directories-extras.cmake
[21.167s] -- Installing: /home/augustmenard/Intro-to-Robotics-Research-Labs/Lab1_ws/install/turtlesim/share/turtlesim/cmake/ament_cmake_export_libraries-extras.cmake
[21.167s] -- Installing: /home/augustmenard/Intro-to-Robotics-Research-Labs/Lab1_ws/install/turtlesim/share/turtlesim/cmake/ament_cmake_export_targets-extras.cmake
[21.167s] -- Installing: /home/augustmenard/Intro-to-Robotics-Research-Labs/Lab1_ws/install/turtlesim/share/turtlesim/cmake/rosidl_cmake_export_typesupport_targets-extras.cmake
[21.167s] -- Installing: /home/augustmenard/Intro-to-Robotics-Research-Labs/Lab1_ws/install/turtlesim/share/turtlesim/cmake/rosidl_cmake_export_typesupport_libraries-extras.cmake
[21.168s] -- Installing: /home/augustmenard/Intro-to-Robotics-Research-Labs/Lab1_ws/install/turtlesim/share/turtlesim/cmake/turtlesimConfig.cmake
[21.168s] -- Installing: /home/augustmenard/Intro-to-Robotics-Research-Labs/Lab1_ws/install/turtlesim/share/turtlesim/cmake/turtlesimConfig-version.cmake
[21.168s] -- Installing: /home/augustmenard/Intro-to-Robotics-Research-Labs/Lab1_ws/install/turtlesim/share/turtlesim/package.xml
[21.170s] Invoked command in '/home/augustmenard/Intro-to-Robotics-Research-Labs/Lab1_ws/build/turtlesim' returned '0': CMAKE_PREFIX_PATH=${CMAKE_PREFIX_PATH}:/home/augustmenard/turtlebot3_ws/install/turtlebot3_teleop:/home/augustmenard/turtlebot3_ws/install/turtlebot3_example:/opt/ros/humble /usr/bin/cmake --install /home/augustmenard/Intro-to-Robotics-Research-Labs/Lab1_ws/build/turtlesim
