/home/j/Desktop/Leo/Intro-to-Robotics-Research-Labs/final_ws/install/team_rocket_final/lib/python3.10/site-packages/team_rocket_final/getObjectRange.py
/home/j/Desktop/Leo/Intro-to-Robotics-Research-Labs/final_ws/install/team_rocket_final/lib/python3.10/site-packages/team_rocket_final/__init__.py
/home/j/Desktop/Leo/Intro-to-Robotics-Research-Labs/final_ws/install/team_rocket_final/lib/python3.10/site-packages/team_rocket_final/moveRobot.py
/home/j/Desktop/Leo/Intro-to-Robotics-Research-Labs/final_ws/install/team_rocket_final/lib/python3.10/site-packages/team_rocket_final/models.py
/home/j/Desktop/Leo/Intro-to-Robotics-Research-Labs/final_ws/install/team_rocket_final/lib/python3.10/site-packages/team_rocket_final/__pycache__/getObjectRange.cpython-310.pyc
/home/j/Desktop/Leo/Intro-to-Robotics-Research-Labs/final_ws/install/team_rocket_final/lib/python3.10/site-packages/team_rocket_final/__pycache__/__init__.cpython-310.pyc
/home/j/Desktop/Leo/Intro-to-Robotics-Research-Labs/final_ws/install/team_rocket_final/lib/python3.10/site-packages/team_rocket_final/__pycache__/moveRobot.cpython-310.pyc
/home/j/Desktop/Leo/Intro-to-Robotics-Research-Labs/final_ws/install/team_rocket_final/lib/python3.10/site-packages/team_rocket_final/__pycache__/models.cpython-310.pyc
/home/j/Desktop/Leo/Intro-to-Robotics-Research-Labs/final_ws/install/team_rocket_final/share/ament_index/resource_index/packages/team_rocket_final
/home/j/Desktop/Leo/Intro-to-Robotics-Research-Labs/final_ws/install/team_rocket_final/share/team_rocket_final/package.xml
/home/j/Desktop/Leo/Intro-to-Robotics-Research-Labs/final_ws/install/team_rocket_final/share/team_rocket_final/best_model_small.pth
/home/j/Desktop/Leo/Intro-to-Robotics-Research-Labs/final_ws/install/team_rocket_final/share/team_rocket_final/launch/team_rocket_final_launch.py
/home/j/Desktop/Leo/Intro-to-Robotics-Research-Labs/final_ws/install/team_rocket_final/lib/python3.10/site-packages/team_rocket_final-0.0.0-py3.10.egg-info/entry_points.txt
/home/j/Desktop/Leo/Intro-to-Robotics-Research-Labs/final_ws/install/team_rocket_final/lib/python3.10/site-packages/team_rocket_final-0.0.0-py3.10.egg-info/zip-safe
/home/j/Desktop/Leo/Intro-to-Robotics-Research-Labs/final_ws/install/team_rocket_final/lib/python3.10/site-packages/team_rocket_final-0.0.0-py3.10.egg-info/top_level.txt
/home/j/Desktop/Leo/Intro-to-Robotics-Research-Labs/final_ws/install/team_rocket_final/lib/python3.10/site-packages/team_rocket_final-0.0.0-py3.10.egg-info/dependency_links.txt
/home/j/Desktop/Leo/Intro-to-Robotics-Research-Labs/final_ws/install/team_rocket_final/lib/python3.10/site-packages/team_rocket_final-0.0.0-py3.10.egg-info/requires.txt
/home/j/Desktop/Leo/Intro-to-Robotics-Research-Labs/final_ws/install/team_rocket_final/lib/python3.10/site-packages/team_rocket_final-0.0.0-py3.10.egg-info/SOURCES.txt
/home/j/Desktop/Leo/Intro-to-Robotics-Research-Labs/final_ws/install/team_rocket_final/lib/python3.10/site-packages/team_rocket_final-0.0.0-py3.10.egg-info/PKG-INFO
/home/j/Desktop/Leo/Intro-to-Robotics-Research-Labs/final_ws/install/team_rocket_final/lib/team_rocket_final/getObjectRange
/home/j/Desktop/Leo/Intro-to-Robotics-Research-Labs/final_ws/install/team_rocket_final/lib/team_rocket_final/moveRobot
