[0.681s] Invoking command in '/home/augustmenard/Intro-to-Robotics-Research-Labs/lab2_ws/src/camera_viewer': PYTHONPATH=/home/augustmenard/Intro-to-Robotics-Research-Labs/lab2_ws/build/camera_viewer/prefix_override:/usr/lib/python3/dist-packages/colcon_core/task/python/colcon_distutils_commands:/home/augustmenard/Intro-to-Robotics-Research-Labs/lab2_ws/install/camera_viewer/lib/python3.10/site-packages:${PYTHONPATH} /usr/bin/python3 -W ignore:setup.py install is deprecated -W ignore:easy_install command is deprecated setup.py egg_info --egg-base ../../build/camera_viewer build --build-base /home/augustmenard/Intro-to-Robotics-Research-Labs/lab2_ws/build/camera_viewer/build install --record /home/augustmenard/Intro-to-Robotics-Research-Labs/lab2_ws/build/camera_viewer/install.log --single-version-externally-managed install_data
[0.877s] running egg_info
[0.877s] writing ../../build/camera_viewer/camera_viewer.egg-info/PKG-INFO
[0.877s] writing dependency_links to ../../build/camera_viewer/camera_viewer.egg-info/dependency_links.txt
[0.878s] writing entry points to ../../build/camera_viewer/camera_viewer.egg-info/entry_points.txt
[0.878s] writing requirements to ../../build/camera_viewer/camera_viewer.egg-info/requires.txt
[0.878s] writing top-level names to ../../build/camera_viewer/camera_viewer.egg-info/top_level.txt
[0.879s] reading manifest file '../../build/camera_viewer/camera_viewer.egg-info/SOURCES.txt'
[0.880s] writing manifest file '../../build/camera_viewer/camera_viewer.egg-info/SOURCES.txt'
[0.880s] running build
[0.880s] running build_py
[0.880s] running install
[0.880s] running install_lib
[0.881s] running install_data
[0.881s] running install_egg_info
[0.883s] removing '/home/augustmenard/Intro-to-Robotics-Research-Labs/lab2_ws/install/camera_viewer/lib/python3.10/site-packages/camera_viewer-0.0.0-py3.10.egg-info' (and everything under it)
[0.883s] Copying ../../build/camera_viewer/camera_viewer.egg-info to /home/augustmenard/Intro-to-Robotics-Research-Labs/lab2_ws/install/camera_viewer/lib/python3.10/site-packages/camera_viewer-0.0.0-py3.10.egg-info
[0.883s] running install_scripts
[0.900s] Installing spherical_cows script to /home/augustmenard/Intro-to-Robotics-Research-Labs/lab2_ws/install/camera_viewer/lib/camera_viewer
[0.900s] Installing wow_cool_name script to /home/augustmenard/Intro-to-Robotics-Research-Labs/lab2_ws/install/camera_viewer/lib/camera_viewer
[0.900s] writing list of installed files to '/home/augustmenard/Intro-to-Robotics-Research-Labs/lab2_ws/build/camera_viewer/install.log'
[0.921s] Invoked command in '/home/augustmenard/Intro-to-Robotics-Research-Labs/lab2_ws/src/camera_viewer' returned '0': PYTHONPATH=/home/augustmenard/Intro-to-Robotics-Research-Labs/lab2_ws/build/camera_viewer/prefix_override:/usr/lib/python3/dist-packages/colcon_core/task/python/colcon_distutils_commands:/home/augustmenard/Intro-to-Robotics-Research-Labs/lab2_ws/install/camera_viewer/lib/python3.10/site-packages:${PYTHONPATH} /usr/bin/python3 -W ignore:setup.py install is deprecated -W ignore:easy_install command is deprecated setup.py egg_info --egg-base ../../build/camera_viewer build --build-base /home/augustmenard/Intro-to-Robotics-Research-Labs/lab2_ws/build/camera_viewer/build install --record /home/augustmenard/Intro-to-Robotics-Research-Labs/lab2_ws/build/camera_viewer/install.log --single-version-externally-managed install_data
