[0.620s] Invoking command in '/home/augustmenard/Intro-to-Robotics-Research-Labs/final_ws/src/team_rocket_final': PYTHONPATH=/home/augustmenard/Intro-to-Robotics-Research-Labs/final_ws/build/team_rocket_final/prefix_override:/usr/lib/python3/dist-packages/colcon_core/task/python/colcon_distutils_commands:/home/augustmenard/Intro-to-Robotics-Research-Labs/final_ws/install/team_rocket_final/lib/python3.10/site-packages:${PYTHONPATH} /usr/bin/python3 -W ignore:setup.py install is deprecated -W ignore:easy_install command is deprecated setup.py egg_info --egg-base ../../build/team_rocket_final build --build-base /home/augustmenard/Intro-to-Robotics-Research-Labs/final_ws/build/team_rocket_final/build install --record /home/augustmenard/Intro-to-Robotics-Research-Labs/final_ws/build/team_rocket_final/install.log --single-version-externally-managed install_data
[0.795s] running egg_info
[0.795s] writing ../../build/team_rocket_final/team_rocket_final.egg-info/PKG-INFO
[0.796s] writing dependency_links to ../../build/team_rocket_final/team_rocket_final.egg-info/dependency_links.txt
[0.796s] writing entry points to ../../build/team_rocket_final/team_rocket_final.egg-info/entry_points.txt
[0.796s] writing requirements to ../../build/team_rocket_final/team_rocket_final.egg-info/requires.txt
[0.796s] writing top-level names to ../../build/team_rocket_final/team_rocket_final.egg-info/top_level.txt
[0.797s] reading manifest file '../../build/team_rocket_final/team_rocket_final.egg-info/SOURCES.txt'
[0.798s] adding license file 'LICENSE'
[0.798s] writing manifest file '../../build/team_rocket_final/team_rocket_final.egg-info/SOURCES.txt'
[0.798s] running build
[0.798s] running build_py
[0.798s] copying team_rocket_final/moveRobot.py -> /home/augustmenard/Intro-to-Robotics-Research-Labs/final_ws/build/team_rocket_final/build/lib/team_rocket_final
[0.799s] running install
[0.799s] running install_lib
[0.799s] copying /home/augustmenard/Intro-to-Robotics-Research-Labs/final_ws/build/team_rocket_final/build/lib/team_rocket_final/moveRobot.py -> /home/augustmenard/Intro-to-Robotics-Research-Labs/final_ws/install/team_rocket_final/lib/python3.10/site-packages/team_rocket_final
[0.800s] byte-compiling /home/augustmenard/Intro-to-Robotics-Research-Labs/final_ws/install/team_rocket_final/lib/python3.10/site-packages/team_rocket_final/moveRobot.py to moveRobot.cpython-310.pyc
[0.803s] running install_data
[0.803s] running install_egg_info
[0.804s] removing '/home/augustmenard/Intro-to-Robotics-Research-Labs/final_ws/install/team_rocket_final/lib/python3.10/site-packages/team_rocket_final-0.0.0-py3.10.egg-info' (and everything under it)
[0.805s] Copying ../../build/team_rocket_final/team_rocket_final.egg-info to /home/augustmenard/Intro-to-Robotics-Research-Labs/final_ws/install/team_rocket_final/lib/python3.10/site-packages/team_rocket_final-0.0.0-py3.10.egg-info
[0.805s] running install_scripts
[0.820s] Installing getObjectRange script to /home/augustmenard/Intro-to-Robotics-Research-Labs/final_ws/install/team_rocket_final/lib/team_rocket_final
[0.820s] Installing moveRobot script to /home/augustmenard/Intro-to-Robotics-Research-Labs/final_ws/install/team_rocket_final/lib/team_rocket_final
[0.820s] writing list of installed files to '/home/augustmenard/Intro-to-Robotics-Research-Labs/final_ws/build/team_rocket_final/install.log'
[0.841s] Invoked command in '/home/augustmenard/Intro-to-Robotics-Research-Labs/final_ws/src/team_rocket_final' returned '0': PYTHONPATH=/home/augustmenard/Intro-to-Robotics-Research-Labs/final_ws/build/team_rocket_final/prefix_override:/usr/lib/python3/dist-packages/colcon_core/task/python/colcon_distutils_commands:/home/augustmenard/Intro-to-Robotics-Research-Labs/final_ws/install/team_rocket_final/lib/python3.10/site-packages:${PYTHONPATH} /usr/bin/python3 -W ignore:setup.py install is deprecated -W ignore:easy_install command is deprecated setup.py egg_info --egg-base ../../build/team_rocket_final build --build-base /home/augustmenard/Intro-to-Robotics-Research-Labs/final_ws/build/team_rocket_final/build install --record /home/augustmenard/Intro-to-Robotics-Research-Labs/final_ws/build/team_rocket_final/install.log --single-version-externally-managed install_data
