[0.033s] Invoking command in '/home/augustmenard/Intro-to-Robotics-Research-Labs/final_ws/build/turtlebot3_msgs': CMAKE_PREFIX_PATH=${CMAKE_PREFIX_PATH}:/home/augustmenard/Intro-to-Robotics-Research-Labs/final_ws/install/turtlebot3_teleop:/home/augustmenard/Intro-to-Robotics-Research-Labs/final_ws/install/turtlebot3_example:/home/augustmenard/Intro-to-Robotics-Research-Labs/final_ws/install/team_rocket_final:/opt/ros/humble /usr/bin/cmake --build /home/augustmenard/Intro-to-Robotics-Research-Labs/final_ws/build/turtlebot3_msgs -- -j8 -l8
[0.155s] [ 11%] Built target turtlebot3_msgs__rosidl_generator_c
[0.155s] [ 12%] Built target turtlebot3_msgs__cpp
[0.217s] [ 12%] Built target ament_cmake_python_copy_turtlebot3_msgs
[0.261s] [ 24%] Built target turtlebot3_msgs__rosidl_typesupport_introspection_c
[0.261s] [ 35%] Built target turtlebot3_msgs__rosidl_typesupport_introspection_cpp
[0.264s] [ 46%] Built target turtlebot3_msgs__rosidl_typesupport_fastrtps_c
[0.266s] [ 58%] Built target turtlebot3_msgs__rosidl_typesupport_c
[0.279s] [ 69%] Built target turtlebot3_msgs__rosidl_typesupport_cpp
[0.289s] [ 81%] Built target turtlebot3_msgs__rosidl_typesupport_fastrtps_cpp
[0.321s] [ 81%] Built target turtlebot3_msgs
[0.356s] [ 82%] Built target turtlebot3_msgs__py
[0.413s] [ 92%] Built target turtlebot3_msgs__rosidl_generator_py
[0.449s] [ 94%] Built target turtlebot3_msgs__rosidl_typesupport_introspection_c__pyext
[0.449s] [ 97%] Built target turtlebot3_msgs__rosidl_typesupport_fastrtps_c__pyext
[0.451s] [100%] Built target turtlebot3_msgs__rosidl_typesupport_c__pyext
[0.631s] running egg_info
[0.631s] writing turtlebot3_msgs.egg-info/PKG-INFO
[0.632s] writing dependency_links to turtlebot3_msgs.egg-info/dependency_links.txt
[0.632s] writing top-level names to turtlebot3_msgs.egg-info/top_level.txt
[0.634s] reading manifest file 'turtlebot3_msgs.egg-info/SOURCES.txt'
[0.635s] writing manifest file 'turtlebot3_msgs.egg-info/SOURCES.txt'
[0.661s] [100%] Built target ament_cmake_python_build_turtlebot3_msgs_egg
[0.952s] Invoked command in '/home/augustmenard/Intro-to-Robotics-Research-Labs/final_ws/build/turtlebot3_msgs' returned '0': CMAKE_PREFIX_PATH=${CMAKE_PREFIX_PATH}:/home/augustmenard/Intro-to-Robotics-Research-Labs/final_ws/install/turtlebot3_teleop:/home/augustmenard/Intro-to-Robotics-Research-Labs/final_ws/install/turtlebot3_example:/home/augustmenard/Intro-to-Robotics-Research-Labs/final_ws/install/team_rocket_final:/opt/ros/humble /usr/bin/cmake --build /home/augustmenard/Intro-to-Robotics-Research-Labs/final_ws/build/turtlebot3_msgs -- -j8 -l8
[0.953s] Invoking command in '/home/augustmenard/Intro-to-Robotics-Research-Labs/final_ws/build/turtlebot3_msgs': CMAKE_PREFIX_PATH=${CMAKE_PREFIX_PATH}:/home/augustmenard/Intro-to-Robotics-Research-Labs/final_ws/install/turtlebot3_teleop:/home/augustmenard/Intro-to-Robotics-Research-Labs/final_ws/install/turtlebot3_example:/home/augustmenard/Intro-to-Robotics-Research-Labs/final_ws/install/team_rocket_final:/opt/ros/humble /usr/bin/cmake --install /home/augustmenard/Intro-to-Robotics-Research-Labs/final_ws/build/turtlebot3_msgs
[0.970s] -- Install configuration: ""
[0.970s] -- Up-to-date: /home/augustmenard/Intro-to-Robotics-Research-Labs/final_ws/install/turtlebot3_msgs/share/ament_index/resource_index/rosidl_interfaces/turtlebot3_msgs
[0.971s] -- Up-to-date: /home/augustmenard/Intro-to-Robotics-Research-Labs/final_ws/install/turtlebot3_msgs/include/turtlebot3_msgs/turtlebot3_msgs
[0.971s] -- Up-to-date: /home/augustmenard/Intro-to-Robotics-Research-Labs/final_ws/install/turtlebot3_msgs/include/turtlebot3_msgs/turtlebot3_msgs/action
[0.971s] -- Up-to-date: /home/augustmenard/Intro-to-Robotics-Research-Labs/final_ws/install/turtlebot3_msgs/include/turtlebot3_msgs/turtlebot3_msgs/action/detail
[0.971s] -- Up-to-date: /home/augustmenard/Intro-to-Robotics-Research-Labs/final_ws/install/turtlebot3_msgs/include/turtlebot3_msgs/turtlebot3_msgs/action/detail/patrol__functions.c
[0.971s] -- Up-to-date: /home/augustmenard/Intro-to-Robotics-Research-Labs/final_ws/install/turtlebot3_msgs/include/turtlebot3_msgs/turtlebot3_msgs/action/detail/patrol__struct.h
[0.971s] -- Up-to-date: /home/augustmenard/Intro-to-Robotics-Research-Labs/final_ws/install/turtlebot3_msgs/include/turtlebot3_msgs/turtlebot3_msgs/action/detail/patrol__functions.h
[0.971s] -- Up-to-date: /home/augustmenard/Intro-to-Robotics-Research-Labs/final_ws/install/turtlebot3_msgs/include/turtlebot3_msgs/turtlebot3_msgs/action/detail/patrol__type_support.h
[0.971s] -- Up-to-date: /home/augustmenard/Intro-to-Robotics-Research-Labs/final_ws/install/turtlebot3_msgs/include/turtlebot3_msgs/turtlebot3_msgs/action/patrol.h
[0.971s] -- Up-to-date: /home/augustmenard/Intro-to-Robotics-Research-Labs/final_ws/install/turtlebot3_msgs/include/turtlebot3_msgs/turtlebot3_msgs/srv
[0.971s] -- Up-to-date: /home/augustmenard/Intro-to-Robotics-Research-Labs/final_ws/install/turtlebot3_msgs/include/turtlebot3_msgs/turtlebot3_msgs/srv/dqn.h
[0.972s] -- Up-to-date: /home/augustmenard/Intro-to-Robotics-Research-Labs/final_ws/install/turtlebot3_msgs/include/turtlebot3_msgs/turtlebot3_msgs/srv/sound.h
[0.972s] -- Up-to-date: /home/augustmenard/Intro-to-Robotics-Research-Labs/final_ws/install/turtlebot3_msgs/include/turtlebot3_msgs/turtlebot3_msgs/srv/goal.h
[0.972s] -- Up-to-date: /home/augustmenard/Intro-to-Robotics-Research-Labs/final_ws/install/turtlebot3_msgs/include/turtlebot3_msgs/turtlebot3_msgs/srv/detail
[0.972s] -- Up-to-date: /home/augustmenard/Intro-to-Robotics-Research-Labs/final_ws/install/turtlebot3_msgs/include/turtlebot3_msgs/turtlebot3_msgs/srv/detail/dqn__struct.h
[0.972s] -- Up-to-date: /home/augustmenard/Intro-to-Robotics-Research-Labs/final_ws/install/turtlebot3_msgs/include/turtlebot3_msgs/turtlebot3_msgs/srv/detail/dqn__type_support.h
[0.972s] -- Up-to-date: /home/augustmenard/Intro-to-Robotics-Research-Labs/final_ws/install/turtlebot3_msgs/include/turtlebot3_msgs/turtlebot3_msgs/srv/detail/goal__struct.h
[0.972s] -- Up-to-date: /home/augustmenard/Intro-to-Robotics-Research-Labs/final_ws/install/turtlebot3_msgs/include/turtlebot3_msgs/turtlebot3_msgs/srv/detail/goal__functions.c
[0.972s] -- Up-to-date: /home/augustmenard/Intro-to-Robotics-Research-Labs/final_ws/install/turtlebot3_msgs/include/turtlebot3_msgs/turtlebot3_msgs/srv/detail/sound__type_support.h
[0.972s] -- Up-to-date: /home/augustmenard/Intro-to-Robotics-Research-Labs/final_ws/install/turtlebot3_msgs/include/turtlebot3_msgs/turtlebot3_msgs/srv/detail/goal__functions.h
[0.972s] -- Up-to-date: /home/augustmenard/Intro-to-Robotics-Research-Labs/final_ws/install/turtlebot3_msgs/include/turtlebot3_msgs/turtlebot3_msgs/srv/detail/sound__functions.c
[0.973s] -- Up-to-date: /home/augustmenard/Intro-to-Robotics-Research-Labs/final_ws/install/turtlebot3_msgs/include/turtlebot3_msgs/turtlebot3_msgs/srv/detail/dqn__functions.c
[0.973s] -- Up-to-date: /home/augustmenard/Intro-to-Robotics-Research-Labs/final_ws/install/turtlebot3_msgs/include/turtlebot3_msgs/turtlebot3_msgs/srv/detail/dqn__functions.h
[0.973s] -- Up-to-date: /home/augustmenard/Intro-to-Robotics-Research-Labs/final_ws/install/turtlebot3_msgs/include/turtlebot3_msgs/turtlebot3_msgs/srv/detail/sound__functions.h
[0.973s] -- Up-to-date: /home/augustmenard/Intro-to-Robotics-Research-Labs/final_ws/install/turtlebot3_msgs/include/turtlebot3_msgs/turtlebot3_msgs/srv/detail/sound__struct.h
[0.973s] -- Up-to-date: /home/augustmenard/Intro-to-Robotics-Research-Labs/final_ws/install/turtlebot3_msgs/include/turtlebot3_msgs/turtlebot3_msgs/srv/detail/goal__type_support.h
[0.973s] -- Up-to-date: /home/augustmenard/Intro-to-Robotics-Research-Labs/final_ws/install/turtlebot3_msgs/include/turtlebot3_msgs/turtlebot3_msgs/msg
[0.973s] -- Up-to-date: /home/augustmenard/Intro-to-Robotics-Research-Labs/final_ws/install/turtlebot3_msgs/include/turtlebot3_msgs/turtlebot3_msgs/msg/sound.h
[0.973s] -- Up-to-date: /home/augustmenard/Intro-to-Robotics-Research-Labs/final_ws/install/turtlebot3_msgs/include/turtlebot3_msgs/turtlebot3_msgs/msg/version_info.h
[0.973s] -- Up-to-date: /home/augustmenard/Intro-to-Robotics-Research-Labs/final_ws/install/turtlebot3_msgs/include/turtlebot3_msgs/turtlebot3_msgs/msg/sensor_state.h
[0.973s] -- Up-to-date: /home/augustmenard/Intro-to-Robotics-Research-Labs/final_ws/install/turtlebot3_msgs/include/turtlebot3_msgs/turtlebot3_msgs/msg/rosidl_generator_c__visibility_control.h
[0.973s] -- Up-to-date: /home/augustmenard/Intro-to-Robotics-Research-Labs/final_ws/install/turtlebot3_msgs/include/turtlebot3_msgs/turtlebot3_msgs/msg/detail
[0.974s] -- Up-to-date: /home/augustmenard/Intro-to-Robotics-Research-Labs/final_ws/install/turtlebot3_msgs/include/turtlebot3_msgs/turtlebot3_msgs/msg/detail/sound__type_support.h
[0.974s] -- Up-to-date: /home/augustmenard/Intro-to-Robotics-Research-Labs/final_ws/install/turtlebot3_msgs/include/turtlebot3_msgs/turtlebot3_msgs/msg/detail/sensor_state__functions.c
[0.975s] -- Up-to-date: /home/augustmenard/Intro-to-Robotics-Research-Labs/final_ws/install/turtlebot3_msgs/include/turtlebot3_msgs/turtlebot3_msgs/msg/detail/version_info__struct.h
[0.975s] -- Up-to-date: /home/augustmenard/Intro-to-Robotics-Research-Labs/final_ws/install/turtlebot3_msgs/include/turtlebot3_msgs/turtlebot3_msgs/msg/detail/version_info__type_support.h
[0.975s] -- Up-to-date: /home/augustmenard/Intro-to-Robotics-Research-Labs/final_ws/install/turtlebot3_msgs/include/turtlebot3_msgs/turtlebot3_msgs/msg/detail/sensor_state__struct.h
[0.975s] -- Up-to-date: /home/augustmenard/Intro-to-Robotics-Research-Labs/final_ws/install/turtlebot3_msgs/include/turtlebot3_msgs/turtlebot3_msgs/msg/detail/version_info__functions.h
[0.975s] -- Up-to-date: /home/augustmenard/Intro-to-Robotics-Research-Labs/final_ws/install/turtlebot3_msgs/include/turtlebot3_msgs/turtlebot3_msgs/msg/detail/sound__functions.c
[0.975s] -- Up-to-date: /home/augustmenard/Intro-to-Robotics-Research-Labs/final_ws/install/turtlebot3_msgs/include/turtlebot3_msgs/turtlebot3_msgs/msg/detail/sensor_state__functions.h
[0.975s] -- Up-to-date: /home/augustmenard/Intro-to-Robotics-Research-Labs/final_ws/install/turtlebot3_msgs/include/turtlebot3_msgs/turtlebot3_msgs/msg/detail/sensor_state__type_support.h
[0.975s] -- Up-to-date: /home/augustmenard/Intro-to-Robotics-Research-Labs/final_ws/install/turtlebot3_msgs/include/turtlebot3_msgs/turtlebot3_msgs/msg/detail/sound__functions.h
[0.975s] -- Up-to-date: /home/augustmenard/Intro-to-Robotics-Research-Labs/final_ws/install/turtlebot3_msgs/include/turtlebot3_msgs/turtlebot3_msgs/msg/detail/sound__struct.h
[0.975s] -- Up-to-date: /home/augustmenard/Intro-to-Robotics-Research-Labs/final_ws/install/turtlebot3_msgs/include/turtlebot3_msgs/turtlebot3_msgs/msg/detail/version_info__functions.c
[0.975s] -- Up-to-date: /home/augustmenard/Intro-to-Robotics-Research-Labs/final_ws/install/turtlebot3_msgs/share/turtlebot3_msgs/environment/library_path.sh
[0.975s] -- Up-to-date: /home/augustmenard/Intro-to-Robotics-Research-Labs/final_ws/install/turtlebot3_msgs/share/turtlebot3_msgs/environment/library_path.dsv
[0.975s] -- Up-to-date: /home/augustmenard/Intro-to-Robotics-Research-Labs/final_ws/install/turtlebot3_msgs/lib/libturtlebot3_msgs__rosidl_generator_c.so
[0.975s] -- Up-to-date: /home/augustmenard/Intro-to-Robotics-Research-Labs/final_ws/install/turtlebot3_msgs/include/turtlebot3_msgs/turtlebot3_msgs
[0.975s] -- Up-to-date: /home/augustmenard/Intro-to-Robotics-Research-Labs/final_ws/install/turtlebot3_msgs/include/turtlebot3_msgs/turtlebot3_msgs/action
[0.975s] -- Up-to-date: /home/augustmenard/Intro-to-Robotics-Research-Labs/final_ws/install/turtlebot3_msgs/include/turtlebot3_msgs/turtlebot3_msgs/action/detail
[0.975s] -- Up-to-date: /home/augustmenard/Intro-to-Robotics-Research-Labs/final_ws/install/turtlebot3_msgs/include/turtlebot3_msgs/turtlebot3_msgs/action/detail/patrol__rosidl_typesupport_fastrtps_c.h
[0.976s] -- Up-to-date: /home/augustmenard/Intro-to-Robotics-Research-Labs/final_ws/install/turtlebot3_msgs/include/turtlebot3_msgs/turtlebot3_msgs/srv
[0.976s] -- Up-to-date: /home/augustmenard/Intro-to-Robotics-Research-Labs/final_ws/install/turtlebot3_msgs/include/turtlebot3_msgs/turtlebot3_msgs/srv/detail
[0.976s] -- Up-to-date: /home/augustmenard/Intro-to-Robotics-Research-Labs/final_ws/install/turtlebot3_msgs/include/turtlebot3_msgs/turtlebot3_msgs/srv/detail/sound__rosidl_typesupport_fastrtps_c.h
[0.976s] -- Up-to-date: /home/augustmenard/Intro-to-Robotics-Research-Labs/final_ws/install/turtlebot3_msgs/include/turtlebot3_msgs/turtlebot3_msgs/srv/detail/dqn__rosidl_typesupport_fastrtps_c.h
[0.976s] -- Up-to-date: /home/augustmenard/Intro-to-Robotics-Research-Labs/final_ws/install/turtlebot3_msgs/include/turtlebot3_msgs/turtlebot3_msgs/srv/detail/goal__rosidl_typesupport_fastrtps_c.h
[0.977s] -- Up-to-date: /home/augustmenard/Intro-to-Robotics-Research-Labs/final_ws/install/turtlebot3_msgs/include/turtlebot3_msgs/turtlebot3_msgs/msg
[0.977s] -- Up-to-date: /home/augustmenard/Intro-to-Robotics-Research-Labs/final_ws/install/turtlebot3_msgs/include/turtlebot3_msgs/turtlebot3_msgs/msg/detail
[0.977s] -- Up-to-date: /home/augustmenard/Intro-to-Robotics-Research-Labs/final_ws/install/turtlebot3_msgs/include/turtlebot3_msgs/turtlebot3_msgs/msg/detail/sensor_state__rosidl_typesupport_fastrtps_c.h
[0.977s] -- Up-to-date: /home/augustmenard/Intro-to-Robotics-Research-Labs/final_ws/install/turtlebot3_msgs/include/turtlebot3_msgs/turtlebot3_msgs/msg/detail/version_info__rosidl_typesupport_fastrtps_c.h
[0.977s] -- Up-to-date: /home/augustmenard/Intro-to-Robotics-Research-Labs/final_ws/install/turtlebot3_msgs/include/turtlebot3_msgs/turtlebot3_msgs/msg/detail/sound__rosidl_typesupport_fastrtps_c.h
[0.977s] -- Up-to-date: /home/augustmenard/Intro-to-Robotics-Research-Labs/final_ws/install/turtlebot3_msgs/include/turtlebot3_msgs/turtlebot3_msgs/msg/rosidl_typesupport_fastrtps_c__visibility_control.h
[0.977s] -- Up-to-date: /home/augustmenard/Intro-to-Robotics-Research-Labs/final_ws/install/turtlebot3_msgs/lib/libturtlebot3_msgs__rosidl_typesupport_fastrtps_c.so
[0.977s] -- Up-to-date: /home/augustmenard/Intro-to-Robotics-Research-Labs/final_ws/install/turtlebot3_msgs/include/turtlebot3_msgs/turtlebot3_msgs
[0.977s] -- Up-to-date: /home/augustmenard/Intro-to-Robotics-Research-Labs/final_ws/install/turtlebot3_msgs/include/turtlebot3_msgs/turtlebot3_msgs/action
[0.977s] -- Up-to-date: /home/augustmenard/Intro-to-Robotics-Research-Labs/final_ws/install/turtlebot3_msgs/include/turtlebot3_msgs/turtlebot3_msgs/action/detail
[0.977s] -- Up-to-date: /home/augustmenard/Intro-to-Robotics-Research-Labs/final_ws/install/turtlebot3_msgs/include/turtlebot3_msgs/turtlebot3_msgs/action/detail/patrol__struct.hpp
[0.977s] -- Up-to-date: /home/augustmenard/Intro-to-Robotics-Research-Labs/final_ws/install/turtlebot3_msgs/include/turtlebot3_msgs/turtlebot3_msgs/action/detail/patrol__builder.hpp
[0.977s] -- Up-to-date: /home/augustmenard/Intro-to-Robotics-Research-Labs/final_ws/install/turtlebot3_msgs/include/turtlebot3_msgs/turtlebot3_msgs/action/detail/patrol__type_support.hpp
[0.977s] -- Up-to-date: /home/augustmenard/Intro-to-Robotics-Research-Labs/final_ws/install/turtlebot3_msgs/include/turtlebot3_msgs/turtlebot3_msgs/action/detail/patrol__traits.hpp
[0.977s] -- Up-to-date: /home/augustmenard/Intro-to-Robotics-Research-Labs/final_ws/install/turtlebot3_msgs/include/turtlebot3_msgs/turtlebot3_msgs/action/patrol.hpp
[0.977s] -- Up-to-date: /home/augustmenard/Intro-to-Robotics-Research-Labs/final_ws/install/turtlebot3_msgs/include/turtlebot3_msgs/turtlebot3_msgs/srv
[0.977s] -- Up-to-date: /home/augustmenard/Intro-to-Robotics-Research-Labs/final_ws/install/turtlebot3_msgs/include/turtlebot3_msgs/turtlebot3_msgs/srv/goal.hpp
[0.977s] -- Up-to-date: /home/augustmenard/Intro-to-Robotics-Research-Labs/final_ws/install/turtlebot3_msgs/include/turtlebot3_msgs/turtlebot3_msgs/srv/detail
[0.977s] -- Up-to-date: /home/augustmenard/Intro-to-Robotics-Research-Labs/final_ws/install/turtlebot3_msgs/include/turtlebot3_msgs/turtlebot3_msgs/srv/detail/dqn__type_support.hpp
[0.977s] -- Up-to-date: /home/augustmenard/Intro-to-Robotics-Research-Labs/final_ws/install/turtlebot3_msgs/include/turtlebot3_msgs/turtlebot3_msgs/srv/detail/sound__type_support.hpp
[0.977s] -- Up-to-date: /home/augustmenard/Intro-to-Robotics-Research-Labs/final_ws/install/turtlebot3_msgs/include/turtlebot3_msgs/turtlebot3_msgs/srv/detail/sound__traits.hpp
[0.978s] -- Up-to-date: /home/augustmenard/Intro-to-Robotics-Research-Labs/final_ws/install/turtlebot3_msgs/include/turtlebot3_msgs/turtlebot3_msgs/srv/detail/goal__type_support.hpp
[0.978s] -- Up-to-date: /home/augustmenard/Intro-to-Robotics-Research-Labs/final_ws/install/turtlebot3_msgs/include/turtlebot3_msgs/turtlebot3_msgs/srv/detail/goal__builder.hpp
[0.978s] -- Up-to-date: /home/augustmenard/Intro-to-Robotics-Research-Labs/final_ws/install/turtlebot3_msgs/include/turtlebot3_msgs/turtlebot3_msgs/srv/detail/sound__builder.hpp
[0.978s] -- Up-to-date: /home/augustmenard/Intro-to-Robotics-Research-Labs/final_ws/install/turtlebot3_msgs/include/turtlebot3_msgs/turtlebot3_msgs/srv/detail/goal__struct.hpp
[0.978s] -- Up-to-date: /home/augustmenard/Intro-to-Robotics-Research-Labs/final_ws/install/turtlebot3_msgs/include/turtlebot3_msgs/turtlebot3_msgs/srv/detail/goal__traits.hpp
[0.978s] -- Up-to-date: /home/augustmenard/Intro-to-Robotics-Research-Labs/final_ws/install/turtlebot3_msgs/include/turtlebot3_msgs/turtlebot3_msgs/srv/detail/dqn__builder.hpp
[0.978s] -- Up-to-date: /home/augustmenard/Intro-to-Robotics-Research-Labs/final_ws/install/turtlebot3_msgs/include/turtlebot3_msgs/turtlebot3_msgs/srv/detail/dqn__struct.hpp
[0.978s] -- Up-to-date: /home/augustmenard/Intro-to-Robotics-Research-Labs/final_ws/install/turtlebot3_msgs/include/turtlebot3_msgs/turtlebot3_msgs/srv/detail/dqn__traits.hpp
[0.978s] -- Up-to-date: /home/augustmenard/Intro-to-Robotics-Research-Labs/final_ws/install/turtlebot3_msgs/include/turtlebot3_msgs/turtlebot3_msgs/srv/detail/sound__struct.hpp
[0.978s] -- Up-to-date: /home/augustmenard/Intro-to-Robotics-Research-Labs/final_ws/install/turtlebot3_msgs/include/turtlebot3_msgs/turtlebot3_msgs/srv/sound.hpp
[0.978s] -- Up-to-date: /home/augustmenard/Intro-to-Robotics-Research-Labs/final_ws/install/turtlebot3_msgs/include/turtlebot3_msgs/turtlebot3_msgs/srv/dqn.hpp
[0.978s] -- Up-to-date: /home/augustmenard/Intro-to-Robotics-Research-Labs/final_ws/install/turtlebot3_msgs/include/turtlebot3_msgs/turtlebot3_msgs/msg
[0.978s] -- Up-to-date: /home/augustmenard/Intro-to-Robotics-Research-Labs/final_ws/install/turtlebot3_msgs/include/turtlebot3_msgs/turtlebot3_msgs/msg/rosidl_generator_cpp__visibility_control.hpp
[0.978s] -- Up-to-date: /home/augustmenard/Intro-to-Robotics-Research-Labs/final_ws/install/turtlebot3_msgs/include/turtlebot3_msgs/turtlebot3_msgs/msg/version_info.hpp
[0.979s] -- Up-to-date: /home/augustmenard/Intro-to-Robotics-Research-Labs/final_ws/install/turtlebot3_msgs/include/turtlebot3_msgs/turtlebot3_msgs/msg/detail
[0.979s] -- Up-to-date: /home/augustmenard/Intro-to-Robotics-Research-Labs/final_ws/install/turtlebot3_msgs/include/turtlebot3_msgs/turtlebot3_msgs/msg/detail/sensor_state__builder.hpp
[0.979s] -- Up-to-date: /home/augustmenard/Intro-to-Robotics-Research-Labs/final_ws/install/turtlebot3_msgs/include/turtlebot3_msgs/turtlebot3_msgs/msg/detail/sensor_state__traits.hpp
[0.979s] -- Up-to-date: /home/augustmenard/Intro-to-Robotics-Research-Labs/final_ws/install/turtlebot3_msgs/include/turtlebot3_msgs/turtlebot3_msgs/msg/detail/sound__type_support.hpp
[0.979s] -- Up-to-date: /home/augustmenard/Intro-to-Robotics-Research-Labs/final_ws/install/turtlebot3_msgs/include/turtlebot3_msgs/turtlebot3_msgs/msg/detail/version_info__traits.hpp
[0.979s] -- Up-to-date: /home/augustmenard/Intro-to-Robotics-Research-Labs/final_ws/install/turtlebot3_msgs/include/turtlebot3_msgs/turtlebot3_msgs/msg/detail/sound__traits.hpp
[0.979s] -- Up-to-date: /home/augustmenard/Intro-to-Robotics-Research-Labs/final_ws/install/turtlebot3_msgs/include/turtlebot3_msgs/turtlebot3_msgs/msg/detail/sensor_state__struct.hpp
[0.979s] -- Up-to-date: /home/augustmenard/Intro-to-Robotics-Research-Labs/final_ws/install/turtlebot3_msgs/include/turtlebot3_msgs/turtlebot3_msgs/msg/detail/sound__builder.hpp
[0.979s] -- Up-to-date: /home/augustmenard/Intro-to-Robotics-Research-Labs/final_ws/install/turtlebot3_msgs/include/turtlebot3_msgs/turtlebot3_msgs/msg/detail/version_info__struct.hpp
[0.979s] -- Up-to-date: /home/augustmenard/Intro-to-Robotics-Research-Labs/final_ws/install/turtlebot3_msgs/include/turtlebot3_msgs/turtlebot3_msgs/msg/detail/version_info__type_support.hpp
[0.979s] -- Up-to-date: /home/augustmenard/Intro-to-Robotics-Research-Labs/final_ws/install/turtlebot3_msgs/include/turtlebot3_msgs/turtlebot3_msgs/msg/detail/sensor_state__type_support.hpp
[0.979s] -- Up-to-date: /home/augustmenard/Intro-to-Robotics-Research-Labs/final_ws/install/turtlebot3_msgs/include/turtlebot3_msgs/turtlebot3_msgs/msg/detail/version_info__builder.hpp
[0.979s] -- Up-to-date: /home/augustmenard/Intro-to-Robotics-Research-Labs/final_ws/install/turtlebot3_msgs/include/turtlebot3_msgs/turtlebot3_msgs/msg/detail/sound__struct.hpp
[0.979s] -- Up-to-date: /home/augustmenard/Intro-to-Robotics-Research-Labs/final_ws/install/turtlebot3_msgs/include/turtlebot3_msgs/turtlebot3_msgs/msg/sound.hpp
[0.979s] -- Up-to-date: /home/augustmenard/Intro-to-Robotics-Research-Labs/final_ws/install/turtlebot3_msgs/include/turtlebot3_msgs/turtlebot3_msgs/msg/sensor_state.hpp
[0.979s] -- Up-to-date: /home/augustmenard/Intro-to-Robotics-Research-Labs/final_ws/install/turtlebot3_msgs/include/turtlebot3_msgs/turtlebot3_msgs
[0.979s] -- Up-to-date: /home/augustmenard/Intro-to-Robotics-Research-Labs/final_ws/install/turtlebot3_msgs/include/turtlebot3_msgs/turtlebot3_msgs/action
[0.979s] -- Up-to-date: /home/augustmenard/Intro-to-Robotics-Research-Labs/final_ws/install/turtlebot3_msgs/include/turtlebot3_msgs/turtlebot3_msgs/action/detail
[0.979s] -- Up-to-date: /home/augustmenard/Intro-to-Robotics-Research-Labs/final_ws/install/turtlebot3_msgs/include/turtlebot3_msgs/turtlebot3_msgs/action/detail/dds_fastrtps
[0.979s] -- Up-to-date: /home/augustmenard/Intro-to-Robotics-Research-Labs/final_ws/install/turtlebot3_msgs/include/turtlebot3_msgs/turtlebot3_msgs/action/detail/patrol__rosidl_typesupport_fastrtps_cpp.hpp
[0.979s] -- Up-to-date: /home/augustmenard/Intro-to-Robotics-Research-Labs/final_ws/install/turtlebot3_msgs/include/turtlebot3_msgs/turtlebot3_msgs/srv
[0.980s] -- Up-to-date: /home/augustmenard/Intro-to-Robotics-Research-Labs/final_ws/install/turtlebot3_msgs/include/turtlebot3_msgs/turtlebot3_msgs/srv/detail
[0.980s] -- Up-to-date: /home/augustmenard/Intro-to-Robotics-Research-Labs/final_ws/install/turtlebot3_msgs/include/turtlebot3_msgs/turtlebot3_msgs/srv/detail/dds_fastrtps
[0.980s] -- Up-to-date: /home/augustmenard/Intro-to-Robotics-Research-Labs/final_ws/install/turtlebot3_msgs/include/turtlebot3_msgs/turtlebot3_msgs/srv/detail/goal__rosidl_typesupport_fastrtps_cpp.hpp
[0.980s] -- Up-to-date: /home/augustmenard/Intro-to-Robotics-Research-Labs/final_ws/install/turtlebot3_msgs/include/turtlebot3_msgs/turtlebot3_msgs/srv/detail/sound__rosidl_typesupport_fastrtps_cpp.hpp
[0.980s] -- Up-to-date: /home/augustmenard/Intro-to-Robotics-Research-Labs/final_ws/install/turtlebot3_msgs/include/turtlebot3_msgs/turtlebot3_msgs/srv/detail/dqn__rosidl_typesupport_fastrtps_cpp.hpp
[0.980s] -- Up-to-date: /home/augustmenard/Intro-to-Robotics-Research-Labs/final_ws/install/turtlebot3_msgs/include/turtlebot3_msgs/turtlebot3_msgs/msg
[0.980s] -- Up-to-date: /home/augustmenard/Intro-to-Robotics-Research-Labs/final_ws/install/turtlebot3_msgs/include/turtlebot3_msgs/turtlebot3_msgs/msg/detail
[0.980s] -- Up-to-date: /home/augustmenard/Intro-to-Robotics-Research-Labs/final_ws/install/turtlebot3_msgs/include/turtlebot3_msgs/turtlebot3_msgs/msg/detail/dds_fastrtps
[0.980s] -- Up-to-date: /home/augustmenard/Intro-to-Robotics-Research-Labs/final_ws/install/turtlebot3_msgs/include/turtlebot3_msgs/turtlebot3_msgs/msg/detail/sensor_state__rosidl_typesupport_fastrtps_cpp.hpp
[0.980s] -- Up-to-date: /home/augustmenard/Intro-to-Robotics-Research-Labs/final_ws/install/turtlebot3_msgs/include/turtlebot3_msgs/turtlebot3_msgs/msg/detail/sound__rosidl_typesupport_fastrtps_cpp.hpp
[0.980s] -- Up-to-date: /home/augustmenard/Intro-to-Robotics-Research-Labs/final_ws/install/turtlebot3_msgs/include/turtlebot3_msgs/turtlebot3_msgs/msg/detail/version_info__rosidl_typesupport_fastrtps_cpp.hpp
[0.980s] -- Up-to-date: /home/augustmenard/Intro-to-Robotics-Research-Labs/final_ws/install/turtlebot3_msgs/include/turtlebot3_msgs/turtlebot3_msgs/msg/rosidl_typesupport_fastrtps_cpp__visibility_control.h
[0.980s] -- Up-to-date: /home/augustmenard/Intro-to-Robotics-Research-Labs/final_ws/install/turtlebot3_msgs/lib/libturtlebot3_msgs__rosidl_typesupport_fastrtps_cpp.so
[0.980s] -- Up-to-date: /home/augustmenard/Intro-to-Robotics-Research-Labs/final_ws/install/turtlebot3_msgs/include/turtlebot3_msgs/turtlebot3_msgs
[0.980s] -- Up-to-date: /home/augustmenard/Intro-to-Robotics-Research-Labs/final_ws/install/turtlebot3_msgs/include/turtlebot3_msgs/turtlebot3_msgs/action
[0.980s] -- Up-to-date: /home/augustmenard/Intro-to-Robotics-Research-Labs/final_ws/install/turtlebot3_msgs/include/turtlebot3_msgs/turtlebot3_msgs/action/detail
[0.980s] -- Up-to-date: /home/augustmenard/Intro-to-Robotics-Research-Labs/final_ws/install/turtlebot3_msgs/include/turtlebot3_msgs/turtlebot3_msgs/action/detail/patrol__type_support.c
[0.980s] -- Up-to-date: /home/augustmenard/Intro-to-Robotics-Research-Labs/final_ws/install/turtlebot3_msgs/include/turtlebot3_msgs/turtlebot3_msgs/action/detail/patrol__rosidl_typesupport_introspection_c.h
[0.980s] -- Up-to-date: /home/augustmenard/Intro-to-Robotics-Research-Labs/final_ws/install/turtlebot3_msgs/include/turtlebot3_msgs/turtlebot3_msgs/srv
[0.980s] -- Up-to-date: /home/augustmenard/Intro-to-Robotics-Research-Labs/final_ws/install/turtlebot3_msgs/include/turtlebot3_msgs/turtlebot3_msgs/srv/detail
[0.981s] -- Up-to-date: /home/augustmenard/Intro-to-Robotics-Research-Labs/final_ws/install/turtlebot3_msgs/include/turtlebot3_msgs/turtlebot3_msgs/srv/detail/sound__rosidl_typesupport_introspection_c.h
[0.981s] -- Up-to-date: /home/augustmenard/Intro-to-Robotics-Research-Labs/final_ws/install/turtlebot3_msgs/include/turtlebot3_msgs/turtlebot3_msgs/srv/detail/goal__rosidl_typesupport_introspection_c.h
[0.981s] -- Up-to-date: /home/augustmenard/Intro-to-Robotics-Research-Labs/final_ws/install/turtlebot3_msgs/include/turtlebot3_msgs/turtlebot3_msgs/srv/detail/goal__type_support.c
[0.981s] -- Up-to-date: /home/augustmenard/Intro-to-Robotics-Research-Labs/final_ws/install/turtlebot3_msgs/include/turtlebot3_msgs/turtlebot3_msgs/srv/detail/dqn__type_support.c
[0.981s] -- Up-to-date: /home/augustmenard/Intro-to-Robotics-Research-Labs/final_ws/install/turtlebot3_msgs/include/turtlebot3_msgs/turtlebot3_msgs/srv/detail/sound__type_support.c
[0.981s] -- Up-to-date: /home/augustmenard/Intro-to-Robotics-Research-Labs/final_ws/install/turtlebot3_msgs/include/turtlebot3_msgs/turtlebot3_msgs/srv/detail/dqn__rosidl_typesupport_introspection_c.h
[0.981s] -- Up-to-date: /home/augustmenard/Intro-to-Robotics-Research-Labs/final_ws/install/turtlebot3_msgs/include/turtlebot3_msgs/turtlebot3_msgs/msg
[0.981s] -- Up-to-date: /home/augustmenard/Intro-to-Robotics-Research-Labs/final_ws/install/turtlebot3_msgs/include/turtlebot3_msgs/turtlebot3_msgs/msg/detail
[0.981s] -- Up-to-date: /home/augustmenard/Intro-to-Robotics-Research-Labs/final_ws/install/turtlebot3_msgs/include/turtlebot3_msgs/turtlebot3_msgs/msg/detail/sensor_state__type_support.c
[0.981s] -- Up-to-date: /home/augustmenard/Intro-to-Robotics-Research-Labs/final_ws/install/turtlebot3_msgs/include/turtlebot3_msgs/turtlebot3_msgs/msg/detail/sound__rosidl_typesupport_introspection_c.h
[0.981s] -- Up-to-date: /home/augustmenard/Intro-to-Robotics-Research-Labs/final_ws/install/turtlebot3_msgs/include/turtlebot3_msgs/turtlebot3_msgs/msg/detail/sensor_state__rosidl_typesupport_introspection_c.h
[0.981s] -- Up-to-date: /home/augustmenard/Intro-to-Robotics-Research-Labs/final_ws/install/turtlebot3_msgs/include/turtlebot3_msgs/turtlebot3_msgs/msg/detail/version_info__type_support.c
[0.981s] -- Up-to-date: /home/augustmenard/Intro-to-Robotics-Research-Labs/final_ws/install/turtlebot3_msgs/include/turtlebot3_msgs/turtlebot3_msgs/msg/detail/sound__type_support.c
[0.981s] -- Up-to-date: /home/augustmenard/Intro-to-Robotics-Research-Labs/final_ws/install/turtlebot3_msgs/include/turtlebot3_msgs/turtlebot3_msgs/msg/detail/version_info__rosidl_typesupport_introspection_c.h
[0.981s] -- Up-to-date: /home/augustmenard/Intro-to-Robotics-Research-Labs/final_ws/install/turtlebot3_msgs/include/turtlebot3_msgs/turtlebot3_msgs/msg/rosidl_typesupport_introspection_c__visibility_control.h
[0.981s] -- Up-to-date: /home/augustmenard/Intro-to-Robotics-Research-Labs/final_ws/install/turtlebot3_msgs/lib/libturtlebot3_msgs__rosidl_typesupport_introspection_c.so
[0.981s] -- Up-to-date: /home/augustmenard/Intro-to-Robotics-Research-Labs/final_ws/install/turtlebot3_msgs/lib/libturtlebot3_msgs__rosidl_typesupport_c.so
[0.981s] -- Up-to-date: /home/augustmenard/Intro-to-Robotics-Research-Labs/final_ws/install/turtlebot3_msgs/include/turtlebot3_msgs/turtlebot3_msgs
[0.981s] -- Up-to-date: /home/augustmenard/Intro-to-Robotics-Research-Labs/final_ws/install/turtlebot3_msgs/include/turtlebot3_msgs/turtlebot3_msgs/action
[0.981s] -- Up-to-date: /home/augustmenard/Intro-to-Robotics-Research-Labs/final_ws/install/turtlebot3_msgs/include/turtlebot3_msgs/turtlebot3_msgs/action/detail
[0.982s] -- Up-to-date: /home/augustmenard/Intro-to-Robotics-Research-Labs/final_ws/install/turtlebot3_msgs/include/turtlebot3_msgs/turtlebot3_msgs/action/detail/patrol__rosidl_typesupport_introspection_cpp.hpp
[0.982s] -- Up-to-date: /home/augustmenard/Intro-to-Robotics-Research-Labs/final_ws/install/turtlebot3_msgs/include/turtlebot3_msgs/turtlebot3_msgs/action/detail/patrol__type_support.cpp
[0.982s] -- Up-to-date: /home/augustmenard/Intro-to-Robotics-Research-Labs/final_ws/install/turtlebot3_msgs/include/turtlebot3_msgs/turtlebot3_msgs/srv
[0.982s] -- Up-to-date: /home/augustmenard/Intro-to-Robotics-Research-Labs/final_ws/install/turtlebot3_msgs/include/turtlebot3_msgs/turtlebot3_msgs/srv/detail
[0.982s] -- Up-to-date: /home/augustmenard/Intro-to-Robotics-Research-Labs/final_ws/install/turtlebot3_msgs/include/turtlebot3_msgs/turtlebot3_msgs/srv/detail/sound__type_support.cpp
[0.982s] -- Up-to-date: /home/augustmenard/Intro-to-Robotics-Research-Labs/final_ws/install/turtlebot3_msgs/include/turtlebot3_msgs/turtlebot3_msgs/srv/detail/dqn__rosidl_typesupport_introspection_cpp.hpp
[0.982s] -- Up-to-date: /home/augustmenard/Intro-to-Robotics-Research-Labs/final_ws/install/turtlebot3_msgs/include/turtlebot3_msgs/turtlebot3_msgs/srv/detail/sound__rosidl_typesupport_introspection_cpp.hpp
[0.982s] -- Up-to-date: /home/augustmenard/Intro-to-Robotics-Research-Labs/final_ws/install/turtlebot3_msgs/include/turtlebot3_msgs/turtlebot3_msgs/srv/detail/goal__type_support.cpp
[0.982s] -- Up-to-date: /home/augustmenard/Intro-to-Robotics-Research-Labs/final_ws/install/turtlebot3_msgs/include/turtlebot3_msgs/turtlebot3_msgs/srv/detail/dqn__type_support.cpp
[0.982s] -- Up-to-date: /home/augustmenard/Intro-to-Robotics-Research-Labs/final_ws/install/turtlebot3_msgs/include/turtlebot3_msgs/turtlebot3_msgs/srv/detail/goal__rosidl_typesupport_introspection_cpp.hpp
[0.982s] -- Up-to-date: /home/augustmenard/Intro-to-Robotics-Research-Labs/final_ws/install/turtlebot3_msgs/include/turtlebot3_msgs/turtlebot3_msgs/msg
[0.982s] -- Up-to-date: /home/augustmenard/Intro-to-Robotics-Research-Labs/final_ws/install/turtlebot3_msgs/include/turtlebot3_msgs/turtlebot3_msgs/msg/detail
[0.982s] -- Up-to-date: /home/augustmenard/Intro-to-Robotics-Research-Labs/final_ws/install/turtlebot3_msgs/include/turtlebot3_msgs/turtlebot3_msgs/msg/detail/sound__type_support.cpp
[0.982s] -- Up-to-date: /home/augustmenard/Intro-to-Robotics-Research-Labs/final_ws/install/turtlebot3_msgs/include/turtlebot3_msgs/turtlebot3_msgs/msg/detail/version_info__rosidl_typesupport_introspection_cpp.hpp
[0.982s] -- Up-to-date: /home/augustmenard/Intro-to-Robotics-Research-Labs/final_ws/install/turtlebot3_msgs/include/turtlebot3_msgs/turtlebot3_msgs/msg/detail/sound__rosidl_typesupport_introspection_cpp.hpp
[0.982s] -- Up-to-date: /home/augustmenard/Intro-to-Robotics-Research-Labs/final_ws/install/turtlebot3_msgs/include/turtlebot3_msgs/turtlebot3_msgs/msg/detail/sensor_state__type_support.cpp
[0.982s] -- Up-to-date: /home/augustmenard/Intro-to-Robotics-Research-Labs/final_ws/install/turtlebot3_msgs/include/turtlebot3_msgs/turtlebot3_msgs/msg/detail/version_info__type_support.cpp
[0.982s] -- Up-to-date: /home/augustmenard/Intro-to-Robotics-Research-Labs/final_ws/install/turtlebot3_msgs/include/turtlebot3_msgs/turtlebot3_msgs/msg/detail/sensor_state__rosidl_typesupport_introspection_cpp.hpp
[0.982s] -- Up-to-date: /home/augustmenard/Intro-to-Robotics-Research-Labs/final_ws/install/turtlebot3_msgs/lib/libturtlebot3_msgs__rosidl_typesupport_introspection_cpp.so
[0.982s] -- Up-to-date: /home/augustmenard/Intro-to-Robotics-Research-Labs/final_ws/install/turtlebot3_msgs/lib/libturtlebot3_msgs__rosidl_typesupport_cpp.so
[0.983s] -- Up-to-date: /home/augustmenard/Intro-to-Robotics-Research-Labs/final_ws/install/turtlebot3_msgs/share/turtlebot3_msgs/environment/pythonpath.sh
[0.983s] -- Up-to-date: /home/augustmenard/Intro-to-Robotics-Research-Labs/final_ws/install/turtlebot3_msgs/share/turtlebot3_msgs/environment/pythonpath.dsv
[0.983s] -- Up-to-date: /home/augustmenard/Intro-to-Robotics-Research-Labs/final_ws/install/turtlebot3_msgs/local/lib/python3.10/dist-packages/turtlebot3_msgs-2.4.0-py3.10.egg-info
[0.983s] -- Installing: /home/augustmenard/Intro-to-Robotics-Research-Labs/final_ws/install/turtlebot3_msgs/local/lib/python3.10/dist-packages/turtlebot3_msgs-2.4.0-py3.10.egg-info/PKG-INFO
[0.983s] -- Installing: /home/augustmenard/Intro-to-Robotics-Research-Labs/final_ws/install/turtlebot3_msgs/local/lib/python3.10/dist-packages/turtlebot3_msgs-2.4.0-py3.10.egg-info/top_level.txt
[0.983s] -- Installing: /home/augustmenard/Intro-to-Robotics-Research-Labs/final_ws/install/turtlebot3_msgs/local/lib/python3.10/dist-packages/turtlebot3_msgs-2.4.0-py3.10.egg-info/SOURCES.txt
[0.983s] -- Installing: /home/augustmenard/Intro-to-Robotics-Research-Labs/final_ws/install/turtlebot3_msgs/local/lib/python3.10/dist-packages/turtlebot3_msgs-2.4.0-py3.10.egg-info/dependency_links.txt
[0.983s] -- Up-to-date: /home/augustmenard/Intro-to-Robotics-Research-Labs/final_ws/install/turtlebot3_msgs/local/lib/python3.10/dist-packages/turtlebot3_msgs
[0.983s] -- Up-to-date: /home/augustmenard/Intro-to-Robotics-Research-Labs/final_ws/install/turtlebot3_msgs/local/lib/python3.10/dist-packages/turtlebot3_msgs/libturtlebot3_msgs__rosidl_generator_py.so
[0.983s] -- Up-to-date: /home/augustmenard/Intro-to-Robotics-Research-Labs/final_ws/install/turtlebot3_msgs/local/lib/python3.10/dist-packages/turtlebot3_msgs/_turtlebot3_msgs_s.ep.rosidl_typesupport_c.c
[0.983s] -- Up-to-date: /home/augustmenard/Intro-to-Robotics-Research-Labs/final_ws/install/turtlebot3_msgs/local/lib/python3.10/dist-packages/turtlebot3_msgs/__init__.py
[0.983s] -- Up-to-date: /home/augustmenard/Intro-to-Robotics-Research-Labs/final_ws/install/turtlebot3_msgs/local/lib/python3.10/dist-packages/turtlebot3_msgs/action
[0.983s] -- Up-to-date: /home/augustmenard/Intro-to-Robotics-Research-Labs/final_ws/install/turtlebot3_msgs/local/lib/python3.10/dist-packages/turtlebot3_msgs/action/__init__.py
[0.983s] -- Up-to-date: /home/augustmenard/Intro-to-Robotics-Research-Labs/final_ws/install/turtlebot3_msgs/local/lib/python3.10/dist-packages/turtlebot3_msgs/action/_patrol_s.c
[0.983s] -- Up-to-date: /home/augustmenard/Intro-to-Robotics-Research-Labs/final_ws/install/turtlebot3_msgs/local/lib/python3.10/dist-packages/turtlebot3_msgs/action/_patrol.py
[0.983s] -- Up-to-date: /home/augustmenard/Intro-to-Robotics-Research-Labs/final_ws/install/turtlebot3_msgs/local/lib/python3.10/dist-packages/turtlebot3_msgs/turtlebot3_msgs_s__rosidl_typesupport_fastrtps_c.cpython-310-x86_64-linux-gnu.so
[0.983s] -- Up-to-date: /home/augustmenard/Intro-to-Robotics-Research-Labs/final_ws/install/turtlebot3_msgs/local/lib/python3.10/dist-packages/turtlebot3_msgs/srv
[0.983s] -- Up-to-date: /home/augustmenard/Intro-to-Robotics-Research-Labs/final_ws/install/turtlebot3_msgs/local/lib/python3.10/dist-packages/turtlebot3_msgs/srv/_dqn_s.c
[0.983s] -- Up-to-date: /home/augustmenard/Intro-to-Robotics-Research-Labs/final_ws/install/turtlebot3_msgs/local/lib/python3.10/dist-packages/turtlebot3_msgs/srv/__init__.py
[0.983s] -- Up-to-date: /home/augustmenard/Intro-to-Robotics-Research-Labs/final_ws/install/turtlebot3_msgs/local/lib/python3.10/dist-packages/turtlebot3_msgs/srv/_sound.py
[0.984s] -- Up-to-date: /home/augustmenard/Intro-to-Robotics-Research-Labs/final_ws/install/turtlebot3_msgs/local/lib/python3.10/dist-packages/turtlebot3_msgs/srv/_dqn.py
[0.984s] -- Up-to-date: /home/augustmenard/Intro-to-Robotics-Research-Labs/final_ws/install/turtlebot3_msgs/local/lib/python3.10/dist-packages/turtlebot3_msgs/srv/_sound_s.c
[0.984s] -- Up-to-date: /home/augustmenard/Intro-to-Robotics-Research-Labs/final_ws/install/turtlebot3_msgs/local/lib/python3.10/dist-packages/turtlebot3_msgs/srv/_goal.py
[0.984s] -- Up-to-date: /home/augustmenard/Intro-to-Robotics-Research-Labs/final_ws/install/turtlebot3_msgs/local/lib/python3.10/dist-packages/turtlebot3_msgs/srv/_goal_s.c
[0.984s] -- Up-to-date: /home/augustmenard/Intro-to-Robotics-Research-Labs/final_ws/install/turtlebot3_msgs/local/lib/python3.10/dist-packages/turtlebot3_msgs/turtlebot3_msgs_s__rosidl_typesupport_introspection_c.cpython-310-x86_64-linux-gnu.so
[0.984s] -- Up-to-date: /home/augustmenard/Intro-to-Robotics-Research-Labs/final_ws/install/turtlebot3_msgs/local/lib/python3.10/dist-packages/turtlebot3_msgs/_turtlebot3_msgs_s.ep.rosidl_typesupport_fastrtps_c.c
[0.984s] -- Up-to-date: /home/augustmenard/Intro-to-Robotics-Research-Labs/final_ws/install/turtlebot3_msgs/local/lib/python3.10/dist-packages/turtlebot3_msgs/turtlebot3_msgs_s__rosidl_typesupport_c.cpython-310-x86_64-linux-gnu.so
[0.984s] -- Up-to-date: /home/augustmenard/Intro-to-Robotics-Research-Labs/final_ws/install/turtlebot3_msgs/local/lib/python3.10/dist-packages/turtlebot3_msgs/msg
[0.984s] -- Up-to-date: /home/augustmenard/Intro-to-Robotics-Research-Labs/final_ws/install/turtlebot3_msgs/local/lib/python3.10/dist-packages/turtlebot3_msgs/msg/__init__.py
[0.984s] -- Up-to-date: /home/augustmenard/Intro-to-Robotics-Research-Labs/final_ws/install/turtlebot3_msgs/local/lib/python3.10/dist-packages/turtlebot3_msgs/msg/_sensor_state.py
[0.984s] -- Up-to-date: /home/augustmenard/Intro-to-Robotics-Research-Labs/final_ws/install/turtlebot3_msgs/local/lib/python3.10/dist-packages/turtlebot3_msgs/msg/_sound.py
[0.984s] -- Up-to-date: /home/augustmenard/Intro-to-Robotics-Research-Labs/final_ws/install/turtlebot3_msgs/local/lib/python3.10/dist-packages/turtlebot3_msgs/msg/_sound_s.c
[0.984s] -- Up-to-date: /home/augustmenard/Intro-to-Robotics-Research-Labs/final_ws/install/turtlebot3_msgs/local/lib/python3.10/dist-packages/turtlebot3_msgs/msg/_sensor_state_s.c
[0.984s] -- Up-to-date: /home/augustmenard/Intro-to-Robotics-Research-Labs/final_ws/install/turtlebot3_msgs/local/lib/python3.10/dist-packages/turtlebot3_msgs/msg/_version_info.py
[0.984s] -- Up-to-date: /home/augustmenard/Intro-to-Robotics-Research-Labs/final_ws/install/turtlebot3_msgs/local/lib/python3.10/dist-packages/turtlebot3_msgs/msg/_version_info_s.c
[0.984s] -- Up-to-date: /home/augustmenard/Intro-to-Robotics-Research-Labs/final_ws/install/turtlebot3_msgs/local/lib/python3.10/dist-packages/turtlebot3_msgs/_turtlebot3_msgs_s.ep.rosidl_typesupport_introspection_c.c
[1.028s] Listing '/home/augustmenard/Intro-to-Robotics-Research-Labs/final_ws/install/turtlebot3_msgs/local/lib/python3.10/dist-packages/turtlebot3_msgs'...
[1.028s] Listing '/home/augustmenard/Intro-to-Robotics-Research-Labs/final_ws/install/turtlebot3_msgs/local/lib/python3.10/dist-packages/turtlebot3_msgs/action'...
[1.028s] Listing '/home/augustmenard/Intro-to-Robotics-Research-Labs/final_ws/install/turtlebot3_msgs/local/lib/python3.10/dist-packages/turtlebot3_msgs/msg'...
[1.029s] Listing '/home/augustmenard/Intro-to-Robotics-Research-Labs/final_ws/install/turtlebot3_msgs/local/lib/python3.10/dist-packages/turtlebot3_msgs/srv'...
[1.032s] -- Up-to-date: /home/augustmenard/Intro-to-Robotics-Research-Labs/final_ws/install/turtlebot3_msgs/local/lib/python3.10/dist-packages/turtlebot3_msgs/turtlebot3_msgs_s__rosidl_typesupport_fastrtps_c.cpython-310-x86_64-linux-gnu.so
[1.032s] -- Up-to-date: /home/augustmenard/Intro-to-Robotics-Research-Labs/final_ws/install/turtlebot3_msgs/local/lib/python3.10/dist-packages/turtlebot3_msgs/turtlebot3_msgs_s__rosidl_typesupport_introspection_c.cpython-310-x86_64-linux-gnu.so
[1.032s] -- Up-to-date: /home/augustmenard/Intro-to-Robotics-Research-Labs/final_ws/install/turtlebot3_msgs/local/lib/python3.10/dist-packages/turtlebot3_msgs/turtlebot3_msgs_s__rosidl_typesupport_c.cpython-310-x86_64-linux-gnu.so
[1.033s] -- Up-to-date: /home/augustmenard/Intro-to-Robotics-Research-Labs/final_ws/install/turtlebot3_msgs/lib/libturtlebot3_msgs__rosidl_generator_py.so
[1.033s] -- Up-to-date: /home/augustmenard/Intro-to-Robotics-Research-Labs/final_ws/install/turtlebot3_msgs/share/turtlebot3_msgs/msg/SensorState.idl
[1.033s] -- Up-to-date: /home/augustmenard/Intro-to-Robotics-Research-Labs/final_ws/install/turtlebot3_msgs/share/turtlebot3_msgs/msg/Sound.idl
[1.033s] -- Up-to-date: /home/augustmenard/Intro-to-Robotics-Research-Labs/final_ws/install/turtlebot3_msgs/share/turtlebot3_msgs/msg/VersionInfo.idl
[1.033s] -- Up-to-date: /home/augustmenard/Intro-to-Robotics-Research-Labs/final_ws/install/turtlebot3_msgs/share/turtlebot3_msgs/srv/Sound.idl
[1.034s] -- Up-to-date: /home/augustmenard/Intro-to-Robotics-Research-Labs/final_ws/install/turtlebot3_msgs/share/turtlebot3_msgs/srv/Dqn.idl
[1.034s] -- Up-to-date: /home/augustmenard/Intro-to-Robotics-Research-Labs/final_ws/install/turtlebot3_msgs/share/turtlebot3_msgs/srv/Goal.idl
[1.034s] -- Up-to-date: /home/augustmenard/Intro-to-Robotics-Research-Labs/final_ws/install/turtlebot3_msgs/share/turtlebot3_msgs/action/Patrol.idl
[1.034s] -- Up-to-date: /home/augustmenard/Intro-to-Robotics-Research-Labs/final_ws/install/turtlebot3_msgs/share/turtlebot3_msgs/msg/SensorState.msg
[1.034s] -- Up-to-date: /home/augustmenard/Intro-to-Robotics-Research-Labs/final_ws/install/turtlebot3_msgs/share/turtlebot3_msgs/msg/Sound.msg
[1.034s] -- Up-to-date: /home/augustmenard/Intro-to-Robotics-Research-Labs/final_ws/install/turtlebot3_msgs/share/turtlebot3_msgs/msg/VersionInfo.msg
[1.034s] -- Up-to-date: /home/augustmenard/Intro-to-Robotics-Research-Labs/final_ws/install/turtlebot3_msgs/share/turtlebot3_msgs/srv/Sound.srv
[1.034s] -- Up-to-date: /home/augustmenard/Intro-to-Robotics-Research-Labs/final_ws/install/turtlebot3_msgs/share/turtlebot3_msgs/srv/Sound_Request.msg
[1.034s] -- Up-to-date: /home/augustmenard/Intro-to-Robotics-Research-Labs/final_ws/install/turtlebot3_msgs/share/turtlebot3_msgs/srv/Sound_Response.msg
[1.034s] -- Up-to-date: /home/augustmenard/Intro-to-Robotics-Research-Labs/final_ws/install/turtlebot3_msgs/share/turtlebot3_msgs/srv/Dqn.srv
[1.035s] -- Up-to-date: /home/augustmenard/Intro-to-Robotics-Research-Labs/final_ws/install/turtlebot3_msgs/share/turtlebot3_msgs/srv/Dqn_Request.msg
[1.035s] -- Up-to-date: /home/augustmenard/Intro-to-Robotics-Research-Labs/final_ws/install/turtlebot3_msgs/share/turtlebot3_msgs/srv/Dqn_Response.msg
[1.035s] -- Up-to-date: /home/augustmenard/Intro-to-Robotics-Research-Labs/final_ws/install/turtlebot3_msgs/share/turtlebot3_msgs/srv/Goal.srv
[1.035s] -- Up-to-date: /home/augustmenard/Intro-to-Robotics-Research-Labs/final_ws/install/turtlebot3_msgs/share/turtlebot3_msgs/srv/Goal_Request.msg
[1.035s] -- Up-to-date: /home/augustmenard/Intro-to-Robotics-Research-Labs/final_ws/install/turtlebot3_msgs/share/turtlebot3_msgs/srv/Goal_Response.msg
[1.035s] -- Up-to-date: /home/augustmenard/Intro-to-Robotics-Research-Labs/final_ws/install/turtlebot3_msgs/share/turtlebot3_msgs/action/Patrol.action
[1.035s] -- Up-to-date: /home/augustmenard/Intro-to-Robotics-Research-Labs/final_ws/install/turtlebot3_msgs/share/ament_index/resource_index/package_run_dependencies/turtlebot3_msgs
[1.036s] -- Up-to-date: /home/augustmenard/Intro-to-Robotics-Research-Labs/final_ws/install/turtlebot3_msgs/share/ament_index/resource_index/parent_prefix_path/turtlebot3_msgs
[1.036s] -- Up-to-date: /home/augustmenard/Intro-to-Robotics-Research-Labs/final_ws/install/turtlebot3_msgs/share/turtlebot3_msgs/environment/ament_prefix_path.sh
[1.036s] -- Up-to-date: /home/augustmenard/Intro-to-Robotics-Research-Labs/final_ws/install/turtlebot3_msgs/share/turtlebot3_msgs/environment/ament_prefix_path.dsv
[1.036s] -- Up-to-date: /home/augustmenard/Intro-to-Robotics-Research-Labs/final_ws/install/turtlebot3_msgs/share/turtlebot3_msgs/environment/path.sh
[1.036s] -- Up-to-date: /home/augustmenard/Intro-to-Robotics-Research-Labs/final_ws/install/turtlebot3_msgs/share/turtlebot3_msgs/environment/path.dsv
[1.036s] -- Up-to-date: /home/augustmenard/Intro-to-Robotics-Research-Labs/final_ws/install/turtlebot3_msgs/share/turtlebot3_msgs/local_setup.bash
[1.036s] -- Up-to-date: /home/augustmenard/Intro-to-Robotics-Research-Labs/final_ws/install/turtlebot3_msgs/share/turtlebot3_msgs/local_setup.sh
[1.036s] -- Up-to-date: /home/augustmenard/Intro-to-Robotics-Research-Labs/final_ws/install/turtlebot3_msgs/share/turtlebot3_msgs/local_setup.zsh
[1.036s] -- Up-to-date: /home/augustmenard/Intro-to-Robotics-Research-Labs/final_ws/install/turtlebot3_msgs/share/turtlebot3_msgs/local_setup.dsv
[1.037s] -- Installing: /home/augustmenard/Intro-to-Robotics-Research-Labs/final_ws/install/turtlebot3_msgs/share/turtlebot3_msgs/package.dsv
[1.037s] -- Up-to-date: /home/augustmenard/Intro-to-Robotics-Research-Labs/final_ws/install/turtlebot3_msgs/share/ament_index/resource_index/packages/turtlebot3_msgs
[1.037s] -- Up-to-date: /home/augustmenard/Intro-to-Robotics-Research-Labs/final_ws/install/turtlebot3_msgs/share/turtlebot3_msgs/cmake/export_turtlebot3_msgs__rosidl_generator_cExport.cmake
[1.037s] -- Up-to-date: /home/augustmenard/Intro-to-Robotics-Research-Labs/final_ws/install/turtlebot3_msgs/share/turtlebot3_msgs/cmake/export_turtlebot3_msgs__rosidl_generator_cExport-noconfig.cmake
[1.037s] -- Up-to-date: /home/augustmenard/Intro-to-Robotics-Research-Labs/final_ws/install/turtlebot3_msgs/share/turtlebot3_msgs/cmake/export_turtlebot3_msgs__rosidl_typesupport_fastrtps_cExport.cmake
[1.037s] -- Up-to-date: /home/augustmenard/Intro-to-Robotics-Research-Labs/final_ws/install/turtlebot3_msgs/share/turtlebot3_msgs/cmake/export_turtlebot3_msgs__rosidl_typesupport_fastrtps_cExport-noconfig.cmake
[1.038s] -- Up-to-date: /home/augustmenard/Intro-to-Robotics-Research-Labs/final_ws/install/turtlebot3_msgs/share/turtlebot3_msgs/cmake/export_turtlebot3_msgs__rosidl_generator_cppExport.cmake
[1.038s] -- Up-to-date: /home/augustmenard/Intro-to-Robotics-Research-Labs/final_ws/install/turtlebot3_msgs/share/turtlebot3_msgs/cmake/export_turtlebot3_msgs__rosidl_typesupport_fastrtps_cppExport.cmake
[1.038s] -- Up-to-date: /home/augustmenard/Intro-to-Robotics-Research-Labs/final_ws/install/turtlebot3_msgs/share/turtlebot3_msgs/cmake/export_turtlebot3_msgs__rosidl_typesupport_fastrtps_cppExport-noconfig.cmake
[1.038s] -- Up-to-date: /home/augustmenard/Intro-to-Robotics-Research-Labs/final_ws/install/turtlebot3_msgs/share/turtlebot3_msgs/cmake/turtlebot3_msgs__rosidl_typesupport_introspection_cExport.cmake
[1.038s] -- Up-to-date: /home/augustmenard/Intro-to-Robotics-Research-Labs/final_ws/install/turtlebot3_msgs/share/turtlebot3_msgs/cmake/turtlebot3_msgs__rosidl_typesupport_introspection_cExport-noconfig.cmake
[1.038s] -- Up-to-date: /home/augustmenard/Intro-to-Robotics-Research-Labs/final_ws/install/turtlebot3_msgs/share/turtlebot3_msgs/cmake/turtlebot3_msgs__rosidl_typesupport_cExport.cmake
[1.038s] -- Up-to-date: /home/augustmenard/Intro-to-Robotics-Research-Labs/final_ws/install/turtlebot3_msgs/share/turtlebot3_msgs/cmake/turtlebot3_msgs__rosidl_typesupport_cExport-noconfig.cmake
[1.038s] -- Up-to-date: /home/augustmenard/Intro-to-Robotics-Research-Labs/final_ws/install/turtlebot3_msgs/share/turtlebot3_msgs/cmake/turtlebot3_msgs__rosidl_typesupport_introspection_cppExport.cmake
[1.038s] -- Up-to-date: /home/augustmenard/Intro-to-Robotics-Research-Labs/final_ws/install/turtlebot3_msgs/share/turtlebot3_msgs/cmake/turtlebot3_msgs__rosidl_typesupport_introspection_cppExport-noconfig.cmake
[1.039s] -- Up-to-date: /home/augustmenard/Intro-to-Robotics-Research-Labs/final_ws/install/turtlebot3_msgs/share/turtlebot3_msgs/cmake/turtlebot3_msgs__rosidl_typesupport_cppExport.cmake
[1.039s] -- Up-to-date: /home/augustmenard/Intro-to-Robotics-Research-Labs/final_ws/install/turtlebot3_msgs/share/turtlebot3_msgs/cmake/turtlebot3_msgs__rosidl_typesupport_cppExport-noconfig.cmake
[1.039s] -- Up-to-date: /home/augustmenard/Intro-to-Robotics-Research-Labs/final_ws/install/turtlebot3_msgs/share/turtlebot3_msgs/cmake/export_turtlebot3_msgs__rosidl_generator_pyExport.cmake
[1.039s] -- Up-to-date: /home/augustmenard/Intro-to-Robotics-Research-Labs/final_ws/install/turtlebot3_msgs/share/turtlebot3_msgs/cmake/export_turtlebot3_msgs__rosidl_generator_pyExport-noconfig.cmake
[1.040s] -- Up-to-date: /home/augustmenard/Intro-to-Robotics-Research-Labs/final_ws/install/turtlebot3_msgs/share/turtlebot3_msgs/cmake/rosidl_cmake-extras.cmake
[1.040s] -- Up-to-date: /home/augustmenard/Intro-to-Robotics-Research-Labs/final_ws/install/turtlebot3_msgs/share/turtlebot3_msgs/cmake/ament_cmake_export_dependencies-extras.cmake
[1.040s] -- Up-to-date: /home/augustmenard/Intro-to-Robotics-Research-Labs/final_ws/install/turtlebot3_msgs/share/turtlebot3_msgs/cmake/ament_cmake_export_include_directories-extras.cmake
[1.040s] -- Up-to-date: /home/augustmenard/Intro-to-Robotics-Research-Labs/final_ws/install/turtlebot3_msgs/share/turtlebot3_msgs/cmake/ament_cmake_export_libraries-extras.cmake
[1.040s] -- Up-to-date: /home/augustmenard/Intro-to-Robotics-Research-Labs/final_ws/install/turtlebot3_msgs/share/turtlebot3_msgs/cmake/ament_cmake_export_targets-extras.cmake
[1.040s] -- Up-to-date: /home/augustmenard/Intro-to-Robotics-Research-Labs/final_ws/install/turtlebot3_msgs/share/turtlebot3_msgs/cmake/rosidl_cmake_export_typesupport_targets-extras.cmake
[1.040s] -- Up-to-date: /home/augustmenard/Intro-to-Robotics-Research-Labs/final_ws/install/turtlebot3_msgs/share/turtlebot3_msgs/cmake/rosidl_cmake_export_typesupport_libraries-extras.cmake
[1.040s] -- Up-to-date: /home/augustmenard/Intro-to-Robotics-Research-Labs/final_ws/install/turtlebot3_msgs/share/turtlebot3_msgs/cmake/turtlebot3_msgsConfig.cmake
[1.040s] -- Up-to-date: /home/augustmenard/Intro-to-Robotics-Research-Labs/final_ws/install/turtlebot3_msgs/share/turtlebot3_msgs/cmake/turtlebot3_msgsConfig-version.cmake
[1.041s] -- Up-to-date: /home/augustmenard/Intro-to-Robotics-Research-Labs/final_ws/install/turtlebot3_msgs/share/turtlebot3_msgs/package.xml
[1.096s] Invoked command in '/home/augustmenard/Intro-to-Robotics-Research-Labs/final_ws/build/turtlebot3_msgs' returned '0': CMAKE_PREFIX_PATH=${CMAKE_PREFIX_PATH}:/home/augustmenard/Intro-to-Robotics-Research-Labs/final_ws/install/turtlebot3_teleop:/home/augustmenard/Intro-to-Robotics-Research-Labs/final_ws/install/turtlebot3_example:/home/augustmenard/Intro-to-Robotics-Research-Labs/final_ws/install/team_rocket_final:/opt/ros/humble /usr/bin/cmake --install /home/augustmenard/Intro-to-Robotics-Research-Labs/final_ws/build/turtlebot3_msgs
