[4.427s] DEBUG:colcon:Command line arguments: ['/usr/bin/colcon', 'build']
[4.428s] DEBUG:colcon:Parsed command line arguments: Namespace(log_base=None, log_level=None, verb_name='build', build_base='build', install_base='install', merge_install=False, symlink_install=False, test_result_base=None, continue_on_error=False, executor='parallel', parallel_workers=4, event_handlers=None, ignore_user_meta=False, metas=['./colcon.meta'], base_paths=['.'], packages_ignore=None, packages_ignore_regex=None, paths=None, packages_up_to=None, packages_up_to_regex=None, packages_above=None, packages_above_and_dependencies=None, packages_above_depth=None, packages_select_by_dep=None, packages_skip_by_dep=None, packages_skip_up_to=None, packages_select_build_failed=False, packages_skip_build_finished=False, packages_select_test_failures=False, packages_skip_test_passed=False, packages_select=None, packages_skip=None, packages_select_regex=None, packages_skip_regex=None, packages_start=None, packages_end=None, allow_overriding=[], cmake_args=None, cmake_target=None, cmake_target_skip_unavailable=False, cmake_clean_cache=False, cmake_clean_first=False, cmake_force_configure=False, ament_cmake_args=None, catkin_cmake_args=None, catkin_skip_building_tests=False, verb_parser=<colcon_defaults.argument_parser.defaults.DefaultArgumentsDecorator object at 0xffffac44a6e0>, verb_extension=<colcon_core.verb.build.BuildVerb object at 0xffffac5a2c50>, main=<bound method BuildVerb.main of <colcon_core.verb.build.BuildVerb object at 0xffffac5a2c50>>)
[4.714s] Level 1:colcon.colcon_core.package_discovery:discover_packages(colcon_meta) check parameters
[4.714s] Level 1:colcon.colcon_core.package_discovery:discover_packages(recursive) check parameters
[4.715s] Level 1:colcon.colcon_core.package_discovery:discover_packages(ignore) check parameters
[4.715s] Level 1:colcon.colcon_core.package_discovery:discover_packages(path) check parameters
[4.715s] Level 1:colcon.colcon_core.package_discovery:discover_packages(colcon_meta) discover
[4.716s] Level 1:colcon.colcon_core.package_discovery:discover_packages(recursive) discover
[4.716s] INFO:colcon.colcon_core.package_discovery:Crawling recursively for packages in '/home/burger/Intro-to-Robotics-Research-Labs/lab4_ws'
[4.717s] Level 1:colcon.colcon_core.package_identification:_identify(.) by extensions ['ignore', 'ignore_ament_install']
[4.717s] Level 1:colcon.colcon_core.package_identification:_identify(.) by extension 'ignore'
[4.718s] Level 1:colcon.colcon_core.package_identification:_identify(.) by extension 'ignore_ament_install'
[4.718s] Level 1:colcon.colcon_core.package_identification:_identify(.) by extensions ['colcon_pkg']
[4.719s] Level 1:colcon.colcon_core.package_identification:_identify(.) by extension 'colcon_pkg'
[4.719s] Level 1:colcon.colcon_core.package_identification:_identify(.) by extensions ['colcon_meta']
[4.720s] Level 1:colcon.colcon_core.package_identification:_identify(.) by extension 'colcon_meta'
[4.720s] Level 1:colcon.colcon_core.package_identification:_identify(.) by extensions ['ros']
[4.720s] Level 1:colcon.colcon_core.package_identification:_identify(.) by extension 'ros'
[4.798s] Level 1:colcon.colcon_core.package_identification:_identify(.) by extensions ['cmake', 'python']
[4.798s] Level 1:colcon.colcon_core.package_identification:_identify(.) by extension 'cmake'
[4.798s] Level 1:colcon.colcon_core.package_identification:_identify(.) by extension 'python'
[4.798s] Level 1:colcon.colcon_core.package_identification:_identify(.) by extensions ['python_setup_py']
[4.799s] Level 1:colcon.colcon_core.package_identification:_identify(.) by extension 'python_setup_py'
[4.799s] Level 1:colcon.colcon_core.package_identification:_identify(build) by extensions ['ignore', 'ignore_ament_install']
[4.800s] Level 1:colcon.colcon_core.package_identification:_identify(build) by extension 'ignore'
[4.800s] Level 1:colcon.colcon_core.package_identification:_identify(build) ignored
[4.801s] Level 1:colcon.colcon_core.package_identification:_identify(install) by extensions ['ignore', 'ignore_ament_install']
[4.801s] Level 1:colcon.colcon_core.package_identification:_identify(install) by extension 'ignore'
[4.802s] Level 1:colcon.colcon_core.package_identification:_identify(install) ignored
[4.803s] Level 1:colcon.colcon_core.package_identification:_identify(log) by extensions ['ignore', 'ignore_ament_install']
[4.804s] Level 1:colcon.colcon_core.package_identification:_identify(log) by extension 'ignore'
[4.804s] Level 1:colcon.colcon_core.package_identification:_identify(log) ignored
[4.804s] Level 1:colcon.colcon_core.package_identification:_identify(src) by extensions ['ignore', 'ignore_ament_install']
[4.805s] Level 1:colcon.colcon_core.package_identification:_identify(src) by extension 'ignore'
[4.805s] Level 1:colcon.colcon_core.package_identification:_identify(src) by extension 'ignore_ament_install'
[4.805s] Level 1:colcon.colcon_core.package_identification:_identify(src) by extensions ['colcon_pkg']
[4.806s] Level 1:colcon.colcon_core.package_identification:_identify(src) by extension 'colcon_pkg'
[4.806s] Level 1:colcon.colcon_core.package_identification:_identify(src) by extensions ['colcon_meta']
[4.806s] Level 1:colcon.colcon_core.package_identification:_identify(src) by extension 'colcon_meta'
[4.806s] Level 1:colcon.colcon_core.package_identification:_identify(src) by extensions ['ros']
[4.806s] Level 1:colcon.colcon_core.package_identification:_identify(src) by extension 'ros'
[4.807s] Level 1:colcon.colcon_core.package_identification:_identify(src) by extensions ['cmake', 'python']
[4.807s] Level 1:colcon.colcon_core.package_identification:_identify(src) by extension 'cmake'
[4.807s] Level 1:colcon.colcon_core.package_identification:_identify(src) by extension 'python'
[4.808s] Level 1:colcon.colcon_core.package_identification:_identify(src) by extensions ['python_setup_py']
[4.808s] Level 1:colcon.colcon_core.package_identification:_identify(src) by extension 'python_setup_py'
[4.809s] Level 1:colcon.colcon_core.package_identification:_identify(src/team_rocket_navigate_to_goal) by extensions ['ignore', 'ignore_ament_install']
[4.809s] Level 1:colcon.colcon_core.package_identification:_identify(src/team_rocket_navigate_to_goal) by extension 'ignore'
[4.809s] Level 1:colcon.colcon_core.package_identification:_identify(src/team_rocket_navigate_to_goal) by extension 'ignore_ament_install'
[4.810s] Level 1:colcon.colcon_core.package_identification:_identify(src/team_rocket_navigate_to_goal) by extensions ['colcon_pkg']
[4.810s] Level 1:colcon.colcon_core.package_identification:_identify(src/team_rocket_navigate_to_goal) by extension 'colcon_pkg'
[4.810s] Level 1:colcon.colcon_core.package_identification:_identify(src/team_rocket_navigate_to_goal) by extensions ['colcon_meta']
[4.810s] Level 1:colcon.colcon_core.package_identification:_identify(src/team_rocket_navigate_to_goal) by extension 'colcon_meta'
[4.811s] Level 1:colcon.colcon_core.package_identification:_identify(src/team_rocket_navigate_to_goal) by extensions ['ros']
[4.811s] Level 1:colcon.colcon_core.package_identification:_identify(src/team_rocket_navigate_to_goal) by extension 'ros'
[4.820s] DEBUG:colcon.colcon_core.package_identification:Package 'src/team_rocket_navigate_to_goal' with type 'ros.ament_python' and name 'team_rocket_navigate_to_goal'
[4.821s] Level 1:colcon.colcon_core.package_discovery:discover_packages(recursive) using defaults
[4.821s] Level 1:colcon.colcon_core.package_discovery:discover_packages(ignore) discover
[4.821s] Level 1:colcon.colcon_core.package_discovery:discover_packages(ignore) using defaults
[4.821s] Level 1:colcon.colcon_core.package_discovery:discover_packages(path) discover
[4.821s] Level 1:colcon.colcon_core.package_discovery:discover_packages(path) using defaults
[5.227s] Level 1:colcon.colcon_core.package_discovery:discover_packages(prefix_path) check parameters
[5.227s] Level 1:colcon.colcon_core.package_discovery:discover_packages(prefix_path) discover
[5.360s] DEBUG:colcon.colcon_installed_package_information.package_discovery:Found 1 installed packages in /home/burger/Intro-to-Robotics-Research-Labs/lab4_ws/install
[5.420s] DEBUG:colcon.colcon_installed_package_information.package_discovery:Found 8 installed packages in /home/burger/dontTouch_ws/install
[5.484s] DEBUG:colcon.colcon_installed_package_information.package_discovery:Found 206 installed packages in /opt/ros/humble
[5.490s] Level 1:colcon.colcon_core.package_discovery:discover_packages(prefix_path) using defaults
[5.782s] Level 5:colcon.colcon_core.verb:set package 'team_rocket_navigate_to_goal' build argument 'cmake_args' from command line to 'None'
[5.782s] Level 5:colcon.colcon_core.verb:set package 'team_rocket_navigate_to_goal' build argument 'cmake_target' from command line to 'None'
[5.782s] Level 5:colcon.colcon_core.verb:set package 'team_rocket_navigate_to_goal' build argument 'cmake_target_skip_unavailable' from command line to 'False'
[5.782s] Level 5:colcon.colcon_core.verb:set package 'team_rocket_navigate_to_goal' build argument 'cmake_clean_cache' from command line to 'False'
[5.783s] Level 5:colcon.colcon_core.verb:set package 'team_rocket_navigate_to_goal' build argument 'cmake_clean_first' from command line to 'False'
[5.783s] Level 5:colcon.colcon_core.verb:set package 'team_rocket_navigate_to_goal' build argument 'cmake_force_configure' from command line to 'False'
[5.783s] Level 5:colcon.colcon_core.verb:set package 'team_rocket_navigate_to_goal' build argument 'ament_cmake_args' from command line to 'None'
[5.783s] Level 5:colcon.colcon_core.verb:set package 'team_rocket_navigate_to_goal' build argument 'catkin_cmake_args' from command line to 'None'
[5.783s] Level 5:colcon.colcon_core.verb:set package 'team_rocket_navigate_to_goal' build argument 'catkin_skip_building_tests' from command line to 'False'
[5.783s] DEBUG:colcon.colcon_core.verb:Building package 'team_rocket_navigate_to_goal' with the following arguments: {'ament_cmake_args': None, 'build_base': '/home/burger/Intro-to-Robotics-Research-Labs/lab4_ws/build/team_rocket_navigate_to_goal', 'catkin_cmake_args': None, 'catkin_skip_building_tests': False, 'cmake_args': None, 'cmake_clean_cache': False, 'cmake_clean_first': False, 'cmake_force_configure': False, 'cmake_target': None, 'cmake_target_skip_unavailable': False, 'install_base': '/home/burger/Intro-to-Robotics-Research-Labs/lab4_ws/install/team_rocket_navigate_to_goal', 'merge_install': False, 'path': '/home/burger/Intro-to-Robotics-Research-Labs/lab4_ws/src/team_rocket_navigate_to_goal', 'symlink_install': False, 'test_result_base': None}
[5.842s] INFO:colcon.colcon_core.executor:Executing jobs using 'parallel' executor
[5.910s] DEBUG:colcon.colcon_parallel_executor.executor.parallel:run_until_complete
[5.911s] INFO:colcon.colcon_ros.task.ament_python.build:Building ROS package in '/home/burger/Intro-to-Robotics-Research-Labs/lab4_ws/src/team_rocket_navigate_to_goal' with build type 'ament_python'
[5.911s] Level 1:colcon.colcon_core.shell:create_environment_hook('team_rocket_navigate_to_goal', 'ament_prefix_path')
[5.978s] INFO:colcon.colcon_core.plugin_system:Skipping extension 'colcon_core.shell.bat': Not used on non-Windows systems
[5.979s] INFO:colcon.colcon_core.shell:Creating environment hook '/home/burger/Intro-to-Robotics-Research-Labs/lab4_ws/install/team_rocket_navigate_to_goal/share/team_rocket_navigate_to_goal/hook/ament_prefix_path.ps1'
[5.982s] INFO:colcon.colcon_core.shell:Creating environment descriptor '/home/burger/Intro-to-Robotics-Research-Labs/lab4_ws/install/team_rocket_navigate_to_goal/share/team_rocket_navigate_to_goal/hook/ament_prefix_path.dsv'
[5.984s] INFO:colcon.colcon_core.shell:Creating environment hook '/home/burger/Intro-to-Robotics-Research-Labs/lab4_ws/install/team_rocket_navigate_to_goal/share/team_rocket_navigate_to_goal/hook/ament_prefix_path.sh'
[6.047s] INFO:colcon.colcon_core.shell:Skip shell extension 'powershell' for command environment: Not usable outside of PowerShell
[6.047s] DEBUG:colcon.colcon_core.shell:Skip shell extension 'dsv' for command environment
[7.245s] INFO:colcon.colcon_core.task.python.build:Building Python package in '/home/burger/Intro-to-Robotics-Research-Labs/lab4_ws/src/team_rocket_navigate_to_goal'
[7.317s] INFO:colcon.colcon_core.shell:Skip shell extension 'powershell' for command environment: Not usable outside of PowerShell
[7.317s] DEBUG:colcon.colcon_core.shell:Skip shell extension 'dsv' for command environment
[10.134s] DEBUG:colcon.colcon_core.event_handler.log_command:Invoking command in '/home/burger/Intro-to-Robotics-Research-Labs/lab4_ws/src/team_rocket_navigate_to_goal': PYTHONPATH=/home/burger/Intro-to-Robotics-Research-Labs/lab4_ws/build/team_rocket_navigate_to_goal/prefix_override:/home/burger/Intro-to-Robotics-Research-Labs/lab4_ws/install/team_rocket_navigate_to_goal/lib/python3.10/site-packages:${PYTHONPATH} /usr/bin/python3 setup.py egg_info --egg-base ../../build/team_rocket_navigate_to_goal build --build-base /home/burger/Intro-to-Robotics-Research-Labs/lab4_ws/build/team_rocket_navigate_to_goal/build install --record /home/burger/Intro-to-Robotics-Research-Labs/lab4_ws/build/team_rocket_navigate_to_goal/install.log --single-version-externally-managed
[12.356s] DEBUG:colcon.colcon_core.event_handler.log_command:Invoked command in '/home/burger/Intro-to-Robotics-Research-Labs/lab4_ws/src/team_rocket_navigate_to_goal' returned '0': PYTHONPATH=/home/burger/Intro-to-Robotics-Research-Labs/lab4_ws/build/team_rocket_navigate_to_goal/prefix_override:/home/burger/Intro-to-Robotics-Research-Labs/lab4_ws/install/team_rocket_navigate_to_goal/lib/python3.10/site-packages:${PYTHONPATH} /usr/bin/python3 setup.py egg_info --egg-base ../../build/team_rocket_navigate_to_goal build --build-base /home/burger/Intro-to-Robotics-Research-Labs/lab4_ws/build/team_rocket_navigate_to_goal/build install --record /home/burger/Intro-to-Robotics-Research-Labs/lab4_ws/build/team_rocket_navigate_to_goal/install.log --single-version-externally-managed
[12.444s] Level 1:colcon.colcon_core.environment:checking '/home/burger/Intro-to-Robotics-Research-Labs/lab4_ws/install/team_rocket_navigate_to_goal' for CMake module files
[12.447s] Level 1:colcon.colcon_core.environment:checking '/home/burger/Intro-to-Robotics-Research-Labs/lab4_ws/install/team_rocket_navigate_to_goal' for CMake config files
[12.451s] Level 1:colcon.colcon_core.environment:checking '/home/burger/Intro-to-Robotics-Research-Labs/lab4_ws/install/team_rocket_navigate_to_goal/lib'
[12.452s] Level 1:colcon.colcon_core.environment:checking '/home/burger/Intro-to-Robotics-Research-Labs/lab4_ws/install/team_rocket_navigate_to_goal/bin'
[12.452s] Level 1:colcon.colcon_core.environment:checking '/home/burger/Intro-to-Robotics-Research-Labs/lab4_ws/install/team_rocket_navigate_to_goal/lib/pkgconfig/team_rocket_navigate_to_goal.pc'
[12.453s] Level 1:colcon.colcon_core.environment:checking '/home/burger/Intro-to-Robotics-Research-Labs/lab4_ws/install/team_rocket_navigate_to_goal/lib/python3.10/site-packages'
[12.454s] Level 1:colcon.colcon_core.shell:create_environment_hook('team_rocket_navigate_to_goal', 'pythonpath')
[12.521s] INFO:colcon.colcon_core.shell:Creating environment hook '/home/burger/Intro-to-Robotics-Research-Labs/lab4_ws/install/team_rocket_navigate_to_goal/share/team_rocket_navigate_to_goal/hook/pythonpath.ps1'
[12.524s] INFO:colcon.colcon_core.shell:Creating environment descriptor '/home/burger/Intro-to-Robotics-Research-Labs/lab4_ws/install/team_rocket_navigate_to_goal/share/team_rocket_navigate_to_goal/hook/pythonpath.dsv'
[12.525s] INFO:colcon.colcon_core.shell:Creating environment hook '/home/burger/Intro-to-Robotics-Research-Labs/lab4_ws/install/team_rocket_navigate_to_goal/share/team_rocket_navigate_to_goal/hook/pythonpath.sh'
[12.528s] Level 1:colcon.colcon_core.environment:checking '/home/burger/Intro-to-Robotics-Research-Labs/lab4_ws/install/team_rocket_navigate_to_goal/bin'
[12.529s] Level 1:colcon.colcon_core.environment:create_environment_scripts_only(team_rocket_navigate_to_goal)
[12.596s] INFO:colcon.colcon_core.shell:Creating package script '/home/burger/Intro-to-Robotics-Research-Labs/lab4_ws/install/team_rocket_navigate_to_goal/share/team_rocket_navigate_to_goal/package.ps1'
[12.600s] INFO:colcon.colcon_core.shell:Creating package descriptor '/home/burger/Intro-to-Robotics-Research-Labs/lab4_ws/install/team_rocket_navigate_to_goal/share/team_rocket_navigate_to_goal/package.dsv'
[12.603s] INFO:colcon.colcon_core.shell:Creating package script '/home/burger/Intro-to-Robotics-Research-Labs/lab4_ws/install/team_rocket_navigate_to_goal/share/team_rocket_navigate_to_goal/package.sh'
[12.607s] INFO:colcon.colcon_core.shell:Creating package script '/home/burger/Intro-to-Robotics-Research-Labs/lab4_ws/install/team_rocket_navigate_to_goal/share/team_rocket_navigate_to_goal/package.bash'
[12.610s] INFO:colcon.colcon_core.shell:Creating package script '/home/burger/Intro-to-Robotics-Research-Labs/lab4_ws/install/team_rocket_navigate_to_goal/share/team_rocket_navigate_to_goal/package.zsh'
[12.614s] Level 1:colcon.colcon_core.environment:create_file_with_runtime_dependencies(/home/burger/Intro-to-Robotics-Research-Labs/lab4_ws/install/team_rocket_navigate_to_goal/share/colcon-core/packages/team_rocket_navigate_to_goal)
[12.617s] DEBUG:colcon.colcon_parallel_executor.executor.parallel:closing loop
[12.618s] DEBUG:colcon.colcon_parallel_executor.executor.parallel:loop closed
[12.618s] DEBUG:colcon.colcon_parallel_executor.executor.parallel:run_until_complete finished with '0'
[12.618s] DEBUG:colcon.colcon_core.event_reactor:joining thread
[12.707s] INFO:colcon.colcon_core.plugin_system:Skipping extension 'colcon_notification.desktop_notification.notify_send': Could not find 'notify-send'
[12.707s] INFO:colcon.colcon_core.plugin_system:Skipping extension 'colcon_notification.desktop_notification.terminal_notifier': Not used on non-Darwin systems
[12.707s] INFO:colcon.colcon_core.plugin_system:Skipping extension 'colcon_notification.desktop_notification.win32': Not used on non-Windows systems
[12.708s] INFO:colcon.colcon_notification.desktop_notification:Sending desktop notification using 'notify2'
[12.711s] DEBUG:colcon.colcon_notification.desktop_notification.notify2:Failed to initialize notify2: org.freedesktop.DBus.Error.ServiceUnknown: The name org.freedesktop.Notifications was not provided by any .service files
[12.712s] DEBUG:colcon.colcon_core.event_reactor:joined thread
[12.799s] INFO:colcon.colcon_core.shell:Creating prefix script '/home/burger/Intro-to-Robotics-Research-Labs/lab4_ws/install/local_setup.ps1'
[12.803s] INFO:colcon.colcon_core.shell:Creating prefix util module '/home/burger/Intro-to-Robotics-Research-Labs/lab4_ws/install/_local_setup_util_ps1.py'
[12.809s] INFO:colcon.colcon_core.shell:Creating prefix chain script '/home/burger/Intro-to-Robotics-Research-Labs/lab4_ws/install/setup.ps1'
[12.888s] INFO:colcon.colcon_core.shell:Creating prefix script '/home/burger/Intro-to-Robotics-Research-Labs/lab4_ws/install/local_setup.sh'
[12.891s] INFO:colcon.colcon_core.shell:Creating prefix util module '/home/burger/Intro-to-Robotics-Research-Labs/lab4_ws/install/_local_setup_util_sh.py'
[12.894s] INFO:colcon.colcon_core.shell:Creating prefix chain script '/home/burger/Intro-to-Robotics-Research-Labs/lab4_ws/install/setup.sh'
[12.988s] INFO:colcon.colcon_core.shell:Creating prefix script '/home/burger/Intro-to-Robotics-Research-Labs/lab4_ws/install/local_setup.bash'
[12.991s] INFO:colcon.colcon_core.shell:Creating prefix chain script '/home/burger/Intro-to-Robotics-Research-Labs/lab4_ws/install/setup.bash'
[13.068s] INFO:colcon.colcon_core.shell:Creating prefix script '/home/burger/Intro-to-Robotics-Research-Labs/lab4_ws/install/local_setup.zsh'
[13.070s] INFO:colcon.colcon_core.shell:Creating prefix chain script '/home/burger/Intro-to-Robotics-Research-Labs/lab4_ws/install/setup.zsh'
