[8.541s] Invoking command in '/home/burger/lab3/Intro-to-Robotics-Research-Labs/lab3_ws/lab3_ws/src/team_rocket_nodes': PYTHONPATH=/home/burger/lab3/Intro-to-Robotics-Research-Labs/lab3_ws/build/team_rocket_nodes/prefix_override:/home/burger/lab3/Intro-to-Robotics-Research-Labs/lab3_ws/install/team_rocket_nodes/lib/python3.10/site-packages:${PYTHONPATH} /usr/bin/python3 setup.py egg_info --egg-base ../../../build/team_rocket_nodes build --build-base /home/burger/lab3/Intro-to-Robotics-Research-Labs/lab3_ws/build/team_rocket_nodes/build install --record /home/burger/lab3/Intro-to-Robotics-Research-Labs/lab3_ws/build/team_rocket_nodes/install.log --single-version-externally-managed
[9.435s] running egg_info
[9.497s] writing ../../../build/team_rocket_nodes/team_rocket_nodes.egg-info/PKG-INFO
[9.498s] writing dependency_links to ../../../build/team_rocket_nodes/team_rocket_nodes.egg-info/dependency_links.txt
[9.500s] writing entry points to ../../../build/team_rocket_nodes/team_rocket_nodes.egg-info/entry_points.txt
[9.501s] writing requirements to ../../../build/team_rocket_nodes/team_rocket_nodes.egg-info/requires.txt
[9.502s] writing top-level names to ../../../build/team_rocket_nodes/team_rocket_nodes.egg-info/top_level.txt
[9.619s] reading manifest file '../../../build/team_rocket_nodes/team_rocket_nodes.egg-info/SOURCES.txt'
[9.624s] writing manifest file '../../../build/team_rocket_nodes/team_rocket_nodes.egg-info/SOURCES.txt'
[9.624s] running build
[9.625s] running build_py
[9.626s] copying team_rocket_nodes/detect_object_node.py -> /home/burger/lab3/Intro-to-Robotics-Research-Labs/lab3_ws/build/team_rocket_nodes/build/lib/team_rocket_nodes
[9.628s] copying team_rocket_nodes/get_object_range_node.py -> /home/burger/lab3/Intro-to-Robotics-Research-Labs/lab3_ws/build/team_rocket_nodes/build/lib/team_rocket_nodes
[9.629s] copying team_rocket_nodes/__init__.py -> /home/burger/lab3/Intro-to-Robotics-Research-Labs/lab3_ws/build/team_rocket_nodes/build/lib/team_rocket_nodes
[9.630s] copying team_rocket_nodes/chase_object_node.py -> /home/burger/lab3/Intro-to-Robotics-Research-Labs/lab3_ws/build/team_rocket_nodes/build/lib/team_rocket_nodes
[9.632s] running install
[9.635s] /usr/local/lib/python3.10/dist-packages/setuptools/_distutils/cmd.py:66: SetuptoolsDeprecationWarning: setup.py install is deprecated.
[9.635s] !!
[9.636s] 
[9.636s]         ********************************************************************************
[9.636s]         Please avoid running ``setup.py`` directly.
[9.637s]         Instead, use pypa/build, pypa/installer or other
[9.637s]         standards-based tools.
[9.638s] 
[9.638s]         See https://blog.ganssle.io/articles/2021/10/setup-py-deprecated.html for details.
[9.638s]         ********************************************************************************
[9.639s] 
[9.639s] !!
[9.639s]   self.initialize_options()
[9.658s] running install_lib
[9.714s] copying /home/burger/lab3/Intro-to-Robotics-Research-Labs/lab3_ws/build/team_rocket_nodes/build/lib/team_rocket_nodes/detect_object_node.py -> /home/burger/lab3/Intro-to-Robotics-Research-Labs/lab3_ws/install/team_rocket_nodes/lib/python3.10/site-packages/team_rocket_nodes
[9.716s] copying /home/burger/lab3/Intro-to-Robotics-Research-Labs/lab3_ws/build/team_rocket_nodes/build/lib/team_rocket_nodes/get_object_range_node.py -> /home/burger/lab3/Intro-to-Robotics-Research-Labs/lab3_ws/install/team_rocket_nodes/lib/python3.10/site-packages/team_rocket_nodes
[9.717s] copying /home/burger/lab3/Intro-to-Robotics-Research-Labs/lab3_ws/build/team_rocket_nodes/build/lib/team_rocket_nodes/__init__.py -> /home/burger/lab3/Intro-to-Robotics-Research-Labs/lab3_ws/install/team_rocket_nodes/lib/python3.10/site-packages/team_rocket_nodes
[9.718s] copying /home/burger/lab3/Intro-to-Robotics-Research-Labs/lab3_ws/build/team_rocket_nodes/build/lib/team_rocket_nodes/chase_object_node.py -> /home/burger/lab3/Intro-to-Robotics-Research-Labs/lab3_ws/install/team_rocket_nodes/lib/python3.10/site-packages/team_rocket_nodes
[9.721s] byte-compiling /home/burger/lab3/Intro-to-Robotics-Research-Labs/lab3_ws/install/team_rocket_nodes/lib/python3.10/site-packages/team_rocket_nodes/detect_object_node.py to detect_object_node.cpython-310.pyc
[9.725s] byte-compiling /home/burger/lab3/Intro-to-Robotics-Research-Labs/lab3_ws/install/team_rocket_nodes/lib/python3.10/site-packages/team_rocket_nodes/get_object_range_node.py to get_object_range_node.cpython-310.pyc
[9.729s] byte-compiling /home/burger/lab3/Intro-to-Robotics-Research-Labs/lab3_ws/install/team_rocket_nodes/lib/python3.10/site-packages/team_rocket_nodes/__init__.py to __init__.cpython-310.pyc
[9.731s] byte-compiling /home/burger/lab3/Intro-to-Robotics-Research-Labs/lab3_ws/install/team_rocket_nodes/lib/python3.10/site-packages/team_rocket_nodes/chase_object_node.py to chase_object_node.cpython-310.pyc
[9.736s] running install_data
[9.793s] copying resource/team_rocket_nodes -> /home/burger/lab3/Intro-to-Robotics-Research-Labs/lab3_ws/install/team_rocket_nodes/share/ament_index/resource_index/packages
[9.795s] running install_egg_info
[9.857s] removing '/home/burger/lab3/Intro-to-Robotics-Research-Labs/lab3_ws/install/team_rocket_nodes/lib/python3.10/site-packages/team_rocket_nodes-0.0.0-py3.10.egg-info' (and everything under it)
[9.859s] Copying ../../../build/team_rocket_nodes/team_rocket_nodes.egg-info to /home/burger/lab3/Intro-to-Robotics-Research-Labs/lab3_ws/install/team_rocket_nodes/lib/python3.10/site-packages/team_rocket_nodes-0.0.0-py3.10.egg-info
[9.864s] running install_scripts
[10.437s] Installing chase_object script to /home/burger/lab3/Intro-to-Robotics-Research-Labs/lab3_ws/install/team_rocket_nodes/lib/team_rocket_nodes
[10.439s] Installing detect_object script to /home/burger/lab3/Intro-to-Robotics-Research-Labs/lab3_ws/install/team_rocket_nodes/lib/team_rocket_nodes
[10.439s] Installing get_object_range script to /home/burger/lab3/Intro-to-Robotics-Research-Labs/lab3_ws/install/team_rocket_nodes/lib/team_rocket_nodes
[10.441s] writing list of installed files to '/home/burger/lab3/Intro-to-Robotics-Research-Labs/lab3_ws/build/team_rocket_nodes/install.log'
[10.575s] Invoked command in '/home/burger/lab3/Intro-to-Robotics-Research-Labs/lab3_ws/lab3_ws/src/team_rocket_nodes' returned '0': PYTHONPATH=/home/burger/lab3/Intro-to-Robotics-Research-Labs/lab3_ws/build/team_rocket_nodes/prefix_override:/home/burger/lab3/Intro-to-Robotics-Research-Labs/lab3_ws/install/team_rocket_nodes/lib/python3.10/site-packages:${PYTHONPATH} /usr/bin/python3 setup.py egg_info --egg-base ../../../build/team_rocket_nodes build --build-base /home/burger/lab3/Intro-to-Robotics-Research-Labs/lab3_ws/build/team_rocket_nodes/build install --record /home/burger/lab3/Intro-to-Robotics-Research-Labs/lab3_ws/build/team_rocket_nodes/install.log --single-version-externally-managed
