running egg_info
writing ../../build/team_rocket_action_server_client/team_rocket_action_server_client.egg-info/PKG-INFO
writing dependency_links to ../../build/team_rocket_action_server_client/team_rocket_action_server_client.egg-info/dependency_links.txt
writing entry points to ../../build/team_rocket_action_server_client/team_rocket_action_server_client.egg-info/entry_points.txt
writing requirements to ../../build/team_rocket_action_server_client/team_rocket_action_server_client.egg-info/requires.txt
writing top-level names to ../../build/team_rocket_action_server_client/team_rocket_action_server_client.egg-info/top_level.txt
reading manifest file '../../build/team_rocket_action_server_client/team_rocket_action_server_client.egg-info/SOURCES.txt'
adding license file 'LICENSE'
writing manifest file '../../build/team_rocket_action_server_client/team_rocket_action_server_client.egg-info/SOURCES.txt'
running build
running build_py
copying team_rocket_action_server_client/action_client.py -> /home/augustmenard/Intro-to-Robotics-Research-Labs/lab5_ws/build/team_rocket_action_server_client/build/lib/team_rocket_action_server_client
running install
running install_lib
copying /home/augustmenard/Intro-to-Robotics-Research-Labs/lab5_ws/build/team_rocket_action_server_client/build/lib/team_rocket_action_server_client/action_client.py -> /home/augustmenard/Intro-to-Robotics-Research-Labs/lab5_ws/install/team_rocket_action_server_client/lib/python3.10/site-packages/team_rocket_action_server_client
byte-compiling /home/augustmenard/Intro-to-Robotics-Research-Labs/lab5_ws/install/team_rocket_action_server_client/lib/python3.10/site-packages/team_rocket_action_server_client/action_client.py to action_client.cpython-310.pyc
running install_data
running install_egg_info
removing '/home/augustmenard/Intro-to-Robotics-Research-Labs/lab5_ws/install/team_rocket_action_server_client/lib/python3.10/site-packages/team_rocket_action_server_client-0.0.0-py3.10.egg-info' (and everything under it)
Copying ../../build/team_rocket_action_server_client/team_rocket_action_server_client.egg-info to /home/augustmenard/Intro-to-Robotics-Research-Labs/lab5_ws/install/team_rocket_action_server_client/lib/python3.10/site-packages/team_rocket_action_server_client-0.0.0-py3.10.egg-info
running install_scripts
Installing action_client script to /home/augustmenard/Intro-to-Robotics-Research-Labs/lab5_ws/install/team_rocket_action_server_client/lib/team_rocket_action_server_client
writing list of installed files to '/home/augustmenard/Intro-to-Robotics-Research-Labs/lab5_ws/build/team_rocket_action_server_client/install.log'
